[2026/03/21  8:02:04.25] ==== START edinet_shareholder_watch ==== 
2026-03-21 08:02:09 [INFO] === EDINET 株主欄監視 開始 ===
2026-03-21 08:02:09 [INFO] 対象株主: 井村俊哉, 片山晃
2026-03-21 08:02:09 [INFO] モード: once
2026-03-21 08:02:09 [INFO]   2026-03-21: 0 件取得
2026-03-21 08:02:09 [INFO]   2026-03-20: 0 件取得
2026-03-21 08:02:09 [INFO] SUMMARY fetched=0 candidate=0 processed=0 html_ok=0 pdf_ok=0 failed=0 target_hits=0 new_hits=0 notified=0 no_prev_snapshot=0 skipped_seen=0 skipped_status=0 errors=0
[2026/03/21  8:02:09.49] ==== END exit_code=0 ==== 
[2026/03/21  8:06:52.51] ==== START edinet_shareholder_watch ==== 
2026-03-21 08:06:53 [INFO] === EDINET 株主欄監視 開始 ===
2026-03-21 08:06:53 [INFO] 対象株主: 井村俊哉, 片山晃
2026-03-21 08:06:53 [INFO] モード: once
2026-03-21 08:06:53 [INFO]   2026-03-21: 0 件取得
2026-03-21 08:06:53 [INFO]   2026-03-20: 0 件取得
2026-03-21 08:06:53 [INFO] SUMMARY fetched=0 candidate=0 processed=0 html_ok=0 pdf_ok=0 failed=0 target_hits=0 new_hits=0 notified=0 no_prev_snapshot=0 skipped_seen=0 skipped_status=0 errors=0
[2026/03/21  8:06:53.41] ==== END exit_code=0 ==== 
[2026/03/21  8:11:52.44] ==== START edinet_shareholder_watch ==== 
2026-03-21 08:11:53 [INFO] === EDINET 株主欄監視 開始 ===
2026-03-21 08:11:53 [INFO] 対象株主: 井村俊哉, 片山晃
2026-03-21 08:11:53 [INFO] モード: once
2026-03-21 08:11:53 [INFO]   2026-03-21: 0 件取得
2026-03-21 08:11:53 [INFO]   2026-03-20: 0 件取得
2026-03-21 08:11:53 [INFO] SUMMARY fetched=0 candidate=0 processed=0 html_ok=0 pdf_ok=0 failed=0 target_hits=0 new_hits=0 notified=0 no_prev_snapshot=0 skipped_seen=0 skipped_status=0 errors=0
[2026/03/21  8:11:54.05] ==== END exit_code=0 ==== 
[2026/03/21  8:16:52.50] ==== START edinet_shareholder_watch ==== 
2026-03-21 08:16:53 [INFO] === EDINET 株主欄監視 開始 ===
2026-03-21 08:16:53 [INFO] 対象株主: 井村俊哉, 片山晃
2026-03-21 08:16:53 [INFO] モード: once
2026-03-21 08:16:53 [INFO]   2026-03-21: 0 件取得
2026-03-21 08:16:53 [INFO]   2026-03-20: 0 件取得
2026-03-21 08:16:53 [INFO] SUMMARY fetched=0 candidate=0 processed=0 html_ok=0 pdf_ok=0 failed=0 target_hits=0 new_hits=0 notified=0 no_prev_snapshot=0 skipped_seen=0 skipped_status=0 errors=0
[2026/03/21  8:16:53.42] ==== END exit_code=0 ==== 
[2026/03/21  8:21:52.48] ==== START edinet_shareholder_watch ==== 
2026-03-21 08:21:53 [INFO] === EDINET 株主欄監視 開始 ===
2026-03-21 08:21:53 [INFO] 対象株主: 井村俊哉, 片山晃
2026-03-21 08:21:53 [INFO] モード: once
2026-03-21 08:21:53 [INFO]   2026-03-21: 0 件取得
2026-03-21 08:21:54 [INFO]   2026-03-20: 0 件取得
2026-03-21 08:21:54 [INFO] SUMMARY fetched=0 candidate=0 processed=0 html_ok=0 pdf_ok=0 failed=0 target_hits=0 new_hits=0 notified=0 no_prev_snapshot=0 skipped_seen=0 skipped_status=0 errors=0
[2026/03/21  8:21:54.10] ==== END exit_code=0 ==== 
[2026/03/21  8:26:52.46] ==== START edinet_shareholder_watch ==== 
2026-03-21 08:26:53 [INFO] === EDINET 株主欄監視 開始 ===
2026-03-21 08:26:53 [INFO] 対象株主: 井村俊哉, 片山晃
2026-03-21 08:26:53 [INFO] モード: once
2026-03-21 08:26:53 [INFO]   2026-03-21: 0 件取得
2026-03-21 08:26:53 [INFO]   2026-03-20: 0 件取得
2026-03-21 08:26:53 [INFO] SUMMARY fetched=0 candidate=0 processed=0 html_ok=0 pdf_ok=0 failed=0 target_hits=0 new_hits=0 notified=0 no_prev_snapshot=0 skipped_seen=0 skipped_status=0 errors=0
[2026/03/21  8:26:53.44] ==== END exit_code=0 ==== 
[2026/03/21  8:31:52.42] ==== START edinet_shareholder_watch ==== 
2026-03-21 08:31:53 [INFO] === EDINET 株主欄監視 開始 ===
2026-03-21 08:31:53 [INFO] 対象株主: 井村俊哉, 片山晃
2026-03-21 08:31:53 [INFO] モード: once
2026-03-21 08:31:53 [INFO]   2026-03-21: 0 件取得
2026-03-21 08:31:53 [INFO]   2026-03-20: 0 件取得
2026-03-21 08:31:53 [INFO] SUMMARY fetched=0 candidate=0 processed=0 html_ok=0 pdf_ok=0 failed=0 target_hits=0 new_hits=0 notified=0 no_prev_snapshot=0 skipped_seen=0 skipped_status=0 errors=0
[2026/03/21  8:31:53.87] ==== END exit_code=0 ==== 
[2026/03/21  8:36:52.45] ==== START edinet_shareholder_watch ==== 
2026-03-21 08:36:53 [INFO] === EDINET 株主欄監視 開始 ===
2026-03-21 08:36:53 [INFO] 対象株主: 井村俊哉, 片山晃
2026-03-21 08:36:53 [INFO] モード: once
2026-03-21 08:36:53 [INFO]   2026-03-21: 0 件取得
2026-03-21 08:36:53 [INFO]   2026-03-20: 0 件取得
2026-03-21 08:36:53 [INFO] SUMMARY fetched=0 candidate=0 processed=0 html_ok=0 pdf_ok=0 failed=0 target_hits=0 new_hits=0 notified=0 no_prev_snapshot=0 skipped_seen=0 skipped_status=0 errors=0
[2026/03/21  8:36:53.35] ==== END exit_code=0 ==== 
[2026/03/21  8:41:52.51] ==== START edinet_shareholder_watch ==== 
2026-03-21 08:41:53 [INFO] === EDINET 株主欄監視 開始 ===
2026-03-21 08:41:53 [INFO] 対象株主: 井村俊哉, 片山晃
2026-03-21 08:41:53 [INFO] モード: once
2026-03-21 08:41:53 [INFO]   2026-03-21: 0 件取得
2026-03-21 08:41:53 [INFO]   2026-03-20: 0 件取得
2026-03-21 08:41:53 [INFO] SUMMARY fetched=0 candidate=0 processed=0 html_ok=0 pdf_ok=0 failed=0 target_hits=0 new_hits=0 notified=0 no_prev_snapshot=0 skipped_seen=0 skipped_status=0 errors=0
[2026/03/21  8:41:54.05] ==== END exit_code=0 ==== 
[2026/03/21  8:46:52.44] ==== START edinet_shareholder_watch ==== 
2026-03-21 08:46:53 [INFO] === EDINET 株主欄監視 開始 ===
2026-03-21 08:46:53 [INFO] 対象株主: 井村俊哉, 片山晃
2026-03-21 08:46:53 [INFO] モード: once
2026-03-21 08:46:53 [INFO]   2026-03-21: 0 件取得
2026-03-21 08:46:53 [INFO]   2026-03-20: 0 件取得
2026-03-21 08:46:53 [INFO] SUMMARY fetched=0 candidate=0 processed=0 html_ok=0 pdf_ok=0 failed=0 target_hits=0 new_hits=0 notified=0 no_prev_snapshot=0 skipped_seen=0 skipped_status=0 errors=0
[2026/03/21  8:46:53.31] ==== END exit_code=0 ==== 
[2026/03/21  8:51:52.44] ==== START edinet_shareholder_watch ==== 
2026-03-21 08:51:53 [INFO] === EDINET 株主欄監視 開始 ===
2026-03-21 08:51:53 [INFO] 対象株主: 井村俊哉, 片山晃
2026-03-21 08:51:53 [INFO] モード: once
2026-03-21 08:51:53 [INFO]   2026-03-21: 0 件取得
2026-03-21 08:51:53 [INFO]   2026-03-20: 0 件取得
2026-03-21 08:51:53 [INFO] SUMMARY fetched=0 candidate=0 processed=0 html_ok=0 pdf_ok=0 failed=0 target_hits=0 new_hits=0 notified=0 no_prev_snapshot=0 skipped_seen=0 skipped_status=0 errors=0
[2026/03/21  8:51:53.87] ==== END exit_code=0 ==== 
[2026/03/21  8:56:52.40] ==== START edinet_shareholder_watch ==== 
2026-03-21 08:56:53 [INFO] === EDINET 株主欄監視 開始 ===
2026-03-21 08:56:53 [INFO] 対象株主: 井村俊哉, 片山晃
2026-03-21 08:56:53 [INFO] モード: once
2026-03-21 08:56:53 [INFO]   2026-03-21: 0 件取得
2026-03-21 08:56:53 [INFO]   2026-03-20: 0 件取得
2026-03-21 08:56:53 [INFO] SUMMARY fetched=0 candidate=0 processed=0 html_ok=0 pdf_ok=0 failed=0 target_hits=0 new_hits=0 notified=0 no_prev_snapshot=0 skipped_seen=0 skipped_status=0 errors=0
[2026/03/21  8:56:53.33] ==== END exit_code=0 ==== 
[2026/03/21  9:01:52.47] ==== START edinet_shareholder_watch ==== 
2026-03-21 09:01:53 [INFO] === EDINET 株主欄監視 開始 ===
2026-03-21 09:01:53 [INFO] 対象株主: 井村俊哉, 片山晃
2026-03-21 09:01:53 [INFO] モード: once
2026-03-21 09:01:53 [INFO]   2026-03-21: 0 件取得
2026-03-21 09:01:53 [INFO]   2026-03-20: 0 件取得
2026-03-21 09:01:53 [INFO] SUMMARY fetched=0 candidate=0 processed=0 html_ok=0 pdf_ok=0 failed=0 target_hits=0 new_hits=0 notified=0 no_prev_snapshot=0 skipped_seen=0 skipped_status=0 errors=0
[2026/03/21  9:01:54.03] ==== END exit_code=0 ==== 
[2026/03/21  9:06:52.46] ==== START edinet_shareholder_watch ==== 
2026-03-21 09:06:53 [INFO] === EDINET 株主欄監視 開始 ===
2026-03-21 09:06:53 [INFO] 対象株主: 井村俊哉, 片山晃
2026-03-21 09:06:53 [INFO] モード: once
2026-03-21 09:06:53 [INFO]   2026-03-21: 0 件取得
2026-03-21 09:06:53 [INFO]   2026-03-20: 0 件取得
2026-03-21 09:06:53 [INFO] SUMMARY fetched=0 candidate=0 processed=0 html_ok=0 pdf_ok=0 failed=0 target_hits=0 new_hits=0 notified=0 no_prev_snapshot=0 skipped_seen=0 skipped_status=0 errors=0
[2026/03/21  9:06:53.39] ==== END exit_code=0 ==== 
[2026/03/21  9:11:52.46] ==== START edinet_shareholder_watch ==== 
2026-03-21 09:11:53 [INFO] === EDINET 株主欄監視 開始 ===
2026-03-21 09:11:53 [INFO] 対象株主: 井村俊哉, 片山晃
2026-03-21 09:11:53 [INFO] モード: once
2026-03-21 09:11:53 [INFO]   2026-03-21: 0 件取得
2026-03-21 09:11:53 [INFO]   2026-03-20: 0 件取得
2026-03-21 09:11:53 [INFO] SUMMARY fetched=0 candidate=0 processed=0 html_ok=0 pdf_ok=0 failed=0 target_hits=0 new_hits=0 notified=0 no_prev_snapshot=0 skipped_seen=0 skipped_status=0 errors=0
[2026/03/21  9:11:53.97] ==== END exit_code=0 ==== 
[2026/03/21  9:16:52.47] ==== START edinet_shareholder_watch ==== 
2026-03-21 09:16:53 [INFO] === EDINET 株主欄監視 開始 ===
2026-03-21 09:16:53 [INFO] 対象株主: 井村俊哉, 片山晃
2026-03-21 09:16:53 [INFO] モード: once
2026-03-21 09:16:53 [INFO]   2026-03-21: 0 件取得
2026-03-21 09:16:53 [INFO]   2026-03-20: 0 件取得
2026-03-21 09:16:53 [INFO] SUMMARY fetched=0 candidate=0 processed=0 html_ok=0 pdf_ok=0 failed=0 target_hits=0 new_hits=0 notified=0 no_prev_snapshot=0 skipped_seen=0 skipped_status=0 errors=0
[2026/03/21  9:16:53.35] ==== END exit_code=0 ==== 
[2026/03/21  9:21:52.51] ==== START edinet_shareholder_watch ==== 
2026-03-21 09:21:53 [INFO] === EDINET 株主欄監視 開始 ===
2026-03-21 09:21:53 [INFO] 対象株主: 井村俊哉, 片山晃
2026-03-21 09:21:53 [INFO] モード: once
2026-03-21 09:21:53 [INFO]   2026-03-21: 0 件取得
2026-03-21 09:21:53 [INFO]   2026-03-20: 0 件取得
2026-03-21 09:21:53 [INFO] SUMMARY fetched=0 candidate=0 processed=0 html_ok=0 pdf_ok=0 failed=0 target_hits=0 new_hits=0 notified=0 no_prev_snapshot=0 skipped_seen=0 skipped_status=0 errors=0
[2026/03/21  9:21:54.05] ==== END exit_code=0 ==== 
[2026/03/21  9:26:52.45] ==== START edinet_shareholder_watch ==== 
2026-03-21 09:26:53 [INFO] === EDINET 株主欄監視 開始 ===
2026-03-21 09:26:53 [INFO] 対象株主: 井村俊哉, 片山晃
2026-03-21 09:26:53 [INFO] モード: once
2026-03-21 09:26:53 [INFO]   2026-03-21: 0 件取得
2026-03-21 09:26:53 [INFO]   2026-03-20: 0 件取得
2026-03-21 09:26:53 [INFO] SUMMARY fetched=0 candidate=0 processed=0 html_ok=0 pdf_ok=0 failed=0 target_hits=0 new_hits=0 notified=0 no_prev_snapshot=0 skipped_seen=0 skipped_status=0 errors=0
[2026/03/21  9:26:53.34] ==== END exit_code=0 ==== 
[2026/03/21  9:31:52.44] ==== START edinet_shareholder_watch ==== 
2026-03-21 09:31:53 [INFO] === EDINET 株主欄監視 開始 ===
2026-03-21 09:31:53 [INFO] 対象株主: 井村俊哉, 片山晃
2026-03-21 09:31:53 [INFO] モード: once
2026-03-21 09:31:53 [INFO]   2026-03-21: 0 件取得
2026-03-21 09:31:53 [INFO]   2026-03-20: 0 件取得
2026-03-21 09:31:53 [INFO] SUMMARY fetched=0 candidate=0 processed=0 html_ok=0 pdf_ok=0 failed=0 target_hits=0 new_hits=0 notified=0 no_prev_snapshot=0 skipped_seen=0 skipped_status=0 errors=0
[2026/03/21  9:31:53.89] ==== END exit_code=0 ==== 
[2026/03/21  9:36:52.39] ==== START edinet_shareholder_watch ==== 
2026-03-21 09:36:53 [INFO] === EDINET 株主欄監視 開始 ===
2026-03-21 09:36:53 [INFO] 対象株主: 井村俊哉, 片山晃
2026-03-21 09:36:53 [INFO] モード: once
2026-03-21 09:36:53 [INFO]   2026-03-21: 0 件取得
2026-03-21 09:36:53 [INFO]   2026-03-20: 0 件取得
2026-03-21 09:36:53 [INFO] SUMMARY fetched=0 candidate=0 processed=0 html_ok=0 pdf_ok=0 failed=0 target_hits=0 new_hits=0 notified=0 no_prev_snapshot=0 skipped_seen=0 skipped_status=0 errors=0
[2026/03/21  9:36:53.30] ==== END exit_code=0 ==== 
[2026/03/21  9:41:52.45] ==== START edinet_shareholder_watch ==== 
2026-03-21 09:41:53 [INFO] === EDINET 株主欄監視 開始 ===
2026-03-21 09:41:53 [INFO] 対象株主: 井村俊哉, 片山晃
2026-03-21 09:41:53 [INFO] モード: once
2026-03-21 09:41:53 [INFO]   2026-03-21: 0 件取得
2026-03-21 09:41:53 [INFO]   2026-03-20: 0 件取得
2026-03-21 09:41:53 [INFO] SUMMARY fetched=0 candidate=0 processed=0 html_ok=0 pdf_ok=0 failed=0 target_hits=0 new_hits=0 notified=0 no_prev_snapshot=0 skipped_seen=0 skipped_status=0 errors=0
[2026/03/21  9:41:53.90] ==== END exit_code=0 ==== 
[2026/03/21  9:46:52.46] ==== START edinet_shareholder_watch ==== 
2026-03-21 09:46:53 [INFO] === EDINET 株主欄監視 開始 ===
2026-03-21 09:46:53 [INFO] 対象株主: 井村俊哉, 片山晃
2026-03-21 09:46:53 [INFO] モード: once
2026-03-21 09:46:53 [INFO]   2026-03-21: 0 件取得
2026-03-21 09:46:53 [INFO]   2026-03-20: 0 件取得
2026-03-21 09:46:53 [INFO] SUMMARY fetched=0 candidate=0 processed=0 html_ok=0 pdf_ok=0 failed=0 target_hits=0 new_hits=0 notified=0 no_prev_snapshot=0 skipped_seen=0 skipped_status=0 errors=0
[2026/03/21  9:46:53.37] ==== END exit_code=0 ==== 
[2026/03/21  9:51:52.79] ==== START edinet_shareholder_watch ==== 
2026-03-21 09:51:53 [INFO] === EDINET 株主欄監視 開始 ===
2026-03-21 09:51:53 [INFO] 対象株主: 井村俊哉, 片山晃
2026-03-21 09:51:53 [INFO] モード: once
2026-03-21 09:51:53 [INFO]   2026-03-21: 0 件取得
2026-03-21 09:51:54 [INFO]   2026-03-20: 0 件取得
2026-03-21 09:51:54 [INFO] SUMMARY fetched=0 candidate=0 processed=0 html_ok=0 pdf_ok=0 failed=0 target_hits=0 new_hits=0 notified=0 no_prev_snapshot=0 skipped_seen=0 skipped_status=0 errors=0
[2026/03/21  9:51:54.11] ==== END exit_code=0 ==== 
[2026/03/21  9:56:52.74] ==== START edinet_shareholder_watch ==== 
2026-03-21 09:56:53 [INFO] === EDINET 株主欄監視 開始 ===
2026-03-21 09:56:53 [INFO] 対象株主: 井村俊哉, 片山晃
2026-03-21 09:56:53 [INFO] モード: once
2026-03-21 09:56:53 [INFO]   2026-03-21: 0 件取得
2026-03-21 09:56:53 [INFO]   2026-03-20: 0 件取得
2026-03-21 09:56:53 [INFO] SUMMARY fetched=0 candidate=0 processed=0 html_ok=0 pdf_ok=0 failed=0 target_hits=0 new_hits=0 notified=0 no_prev_snapshot=0 skipped_seen=0 skipped_status=0 errors=0
[2026/03/21  9:56:53.66] ==== END exit_code=0 ==== 
[2026/03/21 10:01:52.47] ==== START edinet_shareholder_watch ==== 
2026-03-21 10:01:53 [INFO] === EDINET 株主欄監視 開始 ===
2026-03-21 10:01:53 [INFO] 対象株主: 井村俊哉, 片山晃
2026-03-21 10:01:53 [INFO] モード: once
2026-03-21 10:01:53 [INFO]   2026-03-21: 0 件取得
2026-03-21 10:01:53 [INFO]   2026-03-20: 0 件取得
2026-03-21 10:01:53 [INFO] SUMMARY fetched=0 candidate=0 processed=0 html_ok=0 pdf_ok=0 failed=0 target_hits=0 new_hits=0 notified=0 no_prev_snapshot=0 skipped_seen=0 skipped_status=0 errors=0
[2026/03/21 10:01:54.01] ==== END exit_code=0 ==== 
[2026/03/21 10:06:52.46] ==== START edinet_shareholder_watch ==== 
2026-03-21 10:06:53 [INFO] === EDINET 株主欄監視 開始 ===
2026-03-21 10:06:53 [INFO] 対象株主: 井村俊哉, 片山晃
2026-03-21 10:06:53 [INFO] モード: once
2026-03-21 10:06:53 [INFO]   2026-03-21: 0 件取得
2026-03-21 10:06:53 [INFO]   2026-03-20: 0 件取得
2026-03-21 10:06:53 [INFO] SUMMARY fetched=0 candidate=0 processed=0 html_ok=0 pdf_ok=0 failed=0 target_hits=0 new_hits=0 notified=0 no_prev_snapshot=0 skipped_seen=0 skipped_status=0 errors=0
[2026/03/21 10:06:53.48] ==== END exit_code=0 ==== 
[2026/03/21 10:11:52.79] ==== START edinet_shareholder_watch ==== 
2026-03-21 10:11:56 [INFO] === EDINET 株主欄監視 開始 ===
2026-03-21 10:11:56 [INFO] 対象株主: 井村俊哉, 片山晃
2026-03-21 10:11:56 [INFO] モード: once
2026-03-21 10:11:57 [INFO]   2026-03-21: 0 件取得
2026-03-21 10:11:57 [INFO]   2026-03-20: 0 件取得
2026-03-21 10:11:57 [INFO] SUMMARY fetched=0 candidate=0 processed=0 html_ok=0 pdf_ok=0 failed=0 target_hits=0 new_hits=0 notified=0 no_prev_snapshot=0 skipped_seen=0 skipped_status=0 errors=0
[2026/03/21 10:11:57.20] ==== END exit_code=0 ==== 
[2026/03/21 10:16:52.33] ==== START edinet_shareholder_watch ==== 
2026-03-21 10:16:52 [INFO] === EDINET 株主欄監視 開始 ===
2026-03-21 10:16:52 [INFO] 対象株主: 井村俊哉, 片山晃
2026-03-21 10:16:52 [INFO] モード: once
2026-03-21 10:16:53 [INFO]   2026-03-21: 0 件取得
2026-03-21 10:16:53 [INFO]   2026-03-20: 0 件取得
2026-03-21 10:16:53 [INFO] SUMMARY fetched=0 candidate=0 processed=0 html_ok=0 pdf_ok=0 failed=0 target_hits=0 new_hits=0 notified=0 no_prev_snapshot=0 skipped_seen=0 skipped_status=0 errors=0
[2026/03/21 10:16:53.20] ==== END exit_code=0 ==== 
[2026/03/21 10:21:52.35] ==== START edinet_shareholder_watch ==== 
2026-03-21 10:21:53 [INFO] === EDINET 株主欄監視 開始 ===
2026-03-21 10:21:53 [INFO] 対象株主: 井村俊哉, 片山晃
2026-03-21 10:21:53 [INFO] モード: once
2026-03-21 10:21:53 [INFO]   2026-03-21: 0 件取得
2026-03-21 10:21:53 [INFO]   2026-03-20: 0 件取得
2026-03-21 10:21:53 [INFO] SUMMARY fetched=0 candidate=0 processed=0 html_ok=0 pdf_ok=0 failed=0 target_hits=0 new_hits=0 notified=0 no_prev_snapshot=0 skipped_seen=0 skipped_status=0 errors=0
[2026/03/21 10:21:53.87] ==== END exit_code=0 ==== 
[2026/03/21 10:26:52.34] ==== START edinet_shareholder_watch ==== 
2026-03-21 10:26:52 [INFO] === EDINET 株主欄監視 開始 ===
2026-03-21 10:26:52 [INFO] 対象株主: 井村俊哉, 片山晃
2026-03-21 10:26:52 [INFO] モード: once
2026-03-21 10:26:53 [INFO]   2026-03-21: 0 件取得
2026-03-21 10:26:53 [INFO]   2026-03-20: 0 件取得
2026-03-21 10:26:53 [INFO] SUMMARY fetched=0 candidate=0 processed=0 html_ok=0 pdf_ok=0 failed=0 target_hits=0 new_hits=0 notified=0 no_prev_snapshot=0 skipped_seen=0 skipped_status=0 errors=0
[2026/03/21 10:26:53.16] ==== END exit_code=0 ==== 
[2026/03/21 10:31:52.40] ==== START edinet_shareholder_watch ==== 
2026-03-21 10:31:53 [INFO] === EDINET 株主欄監視 開始 ===
2026-03-21 10:31:53 [INFO] 対象株主: 井村俊哉, 片山晃
2026-03-21 10:31:53 [INFO] モード: once
2026-03-21 10:31:53 [INFO]   2026-03-21: 0 件取得
2026-03-21 10:31:53 [INFO]   2026-03-20: 0 件取得
2026-03-21 10:31:53 [INFO] SUMMARY fetched=0 candidate=0 processed=0 html_ok=0 pdf_ok=0 failed=0 target_hits=0 new_hits=0 notified=0 no_prev_snapshot=0 skipped_seen=0 skipped_status=0 errors=0
[2026/03/21 10:31:53.75] ==== END exit_code=0 ==== 
[2026/03/21 10:36:52.40] ==== START edinet_shareholder_watch ==== 
2026-03-21 10:36:52 [INFO] === EDINET 株主欄監視 開始 ===
2026-03-21 10:36:52 [INFO] 対象株主: 井村俊哉, 片山晃
2026-03-21 10:36:52 [INFO] モード: once
2026-03-21 10:36:53 [INFO]   2026-03-21: 0 件取得
2026-03-21 10:36:53 [INFO]   2026-03-20: 0 件取得
2026-03-21 10:36:53 [INFO] SUMMARY fetched=0 candidate=0 processed=0 html_ok=0 pdf_ok=0 failed=0 target_hits=0 new_hits=0 notified=0 no_prev_snapshot=0 skipped_seen=0 skipped_status=0 errors=0
[2026/03/21 10:36:53.42] ==== END exit_code=0 ==== 
[2026/03/21 10:41:52.38] ==== START edinet_shareholder_watch ==== 
2026-03-21 10:41:53 [INFO] === EDINET 株主欄監視 開始 ===
2026-03-21 10:41:53 [INFO] 対象株主: 井村俊哉, 片山晃
2026-03-21 10:41:53 [INFO] モード: once
2026-03-21 10:41:53 [INFO]   2026-03-21: 0 件取得
2026-03-21 10:41:53 [INFO]   2026-03-20: 0 件取得
2026-03-21 10:41:53 [INFO] SUMMARY fetched=0 candidate=0 processed=0 html_ok=0 pdf_ok=0 failed=0 target_hits=0 new_hits=0 notified=0 no_prev_snapshot=0 skipped_seen=0 skipped_status=0 errors=0
[2026/03/21 10:41:53.79] ==== END exit_code=0 ==== 
[2026/03/21 10:46:52.40] ==== START edinet_shareholder_watch ==== 
2026-03-21 10:46:53 [INFO] === EDINET 株主欄監視 開始 ===
2026-03-21 10:46:53 [INFO] 対象株主: 井村俊哉, 片山晃
2026-03-21 10:46:53 [INFO] モード: once
2026-03-21 10:46:53 [INFO]   2026-03-21: 0 件取得
2026-03-21 10:46:53 [INFO]   2026-03-20: 0 件取得
2026-03-21 10:46:53 [INFO] SUMMARY fetched=0 candidate=0 processed=0 html_ok=0 pdf_ok=0 failed=0 target_hits=0 new_hits=0 notified=0 no_prev_snapshot=0 skipped_seen=0 skipped_status=0 errors=0
[2026/03/21 10:46:53.25] ==== END exit_code=0 ==== 
[2026/03/21 10:51:52.34] ==== START edinet_shareholder_watch ==== 
2026-03-21 10:51:53 [INFO] === EDINET 株主欄監視 開始 ===
2026-03-21 10:51:53 [INFO] 対象株主: 井村俊哉, 片山晃
2026-03-21 10:51:53 [INFO] モード: once
2026-03-21 10:51:53 [INFO]   2026-03-21: 0 件取得
2026-03-21 10:51:53 [INFO]   2026-03-20: 0 件取得
2026-03-21 10:51:53 [INFO] SUMMARY fetched=0 candidate=0 processed=0 html_ok=0 pdf_ok=0 failed=0 target_hits=0 new_hits=0 notified=0 no_prev_snapshot=0 skipped_seen=0 skipped_status=0 errors=0
[2026/03/21 10:51:53.67] ==== END exit_code=0 ==== 
[2026/03/21 10:56:52.33] ==== START edinet_shareholder_watch ==== 
2026-03-21 10:56:52 [INFO] === EDINET 株主欄監視 開始 ===
2026-03-21 10:56:52 [INFO] 対象株主: 井村俊哉, 片山晃
2026-03-21 10:56:52 [INFO] モード: once
2026-03-21 10:56:53 [INFO]   2026-03-21: 0 件取得
2026-03-21 10:56:53 [INFO]   2026-03-20: 0 件取得
2026-03-21 10:56:53 [INFO] SUMMARY fetched=0 candidate=0 processed=0 html_ok=0 pdf_ok=0 failed=0 target_hits=0 new_hits=0 notified=0 no_prev_snapshot=0 skipped_seen=0 skipped_status=0 errors=0
[2026/03/21 10:56:53.16] ==== END exit_code=0 ==== 
[2026/03/21 11:01:52.33] ==== START edinet_shareholder_watch ==== 
2026-03-21 11:01:53 [INFO] === EDINET 株主欄監視 開始 ===
2026-03-21 11:01:53 [INFO] 対象株主: 井村俊哉, 片山晃
2026-03-21 11:01:53 [INFO] モード: once
2026-03-21 11:01:53 [INFO]   2026-03-21: 0 件取得
2026-03-21 11:01:53 [INFO]   2026-03-20: 0 件取得
2026-03-21 11:01:53 [INFO] SUMMARY fetched=0 candidate=0 processed=0 html_ok=0 pdf_ok=0 failed=0 target_hits=0 new_hits=0 notified=0 no_prev_snapshot=0 skipped_seen=0 skipped_status=0 errors=0
[2026/03/21 11:01:53.84] ==== END exit_code=0 ==== 
[2026/03/21 11:06:52.40] ==== START edinet_shareholder_watch ==== 
2026-03-21 11:06:52 [INFO] === EDINET 株主欄監視 開始 ===
2026-03-21 11:06:52 [INFO] 対象株主: 井村俊哉, 片山晃
2026-03-21 11:06:52 [INFO] モード: once
2026-03-21 11:06:53 [INFO]   2026-03-21: 0 件取得
2026-03-21 11:06:53 [INFO]   2026-03-20: 0 件取得
2026-03-21 11:06:53 [INFO] SUMMARY fetched=0 candidate=0 processed=0 html_ok=0 pdf_ok=0 failed=0 target_hits=0 new_hits=0 notified=0 no_prev_snapshot=0 skipped_seen=0 skipped_status=0 errors=0
[2026/03/21 11:06:53.24] ==== END exit_code=0 ==== 
[2026/03/21 11:11:52.33] ==== START edinet_shareholder_watch ==== 
2026-03-21 11:11:53 [INFO] === EDINET 株主欄監視 開始 ===
2026-03-21 11:11:53 [INFO] 対象株主: 井村俊哉, 片山晃
2026-03-21 11:11:53 [INFO] モード: once
2026-03-21 11:11:53 [INFO]   2026-03-21: 0 件取得
2026-03-21 11:11:53 [INFO]   2026-03-20: 0 件取得
2026-03-21 11:11:53 [INFO] SUMMARY fetched=0 candidate=0 processed=0 html_ok=0 pdf_ok=0 failed=0 target_hits=0 new_hits=0 notified=0 no_prev_snapshot=0 skipped_seen=0 skipped_status=0 errors=0
[2026/03/21 11:11:53.95] ==== END exit_code=0 ==== 
[2026/03/21 12:11:33.63] ==== START edinet_shareholder_watch ==== 
2026-03-21 12:11:34 [INFO] === EDINET 株主欄監視 開始 ===
2026-03-21 12:11:34 [INFO] 対象株主: 井村俊哉, 片山晃
2026-03-21 12:11:34 [INFO] モード: once
2026-03-21 12:11:34 [WARNING]   documents.json 取得失敗 (1/3): HTTPSConnectionPool(host='api.edinet-fsa.go.jp', port=443): Max retries exceeded with url: /api/v2/documents.json?date=2026-03-21&type=2&Subscription-Key=7b4a7fa53e584fce81d20940ee295bef (Caused by NameResolutionError("HTTPSConnection(host='api.edinet-fsa.go.jp', port=443): Failed to resolve 'api.edinet-fsa.go.jp' ([Errno 11001] getaddrinfo failed)"))
2026-03-21 12:11:36 [INFO]   2026-03-21: 0 件取得
2026-03-21 12:11:36 [INFO]   2026-03-20: 0 件取得
2026-03-21 12:11:36 [INFO] SUMMARY fetched=0 candidate=0 processed=0 html_ok=0 pdf_ok=0 failed=0 target_hits=0 new_hits=0 notified=0 no_prev_snapshot=0 skipped_seen=0 skipped_status=0 errors=0
[2026/03/21 12:11:36.76] ==== END exit_code=0 ==== 
[2026/03/21 12:11:52.52] ==== START edinet_shareholder_watch ==== 
2026-03-21 12:11:53 [INFO] === EDINET 株主欄監視 開始 ===
2026-03-21 12:11:53 [INFO] 対象株主: 井村俊哉, 片山晃
2026-03-21 12:11:53 [INFO] モード: once
2026-03-21 12:11:53 [INFO]   2026-03-21: 0 件取得
2026-03-21 12:11:53 [INFO]   2026-03-20: 0 件取得
2026-03-21 12:11:53 [INFO] SUMMARY fetched=0 candidate=0 processed=0 html_ok=0 pdf_ok=0 failed=0 target_hits=0 new_hits=0 notified=0 no_prev_snapshot=0 skipped_seen=0 skipped_status=0 errors=0
[2026/03/21 12:11:54.07] ==== END exit_code=0 ==== 
[2026/03/21 12:16:52.60] ==== START edinet_shareholder_watch ==== 
2026-03-21 12:16:53 [INFO] === EDINET 株主欄監視 開始 ===
2026-03-21 12:16:53 [INFO] 対象株主: 井村俊哉, 片山晃
2026-03-21 12:16:53 [INFO] モード: once
2026-03-21 12:16:53 [INFO]   2026-03-21: 0 件取得
2026-03-21 12:16:53 [INFO]   2026-03-20: 0 件取得
2026-03-21 12:16:53 [INFO] SUMMARY fetched=0 candidate=0 processed=0 html_ok=0 pdf_ok=0 failed=0 target_hits=0 new_hits=0 notified=0 no_prev_snapshot=0 skipped_seen=0 skipped_status=0 errors=0
[2026/03/21 12:16:53.51] ==== END exit_code=0 ==== 
[2026/03/21 12:21:52.43] ==== START edinet_shareholder_watch ==== 
2026-03-21 12:21:53 [INFO] === EDINET 株主欄監視 開始 ===
2026-03-21 12:21:53 [INFO] 対象株主: 井村俊哉, 片山晃
2026-03-21 12:21:53 [INFO] モード: once
2026-03-21 12:21:53 [INFO]   2026-03-21: 0 件取得
2026-03-21 12:21:53 [INFO]   2026-03-20: 0 件取得
2026-03-21 12:21:53 [INFO] SUMMARY fetched=0 candidate=0 processed=0 html_ok=0 pdf_ok=0 failed=0 target_hits=0 new_hits=0 notified=0 no_prev_snapshot=0 skipped_seen=0 skipped_status=0 errors=0
[2026/03/21 12:21:53.36] ==== END exit_code=0 ==== 
[2026/03/21 12:26:51.70] ==== START edinet_shareholder_watch ==== 
2026-03-21 12:26:52 [INFO] === EDINET 株主欄監視 開始 ===
2026-03-21 12:26:52 [INFO] 対象株主: 井村俊哉, 片山晃
2026-03-21 12:26:52 [INFO] モード: once
2026-03-21 12:26:52 [INFO]   2026-03-21: 0 件取得
2026-03-21 12:26:52 [INFO]   2026-03-20: 0 件取得
2026-03-21 12:26:52 [INFO] SUMMARY fetched=0 candidate=0 processed=0 html_ok=0 pdf_ok=0 failed=0 target_hits=0 new_hits=0 notified=0 no_prev_snapshot=0 skipped_seen=0 skipped_status=0 errors=0
[2026/03/21 12:26:52.83] ==== END exit_code=0 ==== 
[2026/03/21 12:31:52.44] ==== START edinet_shareholder_watch ==== 
2026-03-21 12:31:53 [INFO] === EDINET 株主欄監視 開始 ===
2026-03-21 12:31:53 [INFO] 対象株主: 井村俊哉, 片山晃
2026-03-21 12:31:53 [INFO] モード: once
2026-03-21 12:31:53 [INFO]   2026-03-21: 0 件取得
2026-03-21 12:31:53 [INFO]   2026-03-20: 0 件取得
2026-03-21 12:31:53 [INFO] SUMMARY fetched=0 candidate=0 processed=0 html_ok=0 pdf_ok=0 failed=0 target_hits=0 new_hits=0 notified=0 no_prev_snapshot=0 skipped_seen=0 skipped_status=0 errors=0
[2026/03/21 12:31:53.33] ==== END exit_code=0 ==== 
[2026/03/21 12:36:52.51] ==== START edinet_shareholder_watch ==== 
2026-03-21 12:36:53 [INFO] === EDINET 株主欄監視 開始 ===
2026-03-21 12:36:53 [INFO] 対象株主: 井村俊哉, 片山晃
2026-03-21 12:36:53 [INFO] モード: once
2026-03-21 12:36:53 [INFO]   2026-03-21: 0 件取得
2026-03-21 12:36:53 [INFO]   2026-03-20: 0 件取得
2026-03-21 12:36:53 [INFO] SUMMARY fetched=0 candidate=0 processed=0 html_ok=0 pdf_ok=0 failed=0 target_hits=0 new_hits=0 notified=0 no_prev_snapshot=0 skipped_seen=0 skipped_status=0 errors=0
[2026/03/21 12:36:53.36] ==== END exit_code=0 ==== 
[2026/03/21 12:41:52.44] ==== START edinet_shareholder_watch ==== 
2026-03-21 12:41:53 [INFO] === EDINET 株主欄監視 開始 ===
2026-03-21 12:41:53 [INFO] 対象株主: 井村俊哉, 片山晃
2026-03-21 12:41:53 [INFO] モード: once
2026-03-21 12:41:53 [INFO]   2026-03-21: 0 件取得
2026-03-21 12:41:53 [INFO]   2026-03-20: 0 件取得
2026-03-21 12:41:53 [INFO] SUMMARY fetched=0 candidate=0 processed=0 html_ok=0 pdf_ok=0 failed=0 target_hits=0 new_hits=0 notified=0 no_prev_snapshot=0 skipped_seen=0 skipped_status=0 errors=0
[2026/03/21 12:41:53.32] ==== END exit_code=0 ==== 
[2026/03/21 12:46:52.44] ==== START edinet_shareholder_watch ==== 
2026-03-21 12:46:53 [INFO] === EDINET 株主欄監視 開始 ===
2026-03-21 12:46:53 [INFO] 対象株主: 井村俊哉, 片山晃
2026-03-21 12:46:53 [INFO] モード: once
2026-03-21 12:46:53 [INFO]   2026-03-21: 0 件取得
2026-03-21 12:46:53 [INFO]   2026-03-20: 0 件取得
2026-03-21 12:46:53 [INFO] SUMMARY fetched=0 candidate=0 processed=0 html_ok=0 pdf_ok=0 failed=0 target_hits=0 new_hits=0 notified=0 no_prev_snapshot=0 skipped_seen=0 skipped_status=0 errors=0
[2026/03/21 12:46:53.36] ==== END exit_code=0 ==== 
[2026/03/21 12:51:52.36] ==== START edinet_shareholder_watch ==== 
2026-03-21 12:51:52 [INFO] === EDINET 株主欄監視 開始 ===
2026-03-21 12:51:52 [INFO] 対象株主: 井村俊哉, 片山晃
2026-03-21 12:51:52 [INFO] モード: once
2026-03-21 12:51:53 [INFO]   2026-03-21: 0 件取得
2026-03-21 12:51:53 [INFO]   2026-03-20: 0 件取得
2026-03-21 12:51:53 [INFO] SUMMARY fetched=0 candidate=0 processed=0 html_ok=0 pdf_ok=0 failed=0 target_hits=0 new_hits=0 notified=0 no_prev_snapshot=0 skipped_seen=0 skipped_status=0 errors=0
[2026/03/21 12:51:53.25] ==== END exit_code=0 ==== 
[2026/03/21 12:56:52.36] ==== START edinet_shareholder_watch ==== 
2026-03-21 12:56:52 [INFO] === EDINET 株主欄監視 開始 ===
2026-03-21 12:56:52 [INFO] 対象株主: 井村俊哉, 片山晃
2026-03-21 12:56:52 [INFO] モード: once
2026-03-21 12:56:53 [INFO]   2026-03-21: 0 件取得
2026-03-21 12:56:53 [INFO]   2026-03-20: 0 件取得
2026-03-21 12:56:53 [INFO] SUMMARY fetched=0 candidate=0 processed=0 html_ok=0 pdf_ok=0 failed=0 target_hits=0 new_hits=0 notified=0 no_prev_snapshot=0 skipped_seen=0 skipped_status=0 errors=0
[2026/03/21 12:56:53.21] ==== END exit_code=0 ==== 
[2026/03/21 13:01:52.36] ==== START edinet_shareholder_watch ==== 
2026-03-21 13:01:53 [INFO] === EDINET 株主欄監視 開始 ===
2026-03-21 13:01:53 [INFO] 対象株主: 井村俊哉, 片山晃
2026-03-21 13:01:53 [INFO] モード: once
2026-03-21 13:01:53 [INFO]   2026-03-21: 0 件取得
2026-03-21 13:01:53 [INFO]   2026-03-20: 0 件取得
2026-03-21 13:01:53 [INFO] SUMMARY fetched=0 candidate=0 processed=0 html_ok=0 pdf_ok=0 failed=0 target_hits=0 new_hits=0 notified=0 no_prev_snapshot=0 skipped_seen=0 skipped_status=0 errors=0
[2026/03/21 13:01:53.27] ==== END exit_code=0 ==== 
[2026/03/21 13:06:52.45] ==== START edinet_shareholder_watch ==== 
2026-03-21 13:06:53 [INFO] === EDINET 株主欄監視 開始 ===
2026-03-21 13:06:53 [INFO] 対象株主: 井村俊哉, 片山晃
2026-03-21 13:06:53 [INFO] モード: once
2026-03-21 13:06:53 [INFO]   2026-03-21: 0 件取得
2026-03-21 13:06:53 [INFO]   2026-03-20: 0 件取得
2026-03-21 13:06:53 [INFO] SUMMARY fetched=0 candidate=0 processed=0 html_ok=0 pdf_ok=0 failed=0 target_hits=0 new_hits=0 notified=0 no_prev_snapshot=0 skipped_seen=0 skipped_status=0 errors=0
[2026/03/21 13:06:53.34] ==== END exit_code=0 ==== 
[2026/03/21 13:11:52.56] ==== START edinet_shareholder_watch ==== 
2026-03-21 13:11:53 [INFO] === EDINET 株主欄監視 開始 ===
2026-03-21 13:11:53 [INFO] 対象株主: 井村俊哉, 片山晃
2026-03-21 13:11:53 [INFO] モード: once
2026-03-21 13:11:53 [INFO]   2026-03-21: 0 件取得
2026-03-21 13:11:53 [INFO]   2026-03-20: 0 件取得
2026-03-21 13:11:53 [INFO] SUMMARY fetched=0 candidate=0 processed=0 html_ok=0 pdf_ok=0 failed=0 target_hits=0 new_hits=0 notified=0 no_prev_snapshot=0 skipped_seen=0 skipped_status=0 errors=0
[2026/03/21 13:11:53.50] ==== END exit_code=0 ==== 
[2026/03/21 13:16:52.44] ==== START edinet_shareholder_watch ==== 
2026-03-21 13:16:53 [INFO] === EDINET 株主欄監視 開始 ===
2026-03-21 13:16:53 [INFO] 対象株主: 井村俊哉, 片山晃
2026-03-21 13:16:53 [INFO] モード: once
2026-03-21 13:16:53 [INFO]   2026-03-21: 0 件取得
2026-03-21 13:16:53 [INFO]   2026-03-20: 0 件取得
2026-03-21 13:16:53 [INFO] SUMMARY fetched=0 candidate=0 processed=0 html_ok=0 pdf_ok=0 failed=0 target_hits=0 new_hits=0 notified=0 no_prev_snapshot=0 skipped_seen=0 skipped_status=0 errors=0
[2026/03/21 13:16:53.54] ==== END exit_code=0 ==== 
[2026/03/21 13:21:52.43] ==== START edinet_shareholder_watch ==== 
2026-03-21 13:21:53 [INFO] === EDINET 株主欄監視 開始 ===
2026-03-21 13:21:53 [INFO] 対象株主: 井村俊哉, 片山晃
2026-03-21 13:21:53 [INFO] モード: once
2026-03-21 13:21:53 [INFO]   2026-03-21: 0 件取得
2026-03-21 13:21:53 [INFO]   2026-03-20: 0 件取得
2026-03-21 13:21:53 [INFO] SUMMARY fetched=0 candidate=0 processed=0 html_ok=0 pdf_ok=0 failed=0 target_hits=0 new_hits=0 notified=0 no_prev_snapshot=0 skipped_seen=0 skipped_status=0 errors=0
[2026/03/21 13:21:53.36] ==== END exit_code=0 ==== 
[2026/03/21 13:26:52.37] ==== START edinet_shareholder_watch ==== 
2026-03-21 13:26:53 [INFO] === EDINET 株主欄監視 開始 ===
2026-03-21 13:26:53 [INFO] 対象株主: 井村俊哉, 片山晃
2026-03-21 13:26:53 [INFO] モード: once
2026-03-21 13:26:53 [INFO]   2026-03-21: 0 件取得
2026-03-21 13:26:53 [INFO]   2026-03-20: 0 件取得
2026-03-21 13:26:53 [INFO] SUMMARY fetched=0 candidate=0 processed=0 html_ok=0 pdf_ok=0 failed=0 target_hits=0 new_hits=0 notified=0 no_prev_snapshot=0 skipped_seen=0 skipped_status=0 errors=0
[2026/03/21 13:26:53.27] ==== END exit_code=0 ==== 
[2026/03/21 13:31:52.42] ==== START edinet_shareholder_watch ==== 
2026-03-21 13:31:53 [INFO] === EDINET 株主欄監視 開始 ===
2026-03-21 13:31:53 [INFO] 対象株主: 井村俊哉, 片山晃
2026-03-21 13:31:53 [INFO] モード: once
2026-03-21 13:31:53 [INFO]   2026-03-21: 0 件取得
2026-03-21 13:31:53 [INFO]   2026-03-20: 0 件取得
2026-03-21 13:31:53 [INFO] SUMMARY fetched=0 candidate=0 processed=0 html_ok=0 pdf_ok=0 failed=0 target_hits=0 new_hits=0 notified=0 no_prev_snapshot=0 skipped_seen=0 skipped_status=0 errors=0
[2026/03/21 13:31:53.31] ==== END exit_code=0 ==== 
[2026/03/21 13:36:52.44] ==== START edinet_shareholder_watch ==== 
2026-03-21 13:36:53 [INFO] === EDINET 株主欄監視 開始 ===
2026-03-21 13:36:53 [INFO] 対象株主: 井村俊哉, 片山晃
2026-03-21 13:36:53 [INFO] モード: once
2026-03-21 13:36:53 [INFO]   2026-03-21: 0 件取得
2026-03-21 13:36:53 [INFO]   2026-03-20: 0 件取得
2026-03-21 13:36:53 [INFO] SUMMARY fetched=0 candidate=0 processed=0 html_ok=0 pdf_ok=0 failed=0 target_hits=0 new_hits=0 notified=0 no_prev_snapshot=0 skipped_seen=0 skipped_status=0 errors=0
[2026/03/21 13:36:53.30] ==== END exit_code=0 ==== 
[2026/03/21 13:41:52.42] ==== START edinet_shareholder_watch ==== 
2026-03-21 13:41:53 [INFO] === EDINET 株主欄監視 開始 ===
2026-03-21 13:41:53 [INFO] 対象株主: 井村俊哉, 片山晃
2026-03-21 13:41:53 [INFO] モード: once
2026-03-21 13:41:53 [INFO]   2026-03-21: 0 件取得
2026-03-21 13:41:53 [INFO]   2026-03-20: 0 件取得
2026-03-21 13:41:53 [INFO] SUMMARY fetched=0 candidate=0 processed=0 html_ok=0 pdf_ok=0 failed=0 target_hits=0 new_hits=0 notified=0 no_prev_snapshot=0 skipped_seen=0 skipped_status=0 errors=0
[2026/03/21 13:41:53.27] ==== END exit_code=0 ==== 
[2026/03/21 13:46:52.35] ==== START edinet_shareholder_watch ==== 
2026-03-21 13:46:52 [INFO] === EDINET 株主欄監視 開始 ===
2026-03-21 13:46:52 [INFO] 対象株主: 井村俊哉, 片山晃
2026-03-21 13:46:52 [INFO] モード: once
2026-03-21 13:46:53 [INFO]   2026-03-21: 0 件取得
2026-03-21 13:46:53 [INFO]   2026-03-20: 0 件取得
2026-03-21 13:46:53 [INFO] SUMMARY fetched=0 candidate=0 processed=0 html_ok=0 pdf_ok=0 failed=0 target_hits=0 new_hits=0 notified=0 no_prev_snapshot=0 skipped_seen=0 skipped_status=0 errors=0
[2026/03/21 13:46:53.21] ==== END exit_code=0 ==== 
[2026/03/21 13:51:52.45] ==== START edinet_shareholder_watch ==== 
2026-03-21 13:51:53 [INFO] === EDINET 株主欄監視 開始 ===
2026-03-21 13:51:53 [INFO] 対象株主: 井村俊哉, 片山晃
2026-03-21 13:51:53 [INFO] モード: once
2026-03-21 13:51:53 [INFO]   2026-03-21: 0 件取得
2026-03-21 13:51:53 [INFO]   2026-03-20: 0 件取得
2026-03-21 13:51:53 [INFO] SUMMARY fetched=0 candidate=0 processed=0 html_ok=0 pdf_ok=0 failed=0 target_hits=0 new_hits=0 notified=0 no_prev_snapshot=0 skipped_seen=0 skipped_status=0 errors=0
[2026/03/21 13:51:53.27] ==== END exit_code=0 ==== 
[2026/03/21 13:56:52.43] ==== START edinet_shareholder_watch ==== 
2026-03-21 13:56:53 [INFO] === EDINET 株主欄監視 開始 ===
2026-03-21 13:56:53 [INFO] 対象株主: 井村俊哉, 片山晃
2026-03-21 13:56:53 [INFO] モード: once
2026-03-21 13:56:53 [INFO]   2026-03-21: 0 件取得
2026-03-21 13:56:53 [INFO]   2026-03-20: 0 件取得
2026-03-21 13:56:53 [INFO] SUMMARY fetched=0 candidate=0 processed=0 html_ok=0 pdf_ok=0 failed=0 target_hits=0 new_hits=0 notified=0 no_prev_snapshot=0 skipped_seen=0 skipped_status=0 errors=0
[2026/03/21 13:56:53.34] ==== END exit_code=0 ==== 
[2026/03/21 14:01:52.43] ==== START edinet_shareholder_watch ==== 
2026-03-21 14:01:53 [INFO] === EDINET 株主欄監視 開始 ===
2026-03-21 14:01:53 [INFO] 対象株主: 井村俊哉, 片山晃
2026-03-21 14:01:53 [INFO] モード: once
2026-03-21 14:01:55 [INFO]   2026-03-21: 0 件取得
2026-03-21 14:01:55 [INFO]   2026-03-20: 0 件取得
2026-03-21 14:01:55 [INFO] SUMMARY fetched=0 candidate=0 processed=0 html_ok=0 pdf_ok=0 failed=0 target_hits=0 new_hits=0 notified=0 no_prev_snapshot=0 skipped_seen=0 skipped_status=0 errors=0
[2026/03/21 14:01:55.68] ==== END exit_code=0 ==== 
[2026/03/21 14:06:52.42] ==== START edinet_shareholder_watch ==== 
2026-03-21 14:06:53 [INFO] === EDINET 株主欄監視 開始 ===
2026-03-21 14:06:53 [INFO] 対象株主: 井村俊哉, 片山晃
2026-03-21 14:06:53 [INFO] モード: once
2026-03-21 14:06:53 [INFO]   2026-03-21: 0 件取得
2026-03-21 14:06:53 [INFO]   2026-03-20: 0 件取得
2026-03-21 14:06:53 [INFO] SUMMARY fetched=0 candidate=0 processed=0 html_ok=0 pdf_ok=0 failed=0 target_hits=0 new_hits=0 notified=0 no_prev_snapshot=0 skipped_seen=0 skipped_status=0 errors=0
[2026/03/21 14:06:53.32] ==== END exit_code=0 ==== 
[2026/03/21 14:11:52.37] ==== START edinet_shareholder_watch ==== 
2026-03-21 14:11:52 [INFO] === EDINET 株主欄監視 開始 ===
2026-03-21 14:11:52 [INFO] 対象株主: 井村俊哉, 片山晃
2026-03-21 14:11:52 [INFO] モード: once
2026-03-21 14:11:53 [INFO]   2026-03-21: 0 件取得
2026-03-21 14:11:53 [INFO]   2026-03-20: 0 件取得
2026-03-21 14:11:53 [INFO] SUMMARY fetched=0 candidate=0 processed=0 html_ok=0 pdf_ok=0 failed=0 target_hits=0 new_hits=0 notified=0 no_prev_snapshot=0 skipped_seen=0 skipped_status=0 errors=0
[2026/03/21 14:11:53.22] ==== END exit_code=0 ==== 
[2026/03/21 14:16:52.47] ==== START edinet_shareholder_watch ==== 
2026-03-21 14:16:53 [INFO] === EDINET 株主欄監視 開始 ===
2026-03-21 14:16:53 [INFO] 対象株主: 井村俊哉, 片山晃
2026-03-21 14:16:53 [INFO] モード: once
2026-03-21 14:16:53 [INFO]   2026-03-21: 0 件取得
2026-03-21 14:16:53 [INFO]   2026-03-20: 0 件取得
2026-03-21 14:16:53 [INFO] SUMMARY fetched=0 candidate=0 processed=0 html_ok=0 pdf_ok=0 failed=0 target_hits=0 new_hits=0 notified=0 no_prev_snapshot=0 skipped_seen=0 skipped_status=0 errors=0
[2026/03/21 14:16:53.33] ==== END exit_code=0 ==== 
[2026/03/21 14:21:52.45] ==== START edinet_shareholder_watch ==== 
2026-03-21 14:21:53 [INFO] === EDINET 株主欄監視 開始 ===
2026-03-21 14:21:53 [INFO] 対象株主: 井村俊哉, 片山晃
2026-03-21 14:21:53 [INFO] モード: once
2026-03-21 14:21:53 [INFO]   2026-03-21: 0 件取得
2026-03-21 14:21:53 [INFO]   2026-03-20: 0 件取得
2026-03-21 14:21:53 [INFO] SUMMARY fetched=0 candidate=0 processed=0 html_ok=0 pdf_ok=0 failed=0 target_hits=0 new_hits=0 notified=0 no_prev_snapshot=0 skipped_seen=0 skipped_status=0 errors=0
[2026/03/21 14:21:53.33] ==== END exit_code=0 ==== 
[2026/03/21 14:26:52.43] ==== START edinet_shareholder_watch ==== 
2026-03-21 14:26:53 [INFO] === EDINET 株主欄監視 開始 ===
2026-03-21 14:26:53 [INFO] 対象株主: 井村俊哉, 片山晃
2026-03-21 14:26:53 [INFO] モード: once
2026-03-21 14:26:54 [INFO]   2026-03-21: 0 件取得
2026-03-21 14:26:54 [INFO]   2026-03-20: 0 件取得
2026-03-21 14:26:54 [INFO] SUMMARY fetched=0 candidate=0 processed=0 html_ok=0 pdf_ok=0 failed=0 target_hits=0 new_hits=0 notified=0 no_prev_snapshot=0 skipped_seen=0 skipped_status=0 errors=0
[2026/03/21 14:26:54.83] ==== END exit_code=0 ==== 
[2026/03/21 14:31:52.38] ==== START edinet_shareholder_watch ==== 
2026-03-21 14:31:52 [INFO] === EDINET 株主欄監視 開始 ===
2026-03-21 14:31:52 [INFO] 対象株主: 井村俊哉, 片山晃
2026-03-21 14:31:52 [INFO] モード: once
2026-03-21 14:31:53 [INFO]   2026-03-21: 0 件取得
2026-03-21 14:31:53 [INFO]   2026-03-20: 0 件取得
2026-03-21 14:31:53 [INFO] SUMMARY fetched=0 candidate=0 processed=0 html_ok=0 pdf_ok=0 failed=0 target_hits=0 new_hits=0 notified=0 no_prev_snapshot=0 skipped_seen=0 skipped_status=0 errors=0
[2026/03/21 14:31:53.21] ==== END exit_code=0 ==== 
[2026/03/21 14:36:52.66] ==== START edinet_shareholder_watch ==== 
2026-03-21 14:36:56 [INFO] === EDINET 株主欄監視 開始 ===
2026-03-21 14:36:56 [INFO] 対象株主: 井村俊哉, 片山晃
2026-03-21 14:36:56 [INFO] モード: once
2026-03-21 14:36:56 [INFO]   2026-03-21: 0 件取得
2026-03-21 14:36:56 [INFO]   2026-03-20: 0 件取得
2026-03-21 14:36:56 [INFO] SUMMARY fetched=0 candidate=0 processed=0 html_ok=0 pdf_ok=0 failed=0 target_hits=0 new_hits=0 notified=0 no_prev_snapshot=0 skipped_seen=0 skipped_status=0 errors=0
[2026/03/21 14:36:56.26] ==== END exit_code=0 ==== 
[2026/03/21 14:41:52.45] ==== START edinet_shareholder_watch ==== 
2026-03-21 14:41:53 [INFO] === EDINET 株主欄監視 開始 ===
2026-03-21 14:41:53 [INFO] 対象株主: 井村俊哉, 片山晃
2026-03-21 14:41:53 [INFO] モード: once
2026-03-21 14:41:53 [INFO]   2026-03-21: 0 件取得
2026-03-21 14:41:53 [INFO]   2026-03-20: 0 件取得
2026-03-21 14:41:53 [INFO] SUMMARY fetched=0 candidate=0 processed=0 html_ok=0 pdf_ok=0 failed=0 target_hits=0 new_hits=0 notified=0 no_prev_snapshot=0 skipped_seen=0 skipped_status=0 errors=0
[2026/03/21 14:41:53.34] ==== END exit_code=0 ==== 
[2026/03/21 14:46:52.37] ==== START edinet_shareholder_watch ==== 
2026-03-21 14:46:53 [INFO] === EDINET 株主欄監視 開始 ===
2026-03-21 14:46:53 [INFO] 対象株主: 井村俊哉, 片山晃
2026-03-21 14:46:53 [INFO] モード: once
2026-03-21 14:46:53 [INFO]   2026-03-21: 0 件取得
2026-03-21 14:46:53 [INFO]   2026-03-20: 0 件取得
2026-03-21 14:46:53 [INFO] SUMMARY fetched=0 candidate=0 processed=0 html_ok=0 pdf_ok=0 failed=0 target_hits=0 new_hits=0 notified=0 no_prev_snapshot=0 skipped_seen=0 skipped_status=0 errors=0
[2026/03/21 14:46:53.25] ==== END exit_code=0 ==== 
[2026/03/21 14:51:52.46] ==== START edinet_shareholder_watch ==== 
2026-03-21 14:51:53 [INFO] === EDINET 株主欄監視 開始 ===
2026-03-21 14:51:53 [INFO] 対象株主: 井村俊哉, 片山晃
2026-03-21 14:51:53 [INFO] モード: once
2026-03-21 14:51:53 [INFO]   2026-03-21: 0 件取得
2026-03-21 14:51:53 [INFO]   2026-03-20: 0 件取得
2026-03-21 14:51:53 [INFO] SUMMARY fetched=0 candidate=0 processed=0 html_ok=0 pdf_ok=0 failed=0 target_hits=0 new_hits=0 notified=0 no_prev_snapshot=0 skipped_seen=0 skipped_status=0 errors=0
[2026/03/21 14:51:53.37] ==== END exit_code=0 ==== 
[2026/03/21 14:56:52.80] ==== START edinet_shareholder_watch ==== 
2026-03-21 14:56:56 [INFO] === EDINET 株主欄監視 開始 ===
2026-03-21 14:56:56 [INFO] 対象株主: 井村俊哉, 片山晃
2026-03-21 14:56:56 [INFO] モード: once
2026-03-21 14:56:56 [INFO]   2026-03-21: 0 件取得
2026-03-21 14:56:56 [INFO]   2026-03-20: 0 件取得
2026-03-21 14:56:56 [INFO] SUMMARY fetched=0 candidate=0 processed=0 html_ok=0 pdf_ok=0 failed=0 target_hits=0 new_hits=0 notified=0 no_prev_snapshot=0 skipped_seen=0 skipped_status=0 errors=0
[2026/03/21 14:56:56.57] ==== END exit_code=0 ==== 
[2026/03/21 15:01:52.47] ==== START edinet_shareholder_watch ==== 
2026-03-21 15:01:53 [INFO] === EDINET 株主欄監視 開始 ===
2026-03-21 15:01:53 [INFO] 対象株主: 井村俊哉, 片山晃
2026-03-21 15:01:53 [INFO] モード: once
2026-03-21 15:01:53 [INFO]   2026-03-21: 0 件取得
2026-03-21 15:01:53 [INFO]   2026-03-20: 0 件取得
2026-03-21 15:01:53 [INFO] SUMMARY fetched=0 candidate=0 processed=0 html_ok=0 pdf_ok=0 failed=0 target_hits=0 new_hits=0 notified=0 no_prev_snapshot=0 skipped_seen=0 skipped_status=0 errors=0
[2026/03/21 15:01:53.36] ==== END exit_code=0 ==== 
[2026/03/21 15:06:52.47] ==== START edinet_shareholder_watch ==== 
2026-03-21 15:06:53 [INFO] === EDINET 株主欄監視 開始 ===
2026-03-21 15:06:53 [INFO] 対象株主: 井村俊哉, 片山晃
2026-03-21 15:06:53 [INFO] モード: once
2026-03-21 15:06:53 [INFO]   2026-03-21: 0 件取得
2026-03-21 15:06:53 [INFO]   2026-03-20: 0 件取得
2026-03-21 15:06:53 [INFO] SUMMARY fetched=0 candidate=0 processed=0 html_ok=0 pdf_ok=0 failed=0 target_hits=0 new_hits=0 notified=0 no_prev_snapshot=0 skipped_seen=0 skipped_status=0 errors=0
[2026/03/21 15:06:53.40] ==== END exit_code=0 ==== 
[2026/03/21 15:11:52.36] ==== START edinet_shareholder_watch ==== 
2026-03-21 15:11:52 [INFO] === EDINET 株主欄監視 開始 ===
2026-03-21 15:11:52 [INFO] 対象株主: 井村俊哉, 片山晃
2026-03-21 15:11:52 [INFO] モード: once
2026-03-21 15:11:53 [INFO]   2026-03-21: 0 件取得
2026-03-21 15:11:53 [INFO]   2026-03-20: 0 件取得
2026-03-21 15:11:53 [INFO] SUMMARY fetched=0 candidate=0 processed=0 html_ok=0 pdf_ok=0 failed=0 target_hits=0 new_hits=0 notified=0 no_prev_snapshot=0 skipped_seen=0 skipped_status=0 errors=0
[2026/03/21 15:11:53.23] ==== END exit_code=0 ==== 
[2026/03/21 15:16:52.45] ==== START edinet_shareholder_watch ==== 
2026-03-21 15:16:53 [INFO] === EDINET 株主欄監視 開始 ===
2026-03-21 15:16:53 [INFO] 対象株主: 井村俊哉, 片山晃
2026-03-21 15:16:53 [INFO] モード: once
2026-03-21 15:16:53 [INFO]   2026-03-21: 0 件取得
2026-03-21 15:16:53 [INFO]   2026-03-20: 0 件取得
2026-03-21 15:16:53 [INFO] SUMMARY fetched=0 candidate=0 processed=0 html_ok=0 pdf_ok=0 failed=0 target_hits=0 new_hits=0 notified=0 no_prev_snapshot=0 skipped_seen=0 skipped_status=0 errors=0
[2026/03/21 15:16:53.34] ==== END exit_code=0 ==== 
[2026/03/21 15:21:52.37] ==== START edinet_shareholder_watch ==== 
2026-03-21 15:21:53 [INFO] === EDINET 株主欄監視 開始 ===
2026-03-21 15:21:53 [INFO] 対象株主: 井村俊哉, 片山晃
2026-03-21 15:21:53 [INFO] モード: once
2026-03-21 15:21:53 [INFO]   2026-03-21: 0 件取得
2026-03-21 15:21:53 [INFO]   2026-03-20: 0 件取得
2026-03-21 15:21:53 [INFO] SUMMARY fetched=0 candidate=0 processed=0 html_ok=0 pdf_ok=0 failed=0 target_hits=0 new_hits=0 notified=0 no_prev_snapshot=0 skipped_seen=0 skipped_status=0 errors=0
[2026/03/21 15:21:53.28] ==== END exit_code=0 ==== 
[2026/03/21 15:26:52.39] ==== START edinet_shareholder_watch ==== 
2026-03-21 15:26:53 [INFO] === EDINET 株主欄監視 開始 ===
2026-03-21 15:26:53 [INFO] 対象株主: 井村俊哉, 片山晃
2026-03-21 15:26:53 [INFO] モード: once
2026-03-21 15:27:00 [INFO]   2026-03-21: 0 件取得
2026-03-21 15:27:07 [INFO]   2026-03-20: 0 件取得
2026-03-21 15:27:07 [INFO] SUMMARY fetched=0 candidate=0 processed=0 html_ok=0 pdf_ok=0 failed=0 target_hits=0 new_hits=0 notified=0 no_prev_snapshot=0 skipped_seen=0 skipped_status=0 errors=0
[2026/03/21 15:27:07.41] ==== END exit_code=0 ==== 
[2026/03/21 15:31:52.37] ==== START edinet_shareholder_watch ==== 
2026-03-21 15:31:52 [INFO] === EDINET 株主欄監視 開始 ===
2026-03-21 15:31:52 [INFO] 対象株主: 井村俊哉, 片山晃
2026-03-21 15:31:52 [INFO] モード: once
2026-03-21 15:31:53 [INFO]   2026-03-21: 0 件取得
2026-03-21 15:31:53 [INFO]   2026-03-20: 0 件取得
2026-03-21 15:31:53 [INFO] SUMMARY fetched=0 candidate=0 processed=0 html_ok=0 pdf_ok=0 failed=0 target_hits=0 new_hits=0 notified=0 no_prev_snapshot=0 skipped_seen=0 skipped_status=0 errors=0
[2026/03/21 15:31:53.22] ==== END exit_code=0 ==== 
[2026/03/21 15:36:52.44] ==== START edinet_shareholder_watch ==== 
2026-03-21 15:36:53 [INFO] === EDINET 株主欄監視 開始 ===
2026-03-21 15:36:53 [INFO] 対象株主: 井村俊哉, 片山晃
2026-03-21 15:36:53 [INFO] モード: once
2026-03-21 15:36:53 [INFO]   2026-03-21: 0 件取得
2026-03-21 15:36:53 [INFO]   2026-03-20: 0 件取得
2026-03-21 15:36:53 [INFO] SUMMARY fetched=0 candidate=0 processed=0 html_ok=0 pdf_ok=0 failed=0 target_hits=0 new_hits=0 notified=0 no_prev_snapshot=0 skipped_seen=0 skipped_status=0 errors=0
[2026/03/21 15:36:53.27] ==== END exit_code=0 ==== 
[2026/03/21 15:41:52.36] ==== START edinet_shareholder_watch ==== 
2026-03-21 15:41:52 [INFO] === EDINET 株主欄監視 開始 ===
2026-03-21 15:41:52 [INFO] 対象株主: 井村俊哉, 片山晃
2026-03-21 15:41:52 [INFO] モード: once
2026-03-21 15:41:53 [INFO]   2026-03-21: 0 件取得
2026-03-21 15:41:53 [INFO]   2026-03-20: 0 件取得
2026-03-21 15:41:53 [INFO] SUMMARY fetched=0 candidate=0 processed=0 html_ok=0 pdf_ok=0 failed=0 target_hits=0 new_hits=0 notified=0 no_prev_snapshot=0 skipped_seen=0 skipped_status=0 errors=0
[2026/03/21 15:41:53.21] ==== END exit_code=0 ==== 
[2026/03/21 15:46:52.44] ==== START edinet_shareholder_watch ==== 
2026-03-21 15:46:53 [INFO] === EDINET 株主欄監視 開始 ===
2026-03-21 15:46:53 [INFO] 対象株主: 井村俊哉, 片山晃
2026-03-21 15:46:53 [INFO] モード: once
2026-03-21 15:46:53 [INFO]   2026-03-21: 0 件取得
2026-03-21 15:46:53 [INFO]   2026-03-20: 0 件取得
2026-03-21 15:46:53 [INFO] SUMMARY fetched=0 candidate=0 processed=0 html_ok=0 pdf_ok=0 failed=0 target_hits=0 new_hits=0 notified=0 no_prev_snapshot=0 skipped_seen=0 skipped_status=0 errors=0
[2026/03/21 15:46:53.37] ==== END exit_code=0 ==== 
[2026/03/21 15:51:52.37] ==== START edinet_shareholder_watch ==== 
2026-03-21 15:51:52 [INFO] === EDINET 株主欄監視 開始 ===
2026-03-21 15:51:52 [INFO] 対象株主: 井村俊哉, 片山晃
2026-03-21 15:51:52 [INFO] モード: once
2026-03-21 15:51:53 [INFO]   2026-03-21: 0 件取得
2026-03-21 15:51:53 [INFO]   2026-03-20: 0 件取得
2026-03-21 15:51:53 [INFO] SUMMARY fetched=0 candidate=0 processed=0 html_ok=0 pdf_ok=0 failed=0 target_hits=0 new_hits=0 notified=0 no_prev_snapshot=0 skipped_seen=0 skipped_status=0 errors=0
[2026/03/21 15:51:53.54] ==== END exit_code=0 ==== 
[2026/03/21 15:56:52.45] ==== START edinet_shareholder_watch ==== 
2026-03-21 15:56:53 [INFO] === EDINET 株主欄監視 開始 ===
2026-03-21 15:56:53 [INFO] 対象株主: 井村俊哉, 片山晃
2026-03-21 15:56:53 [INFO] モード: once
2026-03-21 15:56:53 [INFO]   2026-03-21: 0 件取得
2026-03-21 15:56:53 [INFO]   2026-03-20: 0 件取得
2026-03-21 15:56:53 [INFO] SUMMARY fetched=0 candidate=0 processed=0 html_ok=0 pdf_ok=0 failed=0 target_hits=0 new_hits=0 notified=0 no_prev_snapshot=0 skipped_seen=0 skipped_status=0 errors=0
[2026/03/21 15:56:53.34] ==== END exit_code=0 ==== 
[2026/03/21 16:01:52.40] ==== START edinet_shareholder_watch ==== 
2026-03-21 16:01:53 [INFO] === EDINET 株主欄監視 開始 ===
2026-03-21 16:01:53 [INFO] 対象株主: 井村俊哉, 片山晃
2026-03-21 16:01:53 [INFO] モード: once
2026-03-21 16:01:53 [INFO]   2026-03-21: 0 件取得
2026-03-21 16:01:53 [INFO]   2026-03-20: 0 件取得
2026-03-21 16:01:53 [INFO] SUMMARY fetched=0 candidate=0 processed=0 html_ok=0 pdf_ok=0 failed=0 target_hits=0 new_hits=0 notified=0 no_prev_snapshot=0 skipped_seen=0 skipped_status=0 errors=0
[2026/03/21 16:01:53.27] ==== END exit_code=0 ==== 
[2026/03/21 16:06:52.45] ==== START edinet_shareholder_watch ==== 
2026-03-21 16:06:53 [INFO] === EDINET 株主欄監視 開始 ===
2026-03-21 16:06:53 [INFO] 対象株主: 井村俊哉, 片山晃
2026-03-21 16:06:53 [INFO] モード: once
2026-03-21 16:06:53 [INFO]   2026-03-21: 0 件取得
2026-03-21 16:06:53 [INFO]   2026-03-20: 0 件取得
2026-03-21 16:06:53 [INFO] SUMMARY fetched=0 candidate=0 processed=0 html_ok=0 pdf_ok=0 failed=0 target_hits=0 new_hits=0 notified=0 no_prev_snapshot=0 skipped_seen=0 skipped_status=0 errors=0
[2026/03/21 16:06:53.34] ==== END exit_code=0 ==== 
[2026/03/21 16:11:52.39] ==== START edinet_shareholder_watch ==== 
2026-03-21 16:11:53 [INFO] === EDINET 株主欄監視 開始 ===
2026-03-21 16:11:53 [INFO] 対象株主: 井村俊哉, 片山晃
2026-03-21 16:11:53 [INFO] モード: once
2026-03-21 16:11:53 [INFO]   2026-03-21: 0 件取得
2026-03-21 16:11:53 [INFO]   2026-03-20: 0 件取得
2026-03-21 16:11:53 [INFO] SUMMARY fetched=0 candidate=0 processed=0 html_ok=0 pdf_ok=0 failed=0 target_hits=0 new_hits=0 notified=0 no_prev_snapshot=0 skipped_seen=0 skipped_status=0 errors=0
[2026/03/21 16:11:53.28] ==== END exit_code=0 ==== 
[2026/03/21 16:16:52.36] ==== START edinet_shareholder_watch ==== 
2026-03-21 16:16:52 [INFO] === EDINET 株主欄監視 開始 ===
2026-03-21 16:16:52 [INFO] 対象株主: 井村俊哉, 片山晃
2026-03-21 16:16:52 [INFO] モード: once
2026-03-21 16:16:53 [INFO]   2026-03-21: 0 件取得
2026-03-21 16:16:53 [INFO]   2026-03-20: 0 件取得
2026-03-21 16:16:53 [INFO] SUMMARY fetched=0 candidate=0 processed=0 html_ok=0 pdf_ok=0 failed=0 target_hits=0 new_hits=0 notified=0 no_prev_snapshot=0 skipped_seen=0 skipped_status=0 errors=0
[2026/03/21 16:16:53.23] ==== END exit_code=0 ==== 
[2026/03/21 16:21:52.36] ==== START edinet_shareholder_watch ==== 
2026-03-21 16:21:52 [INFO] === EDINET 株主欄監視 開始 ===
2026-03-21 16:21:52 [INFO] 対象株主: 井村俊哉, 片山晃
2026-03-21 16:21:52 [INFO] モード: once
2026-03-21 16:21:53 [INFO]   2026-03-21: 0 件取得
2026-03-21 16:21:53 [INFO]   2026-03-20: 0 件取得
2026-03-21 16:21:53 [INFO] SUMMARY fetched=0 candidate=0 processed=0 html_ok=0 pdf_ok=0 failed=0 target_hits=0 new_hits=0 notified=0 no_prev_snapshot=0 skipped_seen=0 skipped_status=0 errors=0
[2026/03/21 16:21:53.23] ==== END exit_code=0 ==== 
[2026/03/21 16:26:52.45] ==== START edinet_shareholder_watch ==== 
2026-03-21 16:26:53 [INFO] === EDINET 株主欄監視 開始 ===
2026-03-21 16:26:53 [INFO] 対象株主: 井村俊哉, 片山晃
2026-03-21 16:26:53 [INFO] モード: once
2026-03-21 16:26:53 [INFO]   2026-03-21: 0 件取得
2026-03-21 16:26:53 [INFO]   2026-03-20: 0 件取得
2026-03-21 16:26:53 [INFO] SUMMARY fetched=0 candidate=0 processed=0 html_ok=0 pdf_ok=0 failed=0 target_hits=0 new_hits=0 notified=0 no_prev_snapshot=0 skipped_seen=0 skipped_status=0 errors=0
[2026/03/21 16:26:53.32] ==== END exit_code=0 ==== 
[2026/03/21 16:31:52.38] ==== START edinet_shareholder_watch ==== 
2026-03-21 16:31:52 [INFO] === EDINET 株主欄監視 開始 ===
2026-03-21 16:31:52 [INFO] 対象株主: 井村俊哉, 片山晃
2026-03-21 16:31:52 [INFO] モード: once
2026-03-21 16:32:08 [INFO]   2026-03-21: 0 件取得
2026-03-21 16:32:29 [INFO]   2026-03-20: 0 件取得
2026-03-21 16:32:29 [INFO] SUMMARY fetched=0 candidate=0 processed=0 html_ok=0 pdf_ok=0 failed=0 target_hits=0 new_hits=0 notified=0 no_prev_snapshot=0 skipped_seen=0 skipped_status=0 errors=0
[2026/03/21 16:32:29.56] ==== END exit_code=0 ==== 
[2026/03/21 16:36:52.38] ==== START edinet_shareholder_watch ==== 
2026-03-21 16:36:53 [INFO] === EDINET 株主欄監視 開始 ===
2026-03-21 16:36:53 [INFO] 対象株主: 井村俊哉, 片山晃
2026-03-21 16:36:53 [INFO] モード: once
2026-03-21 16:36:53 [INFO]   2026-03-21: 0 件取得
2026-03-21 16:36:53 [INFO]   2026-03-20: 0 件取得
2026-03-21 16:36:53 [INFO] SUMMARY fetched=0 candidate=0 processed=0 html_ok=0 pdf_ok=0 failed=0 target_hits=0 new_hits=0 notified=0 no_prev_snapshot=0 skipped_seen=0 skipped_status=0 errors=0
[2026/03/21 16:36:53.31] ==== END exit_code=0 ==== 
[2026/03/21 16:41:52.37] ==== START edinet_shareholder_watch ==== 
2026-03-21 16:41:52 [INFO] === EDINET 株主欄監視 開始 ===
2026-03-21 16:41:52 [INFO] 対象株主: 井村俊哉, 片山晃
2026-03-21 16:41:52 [INFO] モード: once
2026-03-21 16:41:53 [INFO]   2026-03-21: 0 件取得
2026-03-21 16:41:53 [INFO]   2026-03-20: 0 件取得
2026-03-21 16:41:53 [INFO] SUMMARY fetched=0 candidate=0 processed=0 html_ok=0 pdf_ok=0 failed=0 target_hits=0 new_hits=0 notified=0 no_prev_snapshot=0 skipped_seen=0 skipped_status=0 errors=0
[2026/03/21 16:41:53.24] ==== END exit_code=0 ==== 
[2026/03/21 16:46:52.46] ==== START edinet_shareholder_watch ==== 
2026-03-21 16:46:53 [INFO] === EDINET 株主欄監視 開始 ===
2026-03-21 16:46:53 [INFO] 対象株主: 井村俊哉, 片山晃
2026-03-21 16:46:53 [INFO] モード: once
2026-03-21 16:46:53 [INFO]   2026-03-21: 0 件取得
2026-03-21 16:46:53 [INFO]   2026-03-20: 0 件取得
2026-03-21 16:46:53 [INFO] SUMMARY fetched=0 candidate=0 processed=0 html_ok=0 pdf_ok=0 failed=0 target_hits=0 new_hits=0 notified=0 no_prev_snapshot=0 skipped_seen=0 skipped_status=0 errors=0
[2026/03/21 16:46:53.30] ==== END exit_code=0 ==== 
[2026/03/21 16:51:52.37] ==== START edinet_shareholder_watch ==== 
2026-03-21 16:51:52 [INFO] === EDINET 株主欄監視 開始 ===
2026-03-21 16:51:52 [INFO] 対象株主: 井村俊哉, 片山晃
2026-03-21 16:51:52 [INFO] モード: once
2026-03-21 16:51:53 [INFO]   2026-03-21: 0 件取得
2026-03-21 16:51:53 [INFO]   2026-03-20: 0 件取得
2026-03-21 16:51:53 [INFO] SUMMARY fetched=0 candidate=0 processed=0 html_ok=0 pdf_ok=0 failed=0 target_hits=0 new_hits=0 notified=0 no_prev_snapshot=0 skipped_seen=0 skipped_status=0 errors=0
[2026/03/21 16:51:53.27] ==== END exit_code=0 ==== 
[2026/03/21 16:56:52.65] ==== START edinet_shareholder_watch ==== 
2026-03-21 16:56:53 [INFO] === EDINET 株主欄監視 開始 ===
2026-03-21 16:56:53 [INFO] 対象株主: 井村俊哉, 片山晃
2026-03-21 16:56:53 [INFO] モード: once
2026-03-21 16:56:53 [INFO]   2026-03-21: 0 件取得
2026-03-21 16:56:53 [INFO]   2026-03-20: 0 件取得
2026-03-21 16:56:53 [INFO] SUMMARY fetched=0 candidate=0 processed=0 html_ok=0 pdf_ok=0 failed=0 target_hits=0 new_hits=0 notified=0 no_prev_snapshot=0 skipped_seen=0 skipped_status=0 errors=0
[2026/03/21 16:56:53.55] ==== END exit_code=0 ==== 
