[2026/03/20  8:18:08.15] ==== START edinet_shareholder_watch ==== 
2026-03-20 08:18:11 [INFO] === EDINET 株主欄監視 開始 ===
2026-03-20 08:18:11 [INFO] 対象株主: 井村俊哉, 片山晃
2026-03-20 08:18:11 [INFO] モード: once
2026-03-20 08:18:12 [INFO]   2026-03-20: 0 件取得
2026-03-20 08:18:12 [INFO]   2026-03-19: 439 件取得
2026-03-20 08:18:12 [INFO] SUMMARY fetched=439 candidate=117 processed=0 html_ok=0 pdf_ok=0 failed=0 target_hits=0 new_hits=0 notified=0 no_prev_snapshot=0 skipped_seen=117 skipped_status=0 errors=0
[2026/03/20  8:18:12.30] ==== END exit_code=0 ==== 
[2026/03/20  8:23:08.47] ==== START edinet_shareholder_watch ==== 
2026-03-20 08:23:09 [INFO] === EDINET 株主欄監視 開始 ===
2026-03-20 08:23:09 [INFO] 対象株主: 井村俊哉, 片山晃
2026-03-20 08:23:09 [INFO] モード: once
2026-03-20 08:23:09 [INFO]   2026-03-20: 0 件取得
2026-03-20 08:23:09 [INFO]   2026-03-19: 439 件取得
2026-03-20 08:23:09 [INFO] SUMMARY fetched=439 candidate=117 processed=0 html_ok=0 pdf_ok=0 failed=0 target_hits=0 new_hits=0 notified=0 no_prev_snapshot=0 skipped_seen=117 skipped_status=0 errors=0
[2026/03/20  8:23:09.35] ==== END exit_code=0 ==== 
[2026/03/20  8:28:08.44] ==== START edinet_shareholder_watch ==== 
2026-03-20 08:28:09 [INFO] === EDINET 株主欄監視 開始 ===
2026-03-20 08:28:09 [INFO] 対象株主: 井村俊哉, 片山晃
2026-03-20 08:28:09 [INFO] モード: once
2026-03-20 08:28:09 [INFO]   2026-03-20: 0 件取得
2026-03-20 08:28:09 [INFO]   2026-03-19: 439 件取得
2026-03-20 08:28:09 [INFO] SUMMARY fetched=439 candidate=117 processed=0 html_ok=0 pdf_ok=0 failed=0 target_hits=0 new_hits=0 notified=0 no_prev_snapshot=0 skipped_seen=117 skipped_status=0 errors=0
[2026/03/20  8:28:09.41] ==== END exit_code=0 ==== 
[2026/03/20  8:33:08.48] ==== START edinet_shareholder_watch ==== 
2026-03-20 08:33:09 [INFO] === EDINET 株主欄監視 開始 ===
2026-03-20 08:33:09 [INFO] 対象株主: 井村俊哉, 片山晃
2026-03-20 08:33:09 [INFO] モード: once
2026-03-20 08:33:09 [INFO]   2026-03-20: 0 件取得
2026-03-20 08:33:09 [INFO]   2026-03-19: 439 件取得
2026-03-20 08:33:09 [INFO] SUMMARY fetched=439 candidate=117 processed=0 html_ok=0 pdf_ok=0 failed=0 target_hits=0 new_hits=0 notified=0 no_prev_snapshot=0 skipped_seen=117 skipped_status=0 errors=0
[2026/03/20  8:33:09.46] ==== END exit_code=0 ==== 
[2026/03/20  8:38:08.46] ==== START edinet_shareholder_watch ==== 
2026-03-20 08:38:09 [INFO] === EDINET 株主欄監視 開始 ===
2026-03-20 08:38:09 [INFO] 対象株主: 井村俊哉, 片山晃
2026-03-20 08:38:09 [INFO] モード: once
2026-03-20 08:38:09 [INFO]   2026-03-20: 0 件取得
2026-03-20 08:38:09 [INFO]   2026-03-19: 439 件取得
2026-03-20 08:38:09 [INFO] SUMMARY fetched=439 candidate=117 processed=0 html_ok=0 pdf_ok=0 failed=0 target_hits=0 new_hits=0 notified=0 no_prev_snapshot=0 skipped_seen=117 skipped_status=0 errors=0
[2026/03/20  8:38:09.38] ==== END exit_code=0 ==== 
[2026/03/20  8:43:08.47] ==== START edinet_shareholder_watch ==== 
2026-03-20 08:43:09 [INFO] === EDINET 株主欄監視 開始 ===
2026-03-20 08:43:09 [INFO] 対象株主: 井村俊哉, 片山晃
2026-03-20 08:43:09 [INFO] モード: once
2026-03-20 08:43:09 [INFO]   2026-03-20: 0 件取得
2026-03-20 08:43:09 [INFO]   2026-03-19: 439 件取得
2026-03-20 08:43:09 [INFO] SUMMARY fetched=439 candidate=117 processed=0 html_ok=0 pdf_ok=0 failed=0 target_hits=0 new_hits=0 notified=0 no_prev_snapshot=0 skipped_seen=117 skipped_status=0 errors=0
[2026/03/20  8:43:09.38] ==== END exit_code=0 ==== 
[2026/03/20  8:48:08.46] ==== START edinet_shareholder_watch ==== 
2026-03-20 08:48:09 [INFO] === EDINET 株主欄監視 開始 ===
2026-03-20 08:48:09 [INFO] 対象株主: 井村俊哉, 片山晃
2026-03-20 08:48:09 [INFO] モード: once
2026-03-20 08:48:09 [INFO]   2026-03-20: 0 件取得
2026-03-20 08:48:09 [INFO]   2026-03-19: 439 件取得
2026-03-20 08:48:09 [INFO] SUMMARY fetched=439 candidate=117 processed=0 html_ok=0 pdf_ok=0 failed=0 target_hits=0 new_hits=0 notified=0 no_prev_snapshot=0 skipped_seen=117 skipped_status=0 errors=0
[2026/03/20  8:48:09.36] ==== END exit_code=0 ==== 
[2026/03/20  8:53:08.48] ==== START edinet_shareholder_watch ==== 
2026-03-20 08:53:09 [INFO] === EDINET 株主欄監視 開始 ===
2026-03-20 08:53:09 [INFO] 対象株主: 井村俊哉, 片山晃
2026-03-20 08:53:09 [INFO] モード: once
2026-03-20 08:53:09 [INFO]   2026-03-20: 0 件取得
2026-03-20 08:53:09 [INFO]   2026-03-19: 439 件取得
2026-03-20 08:53:09 [INFO] SUMMARY fetched=439 candidate=117 processed=0 html_ok=0 pdf_ok=0 failed=0 target_hits=0 new_hits=0 notified=0 no_prev_snapshot=0 skipped_seen=117 skipped_status=0 errors=0
[2026/03/20  8:53:09.39] ==== END exit_code=0 ==== 
[2026/03/20  8:58:08.46] ==== START edinet_shareholder_watch ==== 
2026-03-20 08:58:09 [INFO] === EDINET 株主欄監視 開始 ===
2026-03-20 08:58:09 [INFO] 対象株主: 井村俊哉, 片山晃
2026-03-20 08:58:09 [INFO] モード: once
2026-03-20 08:58:09 [INFO]   2026-03-20: 0 件取得
2026-03-20 08:58:09 [INFO]   2026-03-19: 439 件取得
2026-03-20 08:58:09 [INFO] SUMMARY fetched=439 candidate=117 processed=0 html_ok=0 pdf_ok=0 failed=0 target_hits=0 new_hits=0 notified=0 no_prev_snapshot=0 skipped_seen=117 skipped_status=0 errors=0
[2026/03/20  8:58:09.40] ==== END exit_code=0 ==== 
[2026/03/20  9:03:08.49] ==== START edinet_shareholder_watch ==== 
2026-03-20 09:03:09 [INFO] === EDINET 株主欄監視 開始 ===
2026-03-20 09:03:09 [INFO] 対象株主: 井村俊哉, 片山晃
2026-03-20 09:03:09 [INFO] モード: once
2026-03-20 09:03:09 [INFO]   2026-03-20: 0 件取得
2026-03-20 09:03:09 [INFO]   2026-03-19: 439 件取得
2026-03-20 09:03:09 [INFO] SUMMARY fetched=439 candidate=117 processed=0 html_ok=0 pdf_ok=0 failed=0 target_hits=0 new_hits=0 notified=0 no_prev_snapshot=0 skipped_seen=117 skipped_status=0 errors=0
[2026/03/20  9:03:09.50] ==== END exit_code=0 ==== 
[2026/03/20  9:08:08.47] ==== START edinet_shareholder_watch ==== 
2026-03-20 09:08:09 [INFO] === EDINET 株主欄監視 開始 ===
2026-03-20 09:08:09 [INFO] 対象株主: 井村俊哉, 片山晃
2026-03-20 09:08:09 [INFO] モード: once
2026-03-20 09:08:09 [INFO]   2026-03-20: 0 件取得
2026-03-20 09:08:09 [INFO]   2026-03-19: 439 件取得
2026-03-20 09:08:09 [INFO] SUMMARY fetched=439 candidate=117 processed=0 html_ok=0 pdf_ok=0 failed=0 target_hits=0 new_hits=0 notified=0 no_prev_snapshot=0 skipped_seen=117 skipped_status=0 errors=0
[2026/03/20  9:08:09.38] ==== END exit_code=0 ==== 
[2026/03/20  9:13:08.45] ==== START edinet_shareholder_watch ==== 
2026-03-20 09:13:09 [INFO] === EDINET 株主欄監視 開始 ===
2026-03-20 09:13:09 [INFO] 対象株主: 井村俊哉, 片山晃
2026-03-20 09:13:09 [INFO] モード: once
2026-03-20 09:13:09 [INFO]   2026-03-20: 0 件取得
2026-03-20 09:13:09 [INFO]   2026-03-19: 439 件取得
2026-03-20 09:13:09 [INFO] SUMMARY fetched=439 candidate=117 processed=0 html_ok=0 pdf_ok=0 failed=0 target_hits=0 new_hits=0 notified=0 no_prev_snapshot=0 skipped_seen=117 skipped_status=0 errors=0
[2026/03/20  9:13:09.45] ==== END exit_code=0 ==== 
[2026/03/20  9:18:08.82] ==== START edinet_shareholder_watch ==== 
2026-03-20 09:18:12 [INFO] === EDINET 株主欄監視 開始 ===
2026-03-20 09:18:12 [INFO] 対象株主: 井村俊哉, 片山晃
2026-03-20 09:18:12 [INFO] モード: once
2026-03-20 09:18:13 [INFO]   2026-03-20: 0 件取得
2026-03-20 09:18:13 [INFO]   2026-03-19: 439 件取得
2026-03-20 09:18:13 [INFO] SUMMARY fetched=439 candidate=117 processed=0 html_ok=0 pdf_ok=0 failed=0 target_hits=0 new_hits=0 notified=0 no_prev_snapshot=0 skipped_seen=117 skipped_status=0 errors=0
[2026/03/20  9:18:13.29] ==== END exit_code=0 ==== 
[2026/03/20  9:23:08.48] ==== START edinet_shareholder_watch ==== 
2026-03-20 09:23:09 [INFO] === EDINET 株主欄監視 開始 ===
2026-03-20 09:23:09 [INFO] 対象株主: 井村俊哉, 片山晃
2026-03-20 09:23:09 [INFO] モード: once
2026-03-20 09:23:09 [INFO]   2026-03-20: 0 件取得
2026-03-20 09:23:09 [INFO]   2026-03-19: 439 件取得
2026-03-20 09:23:09 [INFO] SUMMARY fetched=439 candidate=117 processed=0 html_ok=0 pdf_ok=0 failed=0 target_hits=0 new_hits=0 notified=0 no_prev_snapshot=0 skipped_seen=117 skipped_status=0 errors=0
[2026/03/20  9:23:09.41] ==== END exit_code=0 ==== 
[2026/03/20  9:28:08.46] ==== START edinet_shareholder_watch ==== 
2026-03-20 09:28:09 [INFO] === EDINET 株主欄監視 開始 ===
2026-03-20 09:28:09 [INFO] 対象株主: 井村俊哉, 片山晃
2026-03-20 09:28:09 [INFO] モード: once
2026-03-20 09:28:09 [INFO]   2026-03-20: 0 件取得
2026-03-20 09:28:09 [INFO]   2026-03-19: 439 件取得
2026-03-20 09:28:09 [INFO] SUMMARY fetched=439 candidate=117 processed=0 html_ok=0 pdf_ok=0 failed=0 target_hits=0 new_hits=0 notified=0 no_prev_snapshot=0 skipped_seen=117 skipped_status=0 errors=0
[2026/03/20  9:28:09.49] ==== END exit_code=0 ==== 
[2026/03/20  9:33:08.47] ==== START edinet_shareholder_watch ==== 
2026-03-20 09:33:09 [INFO] === EDINET 株主欄監視 開始 ===
2026-03-20 09:33:09 [INFO] 対象株主: 井村俊哉, 片山晃
2026-03-20 09:33:09 [INFO] モード: once
2026-03-20 09:33:09 [INFO]   2026-03-20: 0 件取得
2026-03-20 09:33:09 [INFO]   2026-03-19: 439 件取得
2026-03-20 09:33:09 [INFO] SUMMARY fetched=439 candidate=117 processed=0 html_ok=0 pdf_ok=0 failed=0 target_hits=0 new_hits=0 notified=0 no_prev_snapshot=0 skipped_seen=117 skipped_status=0 errors=0
[2026/03/20  9:33:09.38] ==== END exit_code=0 ==== 
[2026/03/20  9:38:08.47] ==== START edinet_shareholder_watch ==== 
2026-03-20 09:38:09 [INFO] === EDINET 株主欄監視 開始 ===
2026-03-20 09:38:09 [INFO] 対象株主: 井村俊哉, 片山晃
2026-03-20 09:38:09 [INFO] モード: once
2026-03-20 09:38:09 [INFO]   2026-03-20: 0 件取得
2026-03-20 09:38:09 [INFO]   2026-03-19: 439 件取得
2026-03-20 09:38:09 [INFO] SUMMARY fetched=439 candidate=117 processed=0 html_ok=0 pdf_ok=0 failed=0 target_hits=0 new_hits=0 notified=0 no_prev_snapshot=0 skipped_seen=117 skipped_status=0 errors=0
[2026/03/20  9:38:09.40] ==== END exit_code=0 ==== 
[2026/03/20  9:43:08.48] ==== START edinet_shareholder_watch ==== 
2026-03-20 09:43:09 [INFO] === EDINET 株主欄監視 開始 ===
2026-03-20 09:43:09 [INFO] 対象株主: 井村俊哉, 片山晃
2026-03-20 09:43:09 [INFO] モード: once
2026-03-20 09:43:09 [INFO]   2026-03-20: 0 件取得
2026-03-20 09:43:09 [INFO]   2026-03-19: 439 件取得
2026-03-20 09:43:09 [INFO] SUMMARY fetched=439 candidate=117 processed=0 html_ok=0 pdf_ok=0 failed=0 target_hits=0 new_hits=0 notified=0 no_prev_snapshot=0 skipped_seen=117 skipped_status=0 errors=0
[2026/03/20  9:43:09.47] ==== END exit_code=0 ==== 
[2026/03/20  9:48:08.46] ==== START edinet_shareholder_watch ==== 
2026-03-20 09:48:09 [INFO] === EDINET 株主欄監視 開始 ===
2026-03-20 09:48:09 [INFO] 対象株主: 井村俊哉, 片山晃
2026-03-20 09:48:09 [INFO] モード: once
2026-03-20 09:48:09 [INFO]   2026-03-20: 0 件取得
2026-03-20 09:48:09 [INFO]   2026-03-19: 439 件取得
2026-03-20 09:48:09 [INFO] SUMMARY fetched=439 candidate=117 processed=0 html_ok=0 pdf_ok=0 failed=0 target_hits=0 new_hits=0 notified=0 no_prev_snapshot=0 skipped_seen=117 skipped_status=0 errors=0
[2026/03/20  9:48:09.51] ==== END exit_code=0 ==== 
[2026/03/20  9:53:08.46] ==== START edinet_shareholder_watch ==== 
2026-03-20 09:53:09 [INFO] === EDINET 株主欄監視 開始 ===
2026-03-20 09:53:09 [INFO] 対象株主: 井村俊哉, 片山晃
2026-03-20 09:53:09 [INFO] モード: once
2026-03-20 09:53:09 [INFO]   2026-03-20: 0 件取得
2026-03-20 09:53:09 [INFO]   2026-03-19: 439 件取得
2026-03-20 09:53:09 [INFO] SUMMARY fetched=439 candidate=117 processed=0 html_ok=0 pdf_ok=0 failed=0 target_hits=0 new_hits=0 notified=0 no_prev_snapshot=0 skipped_seen=117 skipped_status=0 errors=0
[2026/03/20  9:53:09.61] ==== END exit_code=0 ==== 
[2026/03/20  9:58:08.47] ==== START edinet_shareholder_watch ==== 
2026-03-20 09:58:09 [INFO] === EDINET 株主欄監視 開始 ===
2026-03-20 09:58:09 [INFO] 対象株主: 井村俊哉, 片山晃
2026-03-20 09:58:09 [INFO] モード: once
2026-03-20 09:58:09 [INFO]   2026-03-20: 0 件取得
2026-03-20 09:58:09 [INFO]   2026-03-19: 439 件取得
2026-03-20 09:58:09 [INFO] SUMMARY fetched=439 candidate=117 processed=0 html_ok=0 pdf_ok=0 failed=0 target_hits=0 new_hits=0 notified=0 no_prev_snapshot=0 skipped_seen=117 skipped_status=0 errors=0
[2026/03/20  9:58:09.40] ==== END exit_code=0 ==== 
[2026/03/20 10:03:08.46] ==== START edinet_shareholder_watch ==== 
2026-03-20 10:03:09 [INFO] === EDINET 株主欄監視 開始 ===
2026-03-20 10:03:09 [INFO] 対象株主: 井村俊哉, 片山晃
2026-03-20 10:03:09 [INFO] モード: once
2026-03-20 10:03:09 [INFO]   2026-03-20: 0 件取得
2026-03-20 10:03:09 [INFO]   2026-03-19: 439 件取得
2026-03-20 10:03:09 [INFO] SUMMARY fetched=439 candidate=117 processed=0 html_ok=0 pdf_ok=0 failed=0 target_hits=0 new_hits=0 notified=0 no_prev_snapshot=0 skipped_seen=117 skipped_status=0 errors=0
[2026/03/20 10:03:09.31] ==== END exit_code=0 ==== 
[2026/03/20 10:08:08.48] ==== START edinet_shareholder_watch ==== 
2026-03-20 10:08:09 [INFO] === EDINET 株主欄監視 開始 ===
2026-03-20 10:08:09 [INFO] 対象株主: 井村俊哉, 片山晃
2026-03-20 10:08:09 [INFO] モード: once
2026-03-20 10:08:09 [INFO]   2026-03-20: 0 件取得
2026-03-20 10:08:09 [INFO]   2026-03-19: 439 件取得
2026-03-20 10:08:09 [INFO] SUMMARY fetched=439 candidate=117 processed=0 html_ok=0 pdf_ok=0 failed=0 target_hits=0 new_hits=0 notified=0 no_prev_snapshot=0 skipped_seen=117 skipped_status=0 errors=0
[2026/03/20 10:08:09.57] ==== END exit_code=0 ==== 
[2026/03/20 10:13:08.46] ==== START edinet_shareholder_watch ==== 
2026-03-20 10:13:09 [INFO] === EDINET 株主欄監視 開始 ===
2026-03-20 10:13:09 [INFO] 対象株主: 井村俊哉, 片山晃
2026-03-20 10:13:09 [INFO] モード: once
2026-03-20 10:13:09 [INFO]   2026-03-20: 0 件取得
2026-03-20 10:13:09 [INFO]   2026-03-19: 439 件取得
2026-03-20 10:13:09 [INFO] SUMMARY fetched=439 candidate=117 processed=0 html_ok=0 pdf_ok=0 failed=0 target_hits=0 new_hits=0 notified=0 no_prev_snapshot=0 skipped_seen=117 skipped_status=0 errors=0
[2026/03/20 10:13:09.35] ==== END exit_code=0 ==== 
[2026/03/20 10:18:08.46] ==== START edinet_shareholder_watch ==== 
2026-03-20 10:18:09 [INFO] === EDINET 株主欄監視 開始 ===
2026-03-20 10:18:09 [INFO] 対象株主: 井村俊哉, 片山晃
2026-03-20 10:18:09 [INFO] モード: once
2026-03-20 10:18:09 [INFO]   2026-03-20: 0 件取得
2026-03-20 10:18:09 [INFO]   2026-03-19: 439 件取得
2026-03-20 10:18:09 [INFO] SUMMARY fetched=439 candidate=117 processed=0 html_ok=0 pdf_ok=0 failed=0 target_hits=0 new_hits=0 notified=0 no_prev_snapshot=0 skipped_seen=117 skipped_status=0 errors=0
[2026/03/20 10:18:09.38] ==== END exit_code=0 ==== 
[2026/03/20 10:23:08.47] ==== START edinet_shareholder_watch ==== 
2026-03-20 10:23:09 [INFO] === EDINET 株主欄監視 開始 ===
2026-03-20 10:23:09 [INFO] 対象株主: 井村俊哉, 片山晃
2026-03-20 10:23:09 [INFO] モード: once
2026-03-20 10:23:09 [INFO]   2026-03-20: 0 件取得
2026-03-20 10:23:09 [INFO]   2026-03-19: 439 件取得
2026-03-20 10:23:09 [INFO] SUMMARY fetched=439 candidate=117 processed=0 html_ok=0 pdf_ok=0 failed=0 target_hits=0 new_hits=0 notified=0 no_prev_snapshot=0 skipped_seen=117 skipped_status=0 errors=0
[2026/03/20 10:23:09.39] ==== END exit_code=0 ==== 
[2026/03/20 10:28:08.47] ==== START edinet_shareholder_watch ==== 
2026-03-20 10:28:09 [INFO] === EDINET 株主欄監視 開始 ===
2026-03-20 10:28:09 [INFO] 対象株主: 井村俊哉, 片山晃
2026-03-20 10:28:09 [INFO] モード: once
2026-03-20 10:28:09 [INFO]   2026-03-20: 0 件取得
2026-03-20 10:28:09 [INFO]   2026-03-19: 439 件取得
2026-03-20 10:28:09 [INFO] SUMMARY fetched=439 candidate=117 processed=0 html_ok=0 pdf_ok=0 failed=0 target_hits=0 new_hits=0 notified=0 no_prev_snapshot=0 skipped_seen=117 skipped_status=0 errors=0
[2026/03/20 10:28:09.47] ==== END exit_code=0 ==== 
[2026/03/20 10:33:08.48] ==== START edinet_shareholder_watch ==== 
2026-03-20 10:33:09 [INFO] === EDINET 株主欄監視 開始 ===
2026-03-20 10:33:09 [INFO] 対象株主: 井村俊哉, 片山晃
2026-03-20 10:33:09 [INFO] モード: once
2026-03-20 10:33:09 [INFO]   2026-03-20: 0 件取得
2026-03-20 10:33:09 [INFO]   2026-03-19: 439 件取得
2026-03-20 10:33:09 [INFO] SUMMARY fetched=439 candidate=117 processed=0 html_ok=0 pdf_ok=0 failed=0 target_hits=0 new_hits=0 notified=0 no_prev_snapshot=0 skipped_seen=117 skipped_status=0 errors=0
[2026/03/20 10:33:09.42] ==== END exit_code=0 ==== 
[2026/03/20 10:38:08.48] ==== START edinet_shareholder_watch ==== 
2026-03-20 10:38:09 [INFO] === EDINET 株主欄監視 開始 ===
2026-03-20 10:38:09 [INFO] 対象株主: 井村俊哉, 片山晃
2026-03-20 10:38:09 [INFO] モード: once
2026-03-20 10:38:09 [INFO]   2026-03-20: 0 件取得
2026-03-20 10:38:09 [INFO]   2026-03-19: 439 件取得
2026-03-20 10:38:09 [INFO] SUMMARY fetched=439 candidate=117 processed=0 html_ok=0 pdf_ok=0 failed=0 target_hits=0 new_hits=0 notified=0 no_prev_snapshot=0 skipped_seen=117 skipped_status=0 errors=0
[2026/03/20 10:38:09.40] ==== END exit_code=0 ==== 
[2026/03/20 10:43:08.48] ==== START edinet_shareholder_watch ==== 
2026-03-20 10:43:09 [INFO] === EDINET 株主欄監視 開始 ===
2026-03-20 10:43:09 [INFO] 対象株主: 井村俊哉, 片山晃
2026-03-20 10:43:09 [INFO] モード: once
2026-03-20 10:43:09 [INFO]   2026-03-20: 0 件取得
2026-03-20 10:43:09 [INFO]   2026-03-19: 439 件取得
2026-03-20 10:43:09 [INFO] SUMMARY fetched=439 candidate=117 processed=0 html_ok=0 pdf_ok=0 failed=0 target_hits=0 new_hits=0 notified=0 no_prev_snapshot=0 skipped_seen=117 skipped_status=0 errors=0
[2026/03/20 10:43:09.39] ==== END exit_code=0 ==== 
[2026/03/20 10:48:08.47] ==== START edinet_shareholder_watch ==== 
2026-03-20 10:48:09 [INFO] === EDINET 株主欄監視 開始 ===
2026-03-20 10:48:09 [INFO] 対象株主: 井村俊哉, 片山晃
2026-03-20 10:48:09 [INFO] モード: once
2026-03-20 10:48:09 [INFO]   2026-03-20: 0 件取得
2026-03-20 10:48:09 [INFO]   2026-03-19: 439 件取得
2026-03-20 10:48:09 [INFO] SUMMARY fetched=439 candidate=117 processed=0 html_ok=0 pdf_ok=0 failed=0 target_hits=0 new_hits=0 notified=0 no_prev_snapshot=0 skipped_seen=117 skipped_status=0 errors=0
[2026/03/20 10:48:09.35] ==== END exit_code=0 ==== 
[2026/03/20 10:53:08.46] ==== START edinet_shareholder_watch ==== 
2026-03-20 10:53:09 [INFO] === EDINET 株主欄監視 開始 ===
2026-03-20 10:53:09 [INFO] 対象株主: 井村俊哉, 片山晃
2026-03-20 10:53:09 [INFO] モード: once
2026-03-20 10:53:09 [INFO]   2026-03-20: 0 件取得
2026-03-20 10:53:09 [INFO]   2026-03-19: 439 件取得
2026-03-20 10:53:09 [INFO] SUMMARY fetched=439 candidate=117 processed=0 html_ok=0 pdf_ok=0 failed=0 target_hits=0 new_hits=0 notified=0 no_prev_snapshot=0 skipped_seen=117 skipped_status=0 errors=0
[2026/03/20 10:53:09.43] ==== END exit_code=0 ==== 
[2026/03/20 10:58:08.45] ==== START edinet_shareholder_watch ==== 
2026-03-20 10:58:09 [INFO] === EDINET 株主欄監視 開始 ===
2026-03-20 10:58:09 [INFO] 対象株主: 井村俊哉, 片山晃
2026-03-20 10:58:09 [INFO] モード: once
2026-03-20 10:58:12 [INFO]   2026-03-20: 0 件取得
2026-03-20 10:58:12 [INFO]   2026-03-19: 439 件取得
2026-03-20 10:58:12 [INFO] SUMMARY fetched=439 candidate=117 processed=0 html_ok=0 pdf_ok=0 failed=0 target_hits=0 new_hits=0 notified=0 no_prev_snapshot=0 skipped_seen=117 skipped_status=0 errors=0
[2026/03/20 10:58:12.88] ==== END exit_code=0 ==== 
[2026/03/20 11:03:08.48] ==== START edinet_shareholder_watch ==== 
2026-03-20 11:03:09 [INFO] === EDINET 株主欄監視 開始 ===
2026-03-20 11:03:09 [INFO] 対象株主: 井村俊哉, 片山晃
2026-03-20 11:03:09 [INFO] モード: once
2026-03-20 11:03:09 [INFO]   2026-03-20: 0 件取得
2026-03-20 11:03:09 [INFO]   2026-03-19: 439 件取得
2026-03-20 11:03:09 [INFO] SUMMARY fetched=439 candidate=117 processed=0 html_ok=0 pdf_ok=0 failed=0 target_hits=0 new_hits=0 notified=0 no_prev_snapshot=0 skipped_seen=117 skipped_status=0 errors=0
[2026/03/20 11:03:09.40] ==== END exit_code=0 ==== 
[2026/03/20 11:08:08.46] ==== START edinet_shareholder_watch ==== 
2026-03-20 11:08:09 [INFO] === EDINET 株主欄監視 開始 ===
2026-03-20 11:08:09 [INFO] 対象株主: 井村俊哉, 片山晃
2026-03-20 11:08:09 [INFO] モード: once
2026-03-20 11:08:09 [INFO]   2026-03-20: 0 件取得
2026-03-20 11:08:09 [INFO]   2026-03-19: 439 件取得
2026-03-20 11:08:09 [INFO] SUMMARY fetched=439 candidate=117 processed=0 html_ok=0 pdf_ok=0 failed=0 target_hits=0 new_hits=0 notified=0 no_prev_snapshot=0 skipped_seen=117 skipped_status=0 errors=0
[2026/03/20 11:08:09.37] ==== END exit_code=0 ==== 
[2026/03/20 11:13:08.50] ==== START edinet_shareholder_watch ==== 
2026-03-20 11:13:09 [INFO] === EDINET 株主欄監視 開始 ===
2026-03-20 11:13:09 [INFO] 対象株主: 井村俊哉, 片山晃
2026-03-20 11:13:09 [INFO] モード: once
2026-03-20 11:13:09 [INFO]   2026-03-20: 0 件取得
2026-03-20 11:13:09 [INFO]   2026-03-19: 439 件取得
2026-03-20 11:13:09 [INFO] SUMMARY fetched=439 candidate=117 processed=0 html_ok=0 pdf_ok=0 failed=0 target_hits=0 new_hits=0 notified=0 no_prev_snapshot=0 skipped_seen=117 skipped_status=0 errors=0
[2026/03/20 11:13:09.42] ==== END exit_code=0 ==== 
[2026/03/20 11:18:08.49] ==== START edinet_shareholder_watch ==== 
2026-03-20 11:18:09 [INFO] === EDINET 株主欄監視 開始 ===
2026-03-20 11:18:09 [INFO] 対象株主: 井村俊哉, 片山晃
2026-03-20 11:18:09 [INFO] モード: once
2026-03-20 11:18:09 [INFO]   2026-03-20: 0 件取得
2026-03-20 11:18:09 [INFO]   2026-03-19: 439 件取得
2026-03-20 11:18:09 [INFO] SUMMARY fetched=439 candidate=117 processed=0 html_ok=0 pdf_ok=0 failed=0 target_hits=0 new_hits=0 notified=0 no_prev_snapshot=0 skipped_seen=117 skipped_status=0 errors=0
[2026/03/20 11:18:09.35] ==== END exit_code=0 ==== 
[2026/03/20 11:23:08.46] ==== START edinet_shareholder_watch ==== 
2026-03-20 11:23:09 [INFO] === EDINET 株主欄監視 開始 ===
2026-03-20 11:23:09 [INFO] 対象株主: 井村俊哉, 片山晃
2026-03-20 11:23:09 [INFO] モード: once
2026-03-20 11:23:09 [INFO]   2026-03-20: 0 件取得
2026-03-20 11:23:09 [INFO]   2026-03-19: 439 件取得
2026-03-20 11:23:09 [INFO] SUMMARY fetched=439 candidate=117 processed=0 html_ok=0 pdf_ok=0 failed=0 target_hits=0 new_hits=0 notified=0 no_prev_snapshot=0 skipped_seen=117 skipped_status=0 errors=0
[2026/03/20 11:23:09.36] ==== END exit_code=0 ==== 
[2026/03/20 11:28:08.49] ==== START edinet_shareholder_watch ==== 
2026-03-20 11:28:09 [INFO] === EDINET 株主欄監視 開始 ===
2026-03-20 11:28:09 [INFO] 対象株主: 井村俊哉, 片山晃
2026-03-20 11:28:09 [INFO] モード: once
2026-03-20 11:28:09 [INFO]   2026-03-20: 0 件取得
2026-03-20 11:28:09 [INFO]   2026-03-19: 439 件取得
2026-03-20 11:28:09 [INFO] SUMMARY fetched=439 candidate=117 processed=0 html_ok=0 pdf_ok=0 failed=0 target_hits=0 new_hits=0 notified=0 no_prev_snapshot=0 skipped_seen=117 skipped_status=0 errors=0
[2026/03/20 11:28:09.66] ==== END exit_code=0 ==== 
[2026/03/20 11:33:08.48] ==== START edinet_shareholder_watch ==== 
2026-03-20 11:33:09 [INFO] === EDINET 株主欄監視 開始 ===
2026-03-20 11:33:09 [INFO] 対象株主: 井村俊哉, 片山晃
2026-03-20 11:33:09 [INFO] モード: once
2026-03-20 11:33:09 [INFO]   2026-03-20: 0 件取得
2026-03-20 11:33:09 [INFO]   2026-03-19: 439 件取得
2026-03-20 11:33:09 [INFO] SUMMARY fetched=439 candidate=117 processed=0 html_ok=0 pdf_ok=0 failed=0 target_hits=0 new_hits=0 notified=0 no_prev_snapshot=0 skipped_seen=117 skipped_status=0 errors=0
[2026/03/20 11:33:09.40] ==== END exit_code=0 ==== 
[2026/03/20 11:38:08.48] ==== START edinet_shareholder_watch ==== 
2026-03-20 11:38:09 [INFO] === EDINET 株主欄監視 開始 ===
2026-03-20 11:38:09 [INFO] 対象株主: 井村俊哉, 片山晃
2026-03-20 11:38:09 [INFO] モード: once
2026-03-20 11:38:09 [INFO]   2026-03-20: 0 件取得
2026-03-20 11:38:09 [INFO]   2026-03-19: 439 件取得
2026-03-20 11:38:09 [INFO] SUMMARY fetched=439 candidate=117 processed=0 html_ok=0 pdf_ok=0 failed=0 target_hits=0 new_hits=0 notified=0 no_prev_snapshot=0 skipped_seen=117 skipped_status=0 errors=0
[2026/03/20 11:38:09.41] ==== END exit_code=0 ==== 
[2026/03/20 11:43:08.48] ==== START edinet_shareholder_watch ==== 
2026-03-20 11:43:09 [INFO] === EDINET 株主欄監視 開始 ===
2026-03-20 11:43:09 [INFO] 対象株主: 井村俊哉, 片山晃
2026-03-20 11:43:09 [INFO] モード: once
2026-03-20 11:43:09 [INFO]   2026-03-20: 0 件取得
2026-03-20 11:43:09 [INFO]   2026-03-19: 439 件取得
2026-03-20 11:43:09 [INFO] SUMMARY fetched=439 candidate=117 processed=0 html_ok=0 pdf_ok=0 failed=0 target_hits=0 new_hits=0 notified=0 no_prev_snapshot=0 skipped_seen=117 skipped_status=0 errors=0
[2026/03/20 11:43:09.50] ==== END exit_code=0 ==== 
[2026/03/20 11:48:08.47] ==== START edinet_shareholder_watch ==== 
2026-03-20 11:48:09 [INFO] === EDINET 株主欄監視 開始 ===
2026-03-20 11:48:09 [INFO] 対象株主: 井村俊哉, 片山晃
2026-03-20 11:48:09 [INFO] モード: once
2026-03-20 11:48:09 [INFO]   2026-03-20: 0 件取得
2026-03-20 11:48:09 [INFO]   2026-03-19: 439 件取得
2026-03-20 11:48:09 [INFO] SUMMARY fetched=439 candidate=117 processed=0 html_ok=0 pdf_ok=0 failed=0 target_hits=0 new_hits=0 notified=0 no_prev_snapshot=0 skipped_seen=117 skipped_status=0 errors=0
[2026/03/20 11:48:09.40] ==== END exit_code=0 ==== 
[2026/03/20 11:53:08.46] ==== START edinet_shareholder_watch ==== 
2026-03-20 11:53:09 [INFO] === EDINET 株主欄監視 開始 ===
2026-03-20 11:53:09 [INFO] 対象株主: 井村俊哉, 片山晃
2026-03-20 11:53:09 [INFO] モード: once
2026-03-20 11:53:09 [INFO]   2026-03-20: 0 件取得
2026-03-20 11:53:09 [INFO]   2026-03-19: 439 件取得
2026-03-20 11:53:09 [INFO] SUMMARY fetched=439 candidate=117 processed=0 html_ok=0 pdf_ok=0 failed=0 target_hits=0 new_hits=0 notified=0 no_prev_snapshot=0 skipped_seen=117 skipped_status=0 errors=0
[2026/03/20 11:53:09.40] ==== END exit_code=0 ==== 
[2026/03/20 11:58:08.51] ==== START edinet_shareholder_watch ==== 
2026-03-20 11:58:09 [INFO] === EDINET 株主欄監視 開始 ===
2026-03-20 11:58:09 [INFO] 対象株主: 井村俊哉, 片山晃
2026-03-20 11:58:09 [INFO] モード: once
2026-03-20 11:58:09 [INFO]   2026-03-20: 0 件取得
2026-03-20 11:58:09 [INFO]   2026-03-19: 439 件取得
2026-03-20 11:58:09 [INFO] SUMMARY fetched=439 candidate=117 processed=0 html_ok=0 pdf_ok=0 failed=0 target_hits=0 new_hits=0 notified=0 no_prev_snapshot=0 skipped_seen=117 skipped_status=0 errors=0
[2026/03/20 11:58:09.43] ==== END exit_code=0 ==== 
[2026/03/20 12:03:08.48] ==== START edinet_shareholder_watch ==== 
2026-03-20 12:03:09 [INFO] === EDINET 株主欄監視 開始 ===
2026-03-20 12:03:09 [INFO] 対象株主: 井村俊哉, 片山晃
2026-03-20 12:03:09 [INFO] モード: once
2026-03-20 12:03:09 [INFO]   2026-03-20: 0 件取得
2026-03-20 12:03:09 [INFO]   2026-03-19: 439 件取得
2026-03-20 12:03:09 [INFO] SUMMARY fetched=439 candidate=117 processed=0 html_ok=0 pdf_ok=0 failed=0 target_hits=0 new_hits=0 notified=0 no_prev_snapshot=0 skipped_seen=117 skipped_status=0 errors=0
[2026/03/20 12:03:09.37] ==== END exit_code=0 ==== 
[2026/03/20 12:08:08.46] ==== START edinet_shareholder_watch ==== 
2026-03-20 12:08:09 [INFO] === EDINET 株主欄監視 開始 ===
2026-03-20 12:08:09 [INFO] 対象株主: 井村俊哉, 片山晃
2026-03-20 12:08:09 [INFO] モード: once
2026-03-20 12:08:09 [INFO]   2026-03-20: 0 件取得
2026-03-20 12:08:09 [INFO]   2026-03-19: 439 件取得
2026-03-20 12:08:09 [INFO] SUMMARY fetched=439 candidate=117 processed=0 html_ok=0 pdf_ok=0 failed=0 target_hits=0 new_hits=0 notified=0 no_prev_snapshot=0 skipped_seen=117 skipped_status=0 errors=0
[2026/03/20 12:08:09.34] ==== END exit_code=0 ==== 
[2026/03/20 12:13:08.46] ==== START edinet_shareholder_watch ==== 
2026-03-20 12:13:09 [INFO] === EDINET 株主欄監視 開始 ===
2026-03-20 12:13:09 [INFO] 対象株主: 井村俊哉, 片山晃
2026-03-20 12:13:09 [INFO] モード: once
2026-03-20 12:13:09 [INFO]   2026-03-20: 0 件取得
2026-03-20 12:13:09 [INFO]   2026-03-19: 439 件取得
2026-03-20 12:13:09 [INFO] SUMMARY fetched=439 candidate=117 processed=0 html_ok=0 pdf_ok=0 failed=0 target_hits=0 new_hits=0 notified=0 no_prev_snapshot=0 skipped_seen=117 skipped_status=0 errors=0
[2026/03/20 12:13:09.61] ==== END exit_code=0 ==== 
[2026/03/20 12:18:08.57] ==== START edinet_shareholder_watch ==== 
2026-03-20 12:18:09 [INFO] === EDINET 株主欄監視 開始 ===
2026-03-20 12:18:09 [INFO] 対象株主: 井村俊哉, 片山晃
2026-03-20 12:18:09 [INFO] モード: once
2026-03-20 12:18:09 [INFO]   2026-03-20: 0 件取得
2026-03-20 12:18:09 [INFO]   2026-03-19: 439 件取得
2026-03-20 12:18:09 [INFO] SUMMARY fetched=439 candidate=117 processed=0 html_ok=0 pdf_ok=0 failed=0 target_hits=0 new_hits=0 notified=0 no_prev_snapshot=0 skipped_seen=117 skipped_status=0 errors=0
[2026/03/20 12:18:09.55] ==== END exit_code=0 ==== 
[2026/03/20 12:23:08.51] ==== START edinet_shareholder_watch ==== 
2026-03-20 12:23:09 [INFO] === EDINET 株主欄監視 開始 ===
2026-03-20 12:23:09 [INFO] 対象株主: 井村俊哉, 片山晃
2026-03-20 12:23:09 [INFO] モード: once
2026-03-20 12:23:09 [INFO]   2026-03-20: 0 件取得
2026-03-20 12:23:09 [INFO]   2026-03-19: 439 件取得
2026-03-20 12:23:09 [INFO] SUMMARY fetched=439 candidate=117 processed=0 html_ok=0 pdf_ok=0 failed=0 target_hits=0 new_hits=0 notified=0 no_prev_snapshot=0 skipped_seen=117 skipped_status=0 errors=0
[2026/03/20 12:23:09.43] ==== END exit_code=0 ==== 
[2026/03/20 12:28:08.24] ==== START edinet_shareholder_watch ==== 
2026-03-20 12:28:08 [INFO] === EDINET 株主欄監視 開始 ===
2026-03-20 12:28:08 [INFO] 対象株主: 井村俊哉, 片山晃
2026-03-20 12:28:08 [INFO] モード: once
2026-03-20 12:28:09 [INFO]   2026-03-20: 0 件取得
2026-03-20 12:28:09 [INFO]   2026-03-19: 439 件取得
2026-03-20 12:28:09 [INFO] SUMMARY fetched=439 candidate=117 processed=0 html_ok=0 pdf_ok=0 failed=0 target_hits=0 new_hits=0 notified=0 no_prev_snapshot=0 skipped_seen=117 skipped_status=0 errors=0
[2026/03/20 12:28:10.02] ==== END exit_code=0 ==== 
[2026/03/20 12:33:08.51] ==== START edinet_shareholder_watch ==== 
2026-03-20 12:33:09 [INFO] === EDINET 株主欄監視 開始 ===
2026-03-20 12:33:09 [INFO] 対象株主: 井村俊哉, 片山晃
2026-03-20 12:33:09 [INFO] モード: once
2026-03-20 12:33:09 [INFO]   2026-03-20: 0 件取得
2026-03-20 12:33:09 [INFO]   2026-03-19: 439 件取得
2026-03-20 12:33:09 [INFO] SUMMARY fetched=439 candidate=117 processed=0 html_ok=0 pdf_ok=0 failed=0 target_hits=0 new_hits=0 notified=0 no_prev_snapshot=0 skipped_seen=117 skipped_status=0 errors=0
[2026/03/20 12:33:09.50] ==== END exit_code=0 ==== 
[2026/03/20 12:38:08.48] ==== START edinet_shareholder_watch ==== 
2026-03-20 12:38:09 [INFO] === EDINET 株主欄監視 開始 ===
2026-03-20 12:38:09 [INFO] 対象株主: 井村俊哉, 片山晃
2026-03-20 12:38:09 [INFO] モード: once
2026-03-20 12:38:09 [INFO]   2026-03-20: 0 件取得
2026-03-20 12:38:09 [INFO]   2026-03-19: 439 件取得
2026-03-20 12:38:09 [INFO] SUMMARY fetched=439 candidate=117 processed=0 html_ok=0 pdf_ok=0 failed=0 target_hits=0 new_hits=0 notified=0 no_prev_snapshot=0 skipped_seen=117 skipped_status=0 errors=0
[2026/03/20 12:38:09.43] ==== END exit_code=0 ==== 
[2026/03/20 12:43:08.48] ==== START edinet_shareholder_watch ==== 
2026-03-20 12:43:09 [INFO] === EDINET 株主欄監視 開始 ===
2026-03-20 12:43:09 [INFO] 対象株主: 井村俊哉, 片山晃
2026-03-20 12:43:09 [INFO] モード: once
2026-03-20 12:43:09 [INFO]   2026-03-20: 0 件取得
2026-03-20 12:43:09 [INFO]   2026-03-19: 439 件取得
2026-03-20 12:43:09 [INFO] SUMMARY fetched=439 candidate=117 processed=0 html_ok=0 pdf_ok=0 failed=0 target_hits=0 new_hits=0 notified=0 no_prev_snapshot=0 skipped_seen=117 skipped_status=0 errors=0
[2026/03/20 12:43:09.39] ==== END exit_code=0 ==== 
[2026/03/20 12:48:08.48] ==== START edinet_shareholder_watch ==== 
2026-03-20 12:48:09 [INFO] === EDINET 株主欄監視 開始 ===
2026-03-20 12:48:09 [INFO] 対象株主: 井村俊哉, 片山晃
2026-03-20 12:48:09 [INFO] モード: once
2026-03-20 12:48:09 [INFO]   2026-03-20: 0 件取得
2026-03-20 12:48:09 [INFO]   2026-03-19: 439 件取得
2026-03-20 12:48:09 [INFO] SUMMARY fetched=439 candidate=117 processed=0 html_ok=0 pdf_ok=0 failed=0 target_hits=0 new_hits=0 notified=0 no_prev_snapshot=0 skipped_seen=117 skipped_status=0 errors=0
[2026/03/20 12:48:09.37] ==== END exit_code=0 ==== 
[2026/03/20 12:53:08.45] ==== START edinet_shareholder_watch ==== 
2026-03-20 12:53:09 [INFO] === EDINET 株主欄監視 開始 ===
2026-03-20 12:53:09 [INFO] 対象株主: 井村俊哉, 片山晃
2026-03-20 12:53:09 [INFO] モード: once
2026-03-20 12:53:09 [INFO]   2026-03-20: 0 件取得
2026-03-20 12:53:09 [INFO]   2026-03-19: 439 件取得
2026-03-20 12:53:09 [INFO] SUMMARY fetched=439 candidate=117 processed=0 html_ok=0 pdf_ok=0 failed=0 target_hits=0 new_hits=0 notified=0 no_prev_snapshot=0 skipped_seen=117 skipped_status=0 errors=0
[2026/03/20 12:53:09.35] ==== END exit_code=0 ==== 
[2026/03/20 12:58:08.47] ==== START edinet_shareholder_watch ==== 
2026-03-20 12:58:09 [INFO] === EDINET 株主欄監視 開始 ===
2026-03-20 12:58:09 [INFO] 対象株主: 井村俊哉, 片山晃
2026-03-20 12:58:09 [INFO] モード: once
2026-03-20 12:58:09 [INFO]   2026-03-20: 0 件取得
2026-03-20 12:58:09 [INFO]   2026-03-19: 439 件取得
2026-03-20 12:58:09 [INFO] SUMMARY fetched=439 candidate=117 processed=0 html_ok=0 pdf_ok=0 failed=0 target_hits=0 new_hits=0 notified=0 no_prev_snapshot=0 skipped_seen=117 skipped_status=0 errors=0
[2026/03/20 12:58:09.39] ==== END exit_code=0 ==== 
[2026/03/20 13:03:08.46] ==== START edinet_shareholder_watch ==== 
2026-03-20 13:03:09 [INFO] === EDINET 株主欄監視 開始 ===
2026-03-20 13:03:09 [INFO] 対象株主: 井村俊哉, 片山晃
2026-03-20 13:03:09 [INFO] モード: once
2026-03-20 13:03:09 [INFO]   2026-03-20: 0 件取得
2026-03-20 13:03:09 [INFO]   2026-03-19: 439 件取得
2026-03-20 13:03:09 [INFO] SUMMARY fetched=439 candidate=117 processed=0 html_ok=0 pdf_ok=0 failed=0 target_hits=0 new_hits=0 notified=0 no_prev_snapshot=0 skipped_seen=117 skipped_status=0 errors=0
[2026/03/20 13:03:09.37] ==== END exit_code=0 ==== 
[2026/03/20 13:08:08.46] ==== START edinet_shareholder_watch ==== 
2026-03-20 13:08:09 [INFO] === EDINET 株主欄監視 開始 ===
2026-03-20 13:08:09 [INFO] 対象株主: 井村俊哉, 片山晃
2026-03-20 13:08:09 [INFO] モード: once
2026-03-20 13:08:09 [INFO]   2026-03-20: 0 件取得
2026-03-20 13:08:09 [INFO]   2026-03-19: 439 件取得
2026-03-20 13:08:09 [INFO] SUMMARY fetched=439 candidate=117 processed=0 html_ok=0 pdf_ok=0 failed=0 target_hits=0 new_hits=0 notified=0 no_prev_snapshot=0 skipped_seen=117 skipped_status=0 errors=0
[2026/03/20 13:08:09.40] ==== END exit_code=0 ==== 
[2026/03/20 13:13:08.48] ==== START edinet_shareholder_watch ==== 
2026-03-20 13:13:09 [INFO] === EDINET 株主欄監視 開始 ===
2026-03-20 13:13:09 [INFO] 対象株主: 井村俊哉, 片山晃
2026-03-20 13:13:09 [INFO] モード: once
2026-03-20 13:13:09 [INFO]   2026-03-20: 0 件取得
2026-03-20 13:13:09 [INFO]   2026-03-19: 439 件取得
2026-03-20 13:13:09 [INFO] SUMMARY fetched=439 candidate=117 processed=0 html_ok=0 pdf_ok=0 failed=0 target_hits=0 new_hits=0 notified=0 no_prev_snapshot=0 skipped_seen=117 skipped_status=0 errors=0
[2026/03/20 13:13:09.39] ==== END exit_code=0 ==== 
[2026/03/20 13:18:08.50] ==== START edinet_shareholder_watch ==== 
2026-03-20 13:18:09 [INFO] === EDINET 株主欄監視 開始 ===
2026-03-20 13:18:09 [INFO] 対象株主: 井村俊哉, 片山晃
2026-03-20 13:18:09 [INFO] モード: once
2026-03-20 13:18:09 [INFO]   2026-03-20: 0 件取得
2026-03-20 13:18:09 [INFO]   2026-03-19: 439 件取得
2026-03-20 13:18:09 [INFO] SUMMARY fetched=439 candidate=117 processed=0 html_ok=0 pdf_ok=0 failed=0 target_hits=0 new_hits=0 notified=0 no_prev_snapshot=0 skipped_seen=117 skipped_status=0 errors=0
[2026/03/20 13:18:09.40] ==== END exit_code=0 ==== 
[2026/03/20 13:23:08.47] ==== START edinet_shareholder_watch ==== 
2026-03-20 13:23:09 [INFO] === EDINET 株主欄監視 開始 ===
2026-03-20 13:23:09 [INFO] 対象株主: 井村俊哉, 片山晃
2026-03-20 13:23:09 [INFO] モード: once
2026-03-20 13:23:09 [INFO]   2026-03-20: 0 件取得
2026-03-20 13:23:09 [INFO]   2026-03-19: 439 件取得
2026-03-20 13:23:09 [INFO] SUMMARY fetched=439 candidate=117 processed=0 html_ok=0 pdf_ok=0 failed=0 target_hits=0 new_hits=0 notified=0 no_prev_snapshot=0 skipped_seen=117 skipped_status=0 errors=0
[2026/03/20 13:23:09.40] ==== END exit_code=0 ==== 
[2026/03/20 13:28:08.54] ==== START edinet_shareholder_watch ==== 
2026-03-20 13:28:09 [INFO] === EDINET 株主欄監視 開始 ===
2026-03-20 13:28:09 [INFO] 対象株主: 井村俊哉, 片山晃
2026-03-20 13:28:09 [INFO] モード: once
2026-03-20 13:28:09 [INFO]   2026-03-20: 0 件取得
2026-03-20 13:28:09 [INFO]   2026-03-19: 439 件取得
2026-03-20 13:28:09 [INFO] SUMMARY fetched=439 candidate=117 processed=0 html_ok=0 pdf_ok=0 failed=0 target_hits=0 new_hits=0 notified=0 no_prev_snapshot=0 skipped_seen=117 skipped_status=0 errors=0
[2026/03/20 13:28:09.48] ==== END exit_code=0 ==== 
[2026/03/20 13:33:08.50] ==== START edinet_shareholder_watch ==== 
2026-03-20 13:33:09 [INFO] === EDINET 株主欄監視 開始 ===
2026-03-20 13:33:09 [INFO] 対象株主: 井村俊哉, 片山晃
2026-03-20 13:33:09 [INFO] モード: once
2026-03-20 13:33:09 [INFO]   2026-03-20: 0 件取得
2026-03-20 13:33:12 [INFO]   2026-03-19: 439 件取得
2026-03-20 13:33:12 [INFO] SUMMARY fetched=439 candidate=117 processed=0 html_ok=0 pdf_ok=0 failed=0 target_hits=0 new_hits=0 notified=0 no_prev_snapshot=0 skipped_seen=117 skipped_status=0 errors=0
[2026/03/20 13:33:12.26] ==== END exit_code=0 ==== 
[2026/03/20 13:38:08.50] ==== START edinet_shareholder_watch ==== 
2026-03-20 13:38:09 [INFO] === EDINET 株主欄監視 開始 ===
2026-03-20 13:38:09 [INFO] 対象株主: 井村俊哉, 片山晃
2026-03-20 13:38:09 [INFO] モード: once
2026-03-20 13:38:09 [INFO]   2026-03-20: 0 件取得
2026-03-20 13:38:09 [INFO]   2026-03-19: 439 件取得
2026-03-20 13:38:09 [INFO] SUMMARY fetched=439 candidate=117 processed=0 html_ok=0 pdf_ok=0 failed=0 target_hits=0 new_hits=0 notified=0 no_prev_snapshot=0 skipped_seen=117 skipped_status=0 errors=0
[2026/03/20 13:38:09.47] ==== END exit_code=0 ==== 
[2026/03/20 13:43:08.50] ==== START edinet_shareholder_watch ==== 
2026-03-20 13:43:09 [INFO] === EDINET 株主欄監視 開始 ===
2026-03-20 13:43:09 [INFO] 対象株主: 井村俊哉, 片山晃
2026-03-20 13:43:09 [INFO] モード: once
2026-03-20 13:43:09 [INFO]   2026-03-20: 0 件取得
2026-03-20 13:43:09 [INFO]   2026-03-19: 439 件取得
2026-03-20 13:43:09 [INFO] SUMMARY fetched=439 candidate=117 processed=0 html_ok=0 pdf_ok=0 failed=0 target_hits=0 new_hits=0 notified=0 no_prev_snapshot=0 skipped_seen=117 skipped_status=0 errors=0
[2026/03/20 13:43:09.46] ==== END exit_code=0 ==== 
[2026/03/20 13:48:08.51] ==== START edinet_shareholder_watch ==== 
2026-03-20 13:48:09 [INFO] === EDINET 株主欄監視 開始 ===
2026-03-20 13:48:09 [INFO] 対象株主: 井村俊哉, 片山晃
2026-03-20 13:48:09 [INFO] モード: once
2026-03-20 13:48:09 [INFO]   2026-03-20: 0 件取得
2026-03-20 13:48:09 [INFO]   2026-03-19: 439 件取得
2026-03-20 13:48:09 [INFO] SUMMARY fetched=439 candidate=117 processed=0 html_ok=0 pdf_ok=0 failed=0 target_hits=0 new_hits=0 notified=0 no_prev_snapshot=0 skipped_seen=117 skipped_status=0 errors=0
[2026/03/20 13:48:09.48] ==== END exit_code=0 ==== 
[2026/03/20 13:53:07.56] ==== START edinet_shareholder_watch ==== 
2026-03-20 13:53:08 [INFO] === EDINET 株主欄監視 開始 ===
2026-03-20 13:53:08 [INFO] 対象株主: 井村俊哉, 片山晃
2026-03-20 13:53:08 [INFO] モード: once
2026-03-20 13:53:08 [INFO]   2026-03-20: 0 件取得
2026-03-20 13:53:08 [INFO]   2026-03-19: 439 件取得
2026-03-20 13:53:08 [INFO] SUMMARY fetched=439 candidate=117 processed=0 html_ok=0 pdf_ok=0 failed=0 target_hits=0 new_hits=0 notified=0 no_prev_snapshot=0 skipped_seen=117 skipped_status=0 errors=0
[2026/03/20 13:53:08.50] ==== END exit_code=0 ==== 
[2026/03/20 13:58:07.60] ==== START edinet_shareholder_watch ==== 
2026-03-20 13:58:08 [INFO] === EDINET 株主欄監視 開始 ===
2026-03-20 13:58:08 [INFO] 対象株主: 井村俊哉, 片山晃
2026-03-20 13:58:08 [INFO] モード: once
2026-03-20 13:58:08 [INFO]   2026-03-20: 0 件取得
2026-03-20 13:58:08 [INFO]   2026-03-19: 439 件取得
2026-03-20 13:58:08 [INFO] SUMMARY fetched=439 candidate=117 processed=0 html_ok=0 pdf_ok=0 failed=0 target_hits=0 new_hits=0 notified=0 no_prev_snapshot=0 skipped_seen=117 skipped_status=0 errors=0
[2026/03/20 13:58:08.50] ==== END exit_code=0 ==== 
[2026/03/20 14:03:07.66] ==== START edinet_shareholder_watch ==== 
2026-03-20 14:03:08 [INFO] === EDINET 株主欄監視 開始 ===
2026-03-20 14:03:08 [INFO] 対象株主: 井村俊哉, 片山晃
2026-03-20 14:03:08 [INFO] モード: once
2026-03-20 14:03:08 [INFO]   2026-03-20: 0 件取得
2026-03-20 14:03:08 [INFO]   2026-03-19: 439 件取得
2026-03-20 14:03:08 [INFO] SUMMARY fetched=439 candidate=117 processed=0 html_ok=0 pdf_ok=0 failed=0 target_hits=0 new_hits=0 notified=0 no_prev_snapshot=0 skipped_seen=117 skipped_status=0 errors=0
[2026/03/20 14:03:08.54] ==== END exit_code=0 ==== 
[2026/03/20 14:08:07.68] ==== START edinet_shareholder_watch ==== 
2026-03-20 14:08:08 [INFO] === EDINET 株主欄監視 開始 ===
2026-03-20 14:08:08 [INFO] 対象株主: 井村俊哉, 片山晃
2026-03-20 14:08:08 [INFO] モード: once
2026-03-20 14:08:08 [INFO]   2026-03-20: 0 件取得
2026-03-20 14:08:08 [INFO]   2026-03-19: 439 件取得
2026-03-20 14:08:08 [INFO] SUMMARY fetched=439 candidate=117 processed=0 html_ok=0 pdf_ok=0 failed=0 target_hits=0 new_hits=0 notified=0 no_prev_snapshot=0 skipped_seen=117 skipped_status=0 errors=0
[2026/03/20 14:08:08.64] ==== END exit_code=0 ==== 
[2026/03/20 14:13:08.58] ==== START edinet_shareholder_watch ==== 
2026-03-20 14:13:09 [INFO] === EDINET 株主欄監視 開始 ===
2026-03-20 14:13:09 [INFO] 対象株主: 井村俊哉, 片山晃
2026-03-20 14:13:09 [INFO] モード: once
2026-03-20 14:13:09 [INFO]   2026-03-20: 0 件取得
2026-03-20 14:13:09 [INFO]   2026-03-19: 439 件取得
2026-03-20 14:13:09 [INFO] SUMMARY fetched=439 candidate=117 processed=0 html_ok=0 pdf_ok=0 failed=0 target_hits=0 new_hits=0 notified=0 no_prev_snapshot=0 skipped_seen=117 skipped_status=0 errors=0
[2026/03/20 14:13:09.53] ==== END exit_code=0 ==== 
[2026/03/20 14:18:07.62] ==== START edinet_shareholder_watch ==== 
2026-03-20 14:18:08 [INFO] === EDINET 株主欄監視 開始 ===
2026-03-20 14:18:08 [INFO] 対象株主: 井村俊哉, 片山晃
2026-03-20 14:18:08 [INFO] モード: once
2026-03-20 14:18:08 [INFO]   2026-03-20: 0 件取得
2026-03-20 14:18:08 [INFO]   2026-03-19: 439 件取得
2026-03-20 14:18:08 [INFO] SUMMARY fetched=439 candidate=117 processed=0 html_ok=0 pdf_ok=0 failed=0 target_hits=0 new_hits=0 notified=0 no_prev_snapshot=0 skipped_seen=117 skipped_status=0 errors=0
[2026/03/20 14:18:08.51] ==== END exit_code=0 ==== 
[2026/03/20 14:23:07.54] ==== START edinet_shareholder_watch ==== 
2026-03-20 14:23:08 [INFO] === EDINET 株主欄監視 開始 ===
2026-03-20 14:23:08 [INFO] 対象株主: 井村俊哉, 片山晃
2026-03-20 14:23:08 [INFO] モード: once
2026-03-20 14:23:08 [INFO]   2026-03-20: 0 件取得
2026-03-20 14:23:08 [INFO]   2026-03-19: 439 件取得
2026-03-20 14:23:08 [INFO] SUMMARY fetched=439 candidate=117 processed=0 html_ok=0 pdf_ok=0 failed=0 target_hits=0 new_hits=0 notified=0 no_prev_snapshot=0 skipped_seen=117 skipped_status=0 errors=0
[2026/03/20 14:23:08.48] ==== END exit_code=0 ==== 
[2026/03/20 14:28:07.62] ==== START edinet_shareholder_watch ==== 
2026-03-20 14:28:08 [INFO] === EDINET 株主欄監視 開始 ===
2026-03-20 14:28:08 [INFO] 対象株主: 井村俊哉, 片山晃
2026-03-20 14:28:08 [INFO] モード: once
2026-03-20 14:28:08 [INFO]   2026-03-20: 0 件取得
2026-03-20 14:28:08 [INFO]   2026-03-19: 439 件取得
2026-03-20 14:28:08 [INFO] SUMMARY fetched=439 candidate=117 processed=0 html_ok=0 pdf_ok=0 failed=0 target_hits=0 new_hits=0 notified=0 no_prev_snapshot=0 skipped_seen=117 skipped_status=0 errors=0
[2026/03/20 14:28:08.54] ==== END exit_code=0 ==== 
[2026/03/20 14:33:07.67] ==== START edinet_shareholder_watch ==== 
2026-03-20 14:33:08 [INFO] === EDINET 株主欄監視 開始 ===
2026-03-20 14:33:08 [INFO] 対象株主: 井村俊哉, 片山晃
2026-03-20 14:33:08 [INFO] モード: once
2026-03-20 14:33:08 [INFO]   2026-03-20: 0 件取得
2026-03-20 14:33:10 [INFO]   2026-03-19: 439 件取得
2026-03-20 14:33:10 [INFO] SUMMARY fetched=439 candidate=117 processed=0 html_ok=0 pdf_ok=0 failed=0 target_hits=0 new_hits=0 notified=0 no_prev_snapshot=0 skipped_seen=117 skipped_status=0 errors=0
[2026/03/20 14:33:10.29] ==== END exit_code=0 ==== 
[2026/03/20 14:38:07.71] ==== START edinet_shareholder_watch ==== 
2026-03-20 14:38:08 [INFO] === EDINET 株主欄監視 開始 ===
2026-03-20 14:38:08 [INFO] 対象株主: 井村俊哉, 片山晃
2026-03-20 14:38:08 [INFO] モード: once
2026-03-20 14:38:08 [INFO]   2026-03-20: 0 件取得
2026-03-20 14:38:08 [INFO]   2026-03-19: 439 件取得
2026-03-20 14:38:08 [INFO] SUMMARY fetched=439 candidate=117 processed=0 html_ok=0 pdf_ok=0 failed=0 target_hits=0 new_hits=0 notified=0 no_prev_snapshot=0 skipped_seen=117 skipped_status=0 errors=0
[2026/03/20 14:38:08.71] ==== END exit_code=0 ==== 
[2026/03/20 14:43:07.83] ==== START edinet_shareholder_watch ==== 
2026-03-20 14:43:08 [INFO] === EDINET 株主欄監視 開始 ===
2026-03-20 14:43:08 [INFO] 対象株主: 井村俊哉, 片山晃
2026-03-20 14:43:08 [INFO] モード: once
2026-03-20 14:43:08 [INFO]   2026-03-20: 0 件取得
2026-03-20 14:43:08 [INFO]   2026-03-19: 439 件取得
2026-03-20 14:43:08 [INFO] SUMMARY fetched=439 candidate=117 processed=0 html_ok=0 pdf_ok=0 failed=0 target_hits=0 new_hits=0 notified=0 no_prev_snapshot=0 skipped_seen=117 skipped_status=0 errors=0
[2026/03/20 14:43:08.79] ==== END exit_code=0 ==== 
[2026/03/20 14:48:07.89] ==== START edinet_shareholder_watch ==== 
2026-03-20 14:48:08 [INFO] === EDINET 株主欄監視 開始 ===
2026-03-20 14:48:08 [INFO] 対象株主: 井村俊哉, 片山晃
2026-03-20 14:48:08 [INFO] モード: once
2026-03-20 14:48:08 [INFO]   2026-03-20: 0 件取得
2026-03-20 14:48:08 [INFO]   2026-03-19: 439 件取得
2026-03-20 14:48:08 [INFO] SUMMARY fetched=439 candidate=117 processed=0 html_ok=0 pdf_ok=0 failed=0 target_hits=0 new_hits=0 notified=0 no_prev_snapshot=0 skipped_seen=117 skipped_status=0 errors=0
[2026/03/20 14:48:08.82] ==== END exit_code=0 ==== 
[2026/03/20 14:53:07.82] ==== START edinet_shareholder_watch ==== 
2026-03-20 14:53:08 [INFO] === EDINET 株主欄監視 開始 ===
2026-03-20 14:53:08 [INFO] 対象株主: 井村俊哉, 片山晃
2026-03-20 14:53:08 [INFO] モード: once
2026-03-20 14:53:08 [INFO]   2026-03-20: 0 件取得
2026-03-20 14:53:08 [INFO]   2026-03-19: 439 件取得
2026-03-20 14:53:08 [INFO] SUMMARY fetched=439 candidate=117 processed=0 html_ok=0 pdf_ok=0 failed=0 target_hits=0 new_hits=0 notified=0 no_prev_snapshot=0 skipped_seen=117 skipped_status=0 errors=0
[2026/03/20 14:53:08.77] ==== END exit_code=0 ==== 
[2026/03/20 14:58:07.88] ==== START edinet_shareholder_watch ==== 
2026-03-20 14:58:08 [INFO] === EDINET 株主欄監視 開始 ===
2026-03-20 14:58:08 [INFO] 対象株主: 井村俊哉, 片山晃
2026-03-20 14:58:08 [INFO] モード: once
2026-03-20 14:58:08 [INFO]   2026-03-20: 0 件取得
2026-03-20 14:58:08 [INFO]   2026-03-19: 439 件取得
2026-03-20 14:58:08 [INFO] SUMMARY fetched=439 candidate=117 processed=0 html_ok=0 pdf_ok=0 failed=0 target_hits=0 new_hits=0 notified=0 no_prev_snapshot=0 skipped_seen=117 skipped_status=0 errors=0
[2026/03/20 14:58:08.80] ==== END exit_code=0 ==== 
[2026/03/20 15:03:07.90] ==== START edinet_shareholder_watch ==== 
2026-03-20 15:03:08 [INFO] === EDINET 株主欄監視 開始 ===
2026-03-20 15:03:08 [INFO] 対象株主: 井村俊哉, 片山晃
2026-03-20 15:03:08 [INFO] モード: once
2026-03-20 15:03:08 [INFO]   2026-03-20: 0 件取得
2026-03-20 15:03:08 [INFO]   2026-03-19: 439 件取得
2026-03-20 15:03:08 [INFO] SUMMARY fetched=439 candidate=117 processed=0 html_ok=0 pdf_ok=0 failed=0 target_hits=0 new_hits=0 notified=0 no_prev_snapshot=0 skipped_seen=117 skipped_status=0 errors=0
[2026/03/20 15:03:08.83] ==== END exit_code=0 ==== 
[2026/03/20 15:08:07.95] ==== START edinet_shareholder_watch ==== 
2026-03-20 15:08:08 [INFO] === EDINET 株主欄監視 開始 ===
2026-03-20 15:08:08 [INFO] 対象株主: 井村俊哉, 片山晃
2026-03-20 15:08:08 [INFO] モード: once
2026-03-20 15:08:08 [INFO]   2026-03-20: 0 件取得
2026-03-20 15:08:08 [INFO]   2026-03-19: 439 件取得
2026-03-20 15:08:08 [INFO] SUMMARY fetched=439 candidate=117 processed=0 html_ok=0 pdf_ok=0 failed=0 target_hits=0 new_hits=0 notified=0 no_prev_snapshot=0 skipped_seen=117 skipped_status=0 errors=0
[2026/03/20 15:08:08.86] ==== END exit_code=0 ==== 
[2026/03/20 15:13:08.50] ==== START edinet_shareholder_watch ==== 
2026-03-20 15:13:09 [INFO] === EDINET 株主欄監視 開始 ===
2026-03-20 15:13:09 [INFO] 対象株主: 井村俊哉, 片山晃
2026-03-20 15:13:09 [INFO] モード: once
2026-03-20 15:13:09 [INFO]   2026-03-20: 0 件取得
2026-03-20 15:13:09 [INFO]   2026-03-19: 439 件取得
2026-03-20 15:13:09 [INFO] SUMMARY fetched=439 candidate=117 processed=0 html_ok=0 pdf_ok=0 failed=0 target_hits=0 new_hits=0 notified=0 no_prev_snapshot=0 skipped_seen=117 skipped_status=0 errors=0
[2026/03/20 15:13:09.37] ==== END exit_code=0 ==== 
[2026/03/20 15:18:07.53] ==== START edinet_shareholder_watch ==== 
2026-03-20 15:18:08 [INFO] === EDINET 株主欄監視 開始 ===
2026-03-20 15:18:08 [INFO] 対象株主: 井村俊哉, 片山晃
2026-03-20 15:18:08 [INFO] モード: once
2026-03-20 15:18:08 [INFO]   2026-03-20: 0 件取得
2026-03-20 15:18:08 [INFO]   2026-03-19: 439 件取得
2026-03-20 15:18:08 [INFO] SUMMARY fetched=439 candidate=117 processed=0 html_ok=0 pdf_ok=0 failed=0 target_hits=0 new_hits=0 notified=0 no_prev_snapshot=0 skipped_seen=117 skipped_status=0 errors=0
[2026/03/20 15:18:08.51] ==== END exit_code=0 ==== 
[2026/03/20 15:23:07.64] ==== START edinet_shareholder_watch ==== 
2026-03-20 15:23:08 [INFO] === EDINET 株主欄監視 開始 ===
2026-03-20 15:23:08 [INFO] 対象株主: 井村俊哉, 片山晃
2026-03-20 15:23:08 [INFO] モード: once
2026-03-20 15:23:08 [INFO]   2026-03-20: 0 件取得
2026-03-20 15:23:09 [INFO]   2026-03-19: 439 件取得
2026-03-20 15:23:09 [INFO] SUMMARY fetched=439 candidate=117 processed=0 html_ok=0 pdf_ok=0 failed=0 target_hits=0 new_hits=0 notified=0 no_prev_snapshot=0 skipped_seen=117 skipped_status=0 errors=0
[2026/03/20 15:23:09.11] ==== END exit_code=0 ==== 
[2026/03/20 15:28:07.59] ==== START edinet_shareholder_watch ==== 
2026-03-20 15:28:08 [INFO] === EDINET 株主欄監視 開始 ===
2026-03-20 15:28:08 [INFO] 対象株主: 井村俊哉, 片山晃
2026-03-20 15:28:08 [INFO] モード: once
2026-03-20 15:28:08 [INFO]   2026-03-20: 0 件取得
2026-03-20 15:28:08 [INFO]   2026-03-19: 439 件取得
2026-03-20 15:28:08 [INFO] SUMMARY fetched=439 candidate=117 processed=0 html_ok=0 pdf_ok=0 failed=0 target_hits=0 new_hits=0 notified=0 no_prev_snapshot=0 skipped_seen=117 skipped_status=0 errors=0
[2026/03/20 15:28:08.60] ==== END exit_code=0 ==== 
[2026/03/20 15:33:07.62] ==== START edinet_shareholder_watch ==== 
2026-03-20 15:33:08 [INFO] === EDINET 株主欄監視 開始 ===
2026-03-20 15:33:08 [INFO] 対象株主: 井村俊哉, 片山晃
2026-03-20 15:33:08 [INFO] モード: once
2026-03-20 15:33:08 [INFO]   2026-03-20: 0 件取得
2026-03-20 15:33:08 [INFO]   2026-03-19: 439 件取得
2026-03-20 15:33:08 [INFO] SUMMARY fetched=439 candidate=117 processed=0 html_ok=0 pdf_ok=0 failed=0 target_hits=0 new_hits=0 notified=0 no_prev_snapshot=0 skipped_seen=117 skipped_status=0 errors=0
[2026/03/20 15:33:08.52] ==== END exit_code=0 ==== 
[2026/03/20 15:38:07.72] ==== START edinet_shareholder_watch ==== 
2026-03-20 15:38:08 [INFO] === EDINET 株主欄監視 開始 ===
2026-03-20 15:38:08 [INFO] 対象株主: 井村俊哉, 片山晃
2026-03-20 15:38:08 [INFO] モード: once
2026-03-20 15:38:09 [INFO]   2026-03-20: 0 件取得
2026-03-20 15:38:09 [INFO]   2026-03-19: 439 件取得
2026-03-20 15:38:09 [INFO] SUMMARY fetched=439 candidate=117 processed=0 html_ok=0 pdf_ok=0 failed=0 target_hits=0 new_hits=0 notified=0 no_prev_snapshot=0 skipped_seen=117 skipped_status=0 errors=0
[2026/03/20 15:38:09.82] ==== END exit_code=0 ==== 
[2026/03/20 15:43:07.66] ==== START edinet_shareholder_watch ==== 
2026-03-20 15:43:08 [INFO] === EDINET 株主欄監視 開始 ===
2026-03-20 15:43:08 [INFO] 対象株主: 井村俊哉, 片山晃
2026-03-20 15:43:08 [INFO] モード: once
2026-03-20 15:43:08 [INFO]   2026-03-20: 0 件取得
2026-03-20 15:43:08 [INFO]   2026-03-19: 439 件取得
2026-03-20 15:43:08 [INFO] SUMMARY fetched=439 candidate=117 processed=0 html_ok=0 pdf_ok=0 failed=0 target_hits=0 new_hits=0 notified=0 no_prev_snapshot=0 skipped_seen=117 skipped_status=0 errors=0
[2026/03/20 15:43:08.74] ==== END exit_code=0 ==== 
[2026/03/20 15:48:07.75] ==== START edinet_shareholder_watch ==== 
2026-03-20 15:48:08 [INFO] === EDINET 株主欄監視 開始 ===
2026-03-20 15:48:08 [INFO] 対象株主: 井村俊哉, 片山晃
2026-03-20 15:48:08 [INFO] モード: once
2026-03-20 15:48:08 [INFO]   2026-03-20: 0 件取得
2026-03-20 15:48:08 [INFO]   2026-03-19: 439 件取得
2026-03-20 15:48:08 [INFO] SUMMARY fetched=439 candidate=117 processed=0 html_ok=0 pdf_ok=0 failed=0 target_hits=0 new_hits=0 notified=0 no_prev_snapshot=0 skipped_seen=117 skipped_status=0 errors=0
[2026/03/20 15:48:08.74] ==== END exit_code=0 ==== 
[2026/03/20 15:53:07.76] ==== START edinet_shareholder_watch ==== 
2026-03-20 15:53:08 [INFO] === EDINET 株主欄監視 開始 ===
2026-03-20 15:53:08 [INFO] 対象株主: 井村俊哉, 片山晃
2026-03-20 15:53:08 [INFO] モード: once
2026-03-20 15:53:08 [INFO]   2026-03-20: 0 件取得
2026-03-20 15:53:08 [INFO]   2026-03-19: 439 件取得
2026-03-20 15:53:08 [INFO] SUMMARY fetched=439 candidate=117 processed=0 html_ok=0 pdf_ok=0 failed=0 target_hits=0 new_hits=0 notified=0 no_prev_snapshot=0 skipped_seen=117 skipped_status=0 errors=0
[2026/03/20 15:53:08.73] ==== END exit_code=0 ==== 
[2026/03/20 15:58:07.80] ==== START edinet_shareholder_watch ==== 
2026-03-20 15:58:08 [INFO] === EDINET 株主欄監視 開始 ===
2026-03-20 15:58:08 [INFO] 対象株主: 井村俊哉, 片山晃
2026-03-20 15:58:08 [INFO] モード: once
2026-03-20 15:58:08 [INFO]   2026-03-20: 0 件取得
2026-03-20 15:58:08 [INFO]   2026-03-19: 439 件取得
2026-03-20 15:58:08 [INFO] SUMMARY fetched=439 candidate=117 processed=0 html_ok=0 pdf_ok=0 failed=0 target_hits=0 new_hits=0 notified=0 no_prev_snapshot=0 skipped_seen=117 skipped_status=0 errors=0
[2026/03/20 15:58:08.74] ==== END exit_code=0 ==== 
[2026/03/20 16:03:07.90] ==== START edinet_shareholder_watch ==== 
2026-03-20 16:03:08 [INFO] === EDINET 株主欄監視 開始 ===
2026-03-20 16:03:08 [INFO] 対象株主: 井村俊哉, 片山晃
2026-03-20 16:03:08 [INFO] モード: once
2026-03-20 16:03:08 [INFO]   2026-03-20: 0 件取得
2026-03-20 16:03:08 [INFO]   2026-03-19: 439 件取得
2026-03-20 16:03:08 [INFO] SUMMARY fetched=439 candidate=117 processed=0 html_ok=0 pdf_ok=0 failed=0 target_hits=0 new_hits=0 notified=0 no_prev_snapshot=0 skipped_seen=117 skipped_status=0 errors=0
[2026/03/20 16:03:08.88] ==== END exit_code=0 ==== 
[2026/03/20 16:08:07.88] ==== START edinet_shareholder_watch ==== 
2026-03-20 16:08:08 [INFO] === EDINET 株主欄監視 開始 ===
2026-03-20 16:08:08 [INFO] 対象株主: 井村俊哉, 片山晃
2026-03-20 16:08:08 [INFO] モード: once
2026-03-20 16:08:08 [INFO]   2026-03-20: 0 件取得
2026-03-20 16:08:08 [INFO]   2026-03-19: 439 件取得
2026-03-20 16:08:08 [INFO] SUMMARY fetched=439 candidate=117 processed=0 html_ok=0 pdf_ok=0 failed=0 target_hits=0 new_hits=0 notified=0 no_prev_snapshot=0 skipped_seen=117 skipped_status=0 errors=0
[2026/03/20 16:08:08.81] ==== END exit_code=0 ==== 
[2026/03/20 16:13:08.51] ==== START edinet_shareholder_watch ==== 
2026-03-20 16:13:09 [INFO] === EDINET 株主欄監視 開始 ===
2026-03-20 16:13:09 [INFO] 対象株主: 井村俊哉, 片山晃
2026-03-20 16:13:09 [INFO] モード: once
2026-03-20 16:13:09 [INFO]   2026-03-20: 0 件取得
2026-03-20 16:13:09 [INFO]   2026-03-19: 439 件取得
2026-03-20 16:13:09 [INFO] SUMMARY fetched=439 candidate=117 processed=0 html_ok=0 pdf_ok=0 failed=0 target_hits=0 new_hits=0 notified=0 no_prev_snapshot=0 skipped_seen=117 skipped_status=0 errors=0
[2026/03/20 16:13:09.48] ==== END exit_code=0 ==== 
[2026/03/20 16:18:07.54] ==== START edinet_shareholder_watch ==== 
2026-03-20 16:18:08 [INFO] === EDINET 株主欄監視 開始 ===
2026-03-20 16:18:08 [INFO] 対象株主: 井村俊哉, 片山晃
2026-03-20 16:18:08 [INFO] モード: once
2026-03-20 16:18:08 [INFO]   2026-03-20: 0 件取得
2026-03-20 16:18:08 [INFO]   2026-03-19: 439 件取得
2026-03-20 16:18:08 [INFO] SUMMARY fetched=439 candidate=117 processed=0 html_ok=0 pdf_ok=0 failed=0 target_hits=0 new_hits=0 notified=0 no_prev_snapshot=0 skipped_seen=117 skipped_status=0 errors=0
[2026/03/20 16:18:08.46] ==== END exit_code=0 ==== 
[2026/03/20 16:23:07.58] ==== START edinet_shareholder_watch ==== 
2026-03-20 16:23:08 [INFO] === EDINET 株主欄監視 開始 ===
2026-03-20 16:23:08 [INFO] 対象株主: 井村俊哉, 片山晃
2026-03-20 16:23:08 [INFO] モード: once
2026-03-20 16:23:10 [INFO]   2026-03-20: 0 件取得
2026-03-20 16:23:11 [INFO]   2026-03-19: 439 件取得
2026-03-20 16:23:11 [INFO] SUMMARY fetched=439 candidate=117 processed=0 html_ok=0 pdf_ok=0 failed=0 target_hits=0 new_hits=0 notified=0 no_prev_snapshot=0 skipped_seen=117 skipped_status=0 errors=0
[2026/03/20 16:23:11.24] ==== END exit_code=0 ==== 
[2026/03/20 16:28:07.64] ==== START edinet_shareholder_watch ==== 
2026-03-20 16:28:08 [INFO] === EDINET 株主欄監視 開始 ===
2026-03-20 16:28:08 [INFO] 対象株主: 井村俊哉, 片山晃
2026-03-20 16:28:08 [INFO] モード: once
2026-03-20 16:28:08 [INFO]   2026-03-20: 0 件取得
2026-03-20 16:28:08 [INFO]   2026-03-19: 439 件取得
2026-03-20 16:28:08 [INFO] SUMMARY fetched=439 candidate=117 processed=0 html_ok=0 pdf_ok=0 failed=0 target_hits=0 new_hits=0 notified=0 no_prev_snapshot=0 skipped_seen=117 skipped_status=0 errors=0
[2026/03/20 16:28:08.63] ==== END exit_code=0 ==== 
[2026/03/20 16:33:07.67] ==== START edinet_shareholder_watch ==== 
2026-03-20 16:33:08 [INFO] === EDINET 株主欄監視 開始 ===
2026-03-20 16:33:08 [INFO] 対象株主: 井村俊哉, 片山晃
2026-03-20 16:33:08 [INFO] モード: once
2026-03-20 16:33:08 [INFO]   2026-03-20: 0 件取得
2026-03-20 16:33:08 [INFO]   2026-03-19: 439 件取得
2026-03-20 16:33:08 [INFO] SUMMARY fetched=439 candidate=117 processed=0 html_ok=0 pdf_ok=0 failed=0 target_hits=0 new_hits=0 notified=0 no_prev_snapshot=0 skipped_seen=117 skipped_status=0 errors=0
[2026/03/20 16:33:08.61] ==== END exit_code=0 ==== 
[2026/03/20 16:38:07.70] ==== START edinet_shareholder_watch ==== 
2026-03-20 16:38:08 [INFO] === EDINET 株主欄監視 開始 ===
2026-03-20 16:38:08 [INFO] 対象株主: 井村俊哉, 片山晃
2026-03-20 16:38:08 [INFO] モード: once
2026-03-20 16:38:08 [INFO]   2026-03-20: 0 件取得
2026-03-20 16:38:08 [INFO]   2026-03-19: 439 件取得
2026-03-20 16:38:08 [INFO] SUMMARY fetched=439 candidate=117 processed=0 html_ok=0 pdf_ok=0 failed=0 target_hits=0 new_hits=0 notified=0 no_prev_snapshot=0 skipped_seen=117 skipped_status=0 errors=0
[2026/03/20 16:38:08.68] ==== END exit_code=0 ==== 
[2026/03/20 16:43:07.74] ==== START edinet_shareholder_watch ==== 
2026-03-20 16:43:08 [INFO] === EDINET 株主欄監視 開始 ===
2026-03-20 16:43:08 [INFO] 対象株主: 井村俊哉, 片山晃
2026-03-20 16:43:08 [INFO] モード: once
2026-03-20 16:43:08 [INFO]   2026-03-20: 0 件取得
2026-03-20 16:43:08 [INFO]   2026-03-19: 439 件取得
2026-03-20 16:43:08 [INFO] SUMMARY fetched=439 candidate=117 processed=0 html_ok=0 pdf_ok=0 failed=0 target_hits=0 new_hits=0 notified=0 no_prev_snapshot=0 skipped_seen=117 skipped_status=0 errors=0
[2026/03/20 16:43:08.74] ==== END exit_code=0 ==== 
[2026/03/20 16:48:07.74] ==== START edinet_shareholder_watch ==== 
2026-03-20 16:48:08 [INFO] === EDINET 株主欄監視 開始 ===
2026-03-20 16:48:08 [INFO] 対象株主: 井村俊哉, 片山晃
2026-03-20 16:48:08 [INFO] モード: once
2026-03-20 16:48:08 [INFO]   2026-03-20: 0 件取得
2026-03-20 16:48:08 [INFO]   2026-03-19: 439 件取得
2026-03-20 16:48:08 [INFO] SUMMARY fetched=439 candidate=117 processed=0 html_ok=0 pdf_ok=0 failed=0 target_hits=0 new_hits=0 notified=0 no_prev_snapshot=0 skipped_seen=117 skipped_status=0 errors=0
[2026/03/20 16:48:08.78] ==== END exit_code=0 ==== 
[2026/03/20 16:53:07.80] ==== START edinet_shareholder_watch ==== 
2026-03-20 16:53:08 [INFO] === EDINET 株主欄監視 開始 ===
2026-03-20 16:53:08 [INFO] 対象株主: 井村俊哉, 片山晃
2026-03-20 16:53:08 [INFO] モード: once
2026-03-20 16:53:08 [INFO]   2026-03-20: 0 件取得
2026-03-20 16:53:08 [INFO]   2026-03-19: 439 件取得
2026-03-20 16:53:08 [INFO] SUMMARY fetched=439 candidate=117 processed=0 html_ok=0 pdf_ok=0 failed=0 target_hits=0 new_hits=0 notified=0 no_prev_snapshot=0 skipped_seen=117 skipped_status=0 errors=0
[2026/03/20 16:53:08.69] ==== END exit_code=0 ==== 
[2026/03/20 16:58:07.85] ==== START edinet_shareholder_watch ==== 
2026-03-20 16:58:08 [INFO] === EDINET 株主欄監視 開始 ===
2026-03-20 16:58:08 [INFO] 対象株主: 井村俊哉, 片山晃
2026-03-20 16:58:08 [INFO] モード: once
2026-03-20 16:58:08 [INFO]   2026-03-20: 0 件取得
2026-03-20 16:58:08 [INFO]   2026-03-19: 439 件取得
2026-03-20 16:58:08 [INFO] SUMMARY fetched=439 candidate=117 processed=0 html_ok=0 pdf_ok=0 failed=0 target_hits=0 new_hits=0 notified=0 no_prev_snapshot=0 skipped_seen=117 skipped_status=0 errors=0
[2026/03/20 16:58:08.80] ==== END exit_code=0 ==== 
[2026/03/20 17:03:07.84] ==== START edinet_shareholder_watch ==== 
2026-03-20 17:03:08 [INFO] === EDINET 株主欄監視 開始 ===
2026-03-20 17:03:08 [INFO] 対象株主: 井村俊哉, 片山晃
2026-03-20 17:03:08 [INFO] モード: once
2026-03-20 17:03:08 [INFO]   2026-03-20: 0 件取得
2026-03-20 17:03:08 [INFO]   2026-03-19: 439 件取得
2026-03-20 17:03:08 [INFO] SUMMARY fetched=439 candidate=117 processed=0 html_ok=0 pdf_ok=0 failed=0 target_hits=0 new_hits=0 notified=0 no_prev_snapshot=0 skipped_seen=117 skipped_status=0 errors=0
[2026/03/20 17:03:08.78] ==== END exit_code=0 ==== 
[2026/03/20 17:08:07.95] ==== START edinet_shareholder_watch ==== 
2026-03-20 17:08:08 [INFO] === EDINET 株主欄監視 開始 ===
2026-03-20 17:08:08 [INFO] 対象株主: 井村俊哉, 片山晃
2026-03-20 17:08:08 [INFO] モード: once
2026-03-20 17:08:08 [INFO]   2026-03-20: 0 件取得
2026-03-20 17:08:08 [INFO]   2026-03-19: 439 件取得
2026-03-20 17:08:08 [INFO] SUMMARY fetched=439 candidate=117 processed=0 html_ok=0 pdf_ok=0 failed=0 target_hits=0 new_hits=0 notified=0 no_prev_snapshot=0 skipped_seen=117 skipped_status=0 errors=0
[2026/03/20 17:08:08.92] ==== END exit_code=0 ==== 
[2026/03/20 17:13:08.54] ==== START edinet_shareholder_watch ==== 
2026-03-20 17:13:09 [INFO] === EDINET 株主欄監視 開始 ===
2026-03-20 17:13:09 [INFO] 対象株主: 井村俊哉, 片山晃
2026-03-20 17:13:09 [INFO] モード: once
2026-03-20 17:13:09 [INFO]   2026-03-20: 0 件取得
2026-03-20 17:13:09 [INFO]   2026-03-19: 439 件取得
2026-03-20 17:13:09 [INFO] SUMMARY fetched=439 candidate=117 processed=0 html_ok=0 pdf_ok=0 failed=0 target_hits=0 new_hits=0 notified=0 no_prev_snapshot=0 skipped_seen=117 skipped_status=0 errors=0
[2026/03/20 17:13:09.47] ==== END exit_code=0 ==== 
[2026/03/20 17:18:07.53] ==== START edinet_shareholder_watch ==== 
2026-03-20 17:18:08 [INFO] === EDINET 株主欄監視 開始 ===
2026-03-20 17:18:08 [INFO] 対象株主: 井村俊哉, 片山晃
2026-03-20 17:18:08 [INFO] モード: once
2026-03-20 17:18:08 [INFO]   2026-03-20: 0 件取得
2026-03-20 17:18:08 [INFO]   2026-03-19: 439 件取得
2026-03-20 17:18:08 [INFO] SUMMARY fetched=439 candidate=117 processed=0 html_ok=0 pdf_ok=0 failed=0 target_hits=0 new_hits=0 notified=0 no_prev_snapshot=0 skipped_seen=117 skipped_status=0 errors=0
[2026/03/20 17:18:08.66] ==== END exit_code=0 ==== 
[2026/03/20 17:23:07.58] ==== START edinet_shareholder_watch ==== 
2026-03-20 17:23:08 [INFO] === EDINET 株主欄監視 開始 ===
2026-03-20 17:23:08 [INFO] 対象株主: 井村俊哉, 片山晃
2026-03-20 17:23:08 [INFO] モード: once
2026-03-20 17:23:08 [INFO]   2026-03-20: 0 件取得
2026-03-20 17:23:08 [INFO]   2026-03-19: 439 件取得
2026-03-20 17:23:08 [INFO] SUMMARY fetched=439 candidate=117 processed=0 html_ok=0 pdf_ok=0 failed=0 target_hits=0 new_hits=0 notified=0 no_prev_snapshot=0 skipped_seen=117 skipped_status=0 errors=0
[2026/03/20 17:23:08.66] ==== END exit_code=0 ==== 
[2026/03/20 17:28:07.62] ==== START edinet_shareholder_watch ==== 
2026-03-20 17:28:08 [INFO] === EDINET 株主欄監視 開始 ===
2026-03-20 17:28:08 [INFO] 対象株主: 井村俊哉, 片山晃
2026-03-20 17:28:08 [INFO] モード: once
2026-03-20 17:28:08 [INFO]   2026-03-20: 0 件取得
2026-03-20 17:28:08 [INFO]   2026-03-19: 439 件取得
2026-03-20 17:28:08 [INFO] SUMMARY fetched=439 candidate=117 processed=0 html_ok=0 pdf_ok=0 failed=0 target_hits=0 new_hits=0 notified=0 no_prev_snapshot=0 skipped_seen=117 skipped_status=0 errors=0
[2026/03/20 17:28:08.57] ==== END exit_code=0 ==== 
[2026/03/20 17:33:07.64] ==== START edinet_shareholder_watch ==== 
2026-03-20 17:33:08 [INFO] === EDINET 株主欄監視 開始 ===
2026-03-20 17:33:08 [INFO] 対象株主: 井村俊哉, 片山晃
2026-03-20 17:33:08 [INFO] モード: once
2026-03-20 17:33:08 [INFO]   2026-03-20: 0 件取得
2026-03-20 17:33:08 [INFO]   2026-03-19: 439 件取得
2026-03-20 17:33:08 [INFO] SUMMARY fetched=439 candidate=117 processed=0 html_ok=0 pdf_ok=0 failed=0 target_hits=0 new_hits=0 notified=0 no_prev_snapshot=0 skipped_seen=117 skipped_status=0 errors=0
[2026/03/20 17:33:08.57] ==== END exit_code=0 ==== 
[2026/03/20 17:38:07.70] ==== START edinet_shareholder_watch ==== 
2026-03-20 17:38:08 [INFO] === EDINET 株主欄監視 開始 ===
2026-03-20 17:38:08 [INFO] 対象株主: 井村俊哉, 片山晃
2026-03-20 17:38:08 [INFO] モード: once
2026-03-20 17:38:08 [INFO]   2026-03-20: 0 件取得
2026-03-20 17:38:08 [INFO]   2026-03-19: 439 件取得
2026-03-20 17:38:08 [INFO] SUMMARY fetched=439 candidate=117 processed=0 html_ok=0 pdf_ok=0 failed=0 target_hits=0 new_hits=0 notified=0 no_prev_snapshot=0 skipped_seen=117 skipped_status=0 errors=0
[2026/03/20 17:38:08.63] ==== END exit_code=0 ==== 
[2026/03/20 17:43:07.74] ==== START edinet_shareholder_watch ==== 
2026-03-20 17:43:08 [INFO] === EDINET 株主欄監視 開始 ===
2026-03-20 17:43:08 [INFO] 対象株主: 井村俊哉, 片山晃
2026-03-20 17:43:08 [INFO] モード: once
2026-03-20 17:43:08 [INFO]   2026-03-20: 0 件取得
2026-03-20 17:43:08 [INFO]   2026-03-19: 439 件取得
2026-03-20 17:43:08 [INFO] SUMMARY fetched=439 candidate=117 processed=0 html_ok=0 pdf_ok=0 failed=0 target_hits=0 new_hits=0 notified=0 no_prev_snapshot=0 skipped_seen=117 skipped_status=0 errors=0
[2026/03/20 17:43:08.77] ==== END exit_code=0 ==== 
[2026/03/20 17:48:07.80] ==== START edinet_shareholder_watch ==== 
2026-03-20 17:48:08 [INFO] === EDINET 株主欄監視 開始 ===
2026-03-20 17:48:08 [INFO] 対象株主: 井村俊哉, 片山晃
2026-03-20 17:48:08 [INFO] モード: once
2026-03-20 17:48:10 [INFO]   2026-03-20: 0 件取得
2026-03-20 17:48:11 [INFO]   2026-03-19: 439 件取得
2026-03-20 17:48:11 [INFO] SUMMARY fetched=439 candidate=117 processed=0 html_ok=0 pdf_ok=0 failed=0 target_hits=0 new_hits=0 notified=0 no_prev_snapshot=0 skipped_seen=117 skipped_status=0 errors=0
[2026/03/20 17:48:12.00] ==== END exit_code=0 ==== 
[2026/03/20 17:53:07.78] ==== START edinet_shareholder_watch ==== 
2026-03-20 17:53:08 [INFO] === EDINET 株主欄監視 開始 ===
2026-03-20 17:53:08 [INFO] 対象株主: 井村俊哉, 片山晃
2026-03-20 17:53:08 [INFO] モード: once
2026-03-20 17:53:08 [INFO]   2026-03-20: 0 件取得
2026-03-20 17:53:09 [INFO]   2026-03-19: 439 件取得
2026-03-20 17:53:09 [INFO] SUMMARY fetched=439 candidate=117 processed=0 html_ok=0 pdf_ok=0 failed=0 target_hits=0 new_hits=0 notified=0 no_prev_snapshot=0 skipped_seen=117 skipped_status=0 errors=0
[2026/03/20 17:53:09.76] ==== END exit_code=0 ==== 
[2026/03/20 17:58:08.04] ==== START edinet_shareholder_watch ==== 
2026-03-20 17:58:08 [INFO] === EDINET 株主欄監視 開始 ===
2026-03-20 17:58:08 [INFO] 対象株主: 井村俊哉, 片山晃
2026-03-20 17:58:08 [INFO] モード: once
2026-03-20 17:58:08 [INFO]   2026-03-20: 0 件取得
2026-03-20 17:58:09 [INFO]   2026-03-19: 439 件取得
2026-03-20 17:58:09 [INFO] SUMMARY fetched=439 candidate=117 processed=0 html_ok=0 pdf_ok=0 failed=0 target_hits=0 new_hits=0 notified=0 no_prev_snapshot=0 skipped_seen=117 skipped_status=0 errors=0
[2026/03/20 17:58:09.14] ==== END exit_code=0 ==== 
[2026/03/20 18:03:07.86] ==== START edinet_shareholder_watch ==== 
2026-03-20 18:03:08 [INFO] === EDINET 株主欄監視 開始 ===
2026-03-20 18:03:08 [INFO] 対象株主: 井村俊哉, 片山晃
2026-03-20 18:03:08 [INFO] モード: once
2026-03-20 18:03:08 [INFO]   2026-03-20: 0 件取得
2026-03-20 18:03:08 [INFO]   2026-03-19: 439 件取得
2026-03-20 18:03:08 [INFO] SUMMARY fetched=439 candidate=117 processed=0 html_ok=0 pdf_ok=0 failed=0 target_hits=0 new_hits=0 notified=0 no_prev_snapshot=0 skipped_seen=117 skipped_status=0 errors=0
[2026/03/20 18:03:08.83] ==== END exit_code=0 ==== 
[2026/03/20 18:08:08.39] ==== START edinet_shareholder_watch ==== 
2026-03-20 18:08:09 [INFO] === EDINET 株主欄監視 開始 ===
2026-03-20 18:08:09 [INFO] 対象株主: 井村俊哉, 片山晃
2026-03-20 18:08:09 [INFO] モード: once
2026-03-20 18:08:20 [WARNING]   documents.json 取得失敗 (1/3): HTTPSConnectionPool(host='api.edinet-fsa.go.jp', port=443): Max retries exceeded with url: /api/v2/documents.json?date=2026-03-20&type=2&Subscription-Key=7b4a7fa53e584fce81d20940ee295bef (Caused by NameResolutionError("HTTPSConnection(host='api.edinet-fsa.go.jp', port=443): Failed to resolve 'api.edinet-fsa.go.jp' ([Errno 11001] getaddrinfo failed)"))
2026-03-20 18:08:33 [WARNING]   documents.json 取得失敗 (2/3): HTTPSConnectionPool(host='api.edinet-fsa.go.jp', port=443): Max retries exceeded with url: /api/v2/documents.json?date=2026-03-20&type=2&Subscription-Key=7b4a7fa53e584fce81d20940ee295bef (Caused by NameResolutionError("HTTPSConnection(host='api.edinet-fsa.go.jp', port=443): Failed to resolve 'api.edinet-fsa.go.jp' ([Errno 11001] getaddrinfo failed)"))
2026-03-20 18:08:48 [WARNING]   documents.json 取得失敗 (3/3): HTTPSConnectionPool(host='api.edinet-fsa.go.jp', port=443): Max retries exceeded with url: /api/v2/documents.json?date=2026-03-20&type=2&Subscription-Key=7b4a7fa53e584fce81d20940ee295bef (Caused by NameResolutionError("HTTPSConnection(host='api.edinet-fsa.go.jp', port=443): Failed to resolve 'api.edinet-fsa.go.jp' ([Errno 11001] getaddrinfo failed)"))
2026-03-20 18:08:59 [WARNING]   documents.json 取得失敗 (1/3): HTTPSConnectionPool(host='api.edinet-fsa.go.jp', port=443): Max retries exceeded with url: /api/v2/documents.json?date=2026-03-19&type=2&Subscription-Key=7b4a7fa53e584fce81d20940ee295bef (Caused by NameResolutionError("HTTPSConnection(host='api.edinet-fsa.go.jp', port=443): Failed to resolve 'api.edinet-fsa.go.jp' ([Errno 11001] getaddrinfo failed)"))
2026-03-20 18:09:12 [WARNING]   documents.json 取得失敗 (2/3): HTTPSConnectionPool(host='api.edinet-fsa.go.jp', port=443): Max retries exceeded with url: /api/v2/documents.json?date=2026-03-19&type=2&Subscription-Key=7b4a7fa53e584fce81d20940ee295bef (Caused by NameResolutionError("HTTPSConnection(host='api.edinet-fsa.go.jp', port=443): Failed to resolve 'api.edinet-fsa.go.jp' ([Errno 11001] getaddrinfo failed)"))
2026-03-20 18:09:23 [INFO]   2026-03-19: 439 件取得
2026-03-20 18:09:23 [INFO] SUMMARY fetched=439 candidate=117 processed=0 html_ok=0 pdf_ok=0 failed=0 target_hits=0 new_hits=0 notified=0 no_prev_snapshot=0 skipped_seen=117 skipped_status=0 errors=0
[2026/03/20 18:09:23.62] ==== END exit_code=0 ==== 
[2026/03/20 18:13:08.36] ==== START edinet_shareholder_watch ==== 
2026-03-20 18:13:09 [INFO] === EDINET 株主欄監視 開始 ===
2026-03-20 18:13:09 [INFO] 対象株主: 井村俊哉, 片山晃
2026-03-20 18:13:09 [INFO] モード: once
2026-03-20 18:13:09 [INFO]   2026-03-20: 0 件取得
2026-03-20 18:13:09 [INFO]   2026-03-19: 439 件取得
2026-03-20 18:13:09 [INFO] SUMMARY fetched=439 candidate=117 processed=0 html_ok=0 pdf_ok=0 failed=0 target_hits=0 new_hits=0 notified=0 no_prev_snapshot=0 skipped_seen=117 skipped_status=0 errors=0
[2026/03/20 18:13:09.38] ==== END exit_code=0 ==== 
[2026/03/20 18:18:08.38] ==== START edinet_shareholder_watch ==== 
2026-03-20 18:18:09 [INFO] === EDINET 株主欄監視 開始 ===
2026-03-20 18:18:09 [INFO] 対象株主: 井村俊哉, 片山晃
2026-03-20 18:18:09 [INFO] モード: once
2026-03-20 18:18:09 [INFO]   2026-03-20: 0 件取得
2026-03-20 18:18:09 [INFO]   2026-03-19: 439 件取得
2026-03-20 18:18:09 [INFO] SUMMARY fetched=439 candidate=117 processed=0 html_ok=0 pdf_ok=0 failed=0 target_hits=0 new_hits=0 notified=0 no_prev_snapshot=0 skipped_seen=117 skipped_status=0 errors=0
[2026/03/20 18:18:09.30] ==== END exit_code=0 ==== 
