[2026/03/01 10:11:15.73] START 
[10:11:16] companies を取得中...
[10:11:16]   → 10 社
[10:11:16] periods を取得中...
[10:11:16]   → 10 期間
[10:11:16] v_latest_facts を取得中...
[10:11:16]   → 10 件
[10:11:16] 集約後: 10 行
[10:11:16] [GEN] data.xlsx 生成完了: 10 行 -> C:\Users\takuy\OneDrive\data.xlsx

==================================================
  data.xlsx 生成ツール
==================================================

==================================================
  ✅ 成功
==================================================
  出力ファイル : C:\Users\takuy\OneDrive\data.xlsx
  データ行数   : 10 行
  更新日時     : 2026-03-01 10:11:16
  エラー       : 0
==================================================

