[2026/03/07 23:58:28.71] START 
[23:58:29] public.financials を取得中...
[23:58:39]   → 72,490 行取得
[23:58:39]   → ソート完了: ticker ASC → period DESC → quarter DESC
[23:58:39]   → 3,820 tickers
[23:58:40] [SEGMENT] SQLite DB: C:\Users\takuy\OneDrive\tdnet-excel-input\decision_db.db
[23:58:40] [SEG] segment_financials_clean VIEW を再作成しました
[23:58:40] [SEG] segment_financials_clean: 1,765 行取得
[23:58:40] [SEG] 縦持ち変換後: 3,326 行
[23:58:40] [GEN] SEGMENT_DATA シート: 3,326 行
[23:58:44] [GEN] data.xlsx 生成完了: 72,490 行 -> C:\Users\takuy\OneDrive\data.xlsx
[23:58:44] [GEN] === 検証サマリ ===
[23:58:44] [GEN]   financials     : 72,490 行
[23:58:44] [GEN]   tickers        : 3,820
[23:58:44] [GEN]   DATA出力行数   : 72,490 行
[23:58:44] [GEN]   SEGMENT_DATA   : 3,326 行
[23:58:44] [GEN]   生成日時       : 2026-03-07 23:58:29
[23:58:44] [GEN]   出力先         : C:\Users\takuy\OneDrive\data.xlsx

==================================================
  data.xlsx 生成ツール
  ソース: Supabase public.financials
==================================================

==================================================
  ✅ 成功
==================================================
  出力ファイル : C:\Users\takuy\OneDrive\data.xlsx
  DATA行数     : 72,490 行
  SEGMENT行数  : 3,326 行
  ticker数     : 3,820
  生成日時     : 2026-03-07 23:58:29
  エラー       : 0
==================================================

