[2026/02/28 23:32:01.45] START 
[23:32:01] companies を取得中...
[23:32:02]   → 10 社
[23:32:02] periods を取得中...
[23:32:02]   → 10 期間
[23:32:02] v_latest_facts を取得中...
[23:32:02]   → 10 件
[23:32:02] 集約後: 10 行
[23:32:02] [GEN] data.xlsx 生成完了: 10 行 -> C:\Users\takuy\OneDrive\tdnet-excel-input\data\data.xlsx

==================================================
  data.xlsx 生成ツール
==================================================

==================================================
  ✅ 成功
==================================================
  出力ファイル : data\data.xlsx
  データ行数   : 10 行
  更新日時     : 2026-02-28 23:32:01
  エラー       : 0
==================================================

