[2026/03/02 23:58:29.14] START 
[23:58:29] companies を取得中...
[23:58:30]   → 2754 社
[23:58:30] periods を取得中...
[23:58:41]   → 91630 期間
[23:58:41] facts を取得中...
[23:59:13]   → 183403 件
[23:59:13] 集約後: 66075 行
[23:59:18] [GEN] data.xlsx 生成完了: 66075 行 -> C:\Users\takuy\OneDrive\data.xlsx
[23:59:18] [GEN] === 検証サマリ ===
[23:59:18] [GEN]   companies      : 2754 社
[23:59:18] [GEN]   periods        : 91630 期間
[23:59:18] [GEN]   v_latest_facts : 183403 件 (raw)
[23:59:18] [GEN]   集約後行数     : 66075 行
[23:59:18] [GEN]   出力行数       : 66075 行
[23:59:18] [GEN]   出力先         : C:\Users\takuy\OneDrive\data.xlsx

==================================================
  data.xlsx 生成ツール
==================================================

==================================================
  ✅ 成功
==================================================
  出力ファイル : C:\Users\takuy\OneDrive\data.xlsx
  データ行数   : 66075 行
  更新日時     : 2026-03-02 23:58:29
  エラー       : 0
==================================================

