[2026/03/08 23:58:29.28] START 
[23:58:31] public.financials を取得中...
[23:58:52]   → 138,490 行取得
[23:58:52]   → ソート完了: ticker ASC → period DESC → quarter DESC
[23:58:52]   → 3,954 tickers
[23:58:55] [SEGMENT] SQLite DB: C:\Users\takuy\OneDrive\tdnet-excel-input\decision_db.db
[23:58:55] [SEG] segment_financials_clean VIEW を再作成しました
[23:58:55] [SEG] segment_financials_clean: 1,765 行取得
[23:58:55] [SEG] 縦持ち変換後: 3,326 行
[23:58:55] [GEN] SEGMENT_DATA シート: 3,326 行
[23:58:55] [FORECAST] 4 行構築
[23:58:55] [MONTHLY] 0 行構築
[23:58:55] [KPI] 0 行構築
[23:58:55] [SHEET] FORECAST_REVISION: 4 行書込み
[23:58:55] [SHEET] MONTHLY_DATA: データなし — シートスキップ
[23:58:55] [SHEET] KPI_DATA: データなし — シートスキップ
[23:58:55] [GEN] FORECAST=4 MONTHLY=0 KPI=0
[23:59:02] [GEN] data.xlsx 生成完了: 138,490 行 -> C:\Users\takuy\OneDrive\data.xlsx
[23:59:02] [GEN] === 検証サマリ ===
[23:59:02] [GEN]   financials     : 138,490 行
[23:59:02] [GEN]   tickers        : 3,954
[23:59:02] [GEN]   DATA出力行数   : 138,490 行
[23:59:02] [GEN]   SEGMENT_DATA   : 3,326 行
[23:59:02] [GEN]   生成日時       : 2026-03-08 23:58:31
[23:59:02] [GEN]   出力先         : C:\Users\takuy\OneDrive\data.xlsx

==================================================
  data.xlsx 生成ツール
  ソース: Supabase public.financials
==================================================

==================================================
  ✅ 成功
==================================================
  出力ファイル : C:\Users\takuy\OneDrive\data.xlsx
  DATA行数     : 138,490 行
  SEGMENT行数  : 3,326 行
  FORECAST行数 : 4 行
  MONTHLY行数  : 0 行
  KPI行数      : 0 行
  ticker数     : 3,954
  生成日時     : 2026-03-08 23:58:31
  エラー       : 0
==================================================

