[2026/03/01 10:05:08.56] START 
[10:05:08] companies を取得中...
[10:05:09]   → 10 社
[10:05:09] periods を取得中...
[10:05:09]   → 10 期間
[10:05:09] v_latest_facts を取得中...
[10:05:09]   → 10 件
[10:05:09] 集約後: 10 行
[10:05:09] [GEN] data.xlsx 生成完了: 10 行 -> C:\Users\takuy\OneDrive\data.xlsx

==================================================
  data.xlsx 生成ツール
==================================================

==================================================
  ✅ 成功
==================================================
  出力ファイル : C:\Users\takuy\OneDrive\data.xlsx
  データ行数   : 10 行
  更新日時     : 2026-03-01 10:05:08
  エラー       : 0
==================================================

