[2026/03/03 23:58:28.86] START 
[23:58:29] public.financials を取得中...
[23:58:40]   → 72,490 行取得
[23:58:40]   → 3,820 tickers
[23:58:44] [GEN] data.xlsx 生成完了: 72,490 行 -> C:\Users\takuy\OneDrive\data.xlsx
[23:58:44] [GEN] === 検証サマリ ===
[23:58:44] [GEN]   financials     : 72,490 行
[23:58:44] [GEN]   tickers        : 3,820
[23:58:44] [GEN]   出力行数       : 72,490 行
[23:58:44] [GEN]   生成日時       : 2026-03-03 23:58:29
[23:58:44] [GEN]   出力先         : C:\Users\takuy\OneDrive\data.xlsx

==================================================
  data.xlsx 生成ツール
  ソース: Supabase public.financials
==================================================

==================================================
  ✅ 成功
==================================================
  出力ファイル : C:\Users\takuy\OneDrive\data.xlsx
  データ行数   : 72,490 行
  ticker数     : 3,820
  生成日時     : 2026-03-03 23:58:29
  エラー       : 0
==================================================

