[2026/02/28 23:41:53.03] START 
[23:41:53] companies を取得中...
[23:41:53]   → 10 社
[23:41:53] periods を取得中...
[23:41:53]   → 10 期間
[23:41:53] v_latest_facts を取得中...
[23:41:53]   → 10 件
[23:41:53] 集約後: 10 行
[23:41:53] [GEN] data.xlsx 生成完了: 10 行 -> C:\Users\takuy\OneDrive\tdnet-excel-input\data\data.xlsx

==================================================
  data.xlsx 生成ツール
==================================================

==================================================
  ✅ 成功
==================================================
  出力ファイル : data\data.xlsx
  データ行数   : 10 行
  更新日時     : 2026-02-28 23:41:53
  エラー       : 0
==================================================

