[2026/02/28 23:42:11.39] START 
[23:42:11] companies を取得中...
[23:42:11]   → 10 社
[23:42:11] periods を取得中...
[23:42:11]   → 10 期間
[23:42:11] v_latest_facts を取得中...
[23:42:12]   → 10 件
[23:42:12] 集約後: 10 行
[23:42:12] [GEN] data.xlsx 生成完了: 10 行 -> C:\Users\takuy\OneDrive\tdnet-excel-input\data\data.xlsx

==================================================
  data.xlsx 生成ツール
==================================================

==================================================
  ✅ 成功
==================================================
  出力ファイル : data\data.xlsx
  データ行数   : 10 行
  更新日時     : 2026-02-28 23:42:11
  エラー       : 0
==================================================

