[2026/02/28 23:43:06.05] START 
[23:43:06] companies を取得中...
[23:43:06]   → 10 社
[23:43:06] periods を取得中...
[23:43:06]   → 10 期間
[23:43:06] v_latest_facts を取得中...
[23:43:06]   → 10 件
[23:43:06] 集約後: 10 行
[23:43:06] [GEN] data.xlsx 生成完了: 10 行 -> C:\Users\takuy\OneDrive\data.xlsx

==================================================
  data.xlsx 生成ツール
==================================================

==================================================
  ✅ 成功
==================================================
  出力ファイル : C:\Users\takuy\OneDrive\data.xlsx
  データ行数   : 10 行
  更新日時     : 2026-02-28 23:43:06
  エラー       : 0
==================================================

