[2026/03/01 10:06:27.50] START 
[10:06:27] companies を取得中...
[10:06:28]   → 10 社
[10:06:28] periods を取得中...
[10:06:28]   → 10 期間
[10:06:28] v_latest_facts を取得中...
[10:06:28]   → 10 件
[10:06:28] 集約後: 10 行
[10:06:28] [GEN] data.xlsx 生成完了: 10 行 -> C:\Users\takuy\OneDrive\data.xlsx

==================================================
  data.xlsx 生成ツール
==================================================

==================================================
  ✅ 成功
==================================================
  出力ファイル : C:\Users\takuy\OneDrive\data.xlsx
  データ行数   : 10 行
  更新日時     : 2026-03-01 10:06:27
  エラー       : 0
==================================================

