[2026/02/28 23:42:29.51] START 
[23:42:29] companies を取得中...
[23:42:29]   → 10 社
[23:42:29] periods を取得中...
[23:42:29]   → 10 期間
[23:42:30] v_latest_facts を取得中...
[23:42:30]   → 10 件
[23:42:30] 集約後: 10 行
[23:42:30] [GEN] data.xlsx 生成完了: 10 行 -> C:\Users\takuy\OneDrive\tdnet-excel-input\data\data.xlsx

==================================================
  data.xlsx 生成ツール
==================================================

==================================================
  ✅ 成功
==================================================
  出力ファイル : data\data.xlsx
  データ行数   : 10 行
  更新日時     : 2026-02-28 23:42:29
  エラー       : 0
==================================================

