[2026/03/01  0:00:10.92] START 
[00:00:11] companies を取得中...
[00:00:12]   → 10 社
[00:00:12] periods を取得中...
[00:00:12]   → 10 期間
[00:00:12] v_latest_facts を取得中...
[00:00:12]   → 10 件
[00:00:12] 集約後: 10 行
[00:00:12] [GEN] data.xlsx 生成完了: 10 行 -> C:\Users\takuy\OneDrive\data.xlsx

==================================================
  data.xlsx 生成ツール
==================================================

==================================================
  ✅ 成功
==================================================
  出力ファイル : C:\Users\takuy\OneDrive\data.xlsx
  データ行数   : 10 行
  更新日時     : 2026-03-01 00:00:11
  エラー       : 0
==================================================

