START 2026/03/05 15:30:00.47 
[Step 1/8] TDnet ingest... 
============================================================
  TDNET Ingest - ワンショット実行
============================================================

[DB]   C:\Users\takuy\OneDrive\tdnet-excel-input\decision_db.db

[2026-03-05 15:30:01] [INFO] [API] yanoshin.jp APIから取得中: https://webapi.yanoshin.jp/webapi/tdnet/list/today.json
[2026-03-05 15:30:01] [INFO] [API] detected_schema=items, raw_items_count=67
[2026-03-05 15:30:01] [INFO] [API] first_item_preview: id=11c8d1522ff0..., pubdate=2026-03-05 15:00:00, title=「iFreeETF 日経平均レバレッジ・インデックス」「iFreeETF TOP, code=1365
[2026-03-05 15:30:01] [INFO] [API] fetched_count=67
[2026-03-05 15:30:01] [INFO] [API] skip_reason=instrument_excluded, code=1365, name=ｉＦ２２５ダブル, title=「iFreeETF 日経平均レバレッジ・インデックス」「iFreeETF TOPIXレバレッジ（２倍
[2026-03-05 15:30:01] [INFO] [API] skip_reason=instrument_excluded, code=1367, name=ｉＦＴＰＸダブル, title=「iFreeETF 日経平均レバレッジ・インデックス」「iFreeETF TOPIXレバレッジ（２倍
[2026-03-05 15:30:01] [INFO] [API] skip_reason=instrument_excluded, code=13494, name=Ｅ－ＳＳＧＡ－ＳＩＮ, title=アジア国債・公債ＥＴＦ（正式名称：ＡＢＦ汎アジア債券インデックス・ファンド）に関する日々の開示事項
[2026-03-05 15:30:01] [INFO] [API] skip_reason=instrument_excluded, code=15574, name=Ｅ－ＳＳＧＡＴＣ, title=State Street SPDR S&amp;P500 ETFに関する日々の開示事項
[2026-03-05 15:30:01] [INFO] [API] skip_reason=instrument_excluded, code=20704, name=Ｎ－三菱ＵＦＪ証ＨＤ, title=上場ETN（発行者：三菱UFJ証券ホールディングス株式会社）に関する日々の開示事項
[2026-03-05 15:30:01] [INFO] [API] skip_reason=instrument_excluded, code=15624, name=Ｅ－三井住友ＤＳＡＭ, title=上場ＥＴＦ（管理会社：三井住友DSアセットマネジメント）に関する日々の開示事項
[2026-03-05 15:30:01] [INFO] [API] skip_reason=instrument_excluded, code=16714, name=Ｅ－シンプレクス, title=上場ＥＴＦ(管理会社：シンプレクス・アセット・マネジメント)に関する日々の開示事項
[2026-03-05 15:30:01] [INFO] [API] skip_reason=instrument_excluded, code=13294, name=Ｅ－ブラックロック, title=上場ETF（管理会社：ブラックロック・ジャパン）に関する日々の開示事項
[2026-03-05 15:30:01] [INFO] [API] skip_reason=instrument_excluded, code=16724, name=Ｅ－ＷｉｓｄｏｍＴｒ, title=上場ETF（管理会社：WisdomTree、外国投資法人：MSL）に関する日々の開示事項　
[2026-03-05 15:30:01] [INFO] [API] skip_reason=instrument_excluded, code=16724, name=Ｅ－ＷｉｓｄｏｍＴｒ, title=上場ETF（管理会社：WisdomTree、外国投資法人：CSL）に関する日々の開示事項　
[2026-03-05 15:30:01] [INFO] [API] instrument_skipped_count=10
[2026-03-05 15:30:01] [INFO] [API] fetched_count=67, filtered_count=7, forecast_revision_count=1, financial_statement_count=6
[2026-03-05 15:30:01] [INFO] [API] new_count=7
[2026-03-05 15:30:01] [INFO] [DL] ダウンロード中: https://webapi.yanoshin.jp/rd.php?https://www.release.tdnet.info/inbs/140120260305576604.pdf
[2026-03-05 15:30:02] [INFO] [DL] 保存完了: C:\Users\takuy\OneDrive\tdnet-excel-input\data\docs\140120260305576604.pdf (293.6KB)
[2026-03-05 15:30:02] [INFO] [抽出] PDF抽出を試行: C:\Users\takuy\OneDrive\tdnet-excel-input\data\docs\140120260305576604.pdf
[2026-03-05 15:30:02] [INFO] [抽出] PDF抽出成功: sales=705322, op=1044724
[2026-03-05 15:30:02] [WARNING] [INGEST] doc_id=92cf1bca0d79bcd2 zip_hash=fe0736abd8e54d1155400019bfd6b6f49b588bd570b7c3ba0246a6088c180fa4 status=parse_failed reason=年度/Q不明: year=R8/1, q=
[2026-03-05 15:30:02] [INFO] [DL] ダウンロード中: https://webapi.yanoshin.jp/rd.php?https://www.release.tdnet.info/inbs/140120260305576617.pdf
[2026-03-05 15:30:02] [INFO] [DL] 保存完了: C:\Users\takuy\OneDrive\tdnet-excel-input\data\docs\140120260305576617.pdf (299.2KB)
[2026-03-05 15:30:03] [INFO] [抽出] PDF抽出を試行: C:\Users\takuy\OneDrive\tdnet-excel-input\data\docs\140120260305576617.pdf
[2026-03-05 15:30:03] [INFO] [抽出] PDF抽出成功: sales=19568, op=57137
[2026-03-05 15:30:03] [WARNING] [INGEST] doc_id=5ce88f6c623b8d35 zip_hash=0ee7e1282761a9f753726b3213f1cfe5848aa512d48d3413e061a6ffd720606c status=parse_failed reason=年度/Q不明: year=R8/1, q=
[2026-03-05 15:30:03] [INFO] [DL] ダウンロード中: https://webapi.yanoshin.jp/rd.php?https://www.release.tdnet.info/inbs/140120260305576635.pdf
[2026-03-05 15:30:03] [INFO] [DL] 保存完了: C:\Users\takuy\OneDrive\tdnet-excel-input\data\docs\140120260305576635.pdf (292.4KB)
[2026-03-05 15:30:03] [INFO] [抽出] PDF抽出を試行: C:\Users\takuy\OneDrive\tdnet-excel-input\data\docs\140120260305576635.pdf
[2026-03-05 15:30:04] [INFO] [抽出] PDF抽出成功: sales=27703, op=55497
[2026-03-05 15:30:04] [WARNING] [INGEST] doc_id=dd950fe6891f10ae zip_hash=01d4549d70c97f7760e56965ce7b51cc6c59e04d660e83273fb162c56d30a0bd status=parse_failed reason=年度/Q不明: year=R8/1, q=
[2026-03-05 15:30:04] [INFO] [DL] ダウンロード中: https://webapi.yanoshin.jp/rd.php?https://www.release.tdnet.info/inbs/140120260305576644.pdf
[2026-03-05 15:30:04] [INFO] [DL] 保存完了: C:\Users\takuy\OneDrive\tdnet-excel-input\data\docs\140120260305576644.pdf (295.5KB)
[2026-03-05 15:30:04] [INFO] [抽出] PDF抽出を試行: C:\Users\takuy\OneDrive\tdnet-excel-input\data\docs\140120260305576644.pdf
[2026-03-05 15:30:04] [INFO] [抽出] PDF抽出成功: sales=2712, op=19627
[2026-03-05 15:30:04] [WARNING] [INGEST] doc_id=829229e1e25e7184 zip_hash=81253b26f1535353f62ff20b5dde237259dcf3ed27bf03f988c875a3807245f8 status=parse_failed reason=年度/Q不明: year=R8/1, q=
[2026-03-05 15:30:04] [INFO] [DL] ダウンロード中: https://webapi.yanoshin.jp/rd.php?https://www.release.tdnet.info/inbs/140120260217563972.pdf
[2026-03-05 15:30:05] [INFO] [DL] 保存完了: C:\Users\takuy\OneDrive\tdnet-excel-input\data\docs\140120260217563972.pdf (338.1KB)
[2026-03-05 15:30:05] [INFO] [DL] ダウンロード中: https://webapi.yanoshin.jp/rd.php?https://www.release.tdnet.info/inbs/081220260217563972.zip
[2026-03-05 15:30:05] [INFO] [DL] 保存完了: C:\Users\takuy\OneDrive\tdnet-excel-input\data\docs\081220260217563972.zip (69.3KB)
[2026-03-05 15:30:05] [INFO] [抽出] XBRL抽出を試行: C:\Users\takuy\OneDrive\tdnet-excel-input\data\docs\081220260217563972.zip
[2026-03-05 15:30:05] [INFO] [XBRL] 未知の財務タグ検出: ['tse-ed-t:ChangeInComprehensiveIncome', 'tse-ed-t:ChangeInNetSales', 'tse-ed-t:ChangeInOperatingIncome', 'tse-ed-t:ChangeInOrdinaryIncome', 'tse-ed-t:ChangeInProfitAttributableToOwnersOfParent', 'tse-ed-t:ComprehensiveIncome', 'tse-ed-t:DilutedNetIncomePerShare', 'tse-ed-t:NetIncomePerShare', 'tse-ed-t:ProfitAttributableToOwnersOfParent']
[2026-03-05 15:30:05] [INFO] [XBRL] ZIP内ファイルから抽出成功: XBRLData/Summary/tse-scedjpsy-31720-20260217563972-ixbrl.htm
[2026-03-05 15:30:05] [INFO] [抽出] XBRL抽出成功: sales=5329000000, op=158000000
[2026-03-05 15:30:05] [INFO] [INGEST] doc_id=c5eb72605e01d2af zip_hash=933874b6f0199bc147587c4b631f81b15b240a298e9bf88ddfa99a026aebe3e8 status=success 3172 2026-07-31 4Q sales=5329000000 gp=None op=158000000
[2026-03-05 15:30:06] [INFO] [SEGMENT] 3172 quarantine: segment_table_found_but_no_sales_profit_columns
[2026-03-05 15:30:06] [INFO] [DL] ダウンロード中: https://webapi.yanoshin.jp/rd.php?https://www.release.tdnet.info/inbs/140120260304576061.pdf
[2026-03-05 15:30:06] [INFO] [DL] 保存完了: C:\Users\takuy\OneDrive\tdnet-excel-input\data\docs\140120260304576061.pdf (589.8KB)
[2026-03-05 15:30:06] [INFO] [DL] ダウンロード中: https://webapi.yanoshin.jp/rd.php?https://www.release.tdnet.info/inbs/081220260304576061.zip
[2026-03-05 15:30:07] [INFO] [DL] 保存完了: C:\Users\takuy\OneDrive\tdnet-excel-input\data\docs\081220260304576061.zip (146.7KB)
[2026-03-05 15:30:07] [INFO] [抽出] XBRL抽出を試行: C:\Users\takuy\OneDrive\tdnet-excel-input\data\docs\081220260304576061.zip
[2026-03-05 15:30:07] [INFO] [XBRL] 未知の財務タグ検出: ['tse-ed-t:CashFlowsFromOperatingActivities', 'tse-ed-t:ChangeInComprehensiveIncome', 'tse-ed-t:ChangeInNetIncome', 'tse-ed-t:ChangeInNetSales', 'tse-ed-t:ChangeInOperatingIncome', 'tse-ed-t:ChangeInOrdinaryIncome', 'tse-ed-t:ChangeInProfitAttributableToOwnersOfParent', 'tse-ed-t:ComprehensiveIncome', 'tse-ed-t:DilutedNetIncomePerShare', 'tse-ed-t:InvestmentProfitLossOnEquityMethod', 'tse-ed-t:NetIncome', 'tse-ed-t:NetIncomePerShare', 'tse-ed-t:NetIncomeToShareholdersEquityRatio', 'tse-ed-t:OperatingIncomeToNetSalesRatio', 'tse-ed-t:OrdinaryIncomeToTotalAssetsRatio', 'tse-ed-t:ProfitAttributableToOwnersOfParent']
[2026-03-05 15:30:07] [INFO] [XBRL] ZIP内ファイルから抽出成功: XBRLData/Summary/tse-acedjpsm-19280-20260305319280-ixbrl.htm
[2026-03-05 15:30:07] [INFO] [抽出] XBRL抽出成功: sales=4197922000000, op=341402000000
[2026-03-05 15:30:07] [INFO] [INGEST] doc_id=9d76a7718fd1f381 zip_hash=2bc997a3b6500b05a7783ed34e9d15a9e104a0c4ebbf1ecab80b26c38c60c4ad status=success 1928 2026-01-31 4Q sales=4197922000000 gp=None op=341402000000
[2026-03-05 15:30:07] [INFO] [ORDER] 1928 quarantine: orders_total: キーワード'受注高'はあるが合計行が見つからない; backlog_total: キーワード'受注残高'はあるが合計行が見つからない
[2026-03-05 15:30:09] [INFO] [SEGMENT] 1928 4Q 戸建住宅事業: sales=479091 profit=None (inserted)
[2026-03-05 15:30:09] [INFO] [SEGMENT] 1928 4Q 請 賃貸・事業用建物事業: sales=544934 profit=None (inserted)
[2026-03-05 15:30:09] [INFO] [SEGMENT] 1928 4Q 建築・土木事業: sales=325024 profit=None (inserted)
[2026-03-05 15:30:09] [INFO] [SEGMENT] 1928 4Q 小 計: sales=1349050 profit=None (inserted)
[2026-03-05 15:30:09] [INFO] [SEGMENT] 1928 4Q ス 賃貸住宅管理事業: sales=687119 profit=None (inserted)
[2026-03-05 15:30:09] [INFO] [SEGMENT] 1928 4Q ッ リフォーム事業: sales=183868 profit=None (inserted)
[2026-03-05 15:30:09] [INFO] [SEGMENT] 1928 4Q 小 計: sales=870988 profit=None (updated)
[2026-03-05 15:30:09] [INFO] [SEGMENT] 1928 4Q 仲介・不動産事業: sales=356060 profit=None (inserted)
[2026-03-05 15:30:09] [INFO] [SEGMENT] 1928 4Q 開 マンション事業: sales=102494 profit=None (inserted)
[2026-03-05 15:30:09] [INFO] [SEGMENT] 1928 4Q 型 都市再開発事業: sales=124021 profit=None (inserted)
[2026-03-05 15:30:09] [INFO] [SEGMENT] 1928 4Q 開発事業 計: sales=582576 profit=None (inserted)
[2026-03-05 15:30:09] [INFO] [SEGMENT] 1928 4Q 国際事業: sales=1278511 profit=None (inserted)
[2026-03-05 15:30:09] [INFO] [SEGMENT] 1928 4Q その他: sales=14066 profit=None (inserted)
[2026-03-05 15:30:09] [INFO] [SEGMENT] 1928 4Q 連 結: sales=4058583 profit=None (inserted)
[2026-03-05 15:30:09] [INFO] [INGEST] run=ingest-a9245b50 processed=6 success=2 skipped=0 error=4 (tanshin=6)
============================================================
  結果サマリ
============================================================
  run_id          : ingest-a9245b50
  取得開示数      : 7
  対象(決算短信)  : 6
  処理件数        : 6
  INSERT          : 2
  UPDATE          : 0
  変更なし        : 0
  成功            : 2
  スキップ        : 0
  エラー          : 4
  失敗コード      : 154, 1541, 1542, 1543

[個別結果]
  [!] error      | 年度/Q不明: year=R8/1, q=
  [!] error      | 年度/Q不明: year=R8/1, q=
  [!] error      | 年度/Q不明: year=R8/1, q=
  [!] error      | 年度/Q不明: year=R8/1, q=
  [+] inserted   | 3172 2026-07-31 4Q sales=5329000000 gp=None op=158000000
  [+] inserted   | 1928 2026-01-31 4Q sales=4197922000000 gp=None op=341402000000

[TICKERS] 2 items -> C:\Users\takuy\OneDrive\tdnet-excel-input\logs\last_ingested_items.json
[Step 2/8] SQLite to Supabase push... 
[15:30:09] [PUSH] SQLite総行数: 91632, 今回対象: 91632 件
[15:30:09] [Phase 1/4] companies 一括 upsert...
[15:30:11]   → 2758 社 完了 (1.8秒)
[15:30:11] [Phase 2/4] periods 一括 upsert...
[15:30:33]   → 91632 期間 完了 (23.4秒)
[15:30:33] [Phase 3/4] disclosures 一括 upsert...
[15:30:33]   対象 disclosure: 91632 件
[15:30:52]   既存 disclosure: 183264 件
[15:30:52]   新規 insert: 1 件
[15:30:52]   → 183265 disclosure 完了 (43.1秒)
[15:30:52] [Phase 4/4] facts 一括 upsert (batch=500, offset=0)...
[15:30:53]   batch 1: 226/91632 (0.2%) facts=500 sanitized=0 経過=44秒 残り≈17598秒
[15:30:53]   batch 2: 477/91632 (0.5%) facts=1002 sanitized=0 経過=44秒 残り≈8387秒
[15:30:53]   batch 3: 709/91632 (0.8%) facts=1503 sanitized=0 経過=44秒 残り≈5667秒
[15:30:54]   batch 4: 959/91632 (1.0%) facts=2005 sanitized=0 経過=45秒 残り≈4217秒
[15:30:54]   batch 5: 1188/91632 (1.3%) facts=2505 sanitized=0 経過=45秒 残り≈3433秒
[15:30:55]   batch 6: 1439/91632 (1.6%) facts=3006 sanitized=0 経過=45秒 残り≈2845秒
[15:30:55]   batch 7: 1668/91632 (1.8%) facts=3507 sanitized=0 経過=46秒 残り≈2460秒
[15:30:55]   batch 8: 1909/91632 (2.1%) facts=4007 sanitized=0 経過=46秒 残り≈2155秒
[15:30:55]   batch 9: 2144/91632 (2.3%) facts=4507 sanitized=0 経過=46秒 残り≈1922秒
[15:30:55]   batch 10: 2370/91632 (2.6%) facts=5007 sanitized=0 経過=46秒 残り≈1742秒
[15:30:56]   batch 11: 2626/91632 (2.9%) facts=5509 sanitized=0 経過=46秒 残り≈1574秒
[15:30:56]   batch 12: 2863/91632 (3.1%) facts=6011 sanitized=0 経過=47秒 残り≈1446秒
[15:30:56]   batch 13: 3129/91632 (3.4%) facts=6512 sanitized=0 経過=47秒 残り≈1326秒
[15:30:56]   batch 14: 3375/91632 (3.7%) facts=7014 sanitized=0 経過=47秒 残り≈1231秒
[15:30:57]   batch 15: 3638/91632 (4.0%) facts=7514 sanitized=0 経過=47秒 残り≈1144秒
[15:30:57]   batch 16: 3884/91632 (4.2%) facts=8015 sanitized=0 経過=48秒 残り≈1073秒
[15:30:57]   batch 17: 4134/91632 (4.5%) facts=8517 sanitized=0 経過=48秒 残り≈1010秒
[15:30:57]   batch 18: 4384/91632 (4.8%) facts=9017 sanitized=0 経過=48秒 残り≈955秒
[15:30:57]   batch 19: 4621/91632 (5.0%) facts=9518 sanitized=0 経過=48秒 残り≈909秒
[15:30:58]   batch 20: 4871/91632 (5.3%) facts=10020 sanitized=0 経過=48秒 残り≈863秒
[15:30:58]   batch 21: 5095/91632 (5.6%) facts=10521 sanitized=0 経過=49秒 残り≈829秒
[15:30:58]   batch 22: 5353/91632 (5.8%) facts=11021 sanitized=0 経過=49秒 残り≈793秒
[15:30:59]   batch 23: 5611/91632 (6.1%) facts=11523 sanitized=0 経過=50秒 残り≈767秒
[15:31:00]   batch 24: 5843/91632 (6.4%) facts=12024 sanitized=0 経過=51秒 残り≈742秒
[15:31:00]   batch 25: 6114/91632 (6.7%) facts=12526 sanitized=0 経過=51秒 残り≈710秒
[15:31:00]   batch 26: 6350/91632 (6.9%) facts=13028 sanitized=0 経過=51秒 残り≈686秒
[15:31:00]   batch 27: 6589/91632 (7.2%) facts=13530 sanitized=0 経過=51秒 残り≈662秒
[15:31:01]   batch 28: 6851/91632 (7.5%) facts=14030 sanitized=0 経過=52秒 残り≈638秒
[15:31:01]   batch 29: 7104/91632 (7.8%) facts=14531 sanitized=0 経過=52秒 残り≈617秒
[15:31:01]   batch 30: 7345/91632 (8.0%) facts=15033 sanitized=0 経過=52秒 残り≈598秒
[15:31:02]   batch 31: 7595/91632 (8.3%) facts=15535 sanitized=0 経過=52秒 残り≈579秒
[15:31:02]   batch 32: 7841/91632 (8.6%) facts=16037 sanitized=0 経過=53秒 残り≈562秒
[15:31:02]   batch 33: 8093/91632 (8.8%) facts=16537 sanitized=0 経過=53秒 残り≈545秒
[15:31:02]   batch 34: 8328/91632 (9.1%) facts=17038 sanitized=0 経過=53秒 残り≈531秒
[15:31:02]   batch 35: 8579/91632 (9.4%) facts=17538 sanitized=0 経過=53秒 残り≈516秒
[15:31:03]   batch 36: 8802/91632 (9.6%) facts=18038 sanitized=0 経過=54秒 残り≈504秒
[15:31:03]   batch 37: 9024/91632 (9.8%) facts=18538 sanitized=0 経過=54秒 残り≈492秒
[15:31:03]   batch 38: 9252/91632 (10.1%) facts=19038 sanitized=0 経過=54秒 残り≈483秒
[15:31:04]   batch 39: 9500/91632 (10.4%) facts=19540 sanitized=0 経過=55秒 残り≈473秒
[15:31:04]   batch 40: 9736/91632 (10.6%) facts=20040 sanitized=0 経過=55秒 残り≈463秒
[15:31:05]   batch 41: 9976/91632 (10.9%) facts=20542 sanitized=0 経過=55秒 残り≈454秒
[15:31:05]   batch 42: 10242/91632 (11.2%) facts=21042 sanitized=0 経過=56秒 残り≈444秒
[15:31:06]   batch 43: 10529/91632 (11.5%) facts=21543 sanitized=0 経過=56秒 残り≈434秒
[15:31:06]   batch 44: 10826/91632 (11.8%) facts=22043 sanitized=0 経過=57秒 残り≈422秒
[15:31:06]   batch 45: 11183/91632 (12.2%) facts=22543 sanitized=0 経過=57秒 残り≈409秒
[15:31:06]   batch 46: 11461/91632 (12.5%) facts=23043 sanitized=0 経過=57秒 残り≈399秒
[15:31:07]   batch 47: 11691/91632 (12.8%) facts=23545 sanitized=0 経過=57秒 残り≈392秒
[15:31:07]   batch 48: 11963/91632 (13.1%) facts=24045 sanitized=0 経過=57秒 残り≈383秒
[15:31:07]   batch 49: 12232/91632 (13.3%) facts=24546 sanitized=0 経過=58秒 残り≈374秒
[15:31:07]   batch 50: 12468/91632 (13.6%) facts=25047 sanitized=0 経過=58秒 残り≈368秒
[15:31:07]   batch 51: 12691/91632 (13.8%) facts=25548 sanitized=0 経過=58秒 残り≈362秒
[15:31:08]   batch 52: 12933/91632 (14.1%) facts=26050 sanitized=0 経過=59秒 残り≈357秒
[15:31:08]   batch 53: 13186/91632 (14.4%) facts=26550 sanitized=0 経過=59秒 残り≈351秒
[15:31:08]   batch 54: 13413/91632 (14.6%) facts=27050 sanitized=0 経過=59秒 残り≈346秒
[15:31:09]   batch 55: 13645/91632 (14.9%) facts=27550 sanitized=0 経過=60秒 残り≈341秒
[15:31:09]   batch 56: 13902/91632 (15.2%) facts=28052 sanitized=0 経過=60秒 残り≈335秒
[15:31:09]   batch 57: 14163/91632 (15.5%) facts=28554 sanitized=0 経過=60秒 残り≈330秒
[15:31:10]   batch 58: 14394/91632 (15.7%) facts=29055 sanitized=0 経過=61秒 残り≈325秒
[15:31:10]   batch 59: 14632/91632 (16.0%) facts=29556 sanitized=0 経過=61秒 残り≈320秒
[15:31:10]   batch 60: 14860/91632 (16.2%) facts=30057 sanitized=0 経過=61秒 残り≈316秒
[15:31:10] [SANITIZE] 元値が10^16超 (5.40e+303): col=operating_profit val=5.4e+303 ticker=46850 fye=2028-03-31 Q=2Q
[15:31:11]   batch 61: 15079/91632 (16.5%) facts=30557 sanitized=1 経過=61秒 残り≈312秒
[15:31:11]   batch 62: 15308/91632 (16.7%) facts=31057 sanitized=1 経過=62秒 残り≈308秒
[15:31:11]   batch 63: 15538/91632 (17.0%) facts=31557 sanitized=1 経過=62秒 残り≈303秒
[15:31:11]   batch 64: 15781/91632 (17.2%) facts=32059 sanitized=1 経過=62秒 残り≈299秒
[15:31:12]   batch 65: 16031/91632 (17.5%) facts=32559 sanitized=1 経過=62秒 残り≈294秒
[15:31:12]   batch 66: 16246/91632 (17.7%) facts=33059 sanitized=1 経過=63秒 残り≈291秒
[15:31:12]   batch 67: 16482/91632 (18.0%) facts=33560 sanitized=1 経過=63秒 残り≈286秒
[15:31:12]   batch 68: 16726/91632 (18.3%) facts=34060 sanitized=1 経過=63秒 残り≈282秒
[15:31:12]   batch 69: 16952/91632 (18.5%) facts=34560 sanitized=1 経過=63秒 残り≈278秒
[15:31:13]   batch 70: 17198/91632 (18.8%) facts=35060 sanitized=1 経過=63秒 残り≈274秒
[15:31:13]   batch 71: 17433/91632 (19.0%) facts=35561 sanitized=1 経過=64秒 残り≈271秒
[15:31:13]   batch 72: 17643/91632 (19.3%) facts=36063 sanitized=1 経過=64秒 残り≈268秒
[15:31:15]   batch 73: 17871/91632 (19.5%) facts=36565 sanitized=1 経過=65秒 残り≈270秒
[15:31:15]   batch 74: 18091/91632 (19.7%) facts=37066 sanitized=1 経過=66秒 残り≈268秒
[15:31:15]   batch 75: 18339/91632 (20.0%) facts=37567 sanitized=1 経過=66秒 残り≈264秒
[15:31:16]   batch 76: 18586/91632 (20.3%) facts=38069 sanitized=1 経過=66秒 残り≈261秒
[15:31:16]   batch 77: 18841/91632 (20.6%) facts=38571 sanitized=1 経過=67秒 残り≈257秒
[15:31:16]   batch 78: 19106/91632 (20.9%) facts=39073 sanitized=1 経過=67秒 残り≈253秒
[15:31:16]   batch 79: 19341/91632 (21.1%) facts=39573 sanitized=1 経過=67秒 残り≈250秒
[15:31:16]   batch 80: 19572/91632 (21.4%) facts=40075 sanitized=1 経過=67秒 残り≈247秒
[15:31:17]   batch 81: 19836/91632 (21.6%) facts=40575 sanitized=1 経過=67秒 残り≈244秒
[15:31:17]   batch 82: 20078/91632 (21.9%) facts=41076 sanitized=1 経過=68秒 残り≈241秒
[15:31:17]   batch 83: 20331/91632 (22.2%) facts=41578 sanitized=1 経過=68秒 残り≈238秒
[15:31:17]   batch 84: 20569/91632 (22.4%) facts=42079 sanitized=1 経過=68秒 残り≈235秒
[15:31:18]   batch 85: 20845/91632 (22.7%) facts=42579 sanitized=1 経過=68秒 残り≈232秒
[15:31:18]   batch 86: 21071/91632 (23.0%) facts=43081 sanitized=1 経過=69秒 残り≈230秒
[15:31:18]   batch 87: 21320/91632 (23.3%) facts=43581 sanitized=1 経過=69秒 残り≈228秒
[15:31:19]   batch 88: 21610/91632 (23.6%) facts=44083 sanitized=1 経過=69秒 残り≈225秒
[15:31:19]   batch 89: 21846/91632 (23.8%) facts=44583 sanitized=1 経過=70秒 残り≈222秒
[15:31:19]   batch 90: 22075/91632 (24.1%) facts=45083 sanitized=1 経過=70秒 残り≈220秒
[15:31:19]   batch 91: 22295/91632 (24.3%) facts=45585 sanitized=1 経過=70秒 残り≈218秒
[15:31:20]   batch 92: 22540/91632 (24.6%) facts=46086 sanitized=1 経過=70秒 残り≈216秒
[15:31:20]   batch 93: 22782/91632 (24.9%) facts=46587 sanitized=1 経過=71秒 残り≈214秒
[15:31:21]   batch 94: 23022/91632 (25.1%) facts=47089 sanitized=1 経過=71秒 残り≈213秒
[15:31:21]   batch 95: 23276/91632 (25.4%) facts=47589 sanitized=1 経過=72秒 残り≈211秒
[15:31:21]   batch 96: 23514/91632 (25.7%) facts=48090 sanitized=1 経過=72秒 残り≈209秒
[15:31:22]   batch 97: 23763/91632 (25.9%) facts=48592 sanitized=1 経過=72秒 残り≈207秒
[15:31:22]   batch 98: 24012/91632 (26.2%) facts=49093 sanitized=1 経過=73秒 残り≈205秒
[15:31:22]   batch 99: 24252/91632 (26.5%) facts=49594 sanitized=1 経過=73秒 残り≈203秒
[15:31:23]   batch 100: 24523/91632 (26.8%) facts=50096 sanitized=1 経過=73秒 残り≈201秒
[15:31:23]   batch 101: 24745/91632 (27.0%) facts=50598 sanitized=1 経過=74秒 残り≈199秒
[15:31:23]   batch 102: 24959/91632 (27.2%) facts=51099 sanitized=1 経過=74秒 残り≈197秒
[15:31:23]   batch 103: 25195/91632 (27.5%) facts=51601 sanitized=1 経過=74秒 残り≈195秒
[15:31:24]   batch 104: 25440/91632 (27.8%) facts=52102 sanitized=1 経過=74秒 残り≈193秒
[15:31:24]   batch 105: 25667/91632 (28.0%) facts=52604 sanitized=1 経過=75秒 残り≈192秒
[15:31:24]   batch 106: 25927/91632 (28.3%) facts=53105 sanitized=1 経過=75秒 残り≈190秒
[15:31:24]   batch 107: 26181/91632 (28.6%) facts=53605 sanitized=1 経過=75秒 残り≈188秒
[15:31:24]   batch 108: 26431/91632 (28.8%) facts=54105 sanitized=1 経過=75秒 残り≈186秒
[15:31:25]   batch 109: 26671/91632 (29.1%) facts=54607 sanitized=1 経過=75秒 残り≈184秒
[15:31:25]   batch 110: 26917/91632 (29.4%) facts=55107 sanitized=1 経過=76秒 残り≈182秒
[15:31:25]   batch 111: 27158/91632 (29.6%) facts=55607 sanitized=1 経過=76秒 残り≈180秒
[15:31:25]   batch 112: 27391/91632 (29.9%) facts=56107 sanitized=1 経過=76秒 残り≈178秒
[15:31:26]   batch 113: 27667/91632 (30.2%) facts=56609 sanitized=1 経過=76秒 残り≈176秒
[15:31:26]   batch 114: 27911/91632 (30.5%) facts=57111 sanitized=1 経過=76秒 残り≈175秒
[15:31:26]   batch 115: 28150/91632 (30.7%) facts=57612 sanitized=1 経過=77秒 残り≈173秒
[15:31:26]   batch 116: 28401/91632 (31.0%) facts=58112 sanitized=1 経過=77秒 残り≈171秒
[15:31:26]   batch 117: 28632/91632 (31.2%) facts=58612 sanitized=1 経過=77秒 残り≈170秒
[15:31:26]   batch 118: 28869/91632 (31.5%) facts=59113 sanitized=1 経過=77秒 残り≈168秒
[15:31:27]   batch 119: 29100/91632 (31.8%) facts=59613 sanitized=1 経過=77秒 残り≈166秒
[15:31:27]   batch 120: 29323/91632 (32.0%) facts=60115 sanitized=1 経過=78秒 残り≈165秒
[15:31:27]   batch 121: 29609/91632 (32.3%) facts=60616 sanitized=1 経過=78秒 残り≈164秒
[15:31:27]   batch 122: 29837/91632 (32.6%) facts=61116 sanitized=1 経過=78秒 残り≈162秒
[15:31:28]   batch 123: 30067/91632 (32.8%) facts=61616 sanitized=1 経過=78秒 残り≈161秒
[15:31:28]   batch 124: 30323/91632 (33.1%) facts=62117 sanitized=1 経過=79秒 残り≈159秒
[15:31:28]   batch 125: 30554/91632 (33.3%) facts=62618 sanitized=1 経過=79秒 残り≈158秒
[15:31:28]   batch 126: 30784/91632 (33.6%) facts=63118 sanitized=1 経過=79秒 残り≈156秒
[15:31:28]   batch 127: 31018/91632 (33.9%) facts=63620 sanitized=1 経過=79秒 残り≈155秒
[15:31:29]   batch 128: 31250/91632 (34.1%) facts=64122 sanitized=1 経過=79秒 残り≈153秒
[15:31:29]   batch 129: 31491/91632 (34.4%) facts=64624 sanitized=1 経過=80秒 残り≈152秒
[15:31:29]   batch 130: 31722/91632 (34.6%) facts=65126 sanitized=1 経過=80秒 残り≈151秒
[15:31:29]   batch 131: 31943/91632 (34.9%) facts=65626 sanitized=1 経過=80秒 残り≈150秒
[15:31:29]   batch 132: 32184/91632 (35.1%) facts=66126 sanitized=1 経過=80秒 残り≈148秒
[15:31:30]   batch 133: 32427/91632 (35.4%) facts=66627 sanitized=1 経過=80秒 残り≈147秒
[15:31:30]   batch 134: 32659/91632 (35.6%) facts=67129 sanitized=1 経過=81秒 残り≈146秒
[15:31:30]   batch 135: 32901/91632 (35.9%) facts=67631 sanitized=1 経過=81秒 残り≈144秒
[15:31:30]   batch 136: 33130/91632 (36.2%) facts=68131 sanitized=1 経過=81秒 残り≈143秒
[15:31:30]   batch 137: 33374/91632 (36.4%) facts=68632 sanitized=1 経過=81秒 残り≈142秒
[15:31:31]   batch 138: 33624/91632 (36.7%) facts=69133 sanitized=1 経過=81秒 残り≈140秒
[15:31:31]   batch 139: 33863/91632 (37.0%) facts=69634 sanitized=1 経過=82秒 残り≈139秒
[15:31:31]   batch 140: 34121/91632 (37.2%) facts=70134 sanitized=1 経過=82秒 残り≈138秒
[15:31:31]   batch 141: 34405/91632 (37.5%) facts=70634 sanitized=1 経過=82秒 残り≈136秒
[15:31:31]   batch 142: 34645/91632 (37.8%) facts=71136 sanitized=1 経過=82秒 残り≈135秒
[15:31:32]   batch 143: 34876/91632 (38.1%) facts=71636 sanitized=1 経過=82秒 残り≈134秒
[15:31:32]   batch 144: 35152/91632 (38.4%) facts=72137 sanitized=1 経過=83秒 残り≈133秒
[15:31:39]   batch 145: 35405/91632 (38.6%) facts=72639 sanitized=1 経過=90秒 残り≈143秒
[15:31:39]   batch 146: 35636/91632 (38.9%) facts=73139 sanitized=1 経過=90秒 残り≈142秒
[15:31:40]   batch 147: 35913/91632 (39.2%) facts=73640 sanitized=1 経過=90秒 残り≈140秒
[15:31:40]   batch 148: 36185/91632 (39.5%) facts=74140 sanitized=1 経過=91秒 残り≈139秒
[15:31:40]   batch 149: 36466/91632 (39.8%) facts=74642 sanitized=1 経過=91秒 残り≈137秒
[15:31:40]   batch 150: 36701/91632 (40.1%) facts=75143 sanitized=1 経過=91秒 残り≈136秒
[15:31:40]   batch 151: 36957/91632 (40.3%) facts=75645 sanitized=1 経過=91秒 残り≈135秒
[15:31:41]   batch 152: 37192/91632 (40.6%) facts=76147 sanitized=1 経過=91秒 残り≈134秒
[15:31:41]   batch 153: 37460/91632 (40.9%) facts=76647 sanitized=1 経過=92秒 残り≈132秒
[15:31:41]   batch 154: 37715/91632 (41.2%) facts=77148 sanitized=1 経過=92秒 残り≈131秒
[15:31:41]   batch 155: 37947/91632 (41.4%) facts=77650 sanitized=1 経過=92秒 残り≈130秒
[15:31:41]   batch 156: 38216/91632 (41.7%) facts=78151 sanitized=1 経過=92秒 残り≈129秒
[15:31:42]   batch 157: 38438/91632 (41.9%) facts=78652 sanitized=1 経過=92秒 残り≈128秒
[15:31:42]   batch 158: 38661/91632 (42.2%) facts=79153 sanitized=1 経過=92秒 残り≈127秒
[15:31:42]   batch 159: 38907/91632 (42.5%) facts=79654 sanitized=1 経過=93秒 残り≈126秒
[15:31:42]   batch 160: 39125/91632 (42.7%) facts=80155 sanitized=1 経過=93秒 残り≈125秒
[15:31:42]   batch 161: 39365/91632 (43.0%) facts=80655 sanitized=1 経過=93秒 残り≈123秒
[15:31:42]   batch 162: 39670/91632 (43.3%) facts=81157 sanitized=1 経過=93秒 残り≈122秒
[15:31:43]   batch 163: 39923/91632 (43.6%) facts=81658 sanitized=1 経過=93秒 残り≈121秒
[15:31:43]   batch 164: 40199/91632 (43.9%) facts=82159 sanitized=1 経過=94秒 残り≈120秒
[15:31:43]   batch 165: 40468/91632 (44.2%) facts=82659 sanitized=1 経過=94秒 残り≈119秒
[15:31:43]   batch 166: 40718/91632 (44.4%) facts=83160 sanitized=1 経過=94秒 残り≈117秒
[15:31:43]   batch 167: 40949/91632 (44.7%) facts=83661 sanitized=1 経過=94秒 残り≈116秒
[15:31:43]   batch 168: 41201/91632 (45.0%) facts=84163 sanitized=1 経過=94秒 残り≈115秒
[15:31:44]   batch 169: 41453/91632 (45.2%) facts=84663 sanitized=1 経過=94秒 残り≈114秒
[15:31:44]   batch 170: 41704/91632 (45.5%) facts=85165 sanitized=1 経過=95秒 残り≈113秒
[15:31:44]   batch 171: 41947/91632 (45.8%) facts=85665 sanitized=1 経過=95秒 残り≈112秒
[15:31:44]   batch 172: 42180/91632 (46.0%) facts=86167 sanitized=1 経過=95秒 残り≈111秒
[15:31:44]   batch 173: 42436/91632 (46.3%) facts=86668 sanitized=1 経過=95秒 残り≈110秒
[15:31:44]   batch 174: 42677/91632 (46.6%) facts=87168 sanitized=1 経過=95秒 残り≈109秒
[15:31:45]   batch 175: 42961/91632 (46.9%) facts=87669 sanitized=1 経過=95秒 残り≈108秒
[15:31:45]   batch 176: 43199/91632 (47.1%) facts=88169 sanitized=1 経過=96秒 残り≈107秒
[15:31:45]   batch 177: 43437/91632 (47.4%) facts=88669 sanitized=1 経過=96秒 残り≈106秒
[15:31:45]   batch 178: 43665/91632 (47.7%) facts=89170 sanitized=1 経過=96秒 残り≈105秒
[15:31:45]   batch 179: 43869/91632 (47.9%) facts=89670 sanitized=1 経過=96秒 残り≈105秒
[15:31:46]   batch 180: 44109/91632 (48.1%) facts=90170 sanitized=1 経過=96秒 残り≈104秒
[15:31:46]   batch 181: 44340/91632 (48.4%) facts=90670 sanitized=1 経過=96秒 残り≈103秒
[15:31:46]   batch 182: 44583/91632 (48.7%) facts=91170 sanitized=1 経過=97秒 残り≈102秒
[15:31:46]   batch 183: 44820/91632 (48.9%) facts=91670 sanitized=1 経過=97秒 残り≈101秒
[15:31:46]   batch 184: 45046/91632 (49.2%) facts=92172 sanitized=1 経過=97秒 残り≈100秒
[15:31:46]   batch 185: 45257/91632 (49.4%) facts=92673 sanitized=1 経過=97秒 残り≈100秒
[15:31:47]   batch 186: 45540/91632 (49.7%) facts=93173 sanitized=1 経過=97秒 残り≈99秒
[15:31:47]   batch 187: 45845/91632 (50.0%) facts=93673 sanitized=1 経過=98秒 残り≈97秒
[15:31:47]   batch 188: 46187/91632 (50.4%) facts=94173 sanitized=1 経過=98秒 残り≈96秒
[15:31:47]   batch 189: 46428/91632 (50.7%) facts=94675 sanitized=1 経過=98秒 残り≈95秒
[15:31:47]   batch 190: 46677/91632 (50.9%) facts=95177 sanitized=1 経過=98秒 残り≈95秒
[15:31:48]   batch 191: 46899/91632 (51.2%) facts=95677 sanitized=1 経過=98秒 残り≈94秒
[15:31:48]   batch 192: 47142/91632 (51.4%) facts=96178 sanitized=1 経過=98秒 残り≈93秒
[15:31:48]   batch 193: 47385/91632 (51.7%) facts=96679 sanitized=1 経過=99秒 残り≈92秒
[15:31:48]   batch 194: 47606/91632 (52.0%) facts=97181 sanitized=1 経過=99秒 残り≈91秒
[15:31:48]   batch 195: 47834/91632 (52.2%) facts=97682 sanitized=1 経過=99秒 残り≈91秒
[15:31:48]   batch 196: 48070/91632 (52.5%) facts=98183 sanitized=1 経過=99秒 残り≈90秒
[15:31:49]   batch 197: 48289/91632 (52.7%) facts=98683 sanitized=1 経過=99秒 残り≈89秒
[15:31:49]   batch 198: 48569/91632 (53.0%) facts=99183 sanitized=1 経過=100秒 残り≈88秒
[15:31:49]   batch 199: 48851/91632 (53.3%) facts=99684 sanitized=1 経過=100秒 残り≈87秒
[15:31:49]   batch 200: 49104/91632 (53.6%) facts=100185 sanitized=1 経過=100秒 残り≈86秒
[15:31:49]   batch 201: 49353/91632 (53.9%) facts=100686 sanitized=1 経過=100秒 残り≈86秒
[15:31:49]   batch 202: 49571/91632 (54.1%) facts=101186 sanitized=1 経過=100秒 残り≈85秒
[15:31:50]   batch 203: 49803/91632 (54.4%) facts=101688 sanitized=1 経過=100秒 残り≈84秒
[15:31:50]   batch 204: 50041/91632 (54.6%) facts=102188 sanitized=1 経過=101秒 残り≈84秒
[15:31:50]   batch 205: 50284/91632 (54.9%) facts=102690 sanitized=1 経過=101秒 残り≈83秒
[15:31:50]   batch 206: 50504/91632 (55.1%) facts=103190 sanitized=1 経過=101秒 残り≈82秒
[15:31:50]   batch 207: 50747/91632 (55.4%) facts=103691 sanitized=1 経過=101秒 残り≈81秒
[15:31:50]   batch 208: 51003/91632 (55.7%) facts=104191 sanitized=1 経過=101秒 残り≈81秒
[15:31:51]   batch 209: 51232/91632 (55.9%) facts=104691 sanitized=1 経過=101秒 残り≈80秒
[15:31:51]   batch 210: 51497/91632 (56.2%) facts=105193 sanitized=1 経過=102秒 残り≈79秒
[15:31:51]   batch 211: 51726/91632 (56.4%) facts=105695 sanitized=1 経過=102秒 残り≈78秒
[15:31:51]   batch 212: 51956/91632 (56.7%) facts=106196 sanitized=1 経過=102秒 残り≈78秒
[15:31:51]   batch 213: 52198/91632 (57.0%) facts=106697 sanitized=1 経過=102秒 残り≈77秒
[15:31:51]   batch 214: 52455/91632 (57.2%) facts=107197 sanitized=1 経過=102秒 残り≈76秒
[15:31:52]   batch 215: 52686/91632 (57.5%) facts=107697 sanitized=1 経過=102秒 残り≈76秒
[15:31:52]   batch 216: 52931/91632 (57.8%) facts=108198 sanitized=1 経過=103秒 残り≈75秒
[15:31:52]   batch 217: 53164/91632 (58.0%) facts=108700 sanitized=1 経過=103秒 残り≈74秒
[15:31:52]   batch 218: 53388/91632 (58.3%) facts=109201 sanitized=1 経過=103秒 残り≈74秒
[15:31:52]   batch 219: 53628/91632 (58.5%) facts=109703 sanitized=1 経過=103秒 残り≈73秒
[15:31:53]   batch 220: 53881/91632 (58.8%) facts=110205 sanitized=1 経過=103秒 残り≈72秒
[15:31:53]   batch 221: 54131/91632 (59.1%) facts=110707 sanitized=1 経過=104秒 残り≈72秒
[15:31:53]   batch 222: 54361/91632 (59.3%) facts=111208 sanitized=1 経過=104秒 残り≈71秒
[15:31:53]   batch 223: 54615/91632 (59.6%) facts=111709 sanitized=1 経過=104秒 残り≈70秒
[15:31:53]   batch 224: 54847/91632 (59.9%) facts=112211 sanitized=1 経過=104秒 残り≈70秒
[15:31:53]   batch 225: 55093/91632 (60.1%) facts=112711 sanitized=1 経過=104秒 残り≈69秒
[15:31:54]   batch 226: 55320/91632 (60.4%) facts=113213 sanitized=1 経過=104秒 残り≈69秒
[15:31:54]   batch 227: 55551/91632 (60.6%) facts=113714 sanitized=1 経過=105秒 残り≈68秒
[15:31:54]   batch 228: 55782/91632 (60.9%) facts=114215 sanitized=1 経過=105秒 残り≈67秒
[15:31:54]   batch 229: 55982/91632 (61.1%) facts=114715 sanitized=1 経過=105秒 残り≈67秒
[15:31:54]   batch 230: 56198/91632 (61.3%) facts=115216 sanitized=1 経過=105秒 残り≈66秒
[15:31:54]   batch 231: 56410/91632 (61.6%) facts=115717 sanitized=1 経過=105秒 残り≈66秒
[15:31:55]   batch 232: 56638/91632 (61.8%) facts=116217 sanitized=1 経過=105秒 残り≈65秒
[15:31:55]   batch 233: 56865/91632 (62.1%) facts=116717 sanitized=1 経過=106秒 残り≈65秒
[15:31:55]   batch 234: 57108/91632 (62.3%) facts=117219 sanitized=1 経過=106秒 残り≈64秒
[15:31:55]   batch 235: 57346/91632 (62.6%) facts=117720 sanitized=1 経過=106秒 残り≈63秒
[15:31:55]   batch 236: 57563/91632 (62.8%) facts=118220 sanitized=1 経過=106秒 残り≈63秒
[15:31:55]   batch 237: 57781/91632 (63.1%) facts=118721 sanitized=1 経過=106秒 残り≈62秒
[15:31:56]   batch 238: 58025/91632 (63.3%) facts=119223 sanitized=1 経過=106秒 残り≈62秒
[15:31:56]   batch 239: 58259/91632 (63.6%) facts=119723 sanitized=1 経過=107秒 残り≈61秒
[15:31:56]   batch 240: 58501/91632 (63.8%) facts=120225 sanitized=1 経過=107秒 残り≈60秒
[15:31:56]   batch 241: 58752/91632 (64.1%) facts=120726 sanitized=1 経過=107秒 残り≈60秒
[15:31:56]   batch 242: 58978/91632 (64.4%) facts=121226 sanitized=1 経過=107秒 残り≈59秒
[15:31:57]   batch 243: 59210/91632 (64.6%) facts=121727 sanitized=1 経過=107秒 残り≈59秒
[15:31:57]   batch 244: 59454/91632 (64.9%) facts=122227 sanitized=1 経過=107秒 残り≈58秒
[15:31:57]   batch 245: 59673/91632 (65.1%) facts=122727 sanitized=1 経過=108秒 残り≈58秒
[15:31:57]   batch 246: 59930/91632 (65.4%) facts=123227 sanitized=1 経過=108秒 残り≈57秒
[15:31:57]   batch 247: 60199/91632 (65.7%) facts=123729 sanitized=1 経過=108秒 残り≈56秒
[15:31:57]   batch 248: 60451/91632 (66.0%) facts=124230 sanitized=1 経過=108秒 残り≈56秒
[15:31:58]   batch 249: 60695/91632 (66.2%) facts=124732 sanitized=1 経過=108秒 残り≈55秒
[15:31:58]   batch 250: 60925/91632 (66.5%) facts=125233 sanitized=1 経過=108秒 残り≈55秒
[15:31:58]   batch 251: 61144/91632 (66.7%) facts=125733 sanitized=1 経過=109秒 残り≈54秒
[15:31:58]   batch 252: 61380/91632 (67.0%) facts=126234 sanitized=1 経過=109秒 残り≈54秒
[15:31:58]   batch 253: 61626/91632 (67.3%) facts=126736 sanitized=1 経過=109秒 残り≈53秒
[15:31:58]   batch 254: 61874/91632 (67.5%) facts=127238 sanitized=1 経過=109秒 残り≈52秒
[15:31:58]   batch 255: 62108/91632 (67.8%) facts=127738 sanitized=1 経過=109秒 残り≈52秒
[15:31:59]   batch 256: 62344/91632 (68.0%) facts=128238 sanitized=1 経過=109秒 残り≈51秒
[15:31:59]   batch 257: 62579/91632 (68.3%) facts=128738 sanitized=1 経過=110秒 残り≈51秒
[15:31:59]   batch 258: 62820/91632 (68.6%) facts=129239 sanitized=1 経過=110秒 残り≈50秒
[15:31:59]   batch 259: 63060/91632 (68.8%) facts=129741 sanitized=1 経過=110秒 残り≈50秒
[15:31:59]   batch 260: 63293/91632 (69.1%) facts=130243 sanitized=1 経過=110秒 残り≈49秒
[15:31:59]   batch 261: 63533/91632 (69.3%) facts=130744 sanitized=1 経過=110秒 残り≈49秒
[15:32:00]   batch 262: 63778/91632 (69.6%) facts=131244 sanitized=1 経過=110秒 残り≈48秒
[15:32:00]   batch 263: 64045/91632 (69.9%) facts=131744 sanitized=1 経過=111秒 残り≈48秒
[15:32:00]   batch 264: 64290/91632 (70.2%) facts=132246 sanitized=1 経過=111秒 残り≈47秒
[15:32:00]   batch 265: 64520/91632 (70.4%) facts=132747 sanitized=1 経過=111秒 残り≈47秒
[15:32:00]   batch 266: 64737/91632 (70.6%) facts=133248 sanitized=1 経過=111秒 残り≈46秒
[15:32:01]   batch 267: 64959/91632 (70.9%) facts=133750 sanitized=1 経過=111秒 残り≈46秒
[15:32:01]   batch 268: 65197/91632 (71.2%) facts=134251 sanitized=1 経過=112秒 残り≈45秒
[15:32:01]   batch 269: 65452/91632 (71.4%) facts=134751 sanitized=1 経過=112秒 残り≈45秒
[15:32:01]   batch 270: 65696/91632 (71.7%) facts=135253 sanitized=1 経過=112秒 残り≈44秒
[15:32:01]   batch 271: 65930/91632 (72.0%) facts=135753 sanitized=1 経過=112秒 残り≈44秒
[15:32:02]   batch 272: 66169/91632 (72.2%) facts=136253 sanitized=1 経過=112秒 残り≈43秒
[15:32:02]   batch 273: 66397/91632 (72.5%) facts=136753 sanitized=1 経過=113秒 残り≈43秒
[15:32:02]   batch 274: 66637/91632 (72.7%) facts=137253 sanitized=1 経過=113秒 残り≈42秒
[15:32:02]   batch 275: 66854/91632 (73.0%) facts=137754 sanitized=1 経過=113秒 残り≈42秒
[15:32:02]   batch 276: 67086/91632 (73.2%) facts=138256 sanitized=1 経過=113秒 残り≈41秒
[15:32:03]   batch 277: 67325/91632 (73.5%) facts=138757 sanitized=1 経過=113秒 残り≈41秒
[15:32:03]   batch 278: 67582/91632 (73.8%) facts=139259 sanitized=1 経過=114秒 残り≈40秒
[15:32:03]   batch 279: 67797/91632 (74.0%) facts=139760 sanitized=1 経過=114秒 残り≈40秒
[15:32:03]   batch 280: 68046/91632 (74.3%) facts=140262 sanitized=1 経過=114秒 残り≈39秒
[15:32:03]   batch 281: 68279/91632 (74.5%) facts=140762 sanitized=1 経過=114秒 残り≈39秒
[15:32:03]   batch 282: 68519/91632 (74.8%) facts=141262 sanitized=1 経過=114秒 残り≈39秒
[15:32:04]   batch 283: 68752/91632 (75.0%) facts=141764 sanitized=1 経過=114秒 残り≈38秒
[15:32:04]   batch 284: 69003/91632 (75.3%) facts=142265 sanitized=1 経過=115秒 残り≈38秒
[15:32:04]   batch 285: 69248/91632 (75.6%) facts=142765 sanitized=1 経過=115秒 残り≈37秒
[15:32:04]   batch 286: 69487/91632 (75.8%) facts=143266 sanitized=1 経過=115秒 残り≈37秒
[15:32:04]   batch 287: 69714/91632 (76.1%) facts=143766 sanitized=1 経過=115秒 残り≈36秒
[15:32:04]   batch 288: 69972/91632 (76.4%) facts=144267 sanitized=1 経過=115秒 残り≈36秒
[15:32:05]   batch 289: 70221/91632 (76.6%) facts=144769 sanitized=1 経過=115秒 残り≈35秒
[15:32:05]   batch 290: 70473/91632 (76.9%) facts=145269 sanitized=1 経過=115秒 残り≈35秒
[15:32:05]   batch 291: 70707/91632 (77.2%) facts=145770 sanitized=1 経過=116秒 残り≈34秒
[15:32:05]   batch 292: 70935/91632 (77.4%) facts=146272 sanitized=1 経過=116秒 残り≈34秒
[15:32:05]   batch 293: 71163/91632 (77.7%) facts=146773 sanitized=1 経過=116秒 残り≈33秒
[15:32:05]   batch 294: 71385/91632 (77.9%) facts=147274 sanitized=1 経過=116秒 残り≈33秒
[15:32:05]   batch 295: 71603/91632 (78.1%) facts=147775 sanitized=1 経過=116秒 残り≈33秒
[15:32:06]   batch 296: 71855/91632 (78.4%) facts=148277 sanitized=1 経過=116秒 残り≈32秒
[15:32:06]   batch 297: 72089/91632 (78.7%) facts=148778 sanitized=1 経過=117秒 残り≈32秒
[15:32:06]   batch 298: 72330/91632 (78.9%) facts=149278 sanitized=1 経過=117秒 残り≈31秒
[15:32:06]   batch 299: 72591/91632 (79.2%) facts=149780 sanitized=1 経過=117秒 残り≈31秒
[15:32:06]   batch 300: 72861/91632 (79.5%) facts=150280 sanitized=1 経過=117秒 残り≈30秒
[15:32:06]   batch 301: 73103/91632 (79.8%) facts=150780 sanitized=1 経過=117秒 残り≈30秒
[15:32:07]   batch 302: 73370/91632 (80.1%) facts=151280 sanitized=1 経過=117秒 残り≈29秒
[15:32:07]   batch 303: 73619/91632 (80.3%) facts=151782 sanitized=1 経過=117秒 残り≈29秒
[15:32:07]   batch 304: 73859/91632 (80.6%) facts=152284 sanitized=1 経過=118秒 残り≈28秒
[15:32:07]   batch 305: 74118/91632 (80.9%) facts=152785 sanitized=1 経過=118秒 残り≈28秒
[15:32:07]   batch 306: 74347/91632 (81.1%) facts=153287 sanitized=1 経過=118秒 残り≈27秒
[15:32:07]   batch 307: 74584/91632 (81.4%) facts=153787 sanitized=1 経過=118秒 残り≈27秒
[15:32:08]   batch 308: 74813/91632 (81.6%) facts=154287 sanitized=1 経過=118秒 残り≈27秒
[15:32:08]   batch 309: 75057/91632 (81.9%) facts=154789 sanitized=1 経過=119秒 残り≈26秒
[15:32:08]   batch 310: 75285/91632 (82.2%) facts=155289 sanitized=1 経過=119秒 残り≈26秒
[15:32:08]   batch 311: 75507/91632 (82.4%) facts=155790 sanitized=1 経過=119秒 残り≈25秒
[15:32:08]   batch 312: 75762/91632 (82.7%) facts=156292 sanitized=1 経過=119秒 残り≈25秒
[15:32:09]   batch 313: 75999/91632 (82.9%) facts=156792 sanitized=1 経過=119秒 残り≈25秒
[15:32:09]   batch 314: 76261/91632 (83.2%) facts=157294 sanitized=1 経過=120秒 残り≈24秒
[15:32:09]   batch 315: 76521/91632 (83.5%) facts=157795 sanitized=1 経過=120秒 残り≈24秒
[15:32:09]   batch 316: 76793/91632 (83.8%) facts=158295 sanitized=1 経過=120秒 残り≈23秒
[15:32:09]   batch 317: 77073/91632 (84.1%) facts=158797 sanitized=1 経過=120秒 残り≈23秒
[15:32:10]   batch 318: 77355/91632 (84.4%) facts=159299 sanitized=1 経過=120秒 残り≈22秒
[15:32:10]   batch 319: 77604/91632 (84.7%) facts=159799 sanitized=1 経過=120秒 残り≈22秒
[15:32:10]   batch 320: 77893/91632 (85.0%) facts=160299 sanitized=1 経過=121秒 残り≈21秒
[15:32:10]   batch 321: 78270/91632 (85.4%) facts=160800 sanitized=1 経過=121秒 残り≈21秒
[15:32:10]   batch 322: 78530/91632 (85.7%) facts=161301 sanitized=1 経過=121秒 残り≈20秒
[15:32:10]   batch 323: 78788/91632 (86.0%) facts=161803 sanitized=1 経過=121秒 残り≈20秒
[15:32:10]   batch 324: 79059/91632 (86.3%) facts=162305 sanitized=1 経過=121秒 残り≈19秒
[15:32:11]   batch 325: 79311/91632 (86.6%) facts=162806 sanitized=1 経過=121秒 残り≈19秒
[15:32:11]   batch 326: 79571/91632 (86.8%) facts=163307 sanitized=1 経過=122秒 残り≈18秒
[15:32:11]   batch 327: 79821/91632 (87.1%) facts=163809 sanitized=1 経過=122秒 残り≈18秒
[15:32:11]   batch 328: 80074/91632 (87.4%) facts=164309 sanitized=1 経過=122秒 残り≈18秒
[15:32:11]   batch 329: 80336/91632 (87.7%) facts=164809 sanitized=1 経過=122秒 残り≈17秒
[15:32:11]   batch 330: 80566/91632 (87.9%) facts=165310 sanitized=1 経過=122秒 残り≈17秒
[15:32:12]   batch 331: 80838/91632 (88.2%) facts=165811 sanitized=1 経過=122秒 残り≈16秒
[15:32:12]   batch 332: 81098/91632 (88.5%) facts=166311 sanitized=1 経過=122秒 残り≈16秒
[15:32:12]   batch 333: 81340/91632 (88.8%) facts=166811 sanitized=1 経過=123秒 残り≈16秒
[15:32:12]   batch 334: 81583/91632 (89.0%) facts=167313 sanitized=1 経過=123秒 残り≈15秒
[15:32:12]   batch 335: 81853/91632 (89.3%) facts=167814 sanitized=1 経過=123秒 残り≈15秒
[15:32:12]   batch 336: 82094/91632 (89.6%) facts=168316 sanitized=1 経過=123秒 残り≈14秒
[15:32:12]   batch 337: 82344/91632 (89.9%) facts=168816 sanitized=1 経過=123秒 残り≈14秒
[15:32:13]   batch 338: 82601/91632 (90.1%) facts=169316 sanitized=1 経過=123秒 残り≈13秒
[15:32:13]   batch 339: 82872/91632 (90.4%) facts=169816 sanitized=1 経過=123秒 残り≈13秒
[15:32:13]   batch 340: 83113/91632 (90.7%) facts=170318 sanitized=1 経過=124秒 残り≈13秒
[15:32:13]   batch 341: 83387/91632 (91.0%) facts=170820 sanitized=1 経過=124秒 残り≈12秒
[15:32:13]   batch 342: 83707/91632 (91.4%) facts=171321 sanitized=1 経過=124秒 残り≈12秒
[15:32:13]   batch 343: 84021/91632 (91.7%) facts=171823 sanitized=1 経過=124秒 残り≈11秒
[15:32:13]   batch 344: 84363/91632 (92.1%) facts=172325 sanitized=1 経過=124秒 残り≈11秒
[15:32:14]   batch 345: 84647/91632 (92.4%) facts=172827 sanitized=1 経過=124秒 残り≈10秒
[15:32:14]   batch 346: 84956/91632 (92.7%) facts=173327 sanitized=1 経過=124秒 残り≈10秒
[15:32:14]   batch 347: 85250/91632 (93.0%) facts=173829 sanitized=1 経過=125秒 残り≈9秒
[15:32:14]   batch 348: 85593/91632 (93.4%) facts=174330 sanitized=1 経過=125秒 残り≈9秒
[15:32:14]   batch 349: 85890/91632 (93.7%) facts=174830 sanitized=1 経過=125秒 残り≈8秒
[15:32:14]   batch 350: 86173/91632 (94.0%) facts=175332 sanitized=1 経過=125秒 残り≈8秒
[15:32:14]   batch 351: 86534/91632 (94.4%) facts=175833 sanitized=1 経過=125秒 残り≈7秒
[15:32:15]   batch 352: 86801/91632 (94.7%) facts=176335 sanitized=1 経過=125秒 残り≈7秒
[15:32:15]   batch 353: 87082/91632 (95.0%) facts=176835 sanitized=1 経過=125秒 残り≈7秒
[15:32:15]   batch 354: 87386/91632 (95.4%) facts=177337 sanitized=1 経過=126秒 残り≈6秒
[15:32:15]   batch 355: 87784/91632 (95.8%) facts=177837 sanitized=1 経過=126秒 残り≈6秒
[15:32:15]   batch 356: 88141/91632 (96.2%) facts=178338 sanitized=1 経過=126秒 残り≈5秒
[15:32:15]   batch 357: 88478/91632 (96.6%) facts=178838 sanitized=1 経過=126秒 残り≈4秒
[15:32:15]   batch 358: 88786/91632 (96.9%) facts=179339 sanitized=1 経過=126秒 残り≈4秒
[15:32:16]   batch 359: 89175/91632 (97.3%) facts=179839 sanitized=1 経過=126秒 残り≈3秒
[15:32:16]   batch 360: 89513/91632 (97.7%) facts=180341 sanitized=1 経過=127秒 残り≈3秒
[15:32:16]   batch 361: 89791/91632 (98.0%) facts=180841 sanitized=1 経過=127秒 残り≈3秒
[15:32:16]   batch 362: 90157/91632 (98.4%) facts=181343 sanitized=1 経過=127秒 残り≈2秒
[15:32:16]   batch 363: 90451/91632 (98.7%) facts=181843 sanitized=1 経過=127秒 残り≈2秒
[15:32:16]   batch 364: 90765/91632 (99.1%) facts=182344 sanitized=1 経過=127秒 残り≈1秒
[15:32:16]   batch 365: 91128/91632 (99.4%) facts=182845 sanitized=1 経過=127秒 残り≈1秒
[15:32:17]   batch 366: 91565/91632 (99.9%) facts=183346 sanitized=1 経過=127秒 残り≈0秒
[15:32:17] [SANITIZE] scaled超過 (2.41e+17): col=sales val=241236000000.0 ticker=25900 fye=2026-01-31 Q=4Q
[15:32:17] [SANITIZE] scaled超過 (3.70e+16): col=sales val=36954000000.0 ticker=66350 fye=2025-12-31 Q=4Q
[15:32:17] [SANITIZE] scaled超過 (1.74e+17): col=sales val=174081000000.0 ticker=80570 fye=2026-07-31 Q=4Q
[15:32:17] [SANITIZE] scaled超過 (2.41e+17): col=sales val=241236000000.0 ticker=259 fye=2026-01-31 Q=4Q
[15:32:17] [SANITIZE] scaled超過 (3.70e+16): col=sales val=36954000000.0 ticker=6635 fye=2025-12-31 Q=4Q
[15:32:17] [SANITIZE] scaled超過 (1.74e+17): col=sales val=174081000000.0 ticker=8057 fye=2026-07-31 Q=4Q
[15:32:17] [SANITIZE] scaled超過 (4.20e+18): col=sales val=4197922000000.0 ticker=1928 fye=2026-01-31 Q=4Q
[15:32:17] [SANITIZE] scaled超過 (3.41e+17): col=operating_profit val=341402000000.0 ticker=1928 fye=2026-01-31 Q=4Q
[15:32:17]   → facts 完了: 183405 件 (sanitized=9) (127.6秒)
[15:32:17] [SANITIZE] === 異常値サマリ: 9 件 ===
[15:32:17] [SANITIZE] 列別件数:
[15:32:17]   sales: 7 件
[15:32:17]   operating_profit: 2 件
[15:32:17] [SANITIZE] ticker別 上位5:
[15:32:17]   1928: 2 件
[15:32:17]   46850: 1 件
[15:32:17]   25900: 1 件
[15:32:17]   66350: 1 件
[15:32:17]   80570: 1 件
[15:32:17] [SANITIZE] 該当行 詳細:
[15:32:17]   [1] ticker=46850 fye=2028-03-31 Q=2Q col=operating_profit val=5.4e+303 reason=元値が10^16超 (5.40e+303) cause=巨大値 (指数=304, 単位誤りの疑い)
[15:32:17]   [2] ticker=25900 fye=2026-01-31 Q=4Q col=sales val=241236000000.0 reason=scaled超過 (2.41e+17) cause=不明 (scaled超過 (2.41e+17))
[15:32:17]        source_doc_id=e575776114b44bcb1a5194ba09f3cb6f0f6a321057235838a8f8e6e7e2fcbeb4
[15:32:17]        source_url=https://webapi.yanoshin.jp/rd.php?https://www.release.tdnet.info/inbs/140120260304575305.pdf
[15:32:17]   [3] ticker=66350 fye=2025-12-31 Q=4Q col=sales val=36954000000.0 reason=scaled超過 (3.70e+16) cause=不明 (scaled超過 (3.70e+16))
[15:32:17]        source_doc_id=fb5f157a80c7fef595ba383922642f5e653728903fb109536214f6a75c646cdc
[15:32:17]        source_url=https://webapi.yanoshin.jp/rd.php?https://www.release.tdnet.info/inbs/140120260227571645.pdf
[15:32:17]   [4] ticker=80570 fye=2026-07-31 Q=4Q col=sales val=174081000000.0 reason=scaled超過 (1.74e+17) cause=不明 (scaled超過 (1.74e+17))
[15:32:17]        source_doc_id=d7226d204ef18e1ed8bb7a5899c561d05ccfe4ae6703c55d87bb690986d122e5
[15:32:17]        source_url=https://webapi.yanoshin.jp/rd.php?https://www.release.tdnet.info/inbs/140120260304575655.pdf
[15:32:17]   [5] ticker=259 fye=2026-01-31 Q=4Q col=sales val=241236000000.0 reason=scaled超過 (2.41e+17) cause=不明 (scaled超過 (2.41e+17))
[15:32:17]        source_doc_id=e575776114b44bcb1a5194ba09f3cb6f0f6a321057235838a8f8e6e7e2fcbeb4
[15:32:17]        source_url=https://webapi.yanoshin.jp/rd.php?https://www.release.tdnet.info/inbs/140120260304575305.pdf
[15:32:17]   [6] ticker=6635 fye=2025-12-31 Q=4Q col=sales val=36954000000.0 reason=scaled超過 (3.70e+16) cause=不明 (scaled超過 (3.70e+16))
[15:32:17]        source_doc_id=fb5f157a80c7fef595ba383922642f5e653728903fb109536214f6a75c646cdc
[15:32:17]        source_url=https://webapi.yanoshin.jp/rd.php?https://www.release.tdnet.info/inbs/140120260227571645.pdf
[15:32:17]   [7] ticker=8057 fye=2026-07-31 Q=4Q col=sales val=174081000000.0 reason=scaled超過 (1.74e+17) cause=不明 (scaled超過 (1.74e+17))
[15:32:17]        source_doc_id=d7226d204ef18e1ed8bb7a5899c561d05ccfe4ae6703c55d87bb690986d122e5
[15:32:17]        source_url=https://webapi.yanoshin.jp/rd.php?https://www.release.tdnet.info/inbs/140120260304575655.pdf
[15:32:17]   [8] ticker=1928 fye=2026-01-31 Q=4Q col=sales val=4197922000000.0 reason=scaled超過 (4.20e+18) cause=不明 (scaled超過 (4.20e+18))
[15:32:17]        source_doc_id=9d76a7718fd1f381aaa5e6324c6483557df5cfd581c4cbf3e0dae838cf4b560c
[15:32:17]        source_url=https://webapi.yanoshin.jp/rd.php?https://www.release.tdnet.info/inbs/140120260304576061.pdf
[15:32:17]   [9] ticker=1928 fye=2026-01-31 Q=4Q col=operating_profit val=341402000000.0 reason=scaled超過 (3.41e+17) cause=不明 (scaled超過 (3.41e+17))
[15:32:17]        source_doc_id=9d76a7718fd1f381aaa5e6324c6483557df5cfd581c4cbf3e0dae838cf4b560c
[15:32:17]        source_url=https://webapi.yanoshin.jp/rd.php?https://www.release.tdnet.info/inbs/140120260304576061.pdf
[15:32:17] [SANITIZE] === サマリ終了 (9 件) ===
[15:32:17] [PUSH] 全完了 (127.6秒): companies=2758 periods=91632 disclosures=1 facts=183405 sanitized=9 errors=0

=======================================================
  SQLite → Supabase push (バッチ版)
=======================================================
  DB         : C:\Users\takuy\OneDrive\tdnet-excel-input\decision_db.db
  batch_size : 500

=======================================================
  ✅ push 完了
=======================================================
  SQLite総行数       : 91632
  今回対象           : 91632
  companies upsert   : 2758
  periods upsert     : 91632
  disclosures upsert : 1
  facts push         : 183405
  値サニタイズ       : 9
  エラー             : 0
  quarantine DB      : C:\Users\takuy\OneDrive\tdnet-excel-input\data/quarantine.db
=======================================================

[Step 3/8] jquants sync... 
2026-03-05 15:32:17,555 INFO [sync_financials] === sync_financials START ===
2026-03-05 15:32:17,555 INFO [sync_financials]   mode:       APPLY (�{�Ԕ��f)
2026-03-05 15:32:17,555 INFO [sync_financials]   scope:      RECENT 30��
2026-03-05 15:32:17,555 INFO [sync_financials]   sqlite:     C:\Users\takuy\OneDrive\tdnet-excel-input\data\jquants.db
2026-03-05 15:32:17,555 INFO [sync_financials]   table:      financials
2026-03-05 15:32:17,555 INFO [sync_financials]   limit:      ������
2026-03-05 15:32:17,555 INFO [sync_financials]   batch-size: 500
2026-03-05 15:32:17,556 INFO [sync_financials]   log:        C:\Users\takuy\OneDrive\tdnet-excel-input\logs\sync_financials_apply_recent30d_20260305_153217.log
2026-03-05 15:32:17,565 INFO [sync_financials] [SQLite] ���f�[�^: 87,157 rows / 3,820 codes
2026-03-05 15:32:17,565 INFO [sync_financials] [SQLite] �������[�h: fetched_at >= 2026-02-03 15:32:17 (����30��)
2026-03-05 15:32:17,923 INFO [sync_financials] [SQLite] �d���r����: 72,490 rows
2026-03-05 15:32:17,929 INFO [sync_financials] [SYNC] quarter ���z: {"1Q": 17819, "2Q": 17771, "3Q": 17832, "4Q": 13, "FY": 19055}
2026-03-05 15:32:17,929 INFO [sync_financials] [SYNC] �J�n: 72,490 rows �� financials (145 batches �~ 500)
2026-03-05 15:32:18,206 INFO [sync_financials]   batch 1/145: 500 rows upserted (�݌v 500 / 72,490, 0.3�b)
2026-03-05 15:32:18,390 INFO [sync_financials]   batch 2/145: 500 rows upserted (�݌v 1,000 / 72,490, 0.5�b)
2026-03-05 15:32:18,586 INFO [sync_financials]   batch 3/145: 500 rows upserted (�݌v 1,500 / 72,490, 0.7�b)
2026-03-05 15:32:18,759 INFO [sync_financials]   batch 4/145: 500 rows upserted (�݌v 2,000 / 72,490, 0.8�b)
2026-03-05 15:32:18,939 INFO [sync_financials]   batch 5/145: 500 rows upserted (�݌v 2,500 / 72,490, 1.0�b)
2026-03-05 15:32:19,096 INFO [sync_financials]   batch 6/145: 500 rows upserted (�݌v 3,000 / 72,490, 1.2�b)
2026-03-05 15:32:19,246 INFO [sync_financials]   batch 7/145: 500 rows upserted (�݌v 3,500 / 72,490, 1.3�b)
2026-03-05 15:32:19,405 INFO [sync_financials]   batch 8/145: 500 rows upserted (�݌v 4,000 / 72,490, 1.5�b)
2026-03-05 15:32:19,561 INFO [sync_financials]   batch 9/145: 500 rows upserted (�݌v 4,500 / 72,490, 1.6�b)
2026-03-05 15:32:19,704 INFO [sync_financials]   batch 10/145: 500 rows upserted (�݌v 5,000 / 72,490, 1.8�b)
2026-03-05 15:32:19,874 INFO [sync_financials]   batch 11/145: 500 rows upserted (�݌v 5,500 / 72,490, 1.9�b)
2026-03-05 15:32:20,041 INFO [sync_financials]   batch 12/145: 500 rows upserted (�݌v 6,000 / 72,490, 2.1�b)
2026-03-05 15:32:20,195 INFO [sync_financials]   batch 13/145: 500 rows upserted (�݌v 6,500 / 72,490, 2.3�b)
2026-03-05 15:32:20,369 INFO [sync_financials]   batch 14/145: 500 rows upserted (�݌v 7,000 / 72,490, 2.4�b)
2026-03-05 15:32:20,509 INFO [sync_financials]   batch 15/145: 500 rows upserted (�݌v 7,500 / 72,490, 2.6�b)
2026-03-05 15:32:20,662 INFO [sync_financials]   batch 16/145: 500 rows upserted (�݌v 8,000 / 72,490, 2.7�b)
2026-03-05 15:32:20,826 INFO [sync_financials]   batch 17/145: 500 rows upserted (�݌v 8,500 / 72,490, 2.9�b)
2026-03-05 15:32:20,961 INFO [sync_financials]   batch 18/145: 500 rows upserted (�݌v 9,000 / 72,490, 3.0�b)
2026-03-05 15:32:21,113 INFO [sync_financials]   batch 19/145: 500 rows upserted (�݌v 9,500 / 72,490, 3.2�b)
2026-03-05 15:32:21,257 INFO [sync_financials]   batch 20/145: 500 rows upserted (�݌v 10,000 / 72,490, 3.3�b)
2026-03-05 15:32:21,430 INFO [sync_financials]   batch 21/145: 500 rows upserted (�݌v 10,500 / 72,490, 3.5�b)
2026-03-05 15:32:21,563 INFO [sync_financials]   batch 22/145: 500 rows upserted (�݌v 11,000 / 72,490, 3.6�b)
2026-03-05 15:32:21,695 INFO [sync_financials]   batch 23/145: 500 rows upserted (�݌v 11,500 / 72,490, 3.8�b)
2026-03-05 15:32:21,847 INFO [sync_financials]   batch 24/145: 500 rows upserted (�݌v 12,000 / 72,490, 3.9�b)
2026-03-05 15:32:21,986 INFO [sync_financials]   batch 25/145: 500 rows upserted (�݌v 12,500 / 72,490, 4.1�b)
2026-03-05 15:32:22,144 INFO [sync_financials]   batch 26/145: 500 rows upserted (�݌v 13,000 / 72,490, 4.2�b)
2026-03-05 15:32:22,274 INFO [sync_financials]   batch 27/145: 500 rows upserted (�݌v 13,500 / 72,490, 4.3�b)
2026-03-05 15:32:22,444 INFO [sync_financials]   batch 28/145: 500 rows upserted (�݌v 14,000 / 72,490, 4.5�b)
2026-03-05 15:32:22,594 INFO [sync_financials]   batch 29/145: 500 rows upserted (�݌v 14,500 / 72,490, 4.7�b)
2026-03-05 15:32:22,728 INFO [sync_financials]   batch 30/145: 500 rows upserted (�݌v 15,000 / 72,490, 4.8�b)
2026-03-05 15:32:22,867 INFO [sync_financials]   batch 31/145: 500 rows upserted (�݌v 15,500 / 72,490, 4.9�b)
2026-03-05 15:32:23,001 INFO [sync_financials]   batch 32/145: 500 rows upserted (�݌v 16,000 / 72,490, 5.1�b)
2026-03-05 15:32:23,144 INFO [sync_financials]   batch 33/145: 500 rows upserted (�݌v 16,500 / 72,490, 5.2�b)
2026-03-05 15:32:23,279 INFO [sync_financials]   batch 34/145: 500 rows upserted (�݌v 17,000 / 72,490, 5.3�b)
2026-03-05 15:32:23,437 INFO [sync_financials]   batch 35/145: 500 rows upserted (�݌v 17,500 / 72,490, 5.5�b)
2026-03-05 15:32:23,593 INFO [sync_financials]   batch 36/145: 500 rows upserted (�݌v 18,000 / 72,490, 5.7�b)
2026-03-05 15:32:23,726 INFO [sync_financials]   batch 37/145: 500 rows upserted (�݌v 18,500 / 72,490, 5.8�b)
2026-03-05 15:32:23,893 INFO [sync_financials]   batch 38/145: 500 rows upserted (�݌v 19,000 / 72,490, 6.0�b)
2026-03-05 15:32:24,062 INFO [sync_financials]   batch 39/145: 500 rows upserted (�݌v 19,500 / 72,490, 6.1�b)
2026-03-05 15:32:24,221 INFO [sync_financials]   batch 40/145: 500 rows upserted (�݌v 20,000 / 72,490, 6.3�b)
2026-03-05 15:32:24,354 INFO [sync_financials]   batch 41/145: 500 rows upserted (�݌v 20,500 / 72,490, 6.4�b)
2026-03-05 15:32:24,514 INFO [sync_financials]   batch 42/145: 500 rows upserted (�݌v 21,000 / 72,490, 6.6�b)
2026-03-05 15:32:24,685 INFO [sync_financials]   batch 43/145: 500 rows upserted (�݌v 21,500 / 72,490, 6.8�b)
2026-03-05 15:32:24,831 INFO [sync_financials]   batch 44/145: 500 rows upserted (�݌v 22,000 / 72,490, 6.9�b)
2026-03-05 15:32:24,979 INFO [sync_financials]   batch 45/145: 500 rows upserted (�݌v 22,500 / 72,490, 7.1�b)
2026-03-05 15:32:25,112 INFO [sync_financials]   batch 46/145: 500 rows upserted (�݌v 23,000 / 72,490, 7.2�b)
2026-03-05 15:32:25,289 INFO [sync_financials]   batch 47/145: 500 rows upserted (�݌v 23,500 / 72,490, 7.4�b)
2026-03-05 15:32:25,433 INFO [sync_financials]   batch 48/145: 500 rows upserted (�݌v 24,000 / 72,490, 7.5�b)
2026-03-05 15:32:25,576 INFO [sync_financials]   batch 49/145: 500 rows upserted (�݌v 24,500 / 72,490, 7.6�b)
2026-03-05 15:32:25,719 INFO [sync_financials]   batch 50/145: 500 rows upserted (�݌v 25,000 / 72,490, 7.8�b)
2026-03-05 15:32:25,854 INFO [sync_financials]   batch 51/145: 500 rows upserted (�݌v 25,500 / 72,490, 7.9�b)
2026-03-05 15:32:26,016 INFO [sync_financials]   batch 52/145: 500 rows upserted (�݌v 26,000 / 72,490, 8.1�b)
2026-03-05 15:32:26,151 INFO [sync_financials]   batch 53/145: 500 rows upserted (�݌v 26,500 / 72,490, 8.2�b)
2026-03-05 15:32:26,299 INFO [sync_financials]   batch 54/145: 500 rows upserted (�݌v 27,000 / 72,490, 8.4�b)
2026-03-05 15:32:26,437 INFO [sync_financials]   batch 55/145: 500 rows upserted (�݌v 27,500 / 72,490, 8.5�b)
2026-03-05 15:32:26,574 INFO [sync_financials]   batch 56/145: 500 rows upserted (�݌v 28,000 / 72,490, 8.6�b)
2026-03-05 15:32:26,721 INFO [sync_financials]   batch 57/145: 500 rows upserted (�݌v 28,500 / 72,490, 8.8�b)
2026-03-05 15:32:26,855 INFO [sync_financials]   batch 58/145: 500 rows upserted (�݌v 29,000 / 72,490, 8.9�b)
2026-03-05 15:32:26,992 INFO [sync_financials]   batch 59/145: 500 rows upserted (�݌v 29,500 / 72,490, 9.1�b)
2026-03-05 15:32:27,119 INFO [sync_financials]   batch 60/145: 500 rows upserted (�݌v 30,000 / 72,490, 9.2�b)
2026-03-05 15:32:27,246 INFO [sync_financials]   batch 61/145: 500 rows upserted (�݌v 30,500 / 72,490, 9.3�b)
2026-03-05 15:32:27,375 INFO [sync_financials]   batch 62/145: 500 rows upserted (�݌v 31,000 / 72,490, 9.4�b)
2026-03-05 15:32:27,533 INFO [sync_financials]   batch 63/145: 500 rows upserted (�݌v 31,500 / 72,490, 9.6�b)
2026-03-05 15:32:27,667 INFO [sync_financials]   batch 64/145: 500 rows upserted (�݌v 32,000 / 72,490, 9.7�b)
2026-03-05 15:32:27,816 INFO [sync_financials]   batch 65/145: 500 rows upserted (�݌v 32,500 / 72,490, 9.9�b)
2026-03-05 15:32:27,942 INFO [sync_financials]   batch 66/145: 500 rows upserted (�݌v 33,000 / 72,490, 10.0�b)
2026-03-05 15:32:28,086 INFO [sync_financials]   batch 67/145: 500 rows upserted (�݌v 33,500 / 72,490, 10.2�b)
2026-03-05 15:32:28,233 INFO [sync_financials]   batch 68/145: 500 rows upserted (�݌v 34,000 / 72,490, 10.3�b)
2026-03-05 15:32:28,357 INFO [sync_financials]   batch 69/145: 500 rows upserted (�݌v 34,500 / 72,490, 10.4�b)
2026-03-05 15:32:28,521 INFO [sync_financials]   batch 70/145: 500 rows upserted (�݌v 35,000 / 72,490, 10.6�b)
2026-03-05 15:32:28,662 INFO [sync_financials]   batch 71/145: 500 rows upserted (�݌v 35,500 / 72,490, 10.7�b)
2026-03-05 15:32:28,811 INFO [sync_financials]   batch 72/145: 500 rows upserted (�݌v 36,000 / 72,490, 10.9�b)
2026-03-05 15:32:28,952 INFO [sync_financials]   batch 73/145: 500 rows upserted (�݌v 36,500 / 72,490, 11.0�b)
2026-03-05 15:32:29,095 INFO [sync_financials]   batch 74/145: 500 rows upserted (�݌v 37,000 / 72,490, 11.2�b)
2026-03-05 15:32:29,233 INFO [sync_financials]   batch 75/145: 500 rows upserted (�݌v 37,500 / 72,490, 11.3�b)
2026-03-05 15:32:29,367 INFO [sync_financials]   batch 76/145: 500 rows upserted (�݌v 38,000 / 72,490, 11.4�b)
2026-03-05 15:32:29,503 INFO [sync_financials]   batch 77/145: 500 rows upserted (�݌v 38,500 / 72,490, 11.6�b)
2026-03-05 15:32:29,646 INFO [sync_financials]   batch 78/145: 500 rows upserted (�݌v 39,000 / 72,490, 11.7�b)
2026-03-05 15:32:29,783 INFO [sync_financials]   batch 79/145: 500 rows upserted (�݌v 39,500 / 72,490, 11.9�b)
2026-03-05 15:32:29,941 INFO [sync_financials]   batch 80/145: 500 rows upserted (�݌v 40,000 / 72,490, 12.0�b)
2026-03-05 15:32:30,077 INFO [sync_financials]   batch 81/145: 500 rows upserted (�݌v 40,500 / 72,490, 12.1�b)
2026-03-05 15:32:30,218 INFO [sync_financials]   batch 82/145: 500 rows upserted (�݌v 41,000 / 72,490, 12.3�b)
2026-03-05 15:32:30,346 INFO [sync_financials]   batch 83/145: 500 rows upserted (�݌v 41,500 / 72,490, 12.4�b)
2026-03-05 15:32:30,487 INFO [sync_financials]   batch 84/145: 500 rows upserted (�݌v 42,000 / 72,490, 12.6�b)
2026-03-05 15:32:30,617 INFO [sync_financials]   batch 85/145: 500 rows upserted (�݌v 42,500 / 72,490, 12.7�b)
2026-03-05 15:32:30,755 INFO [sync_financials]   batch 86/145: 500 rows upserted (�݌v 43,000 / 72,490, 12.8�b)
2026-03-05 15:32:30,878 INFO [sync_financials]   batch 87/145: 500 rows upserted (�݌v 43,500 / 72,490, 12.9�b)
2026-03-05 15:32:31,021 INFO [sync_financials]   batch 88/145: 500 rows upserted (�݌v 44,000 / 72,490, 13.1�b)
2026-03-05 15:32:31,145 INFO [sync_financials]   batch 89/145: 500 rows upserted (�݌v 44,500 / 72,490, 13.2�b)
2026-03-05 15:32:31,333 INFO [sync_financials]   batch 90/145: 500 rows upserted (�݌v 45,000 / 72,490, 13.4�b)
2026-03-05 15:32:31,469 INFO [sync_financials]   batch 91/145: 500 rows upserted (�݌v 45,500 / 72,490, 13.5�b)
2026-03-05 15:32:31,621 INFO [sync_financials]   batch 92/145: 500 rows upserted (�݌v 46,000 / 72,490, 13.7�b)
2026-03-05 15:32:31,759 INFO [sync_financials]   batch 93/145: 500 rows upserted (�݌v 46,500 / 72,490, 13.8�b)
2026-03-05 15:32:31,890 INFO [sync_financials]   batch 94/145: 500 rows upserted (�݌v 47,000 / 72,490, 14.0�b)
2026-03-05 15:32:32,030 INFO [sync_financials]   batch 95/145: 500 rows upserted (�݌v 47,500 / 72,490, 14.1�b)
2026-03-05 15:32:32,187 INFO [sync_financials]   batch 96/145: 500 rows upserted (�݌v 48,000 / 72,490, 14.3�b)
2026-03-05 15:32:32,343 INFO [sync_financials]   batch 97/145: 500 rows upserted (�݌v 48,500 / 72,490, 14.4�b)
2026-03-05 15:32:32,527 INFO [sync_financials]   batch 98/145: 500 rows upserted (�݌v 49,000 / 72,490, 14.6�b)
2026-03-05 15:32:32,686 INFO [sync_financials]   batch 99/145: 500 rows upserted (�݌v 49,500 / 72,490, 14.8�b)
2026-03-05 15:32:32,829 INFO [sync_financials]   batch 100/145: 500 rows upserted (�݌v 50,000 / 72,490, 14.9�b)
2026-03-05 15:32:32,967 INFO [sync_financials]   batch 101/145: 500 rows upserted (�݌v 50,500 / 72,490, 15.0�b)
2026-03-05 15:32:33,116 INFO [sync_financials]   batch 102/145: 500 rows upserted (�݌v 51,000 / 72,490, 15.2�b)
2026-03-05 15:32:33,274 INFO [sync_financials]   batch 103/145: 500 rows upserted (�݌v 51,500 / 72,490, 15.3�b)
2026-03-05 15:32:33,449 INFO [sync_financials]   batch 104/145: 500 rows upserted (�݌v 52,000 / 72,490, 15.5�b)
2026-03-05 15:32:33,584 INFO [sync_financials]   batch 105/145: 500 rows upserted (�݌v 52,500 / 72,490, 15.7�b)
2026-03-05 15:32:33,756 INFO [sync_financials]   batch 106/145: 500 rows upserted (�݌v 53,000 / 72,490, 15.8�b)
2026-03-05 15:32:33,889 INFO [sync_financials]   batch 107/145: 500 rows upserted (�݌v 53,500 / 72,490, 16.0�b)
2026-03-05 15:32:34,024 INFO [sync_financials]   batch 108/145: 500 rows upserted (�݌v 54,000 / 72,490, 16.1�b)
2026-03-05 15:32:34,169 INFO [sync_financials]   batch 109/145: 500 rows upserted (�݌v 54,500 / 72,490, 16.2�b)
2026-03-05 15:32:34,333 INFO [sync_financials]   batch 110/145: 500 rows upserted (�݌v 55,000 / 72,490, 16.4�b)
2026-03-05 15:32:34,471 INFO [sync_financials]   batch 111/145: 500 rows upserted (�݌v 55,500 / 72,490, 16.5�b)
2026-03-05 15:32:34,640 INFO [sync_financials]   batch 112/145: 500 rows upserted (�݌v 56,000 / 72,490, 16.7�b)
2026-03-05 15:32:34,794 INFO [sync_financials]   batch 113/145: 500 rows upserted (�݌v 56,500 / 72,490, 16.9�b)
2026-03-05 15:32:34,931 INFO [sync_financials]   batch 114/145: 500 rows upserted (�݌v 57,000 / 72,490, 17.0�b)
2026-03-05 15:32:35,085 INFO [sync_financials]   batch 115/145: 500 rows upserted (�݌v 57,500 / 72,490, 17.2�b)
2026-03-05 15:32:35,223 INFO [sync_financials]   batch 116/145: 500 rows upserted (�݌v 58,000 / 72,490, 17.3�b)
2026-03-05 15:32:35,363 INFO [sync_financials]   batch 117/145: 500 rows upserted (�݌v 58,500 / 72,490, 17.4�b)
2026-03-05 15:32:35,500 INFO [sync_financials]   batch 118/145: 500 rows upserted (�݌v 59,000 / 72,490, 17.6�b)
2026-03-05 15:32:35,636 INFO [sync_financials]   batch 119/145: 500 rows upserted (�݌v 59,500 / 72,490, 17.7�b)
2026-03-05 15:32:35,771 INFO [sync_financials]   batch 120/145: 500 rows upserted (�݌v 60,000 / 72,490, 17.8�b)
2026-03-05 15:32:35,919 INFO [sync_financials]   batch 121/145: 500 rows upserted (�݌v 60,500 / 72,490, 18.0�b)
2026-03-05 15:32:36,064 INFO [sync_financials]   batch 122/145: 500 rows upserted (�݌v 61,000 / 72,490, 18.1�b)
2026-03-05 15:32:36,200 INFO [sync_financials]   batch 123/145: 500 rows upserted (�݌v 61,500 / 72,490, 18.3�b)
2026-03-05 15:32:36,324 INFO [sync_financials]   batch 124/145: 500 rows upserted (�݌v 62,000 / 72,490, 18.4�b)
2026-03-05 15:32:36,484 INFO [sync_financials]   batch 125/145: 500 rows upserted (�݌v 62,500 / 72,490, 18.6�b)
2026-03-05 15:32:36,628 INFO [sync_financials]   batch 126/145: 500 rows upserted (�݌v 63,000 / 72,490, 18.7�b)
2026-03-05 15:32:36,778 INFO [sync_financials]   batch 127/145: 500 rows upserted (�݌v 63,500 / 72,490, 18.8�b)
2026-03-05 15:32:36,909 INFO [sync_financials]   batch 128/145: 500 rows upserted (�݌v 64,000 / 72,490, 19.0�b)
2026-03-05 15:32:37,049 INFO [sync_financials]   batch 129/145: 500 rows upserted (�݌v 64,500 / 72,490, 19.1�b)
2026-03-05 15:32:37,196 INFO [sync_financials]   batch 130/145: 500 rows upserted (�݌v 65,000 / 72,490, 19.3�b)
2026-03-05 15:32:37,329 INFO [sync_financials]   batch 131/145: 500 rows upserted (�݌v 65,500 / 72,490, 19.4�b)
2026-03-05 15:32:37,470 INFO [sync_financials]   batch 132/145: 500 rows upserted (�݌v 66,000 / 72,490, 19.5�b)
2026-03-05 15:32:37,603 INFO [sync_financials]   batch 133/145: 500 rows upserted (�݌v 66,500 / 72,490, 19.7�b)
2026-03-05 15:32:37,739 INFO [sync_financials]   batch 134/145: 500 rows upserted (�݌v 67,000 / 72,490, 19.8�b)
2026-03-05 15:32:37,902 INFO [sync_financials]   batch 135/145: 500 rows upserted (�݌v 67,500 / 72,490, 20.0�b)
2026-03-05 15:32:38,046 INFO [sync_financials]   batch 136/145: 500 rows upserted (�݌v 68,000 / 72,490, 20.1�b)
2026-03-05 15:32:38,173 INFO [sync_financials]   batch 137/145: 500 rows upserted (�݌v 68,500 / 72,490, 20.2�b)
2026-03-05 15:32:38,324 INFO [sync_financials]   batch 138/145: 500 rows upserted (�݌v 69,000 / 72,490, 20.4�b)
2026-03-05 15:32:38,457 INFO [sync_financials]   batch 139/145: 500 rows upserted (�݌v 69,500 / 72,490, 20.5�b)
2026-03-05 15:32:38,594 INFO [sync_financials]   batch 140/145: 500 rows upserted (�݌v 70,000 / 72,490, 20.7�b)
2026-03-05 15:32:38,724 INFO [sync_financials]   batch 141/145: 500 rows upserted (�݌v 70,500 / 72,490, 20.8�b)
2026-03-05 15:32:38,863 INFO [sync_financials]   batch 142/145: 500 rows upserted (�݌v 71,000 / 72,490, 20.9�b)
2026-03-05 15:32:39,005 INFO [sync_financials]   batch 143/145: 500 rows upserted (�݌v 71,500 / 72,490, 21.1�b)
2026-03-05 15:32:39,156 INFO [sync_financials]   batch 144/145: 500 rows upserted (�݌v 72,000 / 72,490, 21.2�b)
2026-03-05 15:32:39,300 INFO [sync_financials]   batch 145/145: 490 rows upserted (�݌v 72,490 / 72,490, 21.4�b)
2026-03-05 15:32:39,300 INFO [sync_financials] [VERIFY] Supabase ���̌��ؒ�...
2026-03-05 15:32:39,494 INFO [sync_financials] [VERIFY] public.financials: 72,490 rows
2026-03-05 15:32:39,494 INFO [sync_financials] 
============================================================
  SYNC ����
  upserted: 72,490 / 72,490
  errors:   0
  elapsed:  21.4�b
============================================================
2026-03-05 15:32:39,501 INFO [sync_financials] === sync_financials END (log: C:\Users\takuy\OneDrive\tdnet-excel-input\logs\sync_financials_apply_recent30d_20260305_153217.log) ===
[Step 4/8] KPI sync... 
C:\Users\takuy\OneDrive\tdnet-excel-input\.venv\Scripts\python.exe: No module named tools.kpi_sync
[Step 5/8] Generating data.xlsx... 
[15:32:39] public.financials を取得中...
[15:32:50]   → 72,490 行取得
[15:32:50]   → 3,820 tickers
[15:32:53] [GEN] data.xlsx 生成完了: 72,490 行 -> C:\Users\takuy\OneDrive\data.xlsx
[15:32:53] [GEN] === 検証サマリ ===
[15:32:53] [GEN]   financials     : 72,490 行
[15:32:53] [GEN]   tickers        : 3,820
[15:32:53] [GEN]   出力行数       : 72,490 行
[15:32:53] [GEN]   生成日時       : 2026-03-05 15:32:39
[15:32:53] [GEN]   出力先         : C:\Users\takuy\OneDrive\data.xlsx

==================================================
  data.xlsx 生成ツール
  ソース: Supabase public.financials
==================================================

==================================================
  ✅ 成功
==================================================
  出力ファイル : C:\Users\takuy\OneDrive\data.xlsx
  データ行数   : 72,490 行
  ticker数     : 3,820
  生成日時     : 2026-03-05 15:32:39
  エラー       : 0
==================================================

[Step 6/8] data.xlsx stats... 
  [XLSX] rows(DATA)=72491 
  [XLSX] delta=+0 (prev=72491, now=72491) 
  [XLSX] tickers=3821 
[Step 7/8] Refresh viewer _DATA... 
[1/3] data.xlsx ��ǂݍ��ݒ�...
  -> 72,492 rows x 8 cols
[2/3] �r���[�A Excel ���J���Ă��܂�...
[3/3] _DATA �V�[�g���X�V��...
REFRESH_OK rows=72492 cols=8
[Step 8/8] Discord alerts... 
[ALERT] 2 item(s)
[ALERT] thresholds: YOY>=30.0% QoQ>=30.0%
[ALERT] enabled categories: ['tanshin']
  3172: ALERT -> sending...
  1928: ALERT -> sending...
ALERT_DONE sent=2 checked=2 skipped=0 deduped=0
============================================================ 
 DONE 2026/03/05 15:34:18.34 
============================================================ 
  [AUTO] nopause 
