START 2026/03/07 11:18:33.97 
[Step 1/8] TDnet ingest... 
============================================================
  TDNET Ingest - ワンショット実行
============================================================

[DB]   C:\Users\takuy\OneDrive\tdnet-excel-input\decision_db.db

[2026-03-07 11:18:34] [INFO] [API] yanoshin.jp APIから取得中: https://webapi.yanoshin.jp/webapi/tdnet/list/today.json
[2026-03-07 11:18:34] [INFO] [API] detected_schema=items, raw_items_count=264
[2026-03-07 11:18:34] [INFO] [API] first_item_preview: id=cb6e7b584ed2..., pubdate=2026-03-06 18:40:00, title=役員体制に関するお知らせ, code=7136
[2026-03-07 11:18:34] [INFO] [API] fetched_count=264
[2026-03-07 11:18:34] [INFO] [API] skip_reason=instrument_excluded, code=426A, name=ＳＰ５００ＥＷＨ無, title=ニッセイＥＴＦ　Ｓ＆Ｐ５００イコール・ウェイト（為替ヘッジなし）（2026年1月期）決算短信
[2026-03-07 11:18:34] [INFO] [API] skip_reason=instrument_excluded, code=13494, name=Ｅ－ＳＳＧＡ－ＳＩＮ, title=アジア国債・公債ＥＴＦ（正式名称：ＡＢＦ汎アジア債券インデックス・ファンド）に関する日々の開示事項
[2026-03-07 11:18:34] [INFO] [API] skip_reason=instrument_excluded, code=15574, name=Ｅ－ＳＳＧＡＴＣ, title=State Street SPDR S&amp;P500 ETFに関する日々の開示事項
[2026-03-07 11:18:34] [INFO] [API] skip_reason=instrument_excluded, code=20704, name=Ｎ－三菱ＵＦＪ証ＨＤ, title=上場ETN（発行者：三菱UFJ証券ホールディングス株式会社）に関する日々の開示事項
[2026-03-07 11:18:34] [INFO] [API] skip_reason=instrument_excluded, code=1557, name=ＳＰＤＲ５００, title=State Street SPDR S&amp;P500 ETF分配金の支払いに係る基準日のお知らせ
[2026-03-07 11:18:34] [INFO] [API] skip_reason=instrument_excluded, code=13294, name=Ｅ－ブラックロック, title=上場ETF（管理会社：ブラックロック・ジャパン）に関する日々の開示事項
[2026-03-07 11:18:34] [INFO] [API] skip_reason=instrument_excluded, code=16714, name=Ｅ－シンプレクス, title=上場ＥＴＦ(管理会社：シンプレクス・アセット・マネジメント)に関する日々の開示事項
[2026-03-07 11:18:34] [INFO] [API] skip_reason=instrument_excluded, code=2633, name=Ｓ＆Ｐ５００ヘッジ無, title=ETFの収益分配金見込額のお知らせ
[2026-03-07 11:18:34] [INFO] [API] skip_reason=instrument_excluded, code=2634, name=Ｓ＆Ｐ５００ヘッジ有, title=ETFの収益分配金見込額のお知らせ
[2026-03-07 11:18:34] [INFO] [API] skip_reason=instrument_excluded, code=16724, name=Ｅ－ＷｉｓｄｏｍＴｒ, title=上場ETF（管理会社：WisdomTree、外国投資法人：MSL）に関する日々の開示事項　
[2026-03-07 11:18:34] [INFO] [API] skip_reason=instrument_excluded, code=16724, name=Ｅ－ＷｉｓｄｏｍＴｒ, title=上場ETF（管理会社：WisdomTree、外国投資法人：CSL）に関する日々の開示事項　
[2026-03-07 11:18:34] [INFO] [API] skip_reason=instrument_excluded, code=1555, name=上場Ａリート, title=ＥＴＦの収益分配金見込額のお知らせ
[2026-03-07 11:18:34] [INFO] [API] skip_reason=instrument_excluded, code=1566, name=上場ＥＭ債, title=ＥＴＦの収益分配金見込額のお知らせ
[2026-03-07 11:18:34] [INFO] [API] skip_reason=instrument_excluded, code=1677, name=上場外債, title=ＥＴＦの収益分配金見込額のお知らせ
[2026-03-07 11:18:34] [INFO] [API] skip_reason=instrument_excluded, code=2237, name=ｉＦＳＰ５００ダブル, title=iFreeETFの収益分配金見込額のお知らせ
[2026-03-07 11:18:34] [INFO] [API] skip_reason=instrument_excluded, code=2238, name=ｉＦＳＰ５００ベア, title=iFreeETFの収益分配金見込額のお知らせ
[2026-03-07 11:18:34] [INFO] [API] skip_reason=instrument_excluded, code=2247, name=ｉＦＳＰ５００Ｈ無, title=iFreeETFの収益分配金見込額のお知らせ
[2026-03-07 11:18:34] [INFO] [API] skip_reason=instrument_excluded, code=2248, name=ｉＦＳＰ５００Ｈ有, title=iFreeETFの収益分配金見込額のお知らせ
[2026-03-07 11:18:34] [INFO] [API] skip_reason=instrument_excluded, code=2249, name=ｉＦＳＰ５００Ｗベア, title=iFreeETFの収益分配金見込額のお知らせ
[2026-03-07 11:18:34] [INFO] [API] skip_reason=instrument_excluded, code=2528, name=ｉＦＪリートコア, title=iFreeETFの収益分配金見込額のお知らせ
[2026-03-07 11:18:34] [INFO] [API] skip_reason=instrument_excluded, code=284, name=ｉＦナス１００Ｈ無, title=iFreeETFの収益分配金見込額のお知らせ
[2026-03-07 11:18:34] [INFO] [API] skip_reason=instrument_excluded, code=2841, name=ｉＦナス１００Ｈ有, title=iFreeETFの収益分配金見込額のお知らせ
[2026-03-07 11:18:34] [INFO] [API] skip_reason=instrument_excluded, code=2842, name=ｉＦナス１００ベア, title=iFreeETFの収益分配金見込額のお知らせ
[2026-03-07 11:18:34] [INFO] [API] skip_reason=instrument_excluded, code=2865, name=ＧＸＮＤＸカバコ, title=ETFの収益分配金見込額のお知らせ
[2026-03-07 11:18:34] [INFO] [API] skip_reason=instrument_excluded, code=2866, name=ＧＸ優先証券, title=ETFの収益分配金見込額のお知らせ
[2026-03-07 11:18:34] [INFO] [API] skip_reason=instrument_excluded, code=2868, name=ＧＸＳＰＸカバコ, title=ETFの収益分配金見込額のお知らせ
[2026-03-07 11:18:34] [INFO] [API] skip_reason=instrument_excluded, code=2869, name=ｉＦナス１００ダブル, title=iFreeETFの収益分配金見込額のお知らせ
[2026-03-07 11:18:34] [INFO] [API] skip_reason=instrument_excluded, code=287, name=ｉＦナス１００Ｗベア, title=iFreeETFの収益分配金見込額のお知らせ
[2026-03-07 11:18:34] [INFO] [API] skip_reason=instrument_excluded, code=424A, name=ＧＸゴールドＨ, title=ETFの収益分配金見込額のお知らせ
[2026-03-07 11:18:34] [INFO] [API] skip_reason=instrument_excluded, code=425A, name=ＧＸゴールド, title=ETFの収益分配金見込額のお知らせ
[2026-03-07 11:18:34] [INFO] [API] skip_reason=instrument_excluded, code=467A, name=ＧＸＵＳ社債Ｈ, title=ETFの収益分配金見込額のお知らせ
[2026-03-07 11:18:34] [INFO] [API] skip_reason=instrument_excluded, code=468A, name=ＧＸＵＳ社債, title=ETFの収益分配金見込額のお知らせ
[2026-03-07 11:18:34] [INFO] [API] instrument_skipped_count=32
[2026-03-07 11:18:34] [INFO] [API] fetched_count=264, filtered_count=26, forecast_revision_count=8, financial_statement_count=18
[2026-03-07 11:18:34] [INFO] [API] new_count=11
[2026-03-07 11:18:34] [INFO] [DL] 既にダウンロード済み: C:\Users\takuy\OneDrive\tdnet-excel-input\data\docs\140120260306577706.pdf
[2026-03-07 11:18:34] [INFO] [抽出] SKIP_PDF_NOT_TANSHIN: title=2026 年1月期 第４四半期決算発表日の変更に関するお知らせ
[2026-03-07 11:18:34] [INFO] [INGEST] doc_id=e8a239dae9baa689 status=skipped_not_tanshin title=2026 年1月期 第４四半期決算発表日の変更に関するお知らせ
[2026-03-07 11:18:34] [INFO] [DL] 既にダウンロード済み: C:\Users\takuy\OneDrive\tdnet-excel-input\data\docs\140120260306577591.pdf
[2026-03-07 11:18:34] [INFO] [抽出] SKIP_PDF_NOT_TANSHIN: title=2026年６月期　第２四半期決算説明 質疑応答集
[2026-03-07 11:18:34] [INFO] [INGEST] doc_id=151f86de1ee5b42f status=skipped_not_tanshin title=2026年６月期　第２四半期決算説明 質疑応答集
[2026-03-07 11:18:34] [INFO] [DL] 既にダウンロード済み: C:\Users\takuy\OneDrive\tdnet-excel-input\data\docs\140120260305576919.pdf
[2026-03-07 11:18:34] [INFO] [抽出] SKIP_PDF_NOT_TANSHIN: title=2026年4月期 第3四半期決算補足説明資料
[2026-03-07 11:18:34] [INFO] [INGEST] doc_id=a802ff0966d04501 status=skipped_not_tanshin title=2026年4月期 第3四半期決算補足説明資料
[2026-03-07 11:18:34] [INFO] [INGEST] run=ingest-524d4a78 processed=3 success=0 skipped=3 error=0 (tanshin=3) SKIP_NOT_TANSHIN_TITLE=3
============================================================
  結果サマリ
============================================================
  run_id          : ingest-524d4a78
  取得開示数      : 11
  対象(決算短信)  : 3
  処理件数        : 3
  INSERT          : 0
  UPDATE          : 0
  変更なし        : 0
  成功            : 0
  スキップ        : 3
  エラー          : 0
  [skip内訳]
    SKIP_NOT_TANSHIN_TITLE: 3

[個別結果]
  [-] skipped    | SKIP_PDF_NOT_TANSHIN: title=2026 年1月期 第４四半期決算発表日の変更に関するお知らせ
  [-] skipped    | SKIP_PDF_NOT_TANSHIN: title=2026年６月期　第２四半期決算説明 質疑応答集
  [-] skipped    | SKIP_PDF_NOT_TANSHIN: title=2026年4月期 第3四半期決算補足説明資料

[TICKERS] 0 items -> C:\Users\takuy\OneDrive\tdnet-excel-input\logs\last_ingested_items.json
[Step 2/8] SQLite to Supabase push... 
[11:18:35] [PUSH] SQLite総行数: 91647, 今回対象: 91647 件
[11:18:35] [Phase 1/4] companies 一括 upsert...
[11:18:37]   → 2773 社 完了 (1.9秒)
[11:18:37] [Phase 2/4] periods 一括 upsert...
[11:18:58]   → 91647 期間 完了 (23.3秒)
[11:18:58] [Phase 3/4] disclosures 一括 upsert...
[11:18:58]   対象 disclosure: 91647 件
[11:19:18]   既存 disclosure: 183267 件
[11:19:18]   新規 insert: 9 件
[11:19:18]   → 183276 disclosure 完了 (43.5秒)
[11:19:18] [Phase 4/4] facts 一括 upsert (batch=500, offset=0)...
[11:19:19]   batch 1: 226/91647 (0.2%) facts=500 sanitized=0 経過=44秒 残り≈17769秒
[11:19:19]   batch 2: 477/91647 (0.5%) facts=1002 sanitized=0 経過=44秒 残り≈8457秒
[11:19:19]   batch 3: 709/91647 (0.8%) facts=1503 sanitized=0 経過=45秒 残り≈5714秒
[11:19:19]   batch 4: 959/91647 (1.0%) facts=2005 sanitized=0 経過=45秒 残り≈4238秒
[11:19:20]   batch 5: 1188/91647 (1.3%) facts=2505 sanitized=0 経過=45秒 残り≈3434秒
[11:19:20]   batch 6: 1439/91647 (1.6%) facts=3006 sanitized=0 経過=45秒 残り≈2847秒
[11:19:20]   batch 7: 1668/91647 (1.8%) facts=3507 sanitized=0 経過=46秒 残り≈2464秒
[11:19:21]   batch 8: 1909/91647 (2.1%) facts=4007 sanitized=0 経過=46秒 残り≈2158秒
[11:19:21]   batch 9: 2144/91647 (2.3%) facts=4507 sanitized=0 経過=46秒 残り≈1926秒
[11:19:21]   batch 10: 2370/91647 (2.6%) facts=5007 sanitized=0 経過=46秒 残り≈1749秒
[11:19:21]   batch 11: 2626/91647 (2.9%) facts=5509 sanitized=0 経過=47秒 残り≈1584秒
[11:19:22]   batch 12: 2863/91647 (3.1%) facts=6011 sanitized=0 経過=47秒 残り≈1456秒
[11:19:22]   batch 13: 3129/91647 (3.4%) facts=6512 sanitized=0 経過=47秒 残り≈1335秒
[11:19:22]   batch 14: 3375/91647 (3.7%) facts=7014 sanitized=0 経過=47秒 残り≈1240秒
[11:19:22]   batch 15: 3638/91647 (4.0%) facts=7514 sanitized=0 経過=48秒 残り≈1153秒
[11:19:23]   batch 16: 3884/91647 (4.2%) facts=8015 sanitized=0 経過=48秒 残り≈1082秒
[11:19:23]   batch 17: 4134/91647 (4.5%) facts=8517 sanitized=0 経過=48秒 残り≈1019秒
[11:19:23]   batch 18: 4384/91647 (4.8%) facts=9017 sanitized=0 経過=48秒 残り≈963秒
[11:19:23]   batch 19: 4621/91647 (5.0%) facts=9518 sanitized=0 経過=49秒 残り≈915秒
[11:19:23]   batch 20: 4871/91647 (5.3%) facts=10020 sanitized=0 経過=49秒 残り≈869秒
[11:19:24]   batch 21: 5095/91647 (5.6%) facts=10521 sanitized=0 経過=49秒 残り≈833秒
[11:19:24]   batch 22: 5353/91647 (5.8%) facts=11021 sanitized=0 経過=49秒 残り≈795秒
[11:19:24]   batch 23: 5611/91647 (6.1%) facts=11523 sanitized=0 経過=49秒 残り≈759秒
[11:19:24]   batch 24: 5843/91647 (6.4%) facts=12024 sanitized=0 経過=50秒 残り≈730秒
[11:19:25]   batch 25: 6114/91647 (6.7%) facts=12526 sanitized=0 経過=50秒 残り≈698秒
[11:19:25]   batch 26: 6350/91647 (6.9%) facts=13028 sanitized=0 経過=50秒 残り≈673秒
[11:19:25]   batch 27: 6589/91647 (7.2%) facts=13530 sanitized=0 経過=50秒 残り≈650秒
[11:19:25]   batch 28: 6851/91647 (7.5%) facts=14030 sanitized=0 経過=50秒 残り≈625秒
[11:19:25]   batch 29: 7104/91647 (7.8%) facts=14531 sanitized=0 経過=51秒 残り≈603秒
[11:19:25]   batch 30: 7345/91647 (8.0%) facts=15033 sanitized=0 経過=51秒 残り≈584秒
[11:19:26]   batch 31: 7595/91647 (8.3%) facts=15535 sanitized=0 経過=51秒 残り≈565秒
[11:19:26]   batch 32: 7841/91647 (8.6%) facts=16037 sanitized=0 経過=51秒 残り≈548秒
[11:19:26]   batch 33: 8093/91647 (8.8%) facts=16537 sanitized=0 経過=51秒 残り≈531秒
[11:19:26]   batch 34: 8328/91647 (9.1%) facts=17038 sanitized=0 経過=52秒 残り≈516秒
[11:19:26]   batch 35: 8579/91647 (9.4%) facts=17538 sanitized=0 経過=52秒 残り≈501秒
[11:19:27]   batch 36: 8802/91647 (9.6%) facts=18038 sanitized=0 経過=52秒 残り≈489秒
[11:19:27]   batch 37: 9024/91647 (9.8%) facts=18538 sanitized=0 経過=52秒 残り≈477秒
[11:19:27]   batch 38: 9252/91647 (10.1%) facts=19038 sanitized=0 経過=52秒 残り≈466秒
[11:19:27]   batch 39: 9500/91647 (10.4%) facts=19540 sanitized=0 経過=52秒 残り≈454秒
[11:19:27]   batch 40: 9736/91647 (10.6%) facts=20040 sanitized=0 経過=53秒 残り≈443秒
[11:19:27]   batch 41: 9976/91647 (10.9%) facts=20542 sanitized=0 経過=53秒 残り≈432秒
[11:19:28]   batch 42: 10242/91647 (11.2%) facts=21042 sanitized=0 経過=53秒 残り≈421秒
[11:19:28]   batch 43: 10529/91647 (11.5%) facts=21543 sanitized=0 経過=53秒 残り≈409秒
[11:19:28]   batch 44: 10826/91647 (11.8%) facts=22043 sanitized=0 経過=53秒 残り≈398秒
[11:19:28]   batch 45: 11183/91647 (12.2%) facts=22543 sanitized=0 経過=53秒 残り≈384秒
[11:19:28]   batch 46: 11461/91647 (12.5%) facts=23043 sanitized=0 経過=54秒 残り≈375秒
[11:19:28]   batch 47: 11691/91647 (12.8%) facts=23545 sanitized=0 経過=54秒 残り≈367秒
[11:19:29]   batch 48: 11963/91647 (13.1%) facts=24045 sanitized=0 経過=54秒 残り≈359秒
[11:19:29]   batch 49: 12232/91647 (13.3%) facts=24546 sanitized=0 経過=54秒 残り≈351秒
[11:19:29]   batch 50: 12468/91647 (13.6%) facts=25047 sanitized=0 経過=54秒 残り≈344秒
[11:19:29]   batch 51: 12691/91647 (13.8%) facts=25548 sanitized=0 経過=54秒 残り≈338秒
[11:19:29]   batch 52: 12933/91647 (14.1%) facts=26050 sanitized=0 経過=55秒 残り≈332秒
[11:19:29]   batch 53: 13186/91647 (14.4%) facts=26550 sanitized=0 経過=55秒 残り≈325秒
[11:19:29]   batch 54: 13413/91647 (14.6%) facts=27050 sanitized=0 経過=55秒 残り≈320秒
[11:19:30]   batch 55: 13645/91647 (14.9%) facts=27550 sanitized=0 経過=55秒 残り≈314秒
[11:19:30]   batch 56: 13902/91647 (15.2%) facts=28052 sanitized=0 経過=55秒 残り≈308秒
[11:19:30]   batch 57: 14163/91647 (15.5%) facts=28554 sanitized=0 経過=55秒 残り≈302秒
[11:19:30]   batch 58: 14394/91647 (15.7%) facts=29055 sanitized=0 経過=55秒 残り≈298秒
[11:19:30]   batch 59: 14632/91647 (16.0%) facts=29556 sanitized=0 経過=56秒 残り≈293秒
[11:19:30]   batch 60: 14860/91647 (16.2%) facts=30057 sanitized=0 経過=56秒 残り≈288秒
[11:19:30] [SANITIZE] 元値が10^16超 (5.40e+303): col=operating_profit val=5.4e+303 ticker=46850 fye=2028-03-31 Q=2Q
[11:19:31]   batch 61: 15079/91647 (16.5%) facts=30557 sanitized=1 経過=56秒 残り≈284秒
[11:19:31]   batch 62: 15308/91647 (16.7%) facts=31057 sanitized=1 経過=56秒 残り≈280秒
[11:19:31]   batch 63: 15538/91647 (17.0%) facts=31557 sanitized=1 経過=56秒 残り≈276秒
[11:19:31]   batch 64: 15781/91647 (17.2%) facts=32059 sanitized=1 経過=56秒 残り≈271秒
[11:19:31]   batch 65: 16031/91647 (17.5%) facts=32559 sanitized=1 経過=57秒 残り≈267秒
[11:19:31]   batch 66: 16246/91647 (17.7%) facts=33059 sanitized=1 経過=57秒 残り≈263秒
[11:19:32]   batch 67: 16482/91647 (18.0%) facts=33560 sanitized=1 経過=57秒 残り≈260秒
[11:19:32]   batch 68: 16726/91647 (18.3%) facts=34060 sanitized=1 経過=57秒 残り≈256秒
[11:19:32]   batch 69: 16952/91647 (18.5%) facts=34560 sanitized=1 経過=57秒 残り≈252秒
[11:19:32]   batch 70: 17198/91647 (18.8%) facts=35060 sanitized=1 経過=57秒 残り≈249秒
[11:19:32]   batch 71: 17433/91647 (19.0%) facts=35561 sanitized=1 経過=58秒 残り≈245秒
[11:19:32]   batch 72: 17643/91647 (19.3%) facts=36063 sanitized=1 経過=58秒 残り≈242秒
[11:19:33]   batch 73: 17871/91647 (19.5%) facts=36565 sanitized=1 経過=58秒 残り≈239秒
[11:19:33]   batch 74: 18091/91647 (19.7%) facts=37066 sanitized=1 経過=58秒 残り≈236秒
[11:19:33]   batch 75: 18339/91647 (20.0%) facts=37567 sanitized=1 経過=58秒 残り≈233秒
[11:19:33]   batch 76: 18586/91647 (20.3%) facts=38069 sanitized=1 経過=58秒 残り≈229秒
[11:19:33]   batch 77: 18841/91647 (20.6%) facts=38571 sanitized=1 経過=58秒 残り≈226秒
[11:19:33]   batch 78: 19106/91647 (20.8%) facts=39073 sanitized=1 経過=59秒 残り≈223秒
[11:19:33]   batch 79: 19341/91647 (21.1%) facts=39573 sanitized=1 経過=59秒 残り≈220秒
[11:19:34]   batch 80: 19572/91647 (21.4%) facts=40075 sanitized=1 経過=59秒 残り≈217秒
[11:19:34]   batch 81: 19836/91647 (21.6%) facts=40575 sanitized=1 経過=59秒 残り≈214秒
[11:19:34]   batch 82: 20078/91647 (21.9%) facts=41076 sanitized=1 経過=59秒 残り≈211秒
[11:19:34]   batch 83: 20331/91647 (22.2%) facts=41578 sanitized=1 経過=59秒 残り≈208秒
[11:19:34]   batch 84: 20569/91647 (22.4%) facts=42079 sanitized=1 経過=60秒 残り≈206秒
[11:19:34]   batch 85: 20845/91647 (22.7%) facts=42579 sanitized=1 経過=60秒 残り≈203秒
[11:19:35]   batch 86: 21071/91647 (23.0%) facts=43081 sanitized=1 経過=60秒 残り≈201秒
[11:19:35]   batch 87: 21320/91647 (23.3%) facts=43581 sanitized=1 経過=60秒 残り≈198秒
[11:19:35]   batch 88: 21610/91647 (23.6%) facts=44083 sanitized=1 経過=60秒 残り≈195秒
[11:19:35]   batch 89: 21846/91647 (23.8%) facts=44583 sanitized=1 経過=60秒 残り≈193秒
[11:19:35]   batch 90: 22075/91647 (24.1%) facts=45083 sanitized=1 経過=61秒 残り≈191秒
[11:19:35]   batch 91: 22295/91647 (24.3%) facts=45585 sanitized=1 経過=61秒 残り≈189秒
[11:19:36]   batch 92: 22540/91647 (24.6%) facts=46086 sanitized=1 経過=61秒 残り≈187秒
[11:19:36]   batch 93: 22782/91647 (24.9%) facts=46587 sanitized=1 経過=61秒 残り≈185秒
[11:19:36]   batch 94: 23022/91647 (25.1%) facts=47089 sanitized=1 経過=61秒 残り≈183秒
[11:19:36]   batch 95: 23276/91647 (25.4%) facts=47589 sanitized=1 経過=62秒 残り≈181秒
[11:19:36]   batch 96: 23514/91647 (25.7%) facts=48090 sanitized=1 経過=62秒 残り≈179秒
[11:19:37]   batch 97: 23763/91647 (25.9%) facts=48592 sanitized=1 経過=62秒 残り≈177秒
[11:19:37]   batch 98: 24012/91647 (26.2%) facts=49093 sanitized=1 経過=62秒 残り≈175秒
[11:19:37]   batch 99: 24252/91647 (26.5%) facts=49594 sanitized=1 経過=62秒 残り≈173秒
[11:19:37]   batch 100: 24523/91647 (26.8%) facts=50096 sanitized=1 経過=63秒 残り≈171秒
[11:19:37]   batch 101: 24745/91647 (27.0%) facts=50598 sanitized=1 経過=63秒 残り≈170秒
[11:19:38]   batch 102: 24959/91647 (27.2%) facts=51099 sanitized=1 経過=63秒 残り≈168秒
[11:19:38]   batch 103: 25195/91647 (27.5%) facts=51601 sanitized=1 経過=63秒 残り≈167秒
[11:19:38]   batch 104: 25440/91647 (27.8%) facts=52102 sanitized=1 経過=63秒 残り≈165秒
[11:19:38]   batch 105: 25667/91647 (28.0%) facts=52604 sanitized=1 経過=64秒 残り≈163秒
[11:19:38]   batch 106: 25927/91647 (28.3%) facts=53105 sanitized=1 経過=64秒 残り≈161秒
[11:19:39]   batch 107: 26181/91647 (28.6%) facts=53605 sanitized=1 経過=64秒 残り≈160秒
[11:19:39]   batch 108: 26431/91647 (28.8%) facts=54105 sanitized=1 経過=64秒 残り≈158秒
[11:19:39]   batch 109: 26671/91647 (29.1%) facts=54607 sanitized=1 経過=64秒 残り≈156秒
[11:19:39]   batch 110: 26917/91647 (29.4%) facts=55107 sanitized=1 経過=64秒 残り≈155秒
[11:19:39]   batch 111: 27158/91647 (29.6%) facts=55607 sanitized=1 経過=65秒 残り≈153秒
[11:19:39]   batch 112: 27391/91647 (29.9%) facts=56107 sanitized=1 経過=65秒 残り≈152秒
[11:19:40]   batch 113: 27667/91647 (30.2%) facts=56609 sanitized=1 経過=65秒 残り≈150秒
[11:19:40]   batch 114: 27911/91647 (30.5%) facts=57111 sanitized=1 経過=65秒 残り≈149秒
[11:19:40]   batch 115: 28150/91647 (30.7%) facts=57612 sanitized=1 経過=65秒 残り≈147秒
[11:19:40]   batch 116: 28401/91647 (31.0%) facts=58112 sanitized=1 経過=65秒 残り≈146秒
[11:19:40]   batch 117: 28632/91647 (31.2%) facts=58612 sanitized=1 経過=66秒 残り≈144秒
[11:19:40]   batch 118: 28869/91647 (31.5%) facts=59113 sanitized=1 経過=66秒 残り≈143秒
[11:19:40]   batch 119: 29100/91647 (31.8%) facts=59613 sanitized=1 経過=66秒 残り≈142秒
[11:19:41]   batch 120: 29323/91647 (32.0%) facts=60115 sanitized=1 経過=66秒 残り≈140秒
[11:19:41]   batch 121: 29609/91647 (32.3%) facts=60616 sanitized=1 経過=66秒 残り≈139秒
[11:19:41]   batch 122: 29837/91647 (32.6%) facts=61116 sanitized=1 経過=66秒 残り≈138秒
[11:19:41]   batch 123: 30067/91647 (32.8%) facts=61616 sanitized=1 経過=67秒 残り≈136秒
[11:19:41]   batch 124: 30323/91647 (33.1%) facts=62117 sanitized=1 経過=67秒 残り≈135秒
[11:19:42]   batch 125: 30554/91647 (33.3%) facts=62618 sanitized=1 経過=67秒 残り≈134秒
[11:19:42]   batch 126: 30784/91647 (33.6%) facts=63118 sanitized=1 経過=67秒 残り≈133秒
[11:19:42]   batch 127: 31018/91647 (33.8%) facts=63620 sanitized=1 経過=67秒 残り≈131秒
[11:19:42]   batch 128: 31250/91647 (34.1%) facts=64122 sanitized=1 経過=67秒 残り≈130秒
[11:19:42]   batch 129: 31491/91647 (34.4%) facts=64624 sanitized=1 経過=68秒 残り≈129秒
[11:19:42]   batch 130: 31722/91647 (34.6%) facts=65126 sanitized=1 経過=68秒 残り≈128秒
[11:19:43]   batch 131: 31943/91647 (34.9%) facts=65626 sanitized=1 経過=68秒 残り≈127秒
[11:19:43]   batch 132: 32184/91647 (35.1%) facts=66126 sanitized=1 経過=68秒 残り≈126秒
[11:19:43]   batch 133: 32427/91647 (35.4%) facts=66627 sanitized=1 経過=68秒 残り≈125秒
[11:19:43]   batch 134: 32659/91647 (35.6%) facts=67129 sanitized=1 経過=68秒 残り≈124秒
[11:19:43]   batch 135: 32901/91647 (35.9%) facts=67631 sanitized=1 経過=69秒 残り≈122秒
[11:19:43]   batch 136: 33130/91647 (36.1%) facts=68131 sanitized=1 経過=69秒 残り≈121秒
[11:19:44]   batch 137: 33374/91647 (36.4%) facts=68632 sanitized=1 経過=69秒 残り≈120秒
[11:19:44]   batch 138: 33624/91647 (36.7%) facts=69133 sanitized=1 経過=69秒 残り≈119秒
[11:19:44]   batch 139: 33863/91647 (36.9%) facts=69634 sanitized=1 経過=69秒 残り≈118秒
[11:19:44]   batch 140: 34121/91647 (37.2%) facts=70134 sanitized=1 経過=69秒 残り≈117秒
[11:19:44]   batch 141: 34405/91647 (37.5%) facts=70634 sanitized=1 経過=70秒 残り≈116秒
[11:19:44]   batch 142: 34645/91647 (37.8%) facts=71136 sanitized=1 経過=70秒 残り≈115秒
[11:19:45]   batch 143: 34876/91647 (38.1%) facts=71636 sanitized=1 経過=70秒 残り≈114秒
[11:19:45]   batch 144: 35152/91647 (38.4%) facts=72137 sanitized=1 経過=70秒 残り≈113秒
[11:19:45]   batch 145: 35405/91647 (38.6%) facts=72639 sanitized=1 経過=70秒 残り≈112秒
[11:19:45]   batch 146: 35636/91647 (38.9%) facts=73139 sanitized=1 経過=70秒 残り≈111秒
[11:19:45]   batch 147: 35913/91647 (39.2%) facts=73640 sanitized=1 経過=71秒 残り≈110秒
[11:19:45]   batch 148: 36185/91647 (39.5%) facts=74140 sanitized=1 経過=71秒 残り≈108秒
[11:19:46]   batch 149: 36466/91647 (39.8%) facts=74642 sanitized=1 経過=71秒 残り≈107秒
[11:19:46]   batch 150: 36701/91647 (40.0%) facts=75143 sanitized=1 経過=71秒 残り≈106秒
[11:19:46]   batch 151: 36957/91647 (40.3%) facts=75645 sanitized=1 経過=71秒 残り≈105秒
[11:19:46]   batch 152: 37192/91647 (40.6%) facts=76147 sanitized=1 経過=71秒 残り≈104秒
[11:19:46]   batch 153: 37460/91647 (40.9%) facts=76647 sanitized=1 経過=72秒 残り≈103秒
[11:19:46]   batch 154: 37715/91647 (41.2%) facts=77148 sanitized=1 経過=72秒 残り≈102秒
[11:19:46]   batch 155: 37947/91647 (41.4%) facts=77650 sanitized=1 経過=72秒 残り≈102秒
[11:19:47]   batch 156: 38216/91647 (41.7%) facts=78151 sanitized=1 経過=72秒 残り≈101秒
[11:19:47]   batch 157: 38438/91647 (41.9%) facts=78652 sanitized=1 経過=72秒 残り≈100秒
[11:19:47]   batch 158: 38661/91647 (42.2%) facts=79153 sanitized=1 経過=72秒 残り≈99秒
[11:19:47]   batch 159: 38907/91647 (42.5%) facts=79654 sanitized=1 経過=72秒 残り≈98秒
[11:19:47]   batch 160: 39125/91647 (42.7%) facts=80155 sanitized=1 経過=73秒 残り≈97秒
[11:19:47]   batch 161: 39365/91647 (43.0%) facts=80655 sanitized=1 経過=73秒 残り≈97秒
[11:19:47]   batch 162: 39670/91647 (43.3%) facts=81157 sanitized=1 経過=73秒 残り≈95秒
[11:19:48]   batch 163: 39923/91647 (43.6%) facts=81658 sanitized=1 経過=73秒 残り≈95秒
[11:19:48]   batch 164: 40199/91647 (43.9%) facts=82159 sanitized=1 経過=73秒 残り≈94秒
[11:19:48]   batch 165: 40468/91647 (44.2%) facts=82659 sanitized=1 経過=73秒 残り≈93秒
[11:19:48]   batch 166: 40718/91647 (44.4%) facts=83160 sanitized=1 経過=74秒 残り≈92秒
[11:19:48]   batch 167: 40949/91647 (44.7%) facts=83661 sanitized=1 経過=74秒 残り≈91秒
[11:19:49]   batch 168: 41201/91647 (45.0%) facts=84163 sanitized=1 経過=74秒 残り≈90秒
[11:19:49]   batch 169: 41453/91647 (45.2%) facts=84663 sanitized=1 経過=74秒 残り≈90秒
[11:19:49]   batch 170: 41704/91647 (45.5%) facts=85165 sanitized=1 経過=74秒 残り≈89秒
[11:19:49]   batch 171: 41947/91647 (45.8%) facts=85665 sanitized=1 経過=74秒 残り≈88秒
[11:19:49]   batch 172: 42180/91647 (46.0%) facts=86167 sanitized=1 経過=75秒 残り≈87秒
[11:19:49]   batch 173: 42436/91647 (46.3%) facts=86668 sanitized=1 経過=75秒 残り≈87秒
[11:19:49]   batch 174: 42677/91647 (46.6%) facts=87168 sanitized=1 経過=75秒 残り≈86秒
[11:19:50]   batch 175: 42961/91647 (46.9%) facts=87669 sanitized=1 経過=75秒 残り≈85秒
[11:19:50]   batch 176: 43199/91647 (47.1%) facts=88169 sanitized=1 経過=75秒 残り≈84秒
[11:19:50]   batch 177: 43437/91647 (47.4%) facts=88669 sanitized=1 経過=75秒 残り≈84秒
[11:19:50]   batch 178: 43665/91647 (47.6%) facts=89170 sanitized=1 経過=75秒 残り≈83秒
[11:19:50]   batch 179: 43869/91647 (47.9%) facts=89670 sanitized=1 経過=76秒 残り≈82秒
[11:19:50]   batch 180: 44109/91647 (48.1%) facts=90170 sanitized=1 経過=76秒 残り≈82秒
[11:19:51]   batch 181: 44340/91647 (48.4%) facts=90670 sanitized=1 経過=76秒 残り≈81秒
[11:19:51]   batch 182: 44583/91647 (48.6%) facts=91170 sanitized=1 経過=76秒 残り≈80秒
[11:19:51]   batch 183: 44820/91647 (48.9%) facts=91670 sanitized=1 経過=76秒 残り≈80秒
[11:19:51]   batch 184: 45046/91647 (49.2%) facts=92172 sanitized=1 経過=76秒 残り≈79秒
[11:19:51]   batch 185: 45257/91647 (49.4%) facts=92673 sanitized=1 経過=77秒 残り≈78秒
[11:19:51]   batch 186: 45540/91647 (49.7%) facts=93173 sanitized=1 経過=77秒 残り≈78秒
[11:19:52]   batch 187: 45845/91647 (50.0%) facts=93673 sanitized=1 経過=77秒 残り≈77秒
[11:19:52]   batch 188: 46187/91647 (50.4%) facts=94173 sanitized=1 経過=77秒 残り≈76秒
[11:19:52]   batch 189: 46428/91647 (50.7%) facts=94675 sanitized=1 経過=77秒 残り≈75秒
[11:19:52]   batch 190: 46677/91647 (50.9%) facts=95177 sanitized=1 経過=77秒 残り≈75秒
[11:19:52]   batch 191: 46899/91647 (51.2%) facts=95677 sanitized=1 経過=78秒 残り≈74秒
[11:19:52]   batch 192: 47142/91647 (51.4%) facts=96178 sanitized=1 経過=78秒 残り≈73秒
[11:19:53]   batch 193: 47385/91647 (51.7%) facts=96679 sanitized=1 経過=78秒 残り≈73秒
[11:19:53]   batch 194: 47606/91647 (51.9%) facts=97181 sanitized=1 経過=78秒 残り≈72秒
[11:19:53]   batch 195: 47834/91647 (52.2%) facts=97682 sanitized=1 経過=78秒 残り≈72秒
[11:19:53]   batch 196: 48070/91647 (52.5%) facts=98183 sanitized=1 経過=78秒 残り≈71秒
[11:19:53]   batch 197: 48289/91647 (52.7%) facts=98683 sanitized=1 経過=79秒 残り≈70秒
[11:19:53]   batch 198: 48569/91647 (53.0%) facts=99183 sanitized=1 経過=79秒 残り≈70秒
[11:19:53]   batch 199: 48851/91647 (53.3%) facts=99684 sanitized=1 経過=79秒 残り≈69秒
[11:19:54]   batch 200: 49104/91647 (53.6%) facts=100185 sanitized=1 経過=79秒 残り≈68秒
[11:19:54]   batch 201: 49353/91647 (53.9%) facts=100686 sanitized=1 経過=79秒 残り≈68秒
[11:19:54]   batch 202: 49571/91647 (54.1%) facts=101186 sanitized=1 経過=79秒 残り≈67秒
[11:19:54]   batch 203: 49803/91647 (54.3%) facts=101688 sanitized=1 経過=79秒 残り≈67秒
[11:19:54]   batch 204: 50041/91647 (54.6%) facts=102188 sanitized=1 経過=80秒 残り≈66秒
[11:19:54]   batch 205: 50284/91647 (54.9%) facts=102690 sanitized=1 経過=80秒 残り≈66秒
[11:19:55]   batch 206: 50504/91647 (55.1%) facts=103190 sanitized=1 経過=80秒 残り≈65秒
[11:19:55]   batch 207: 50747/91647 (55.4%) facts=103691 sanitized=1 経過=80秒 残り≈65秒
[11:19:55]   batch 208: 51003/91647 (55.7%) facts=104191 sanitized=1 経過=80秒 残り≈64秒
[11:19:55]   batch 209: 51232/91647 (55.9%) facts=104691 sanitized=1 経過=81秒 残り≈64秒
[11:19:55]   batch 210: 51497/91647 (56.2%) facts=105193 sanitized=1 経過=81秒 残り≈63秒
[11:19:55]   batch 211: 51726/91647 (56.4%) facts=105695 sanitized=1 経過=81秒 残り≈62秒
[11:19:56]   batch 212: 51956/91647 (56.7%) facts=106196 sanitized=1 経過=81秒 残り≈62秒
[11:19:56]   batch 213: 52198/91647 (57.0%) facts=106697 sanitized=1 経過=81秒 残り≈61秒
[11:19:56]   batch 214: 52455/91647 (57.2%) facts=107197 sanitized=1 経過=81秒 残り≈61秒
[11:19:56]   batch 215: 52686/91647 (57.5%) facts=107697 sanitized=1 経過=81秒 残り≈60秒
[11:19:56]   batch 216: 52931/91647 (57.8%) facts=108198 sanitized=1 経過=82秒 残り≈60秒
[11:19:56]   batch 217: 53164/91647 (58.0%) facts=108700 sanitized=1 経過=82秒 残り≈59秒
[11:19:57]   batch 218: 53388/91647 (58.3%) facts=109201 sanitized=1 経過=82秒 残り≈59秒
[11:19:57]   batch 219: 53628/91647 (58.5%) facts=109703 sanitized=1 経過=82秒 残り≈58秒
[11:19:57]   batch 220: 53881/91647 (58.8%) facts=110205 sanitized=1 経過=82秒 残り≈58秒
[11:19:57]   batch 221: 54131/91647 (59.1%) facts=110707 sanitized=1 経過=82秒 残り≈57秒
[11:19:57]   batch 222: 54361/91647 (59.3%) facts=111208 sanitized=1 経過=83秒 残り≈57秒
[11:19:57]   batch 223: 54615/91647 (59.6%) facts=111709 sanitized=1 経過=83秒 残り≈56秒
[11:19:57]   batch 224: 54847/91647 (59.8%) facts=112211 sanitized=1 経過=83秒 残り≈56秒
[11:19:58]   batch 225: 55093/91647 (60.1%) facts=112711 sanitized=1 経過=83秒 残り≈55秒
[11:19:58]   batch 226: 55320/91647 (60.4%) facts=113213 sanitized=1 経過=83秒 残り≈55秒
[11:19:58]   batch 227: 55551/91647 (60.6%) facts=113714 sanitized=1 経過=83秒 残り≈54秒
[11:19:58]   batch 228: 55782/91647 (60.9%) facts=114215 sanitized=1 経過=83秒 残り≈54秒
[11:19:58]   batch 229: 55982/91647 (61.1%) facts=114715 sanitized=1 経過=84秒 残り≈53秒
[11:19:58]   batch 230: 56198/91647 (61.3%) facts=115216 sanitized=1 経過=84秒 残り≈53秒
[11:19:58]   batch 231: 56410/91647 (61.6%) facts=115717 sanitized=1 経過=84秒 残り≈52秒
[11:19:59]   batch 232: 56638/91647 (61.8%) facts=116217 sanitized=1 経過=84秒 残り≈52秒
[11:19:59]   batch 233: 56865/91647 (62.0%) facts=116717 sanitized=1 経過=84秒 残り≈51秒
[11:19:59]   batch 234: 57108/91647 (62.3%) facts=117219 sanitized=1 経過=84秒 残り≈51秒
[11:19:59]   batch 235: 57346/91647 (62.6%) facts=117720 sanitized=1 経過=84秒 残り≈51秒
[11:19:59]   batch 236: 57563/91647 (62.8%) facts=118220 sanitized=1 経過=85秒 残り≈50秒
[11:19:59]   batch 237: 57781/91647 (63.0%) facts=118721 sanitized=1 経過=85秒 残り≈50秒
[11:20:00]   batch 238: 58025/91647 (63.3%) facts=119223 sanitized=1 経過=85秒 残り≈49秒
[11:20:00]   batch 239: 58259/91647 (63.6%) facts=119723 sanitized=1 経過=85秒 残り≈49秒
[11:20:00]   batch 240: 58501/91647 (63.8%) facts=120225 sanitized=1 経過=85秒 残り≈48秒
[11:20:00]   batch 241: 58752/91647 (64.1%) facts=120726 sanitized=1 経過=85秒 残り≈48秒
[11:20:00]   batch 242: 58978/91647 (64.4%) facts=121226 sanitized=1 経過=85秒 残り≈47秒
[11:20:00]   batch 243: 59210/91647 (64.6%) facts=121727 sanitized=1 経過=86秒 残り≈47秒
[11:20:00]   batch 244: 59454/91647 (64.9%) facts=122227 sanitized=1 経過=86秒 残り≈46秒
[11:20:01]   batch 245: 59673/91647 (65.1%) facts=122727 sanitized=1 経過=86秒 残り≈46秒
[11:20:01]   batch 246: 59930/91647 (65.4%) facts=123227 sanitized=1 経過=86秒 残り≈46秒
[11:20:01]   batch 247: 60199/91647 (65.7%) facts=123729 sanitized=1 経過=86秒 残り≈45秒
[11:20:01]   batch 248: 60451/91647 (66.0%) facts=124230 sanitized=1 経過=86秒 残り≈45秒
[11:20:01]   batch 249: 60695/91647 (66.2%) facts=124732 sanitized=1 経過=86秒 残り≈44秒
[11:20:01]   batch 250: 60925/91647 (66.5%) facts=125233 sanitized=1 経過=87秒 残り≈44秒
[11:20:01]   batch 251: 61144/91647 (66.7%) facts=125733 sanitized=1 経過=87秒 残り≈43秒
[11:20:01]   batch 252: 61380/91647 (67.0%) facts=126234 sanitized=1 経過=87秒 残り≈43秒
[11:20:02]   batch 253: 61626/91647 (67.2%) facts=126736 sanitized=1 経過=87秒 残り≈42秒
[11:20:02]   batch 254: 61874/91647 (67.5%) facts=127238 sanitized=1 経過=87秒 残り≈42秒
[11:20:02]   batch 255: 62108/91647 (67.8%) facts=127738 sanitized=1 経過=87秒 残り≈41秒
[11:20:02]   batch 256: 62344/91647 (68.0%) facts=128238 sanitized=1 経過=87秒 残り≈41秒
[11:20:02]   batch 257: 62579/91647 (68.3%) facts=128738 sanitized=1 経過=88秒 残り≈41秒
[11:20:02]   batch 258: 62820/91647 (68.5%) facts=129239 sanitized=1 経過=88秒 残り≈40秒
[11:20:02]   batch 259: 63060/91647 (68.8%) facts=129741 sanitized=1 経過=88秒 残り≈40秒
[11:20:03]   batch 260: 63293/91647 (69.1%) facts=130243 sanitized=1 経過=88秒 残り≈39秒
[11:20:03]   batch 261: 63533/91647 (69.3%) facts=130744 sanitized=1 経過=88秒 残り≈39秒
[11:20:03]   batch 262: 63778/91647 (69.6%) facts=131244 sanitized=1 経過=88秒 残り≈39秒
[11:20:03]   batch 263: 64045/91647 (69.9%) facts=131744 sanitized=1 経過=88秒 残り≈38秒
[11:20:03]   batch 264: 64290/91647 (70.1%) facts=132246 sanitized=1 経過=88秒 残り≈38秒
[11:20:03]   batch 265: 64520/91647 (70.4%) facts=132747 sanitized=1 経過=89秒 残り≈37秒
[11:20:03]   batch 266: 64737/91647 (70.6%) facts=133248 sanitized=1 経過=89秒 残り≈37秒
[11:20:04]   batch 267: 64959/91647 (70.9%) facts=133750 sanitized=1 経過=89秒 残り≈37秒
[11:20:04]   batch 268: 65197/91647 (71.1%) facts=134251 sanitized=1 経過=89秒 残り≈36秒
[11:20:04]   batch 269: 65452/91647 (71.4%) facts=134751 sanitized=1 経過=89秒 残り≈36秒
[11:20:04]   batch 270: 65696/91647 (71.7%) facts=135253 sanitized=1 経過=90秒 残り≈35秒
[11:20:04]   batch 271: 65930/91647 (71.9%) facts=135753 sanitized=1 経過=90秒 残り≈35秒
[11:20:05]   batch 272: 66169/91647 (72.2%) facts=136253 sanitized=1 経過=90秒 残り≈35秒
[11:20:05]   batch 273: 66397/91647 (72.4%) facts=136753 sanitized=1 経過=90秒 残り≈34秒
[11:20:05]   batch 274: 66637/91647 (72.7%) facts=137253 sanitized=1 経過=90秒 残り≈34秒
[11:20:05]   batch 275: 66854/91647 (72.9%) facts=137754 sanitized=1 経過=90秒 残り≈33秒
[11:20:05]   batch 276: 67086/91647 (73.2%) facts=138256 sanitized=1 経過=90秒 残り≈33秒
[11:20:05]   batch 277: 67325/91647 (73.5%) facts=138757 sanitized=1 経過=91秒 残り≈33秒
[11:20:05]   batch 278: 67582/91647 (73.7%) facts=139259 sanitized=1 経過=91秒 残り≈32秒
[11:20:06]   batch 279: 67797/91647 (74.0%) facts=139760 sanitized=1 経過=91秒 残り≈32秒
[11:20:06]   batch 280: 68046/91647 (74.2%) facts=140262 sanitized=1 経過=91秒 残り≈32秒
[11:20:06]   batch 281: 68279/91647 (74.5%) facts=140762 sanitized=1 経過=91秒 残り≈31秒
[11:20:06]   batch 282: 68519/91647 (74.8%) facts=141262 sanitized=1 経過=91秒 残り≈31秒
[11:20:06]   batch 283: 68752/91647 (75.0%) facts=141764 sanitized=1 経過=91秒 残り≈30秒
[11:20:06]   batch 284: 69003/91647 (75.3%) facts=142265 sanitized=1 経過=92秒 残り≈30秒
[11:20:06]   batch 285: 69248/91647 (75.6%) facts=142765 sanitized=1 経過=92秒 残り≈30秒
[11:20:07]   batch 286: 69487/91647 (75.8%) facts=143266 sanitized=1 経過=92秒 残り≈29秒
[11:20:07]   batch 287: 69714/91647 (76.1%) facts=143766 sanitized=1 経過=92秒 残り≈29秒
[11:20:07]   batch 288: 69972/91647 (76.3%) facts=144267 sanitized=1 経過=92秒 残り≈29秒
[11:20:07]   batch 289: 70221/91647 (76.6%) facts=144769 sanitized=1 経過=92秒 残り≈28秒
[11:20:07]   batch 290: 70473/91647 (76.9%) facts=145269 sanitized=1 経過=93秒 残り≈28秒
[11:20:07]   batch 291: 70707/91647 (77.2%) facts=145770 sanitized=1 経過=93秒 残り≈27秒
[11:20:08]   batch 292: 70935/91647 (77.4%) facts=146272 sanitized=1 経過=93秒 残り≈27秒
[11:20:08]   batch 293: 71163/91647 (77.6%) facts=146773 sanitized=1 経過=93秒 残り≈27秒
[11:20:08]   batch 294: 71385/91647 (77.9%) facts=147274 sanitized=1 経過=93秒 残り≈26秒
[11:20:08]   batch 295: 71603/91647 (78.1%) facts=147775 sanitized=1 経過=93秒 残り≈26秒
[11:20:08]   batch 296: 71855/91647 (78.4%) facts=148277 sanitized=1 経過=94秒 残り≈26秒
[11:20:08]   batch 297: 72089/91647 (78.7%) facts=148778 sanitized=1 経過=94秒 残り≈25秒
[11:20:09]   batch 298: 72330/91647 (78.9%) facts=149278 sanitized=1 経過=94秒 残り≈25秒
[11:20:09]   batch 299: 72591/91647 (79.2%) facts=149780 sanitized=1 経過=94秒 残り≈25秒
[11:20:09]   batch 300: 72861/91647 (79.5%) facts=150280 sanitized=1 経過=94秒 残り≈24秒
[11:20:09]   batch 301: 73103/91647 (79.8%) facts=150780 sanitized=1 経過=94秒 残り≈24秒
[11:20:09]   batch 302: 73370/91647 (80.1%) facts=151280 sanitized=1 経過=94秒 残り≈24秒
[11:20:09]   batch 303: 73619/91647 (80.3%) facts=151782 sanitized=1 経過=95秒 残り≈23秒
[11:20:09]   batch 304: 73859/91647 (80.6%) facts=152284 sanitized=1 経過=95秒 残り≈23秒
[11:20:10]   batch 305: 74118/91647 (80.9%) facts=152785 sanitized=1 経過=95秒 残り≈22秒
[11:20:10]   batch 306: 74347/91647 (81.1%) facts=153287 sanitized=1 経過=95秒 残り≈22秒
[11:20:10]   batch 307: 74584/91647 (81.4%) facts=153787 sanitized=1 経過=95秒 残り≈22秒
[11:20:10]   batch 308: 74813/91647 (81.6%) facts=154287 sanitized=1 経過=95秒 残り≈21秒
[11:20:10]   batch 309: 75057/91647 (81.9%) facts=154789 sanitized=1 経過=96秒 残り≈21秒
[11:20:10]   batch 310: 75285/91647 (82.1%) facts=155289 sanitized=1 経過=96秒 残り≈21秒
[11:20:10]   batch 311: 75507/91647 (82.4%) facts=155790 sanitized=1 経過=96秒 残り≈20秒
[11:20:11]   batch 312: 75762/91647 (82.7%) facts=156292 sanitized=1 経過=96秒 残り≈20秒
[11:20:11]   batch 313: 75999/91647 (82.9%) facts=156792 sanitized=1 経過=96秒 残り≈20秒
[11:20:11]   batch 314: 76261/91647 (83.2%) facts=157294 sanitized=1 経過=96秒 残り≈19秒
[11:20:11]   batch 315: 76521/91647 (83.5%) facts=157795 sanitized=1 経過=96秒 残り≈19秒
[11:20:11]   batch 316: 76793/91647 (83.8%) facts=158295 sanitized=1 経過=97秒 残り≈19秒
[11:20:11]   batch 317: 77073/91647 (84.1%) facts=158797 sanitized=1 経過=97秒 残り≈18秒
[11:20:12]   batch 318: 77355/91647 (84.4%) facts=159299 sanitized=1 経過=97秒 残り≈18秒
[11:20:12]   batch 319: 77604/91647 (84.7%) facts=159799 sanitized=1 経過=97秒 残り≈18秒
[11:20:12]   batch 320: 77893/91647 (85.0%) facts=160299 sanitized=1 経過=97秒 残り≈17秒
[11:20:12]   batch 321: 78270/91647 (85.4%) facts=160800 sanitized=1 経過=97秒 残り≈17秒
[11:20:12]   batch 322: 78530/91647 (85.7%) facts=161301 sanitized=1 経過=98秒 残り≈16秒
[11:20:13]   batch 323: 78788/91647 (86.0%) facts=161803 sanitized=1 経過=98秒 残り≈16秒
[11:20:13]   batch 324: 79059/91647 (86.3%) facts=162305 sanitized=1 経過=98秒 残り≈16秒
[11:20:13]   batch 325: 79311/91647 (86.5%) facts=162806 sanitized=1 経過=98秒 残り≈15秒
[11:20:13]   batch 326: 79571/91647 (86.8%) facts=163307 sanitized=1 経過=98秒 残り≈15秒
[11:20:13]   batch 327: 79821/91647 (87.1%) facts=163809 sanitized=1 経過=99秒 残り≈15秒
[11:20:13]   batch 328: 80074/91647 (87.4%) facts=164309 sanitized=1 経過=99秒 残り≈14秒
[11:20:14]   batch 329: 80336/91647 (87.7%) facts=164809 sanitized=1 経過=99秒 残り≈14秒
[11:20:14]   batch 330: 80566/91647 (87.9%) facts=165310 sanitized=1 経過=99秒 残り≈14秒
[11:20:14]   batch 331: 80838/91647 (88.2%) facts=165811 sanitized=1 経過=99秒 残り≈13秒
[11:20:14]   batch 332: 81098/91647 (88.5%) facts=166311 sanitized=1 経過=99秒 残り≈13秒
[11:20:14]   batch 333: 81340/91647 (88.8%) facts=166811 sanitized=1 経過=100秒 残り≈13秒
[11:20:14]   batch 334: 81583/91647 (89.0%) facts=167313 sanitized=1 経過=100秒 残り≈12秒
[11:20:15]   batch 335: 81853/91647 (89.3%) facts=167814 sanitized=1 経過=100秒 残り≈12秒
[11:20:15]   batch 336: 82094/91647 (89.6%) facts=168316 sanitized=1 経過=100秒 残り≈12秒
[11:20:15]   batch 337: 82344/91647 (89.8%) facts=168816 sanitized=1 経過=100秒 残り≈11秒
[11:20:15]   batch 338: 82601/91647 (90.1%) facts=169316 sanitized=1 経過=100秒 残り≈11秒
[11:20:15]   batch 339: 82872/91647 (90.4%) facts=169816 sanitized=1 経過=101秒 残り≈11秒
[11:20:15]   batch 340: 83113/91647 (90.7%) facts=170318 sanitized=1 経過=101秒 残り≈10秒
[11:20:16]   batch 341: 83387/91647 (91.0%) facts=170820 sanitized=1 経過=101秒 残り≈10秒
[11:20:16]   batch 342: 83707/91647 (91.3%) facts=171321 sanitized=1 経過=101秒 残り≈10秒
[11:20:16]   batch 343: 84021/91647 (91.7%) facts=171823 sanitized=1 経過=101秒 残り≈9秒
[11:20:16]   batch 344: 84363/91647 (92.1%) facts=172325 sanitized=1 経過=101秒 残り≈9秒
[11:20:16]   batch 345: 84647/91647 (92.4%) facts=172827 sanitized=1 経過=102秒 残り≈8秒
[11:20:16]   batch 346: 84956/91647 (92.7%) facts=173327 sanitized=1 経過=102秒 残り≈8秒
[11:20:17]   batch 347: 85250/91647 (93.0%) facts=173829 sanitized=1 経過=102秒 残り≈8秒
[11:20:17]   batch 348: 85593/91647 (93.4%) facts=174330 sanitized=1 経過=102秒 残り≈7秒
[11:20:17]   batch 349: 85890/91647 (93.7%) facts=174830 sanitized=1 経過=102秒 残り≈7秒
[11:20:17]   batch 350: 86173/91647 (94.0%) facts=175332 sanitized=1 経過=102秒 残り≈7秒
[11:20:17]   batch 351: 86534/91647 (94.4%) facts=175833 sanitized=1 経過=103秒 残り≈6秒
[11:20:17]   batch 352: 86801/91647 (94.7%) facts=176335 sanitized=1 経過=103秒 残り≈6秒
[11:20:17]   batch 353: 87082/91647 (95.0%) facts=176835 sanitized=1 経過=103秒 残り≈5秒
[11:20:18]   batch 354: 87386/91647 (95.4%) facts=177337 sanitized=1 経過=103秒 残り≈5秒
[11:20:18]   batch 355: 87784/91647 (95.8%) facts=177837 sanitized=1 経過=103秒 残り≈5秒
[11:20:18]   batch 356: 88141/91647 (96.2%) facts=178338 sanitized=1 経過=103秒 残り≈4秒
[11:20:18]   batch 357: 88478/91647 (96.5%) facts=178838 sanitized=1 経過=103秒 残り≈4秒
[11:20:18]   batch 358: 88786/91647 (96.9%) facts=179339 sanitized=1 経過=104秒 残り≈3秒
[11:20:18]   batch 359: 89175/91647 (97.3%) facts=179839 sanitized=1 経過=104秒 残り≈3秒
[11:20:19]   batch 360: 89513/91647 (97.7%) facts=180341 sanitized=1 経過=104秒 残り≈2秒
[11:20:19]   batch 361: 89791/91647 (98.0%) facts=180841 sanitized=1 経過=104秒 残り≈2秒
[11:20:19]   batch 362: 90157/91647 (98.4%) facts=181343 sanitized=1 経過=104秒 残り≈2秒
[11:20:19]   batch 363: 90451/91647 (98.7%) facts=181843 sanitized=1 経過=105秒 残り≈1秒
[11:20:19]   batch 364: 90765/91647 (99.0%) facts=182344 sanitized=1 経過=105秒 残り≈1秒
[11:20:20]   batch 365: 91128/91647 (99.4%) facts=182845 sanitized=1 経過=105秒 残り≈1秒
[11:20:20]   batch 366: 91565/91647 (99.9%) facts=183346 sanitized=1 経過=105秒 残り≈0秒
[11:20:20] [SANITIZE] scaled超過 (2.41e+17): col=sales val=241236000000.0 ticker=25900 fye=2026-01-31 Q=4Q
[11:20:20] [SANITIZE] scaled超過 (3.70e+16): col=sales val=36954000000.0 ticker=66350 fye=2025-12-31 Q=4Q
[11:20:20] [SANITIZE] scaled超過 (1.74e+17): col=sales val=174081000000.0 ticker=80570 fye=2026-07-31 Q=4Q
[11:20:20] [SANITIZE] scaled超過 (2.41e+17): col=sales val=241236000000.0 ticker=259 fye=2026-01-31 Q=4Q
[11:20:20] [SANITIZE] scaled超過 (3.70e+16): col=sales val=36954000000.0 ticker=6635 fye=2025-12-31 Q=4Q
[11:20:20] [SANITIZE] scaled超過 (1.74e+17): col=sales val=174081000000.0 ticker=8057 fye=2026-07-31 Q=4Q
[11:20:20] [SANITIZE] scaled超過 (4.20e+18): col=sales val=4197922000000.0 ticker=1928 fye=2026-01-31 Q=4Q
[11:20:20] [SANITIZE] scaled超過 (3.41e+17): col=operating_profit val=341402000000.0 ticker=1928 fye=2026-01-31 Q=4Q
[11:20:20] [SANITIZE] scaled超過 (2.02e+16): col=sales val=20246000000.0 ticker=759 fye=2026-01-31 Q=4Q
[11:20:20] [SANITIZE] scaled超過 (3.93e+16): col=sales val=39324000000.0 ticker=291 fye=2026-04-30 Q=4Q
[11:20:20] [SANITIZE] scaled超過 (3.63e+16): col=sales val=36272000000.0 ticker=9824 fye=2026-10-31 Q=4Q
[11:20:20] [SANITIZE] scaled超過 (1.06e+17): col=sales val=105571000000.0 ticker=7279 fye=2026-10-31 Q=4Q
[11:20:20] [SANITIZE] scaled超過 (3.57e+16): col=sales val=35709000000.0 ticker=4331 fye=2025-12-31 Q=4Q
[11:20:20] [SANITIZE] scaled超過 (1.50e+16): col=sales val=14961000000.0 ticker=319A fye=2025-12-31 Q=4Q
[11:20:20] [SANITIZE] scaled超過 (9.40e+15): col=sales val=9404000000.0 ticker=3733 fye=2026-10-31 Q=4Q
[11:20:20] [SANITIZE] scaled超過 (1.04e+16): col=sales val=10360000000.0 ticker=3854 fye=2026-07-31 Q=4Q
[11:20:20] [SANITIZE] scaled超過 (2.13e+16): col=sales val=21258000000.0 ticker=1873 fye=2026-04-30 Q=4Q
[11:20:20] [SANITIZE] scaled超過 (1.99e+16): col=sales val=19909000000.0 ticker=2353 fye=2026-07-31 Q=4Q
[11:20:20]   → facts 完了: 183425 件 (sanitized=19) (105.4秒)
[11:20:20] [SANITIZE] === 異常値サマリ: 19 件 ===
[11:20:20] [SANITIZE] 列別件数:
[11:20:20]   sales: 17 件
[11:20:20]   operating_profit: 2 件
[11:20:20] [SANITIZE] ticker別 上位5:
[11:20:20]   1928: 2 件
[11:20:20]   46850: 1 件
[11:20:20]   25900: 1 件
[11:20:20]   66350: 1 件
[11:20:20]   80570: 1 件
[11:20:20] [SANITIZE] 該当行 詳細:
[11:20:20]   [1] ticker=46850 fye=2028-03-31 Q=2Q col=operating_profit val=5.4e+303 reason=元値が10^16超 (5.40e+303) cause=巨大値 (指数=304, 単位誤りの疑い)
[11:20:20]   [2] ticker=25900 fye=2026-01-31 Q=4Q col=sales val=241236000000.0 reason=scaled超過 (2.41e+17) cause=不明 (scaled超過 (2.41e+17))
[11:20:20]        source_doc_id=e575776114b44bcb1a5194ba09f3cb6f0f6a321057235838a8f8e6e7e2fcbeb4
[11:20:20]        source_url=https://webapi.yanoshin.jp/rd.php?https://www.release.tdnet.info/inbs/140120260304575305.pdf
[11:20:20]   [3] ticker=66350 fye=2025-12-31 Q=4Q col=sales val=36954000000.0 reason=scaled超過 (3.70e+16) cause=不明 (scaled超過 (3.70e+16))
[11:20:20]        source_doc_id=fb5f157a80c7fef595ba383922642f5e653728903fb109536214f6a75c646cdc
[11:20:20]        source_url=https://webapi.yanoshin.jp/rd.php?https://www.release.tdnet.info/inbs/140120260227571645.pdf
[11:20:20]   [4] ticker=80570 fye=2026-07-31 Q=4Q col=sales val=174081000000.0 reason=scaled超過 (1.74e+17) cause=不明 (scaled超過 (1.74e+17))
[11:20:20]        source_doc_id=d7226d204ef18e1ed8bb7a5899c561d05ccfe4ae6703c55d87bb690986d122e5
[11:20:20]        source_url=https://webapi.yanoshin.jp/rd.php?https://www.release.tdnet.info/inbs/140120260304575655.pdf
[11:20:20]   [5] ticker=259 fye=2026-01-31 Q=4Q col=sales val=241236000000.0 reason=scaled超過 (2.41e+17) cause=不明 (scaled超過 (2.41e+17))
[11:20:20]        source_doc_id=e575776114b44bcb1a5194ba09f3cb6f0f6a321057235838a8f8e6e7e2fcbeb4
[11:20:20]        source_url=https://webapi.yanoshin.jp/rd.php?https://www.release.tdnet.info/inbs/140120260304575305.pdf
[11:20:20]   [6] ticker=6635 fye=2025-12-31 Q=4Q col=sales val=36954000000.0 reason=scaled超過 (3.70e+16) cause=不明 (scaled超過 (3.70e+16))
[11:20:20]        source_doc_id=fb5f157a80c7fef595ba383922642f5e653728903fb109536214f6a75c646cdc
[11:20:20]        source_url=https://webapi.yanoshin.jp/rd.php?https://www.release.tdnet.info/inbs/140120260227571645.pdf
[11:20:20]   [7] ticker=8057 fye=2026-07-31 Q=4Q col=sales val=174081000000.0 reason=scaled超過 (1.74e+17) cause=不明 (scaled超過 (1.74e+17))
[11:20:20]        source_doc_id=d7226d204ef18e1ed8bb7a5899c561d05ccfe4ae6703c55d87bb690986d122e5
[11:20:20]        source_url=https://webapi.yanoshin.jp/rd.php?https://www.release.tdnet.info/inbs/140120260304575655.pdf
[11:20:20]   [8] ticker=1928 fye=2026-01-31 Q=4Q col=sales val=4197922000000.0 reason=scaled超過 (4.20e+18) cause=不明 (scaled超過 (4.20e+18))
[11:20:20]        source_doc_id=9d76a7718fd1f381aaa5e6324c6483557df5cfd581c4cbf3e0dae838cf4b560c
[11:20:20]        source_url=https://webapi.yanoshin.jp/rd.php?https://www.release.tdnet.info/inbs/140120260304576061.pdf
[11:20:20]   [9] ticker=1928 fye=2026-01-31 Q=4Q col=operating_profit val=341402000000.0 reason=scaled超過 (3.41e+17) cause=不明 (scaled超過 (3.41e+17))
[11:20:20]        source_doc_id=9d76a7718fd1f381aaa5e6324c6483557df5cfd581c4cbf3e0dae838cf4b560c
[11:20:20]        source_url=https://webapi.yanoshin.jp/rd.php?https://www.release.tdnet.info/inbs/140120260304576061.pdf
[11:20:20]   [10] ticker=759 fye=2026-01-31 Q=4Q col=sales val=20246000000.0 reason=scaled超過 (2.02e+16) cause=不明 (scaled超過 (2.02e+16))
[11:20:20]        source_doc_id=52c4ddf5b8a757f7a0fa6b86a5c8c870a08556f468efdc20732724f2e124f8f0
[11:20:20]        source_url=https://webapi.yanoshin.jp/rd.php?https://www.release.tdnet.info/inbs/140120260304576008.pdf
[11:20:20]   [11] ticker=291 fye=2026-04-30 Q=4Q col=sales val=39324000000.0 reason=scaled超過 (3.93e+16) cause=不明 (scaled超過 (3.93e+16))
[11:20:20]        source_doc_id=ffa599449c7eba4ccff0dbaab62e50a9d3444b0897f214f8df277114943261a9
[11:20:20]        source_url=https://webapi.yanoshin.jp/rd.php?https://www.release.tdnet.info/inbs/140120260305576912.pdf
[11:20:20]   [12] ticker=9824 fye=2026-10-31 Q=4Q col=sales val=36272000000.0 reason=scaled超過 (3.63e+16) cause=不明 (scaled超過 (3.63e+16))
[11:20:20]        source_doc_id=4e11da79cdcad4fcffef85bb9d36b2733ce836e1cf8302e50965897230f9788e
[11:20:20]        source_url=https://webapi.yanoshin.jp/rd.php?https://www.release.tdnet.info/inbs/140120260306577313.pdf
[11:20:20]   [13] ticker=7279 fye=2026-10-31 Q=4Q col=sales val=105571000000.0 reason=scaled超過 (1.06e+17) cause=不明 (scaled超過 (1.06e+17))
[11:20:20]        source_doc_id=ab63c6d2d446d9c2f632e486b3df8c58e407220657979a279e330ec78862edb3
[11:20:20]        source_url=https://webapi.yanoshin.jp/rd.php?https://www.release.tdnet.info/inbs/140120260225569178.pdf
[11:20:20]   [14] ticker=4331 fye=2025-12-31 Q=4Q col=sales val=35709000000.0 reason=scaled超過 (3.57e+16) cause=不明 (scaled超過 (3.57e+16))
[11:20:20]        source_doc_id=d3137e4f111f0f539c8893d87fd13fdce2cea68267321916cd948ec2b4155c14
[11:20:20]        source_url=https://webapi.yanoshin.jp/rd.php?https://www.release.tdnet.info/inbs/140120260306577795.pdf
[11:20:20]   [15] ticker=319A fye=2025-12-31 Q=4Q col=sales val=14961000000.0 reason=scaled超過 (1.50e+16) cause=不明 (scaled超過 (1.50e+16))
[11:20:20]        source_doc_id=9014af0bc4a71d5222f9df6d516bb5f5c5c07e11f6f6fdd75981bc970a826303
[11:20:20]        source_url=https://webapi.yanoshin.jp/rd.php?https://www.release.tdnet.info/inbs/140120260305576615.pdf
[11:20:20]   [16] ticker=3733 fye=2026-10-31 Q=4Q col=sales val=9404000000.0 reason=scaled超過 (9.40e+15) cause=不明 (scaled超過 (9.40e+15))
[11:20:20]        source_doc_id=32fdea10e56e3506484abf9098217243b23bb68f28b0ba8241c0aa10bc48209d
[11:20:20]        source_url=https://webapi.yanoshin.jp/rd.php?https://www.release.tdnet.info/inbs/140120260305576840.pdf
[11:20:20]   [17] ticker=3854 fye=2026-07-31 Q=4Q col=sales val=10360000000.0 reason=scaled超過 (1.04e+16) cause=不明 (scaled超過 (1.04e+16))
[11:20:20]        source_doc_id=256b5590dd07ec504e21db6fcf1de41d2f5853ecf6ef25dd47cc3445ae8090e8
[11:20:20]        source_url=https://webapi.yanoshin.jp/rd.php?https://www.release.tdnet.info/inbs/140120260305576562.pdf
[11:20:20]   [18] ticker=1873 fye=2026-04-30 Q=4Q col=sales val=21258000000.0 reason=scaled超過 (2.13e+16) cause=不明 (scaled超過 (2.13e+16))
[11:20:20]        source_doc_id=7c45903fd67bf2785e8d64084ab575ba31ec3177327ebe7b44111d2c3c7c5170
[11:20:20]        source_url=https://webapi.yanoshin.jp/rd.php?https://www.release.tdnet.info/inbs/140120260305576938.pdf
[11:20:20]   [19] ticker=2353 fye=2026-07-31 Q=4Q col=sales val=19909000000.0 reason=scaled超過 (1.99e+16) cause=不明 (scaled超過 (1.99e+16))
[11:20:20]        source_doc_id=3fb293c6144b058c4201bee77af52dd057547d62b7e797474cd5cd27ae778f48
[11:20:20]        source_url=https://webapi.yanoshin.jp/rd.php?https://www.release.tdnet.info/inbs/140120260204547040.pdf
[11:20:20] [SANITIZE] === サマリ終了 (19 件) ===
[11:20:20] [PUSH] 全完了 (105.4秒): companies=2773 periods=91647 disclosures=9 facts=183425 sanitized=19 errors=0

=======================================================
  SQLite → Supabase push (バッチ版)
=======================================================
  DB         : C:\Users\takuy\OneDrive\tdnet-excel-input\decision_db.db
  batch_size : 500

=======================================================
  ✅ push 完了
=======================================================
  SQLite総行数       : 91647
  今回対象           : 91647
  companies upsert   : 2773
  periods upsert     : 91647
  disclosures upsert : 9
  facts push         : 183425
  値サニタイズ       : 19
  エラー             : 0
  quarantine DB      : C:\Users\takuy\OneDrive\tdnet-excel-input\data/quarantine.db
=======================================================

[Step 3/8] jquants sync... 
2026-03-07 11:20:20,793 INFO [sync_financials] === sync_financials START ===
2026-03-07 11:20:20,793 INFO [sync_financials]   mode:       APPLY (�{�Ԕ��f)
2026-03-07 11:20:20,793 INFO [sync_financials]   scope:      RECENT 30��
2026-03-07 11:20:20,793 INFO [sync_financials]   sqlite:     C:\Users\takuy\OneDrive\tdnet-excel-input\data\jquants.db
2026-03-07 11:20:20,793 INFO [sync_financials]   table:      financials
2026-03-07 11:20:20,793 INFO [sync_financials]   limit:      ������
2026-03-07 11:20:20,793 INFO [sync_financials]   batch-size: 500
2026-03-07 11:20:20,793 INFO [sync_financials]   log:        C:\Users\takuy\OneDrive\tdnet-excel-input\logs\sync_financials_apply_recent30d_20260307_112020.log
2026-03-07 11:20:20,801 INFO [sync_financials] [SQLite] ���f�[�^: 87,157 rows / 3,820 codes
2026-03-07 11:20:20,801 INFO [sync_financials] [SQLite] �������[�h: fetched_at >= 2026-02-05 11:20:20 (����30��)
2026-03-07 11:20:21,149 INFO [sync_financials] [SQLite] �d���r����: 72,490 rows
2026-03-07 11:20:21,155 INFO [sync_financials] [SYNC] quarter ���z: {"1Q": 17819, "2Q": 17771, "3Q": 17832, "4Q": 13, "FY": 19055}
2026-03-07 11:20:21,156 INFO [sync_financials] [SYNC] �J�n: 72,490 rows �� financials (145 batches �~ 500)
2026-03-07 11:20:21,402 INFO [sync_financials]   batch 1/145: 500 rows upserted (�݌v 500 / 72,490, 0.2�b)
2026-03-07 11:20:21,589 INFO [sync_financials]   batch 2/145: 500 rows upserted (�݌v 1,000 / 72,490, 0.4�b)
2026-03-07 11:20:21,767 INFO [sync_financials]   batch 3/145: 500 rows upserted (�݌v 1,500 / 72,490, 0.6�b)
2026-03-07 11:20:21,951 INFO [sync_financials]   batch 4/145: 500 rows upserted (�݌v 2,000 / 72,490, 0.8�b)
2026-03-07 11:20:22,104 INFO [sync_financials]   batch 5/145: 500 rows upserted (�݌v 2,500 / 72,490, 0.9�b)
2026-03-07 11:20:22,263 INFO [sync_financials]   batch 6/145: 500 rows upserted (�݌v 3,000 / 72,490, 1.1�b)
2026-03-07 11:20:22,425 INFO [sync_financials]   batch 7/145: 500 rows upserted (�݌v 3,500 / 72,490, 1.3�b)
2026-03-07 11:20:22,567 INFO [sync_financials]   batch 8/145: 500 rows upserted (�݌v 4,000 / 72,490, 1.4�b)
2026-03-07 11:20:22,723 INFO [sync_financials]   batch 9/145: 500 rows upserted (�݌v 4,500 / 72,490, 1.6�b)
2026-03-07 11:20:22,870 INFO [sync_financials]   batch 10/145: 500 rows upserted (�݌v 5,000 / 72,490, 1.7�b)
2026-03-07 11:20:23,018 INFO [sync_financials]   batch 11/145: 500 rows upserted (�݌v 5,500 / 72,490, 1.9�b)
2026-03-07 11:20:23,179 INFO [sync_financials]   batch 12/145: 500 rows upserted (�݌v 6,000 / 72,490, 2.0�b)
2026-03-07 11:20:23,328 INFO [sync_financials]   batch 13/145: 500 rows upserted (�݌v 6,500 / 72,490, 2.2�b)
2026-03-07 11:20:23,491 INFO [sync_financials]   batch 14/145: 500 rows upserted (�݌v 7,000 / 72,490, 2.3�b)
2026-03-07 11:20:23,642 INFO [sync_financials]   batch 15/145: 500 rows upserted (�݌v 7,500 / 72,490, 2.5�b)
2026-03-07 11:20:23,789 INFO [sync_financials]   batch 16/145: 500 rows upserted (�݌v 8,000 / 72,490, 2.6�b)
2026-03-07 11:20:23,945 INFO [sync_financials]   batch 17/145: 500 rows upserted (�݌v 8,500 / 72,490, 2.8�b)
2026-03-07 11:20:24,108 INFO [sync_financials]   batch 18/145: 500 rows upserted (�݌v 9,000 / 72,490, 3.0�b)
2026-03-07 11:20:24,256 INFO [sync_financials]   batch 19/145: 500 rows upserted (�݌v 9,500 / 72,490, 3.1�b)
2026-03-07 11:20:24,397 INFO [sync_financials]   batch 20/145: 500 rows upserted (�݌v 10,000 / 72,490, 3.2�b)
2026-03-07 11:20:24,537 INFO [sync_financials]   batch 21/145: 500 rows upserted (�݌v 10,500 / 72,490, 3.4�b)
2026-03-07 11:20:24,695 INFO [sync_financials]   batch 22/145: 500 rows upserted (�݌v 11,000 / 72,490, 3.5�b)
2026-03-07 11:20:24,853 INFO [sync_financials]   batch 23/145: 500 rows upserted (�݌v 11,500 / 72,490, 3.7�b)
2026-03-07 11:20:25,018 INFO [sync_financials]   batch 24/145: 500 rows upserted (�݌v 12,000 / 72,490, 3.9�b)
2026-03-07 11:20:25,176 INFO [sync_financials]   batch 25/145: 500 rows upserted (�݌v 12,500 / 72,490, 4.0�b)
2026-03-07 11:20:25,361 INFO [sync_financials]   batch 26/145: 500 rows upserted (�݌v 13,000 / 72,490, 4.2�b)
2026-03-07 11:20:25,565 INFO [sync_financials]   batch 27/145: 500 rows upserted (�݌v 13,500 / 72,490, 4.4�b)
2026-03-07 11:20:25,760 INFO [sync_financials]   batch 28/145: 500 rows upserted (�݌v 14,000 / 72,490, 4.6�b)
2026-03-07 11:20:25,939 INFO [sync_financials]   batch 29/145: 500 rows upserted (�݌v 14,500 / 72,490, 4.8�b)
2026-03-07 11:20:26,128 INFO [sync_financials]   batch 30/145: 500 rows upserted (�݌v 15,000 / 72,490, 5.0�b)
2026-03-07 11:20:26,306 INFO [sync_financials]   batch 31/145: 500 rows upserted (�݌v 15,500 / 72,490, 5.2�b)
2026-03-07 11:20:26,537 INFO [sync_financials]   batch 32/145: 500 rows upserted (�݌v 16,000 / 72,490, 5.4�b)
2026-03-07 11:20:26,749 INFO [sync_financials]   batch 33/145: 500 rows upserted (�݌v 16,500 / 72,490, 5.6�b)
2026-03-07 11:20:26,952 INFO [sync_financials]   batch 34/145: 500 rows upserted (�݌v 17,000 / 72,490, 5.8�b)
2026-03-07 11:20:27,123 INFO [sync_financials]   batch 35/145: 500 rows upserted (�݌v 17,500 / 72,490, 6.0�b)
2026-03-07 11:20:27,281 INFO [sync_financials]   batch 36/145: 500 rows upserted (�݌v 18,000 / 72,490, 6.1�b)
2026-03-07 11:20:27,427 INFO [sync_financials]   batch 37/145: 500 rows upserted (�݌v 18,500 / 72,490, 6.3�b)
2026-03-07 11:20:27,599 INFO [sync_financials]   batch 38/145: 500 rows upserted (�݌v 19,000 / 72,490, 6.4�b)
2026-03-07 11:20:27,764 INFO [sync_financials]   batch 39/145: 500 rows upserted (�݌v 19,500 / 72,490, 6.6�b)
2026-03-07 11:20:27,923 INFO [sync_financials]   batch 40/145: 500 rows upserted (�݌v 20,000 / 72,490, 6.8�b)
2026-03-07 11:20:28,098 INFO [sync_financials]   batch 41/145: 500 rows upserted (�݌v 20,500 / 72,490, 6.9�b)
2026-03-07 11:20:28,246 INFO [sync_financials]   batch 42/145: 500 rows upserted (�݌v 21,000 / 72,490, 7.1�b)
2026-03-07 11:20:28,401 INFO [sync_financials]   batch 43/145: 500 rows upserted (�݌v 21,500 / 72,490, 7.2�b)
2026-03-07 11:20:28,556 INFO [sync_financials]   batch 44/145: 500 rows upserted (�݌v 22,000 / 72,490, 7.4�b)
2026-03-07 11:20:28,733 INFO [sync_financials]   batch 45/145: 500 rows upserted (�݌v 22,500 / 72,490, 7.6�b)
2026-03-07 11:20:28,915 INFO [sync_financials]   batch 46/145: 500 rows upserted (�݌v 23,000 / 72,490, 7.8�b)
2026-03-07 11:20:29,062 INFO [sync_financials]   batch 47/145: 500 rows upserted (�݌v 23,500 / 72,490, 7.9�b)
2026-03-07 11:20:29,226 INFO [sync_financials]   batch 48/145: 500 rows upserted (�݌v 24,000 / 72,490, 8.1�b)
2026-03-07 11:20:29,380 INFO [sync_financials]   batch 49/145: 500 rows upserted (�݌v 24,500 / 72,490, 8.2�b)
2026-03-07 11:20:29,525 INFO [sync_financials]   batch 50/145: 500 rows upserted (�݌v 25,000 / 72,490, 8.4�b)
2026-03-07 11:20:29,687 INFO [sync_financials]   batch 51/145: 500 rows upserted (�݌v 25,500 / 72,490, 8.5�b)
2026-03-07 11:20:29,872 INFO [sync_financials]   batch 52/145: 500 rows upserted (�݌v 26,000 / 72,490, 8.7�b)
2026-03-07 11:20:30,060 INFO [sync_financials]   batch 53/145: 500 rows upserted (�݌v 26,500 / 72,490, 8.9�b)
2026-03-07 11:20:30,250 INFO [sync_financials]   batch 54/145: 500 rows upserted (�݌v 27,000 / 72,490, 9.1�b)
2026-03-07 11:20:30,434 INFO [sync_financials]   batch 55/145: 500 rows upserted (�݌v 27,500 / 72,490, 9.3�b)
2026-03-07 11:20:30,595 INFO [sync_financials]   batch 56/145: 500 rows upserted (�݌v 28,000 / 72,490, 9.4�b)
2026-03-07 11:20:30,781 INFO [sync_financials]   batch 57/145: 500 rows upserted (�݌v 28,500 / 72,490, 9.6�b)
2026-03-07 11:20:30,986 INFO [sync_financials]   batch 58/145: 500 rows upserted (�݌v 29,000 / 72,490, 9.8�b)
2026-03-07 11:20:31,139 INFO [sync_financials]   batch 59/145: 500 rows upserted (�݌v 29,500 / 72,490, 10.0�b)
2026-03-07 11:20:31,302 INFO [sync_financials]   batch 60/145: 500 rows upserted (�݌v 30,000 / 72,490, 10.1�b)
2026-03-07 11:20:31,499 INFO [sync_financials]   batch 61/145: 500 rows upserted (�݌v 30,500 / 72,490, 10.3�b)
2026-03-07 11:20:31,658 INFO [sync_financials]   batch 62/145: 500 rows upserted (�݌v 31,000 / 72,490, 10.5�b)
2026-03-07 11:20:31,820 INFO [sync_financials]   batch 63/145: 500 rows upserted (�݌v 31,500 / 72,490, 10.7�b)
2026-03-07 11:20:31,980 INFO [sync_financials]   batch 64/145: 500 rows upserted (�݌v 32,000 / 72,490, 10.8�b)
2026-03-07 11:20:32,115 INFO [sync_financials]   batch 65/145: 500 rows upserted (�݌v 32,500 / 72,490, 11.0�b)
2026-03-07 11:20:32,255 INFO [sync_financials]   batch 66/145: 500 rows upserted (�݌v 33,000 / 72,490, 11.1�b)
2026-03-07 11:20:32,405 INFO [sync_financials]   batch 67/145: 500 rows upserted (�݌v 33,500 / 72,490, 11.2�b)
2026-03-07 11:20:32,583 INFO [sync_financials]   batch 68/145: 500 rows upserted (�݌v 34,000 / 72,490, 11.4�b)
2026-03-07 11:20:32,762 INFO [sync_financials]   batch 69/145: 500 rows upserted (�݌v 34,500 / 72,490, 11.6�b)
2026-03-07 11:20:32,921 INFO [sync_financials]   batch 70/145: 500 rows upserted (�݌v 35,000 / 72,490, 11.8�b)
2026-03-07 11:20:33,098 INFO [sync_financials]   batch 71/145: 500 rows upserted (�݌v 35,500 / 72,490, 11.9�b)
2026-03-07 11:20:33,248 INFO [sync_financials]   batch 72/145: 500 rows upserted (�݌v 36,000 / 72,490, 12.1�b)
2026-03-07 11:20:33,403 INFO [sync_financials]   batch 73/145: 500 rows upserted (�݌v 36,500 / 72,490, 12.2�b)
2026-03-07 11:20:33,578 INFO [sync_financials]   batch 74/145: 500 rows upserted (�݌v 37,000 / 72,490, 12.4�b)
2026-03-07 11:20:33,760 INFO [sync_financials]   batch 75/145: 500 rows upserted (�݌v 37,500 / 72,490, 12.6�b)
2026-03-07 11:20:33,940 INFO [sync_financials]   batch 76/145: 500 rows upserted (�݌v 38,000 / 72,490, 12.8�b)
2026-03-07 11:20:34,109 INFO [sync_financials]   batch 77/145: 500 rows upserted (�݌v 38,500 / 72,490, 13.0�b)
2026-03-07 11:20:34,262 INFO [sync_financials]   batch 78/145: 500 rows upserted (�݌v 39,000 / 72,490, 13.1�b)
2026-03-07 11:20:34,435 INFO [sync_financials]   batch 79/145: 500 rows upserted (�݌v 39,500 / 72,490, 13.3�b)
2026-03-07 11:20:34,607 INFO [sync_financials]   batch 80/145: 500 rows upserted (�݌v 40,000 / 72,490, 13.5�b)
2026-03-07 11:20:34,784 INFO [sync_financials]   batch 81/145: 500 rows upserted (�݌v 40,500 / 72,490, 13.6�b)
2026-03-07 11:20:34,924 INFO [sync_financials]   batch 82/145: 500 rows upserted (�݌v 41,000 / 72,490, 13.8�b)
2026-03-07 11:20:35,089 INFO [sync_financials]   batch 83/145: 500 rows upserted (�݌v 41,500 / 72,490, 13.9�b)
2026-03-07 11:20:35,268 INFO [sync_financials]   batch 84/145: 500 rows upserted (�݌v 42,000 / 72,490, 14.1�b)
2026-03-07 11:20:35,434 INFO [sync_financials]   batch 85/145: 500 rows upserted (�݌v 42,500 / 72,490, 14.3�b)
2026-03-07 11:20:35,591 INFO [sync_financials]   batch 86/145: 500 rows upserted (�݌v 43,000 / 72,490, 14.4�b)
2026-03-07 11:20:35,765 INFO [sync_financials]   batch 87/145: 500 rows upserted (�݌v 43,500 / 72,490, 14.6�b)
2026-03-07 11:20:35,929 INFO [sync_financials]   batch 88/145: 500 rows upserted (�݌v 44,000 / 72,490, 14.8�b)
2026-03-07 11:20:36,102 INFO [sync_financials]   batch 89/145: 500 rows upserted (�݌v 44,500 / 72,490, 14.9�b)
2026-03-07 11:20:36,244 INFO [sync_financials]   batch 90/145: 500 rows upserted (�݌v 45,000 / 72,490, 15.1�b)
2026-03-07 11:20:36,437 INFO [sync_financials]   batch 91/145: 500 rows upserted (�݌v 45,500 / 72,490, 15.3�b)
2026-03-07 11:20:36,586 INFO [sync_financials]   batch 92/145: 500 rows upserted (�݌v 46,000 / 72,490, 15.4�b)
2026-03-07 11:20:36,733 INFO [sync_financials]   batch 93/145: 500 rows upserted (�݌v 46,500 / 72,490, 15.6�b)
2026-03-07 11:20:36,890 INFO [sync_financials]   batch 94/145: 500 rows upserted (�݌v 47,000 / 72,490, 15.7�b)
2026-03-07 11:20:37,063 INFO [sync_financials]   batch 95/145: 500 rows upserted (�݌v 47,500 / 72,490, 15.9�b)
2026-03-07 11:20:37,226 INFO [sync_financials]   batch 96/145: 500 rows upserted (�݌v 48,000 / 72,490, 16.1�b)
2026-03-07 11:20:37,398 INFO [sync_financials]   batch 97/145: 500 rows upserted (�݌v 48,500 / 72,490, 16.2�b)
2026-03-07 11:20:37,554 INFO [sync_financials]   batch 98/145: 500 rows upserted (�݌v 49,000 / 72,490, 16.4�b)
2026-03-07 11:20:37,705 INFO [sync_financials]   batch 99/145: 500 rows upserted (�݌v 49,500 / 72,490, 16.5�b)
2026-03-07 11:20:37,892 INFO [sync_financials]   batch 100/145: 500 rows upserted (�݌v 50,000 / 72,490, 16.7�b)
2026-03-07 11:20:38,070 INFO [sync_financials]   batch 101/145: 500 rows upserted (�݌v 50,500 / 72,490, 16.9�b)
2026-03-07 11:20:38,231 INFO [sync_financials]   batch 102/145: 500 rows upserted (�݌v 51,000 / 72,490, 17.1�b)
2026-03-07 11:20:38,381 INFO [sync_financials]   batch 103/145: 500 rows upserted (�݌v 51,500 / 72,490, 17.2�b)
2026-03-07 11:20:38,563 INFO [sync_financials]   batch 104/145: 500 rows upserted (�݌v 52,000 / 72,490, 17.4�b)
2026-03-07 11:20:38,712 INFO [sync_financials]   batch 105/145: 500 rows upserted (�݌v 52,500 / 72,490, 17.6�b)
2026-03-07 11:20:38,848 INFO [sync_financials]   batch 106/145: 500 rows upserted (�݌v 53,000 / 72,490, 17.7�b)
2026-03-07 11:20:38,995 INFO [sync_financials]   batch 107/145: 500 rows upserted (�݌v 53,500 / 72,490, 17.8�b)
2026-03-07 11:20:39,162 INFO [sync_financials]   batch 108/145: 500 rows upserted (�݌v 54,000 / 72,490, 18.0�b)
2026-03-07 11:20:39,325 INFO [sync_financials]   batch 109/145: 500 rows upserted (�݌v 54,500 / 72,490, 18.2�b)
2026-03-07 11:20:39,464 INFO [sync_financials]   batch 110/145: 500 rows upserted (�݌v 55,000 / 72,490, 18.3�b)
2026-03-07 11:20:39,616 INFO [sync_financials]   batch 111/145: 500 rows upserted (�݌v 55,500 / 72,490, 18.5�b)
2026-03-07 11:20:39,765 INFO [sync_financials]   batch 112/145: 500 rows upserted (�݌v 56,000 / 72,490, 18.6�b)
2026-03-07 11:20:39,913 INFO [sync_financials]   batch 113/145: 500 rows upserted (�݌v 56,500 / 72,490, 18.8�b)
2026-03-07 11:20:40,072 INFO [sync_financials]   batch 114/145: 500 rows upserted (�݌v 57,000 / 72,490, 18.9�b)
2026-03-07 11:20:40,217 INFO [sync_financials]   batch 115/145: 500 rows upserted (�݌v 57,500 / 72,490, 19.1�b)
2026-03-07 11:20:40,379 INFO [sync_financials]   batch 116/145: 500 rows upserted (�݌v 58,000 / 72,490, 19.2�b)
2026-03-07 11:20:40,555 INFO [sync_financials]   batch 117/145: 500 rows upserted (�݌v 58,500 / 72,490, 19.4�b)
2026-03-07 11:20:40,689 INFO [sync_financials]   batch 118/145: 500 rows upserted (�݌v 59,000 / 72,490, 19.5�b)
2026-03-07 11:20:40,854 INFO [sync_financials]   batch 119/145: 500 rows upserted (�݌v 59,500 / 72,490, 19.7�b)
2026-03-07 11:20:40,984 INFO [sync_financials]   batch 120/145: 500 rows upserted (�݌v 60,000 / 72,490, 19.8�b)
2026-03-07 11:20:41,133 INFO [sync_financials]   batch 121/145: 500 rows upserted (�݌v 60,500 / 72,490, 20.0�b)
2026-03-07 11:20:41,258 INFO [sync_financials]   batch 122/145: 500 rows upserted (�݌v 61,000 / 72,490, 20.1�b)
2026-03-07 11:20:41,413 INFO [sync_financials]   batch 123/145: 500 rows upserted (�݌v 61,500 / 72,490, 20.3�b)
2026-03-07 11:20:41,578 INFO [sync_financials]   batch 124/145: 500 rows upserted (�݌v 62,000 / 72,490, 20.4�b)
2026-03-07 11:20:41,728 INFO [sync_financials]   batch 125/145: 500 rows upserted (�݌v 62,500 / 72,490, 20.6�b)
2026-03-07 11:20:41,892 INFO [sync_financials]   batch 126/145: 500 rows upserted (�݌v 63,000 / 72,490, 20.7�b)
2026-03-07 11:20:42,067 INFO [sync_financials]   batch 127/145: 500 rows upserted (�݌v 63,500 / 72,490, 20.9�b)
2026-03-07 11:20:42,199 INFO [sync_financials]   batch 128/145: 500 rows upserted (�݌v 64,000 / 72,490, 21.0�b)
2026-03-07 11:20:42,336 INFO [sync_financials]   batch 129/145: 500 rows upserted (�݌v 64,500 / 72,490, 21.2�b)
2026-03-07 11:20:42,480 INFO [sync_financials]   batch 130/145: 500 rows upserted (�݌v 65,000 / 72,490, 21.3�b)
2026-03-07 11:20:42,604 INFO [sync_financials]   batch 131/145: 500 rows upserted (�݌v 65,500 / 72,490, 21.4�b)
2026-03-07 11:20:42,742 INFO [sync_financials]   batch 132/145: 500 rows upserted (�݌v 66,000 / 72,490, 21.6�b)
2026-03-07 11:20:42,892 INFO [sync_financials]   batch 133/145: 500 rows upserted (�݌v 66,500 / 72,490, 21.7�b)
2026-03-07 11:20:43,025 INFO [sync_financials]   batch 134/145: 500 rows upserted (�݌v 67,000 / 72,490, 21.9�b)
2026-03-07 11:20:43,181 INFO [sync_financials]   batch 135/145: 500 rows upserted (�݌v 67,500 / 72,490, 22.0�b)
2026-03-07 11:20:43,326 INFO [sync_financials]   batch 136/145: 500 rows upserted (�݌v 68,000 / 72,490, 22.2�b)
2026-03-07 11:20:43,474 INFO [sync_financials]   batch 137/145: 500 rows upserted (�݌v 68,500 / 72,490, 22.3�b)
2026-03-07 11:20:43,612 INFO [sync_financials]   batch 138/145: 500 rows upserted (�݌v 69,000 / 72,490, 22.5�b)
2026-03-07 11:20:43,745 INFO [sync_financials]   batch 139/145: 500 rows upserted (�݌v 69,500 / 72,490, 22.6�b)
2026-03-07 11:20:43,883 INFO [sync_financials]   batch 140/145: 500 rows upserted (�݌v 70,000 / 72,490, 22.7�b)
2026-03-07 11:20:44,050 INFO [sync_financials]   batch 141/145: 500 rows upserted (�݌v 70,500 / 72,490, 22.9�b)
2026-03-07 11:20:44,186 INFO [sync_financials]   batch 142/145: 500 rows upserted (�݌v 71,000 / 72,490, 23.0�b)
2026-03-07 11:20:44,341 INFO [sync_financials]   batch 143/145: 500 rows upserted (�݌v 71,500 / 72,490, 23.2�b)
2026-03-07 11:20:44,480 INFO [sync_financials]   batch 144/145: 500 rows upserted (�݌v 72,000 / 72,490, 23.3�b)
2026-03-07 11:20:44,613 INFO [sync_financials]   batch 145/145: 490 rows upserted (�݌v 72,490 / 72,490, 23.5�b)
2026-03-07 11:20:44,614 INFO [sync_financials] [VERIFY] Supabase ���̌��ؒ�...
2026-03-07 11:20:44,804 INFO [sync_financials] [VERIFY] public.financials: 72,490 rows
2026-03-07 11:20:44,804 INFO [sync_financials] 
============================================================
  SYNC ����
  upserted: 72,490 / 72,490
  errors:   0
  elapsed:  23.5�b
============================================================
2026-03-07 11:20:44,810 INFO [sync_financials] === sync_financials END (log: C:\Users\takuy\OneDrive\tdnet-excel-input\logs\sync_financials_apply_recent30d_20260307_112020.log) ===
[Step 4/8] KPI sync... (SKIPPED) 
[Step 5/8] Generating data.xlsx... 
[11:20:45] public.financials を取得中...
[11:20:53]   → 72,490 行取得
[11:20:53]   → 3,820 tickers
[11:20:57] [GEN] data.xlsx 生成完了: 72,490 行 -> C:\Users\takuy\OneDrive\data.xlsx
[11:20:57] [GEN] === 検証サマリ ===
[11:20:57] [GEN]   financials     : 72,490 行
[11:20:57] [GEN]   tickers        : 3,820
[11:20:57] [GEN]   出力行数       : 72,490 行
[11:20:57] [GEN]   生成日時       : 2026-03-07 11:20:45
[11:20:57] [GEN]   出力先         : C:\Users\takuy\OneDrive\data.xlsx

==================================================
  data.xlsx 生成ツール
  ソース: Supabase public.financials
==================================================

==================================================
  ✅ 成功
==================================================
  出力ファイル : C:\Users\takuy\OneDrive\data.xlsx
  データ行数   : 72,490 行
  ticker数     : 3,820
  生成日時     : 2026-03-07 11:20:45
  エラー       : 0
==================================================

[Step 6/8] data.xlsx stats... 
  [XLSX] rows(DATA)=72491 
  [XLSX] delta=+0 (prev=72491, now=72491) 
  [XLSX] tickers=3821 
[Step 7/8] Viewer refresh... (SKIPPED) 
[Step 8/8] Discord alerts... 
[INFO] 0 items. No alerts.
ALERT_DONE sent=0 checked=0 skipped=0 deduped=0
============================================================ 
 DONE 2026/03/07 11:21:00.86 
============================================================ 
