START 2026/03/04 23:06:54.79 
[Step 1/8] TDnet ingest... 
============================================================
  TDNET Ingest - ワンショット実行
============================================================

[DB]   C:\Users\takuy\OneDrive\tdnet-excel-input\decision_db.db

[2026-03-04 23:06:55] [INFO] [API] yanoshin.jp APIから取得中: https://webapi.yanoshin.jp/webapi/tdnet/list/today.json
[2026-03-04 23:06:55] [INFO] [API] detected_schema=items, raw_items_count=180
[2026-03-04 23:06:55] [INFO] [API] first_item_preview: id=e01a6f942f59..., pubdate=2026-03-04 18:15:00, title=iFreeETFの収益分配のお知らせ, code=1488
[2026-03-04 23:06:55] [INFO] [API] fetched_count=180
[2026-03-04 23:06:55] [INFO] [API] skip_reason=instrument_excluded, code=1488, name=ｉＦＪリート, title=iFreeETFの収益分配のお知らせ
[2026-03-04 23:06:55] [INFO] [API] skip_reason=instrument_excluded, code=210A, name=ｉＦ日経高リート, title=iFreeETFの収益分配のお知らせ
[2026-03-04 23:06:55] [INFO] [API] skip_reason=instrument_excluded, code=233A, name=ｉＦインドＮ５０, title=iFreeETFの収益分配のお知らせ
[2026-03-04 23:06:55] [INFO] [API] skip_reason=instrument_excluded, code=9399, name=ビート, title=ビットコインETFの月次報告及び一部訂正に関するお知らせ
[2026-03-04 23:06:55] [INFO] [API] skip_reason=instrument_excluded, code=13494, name=Ｅ－ＳＳＧＡ－ＳＩＮ, title=アジア国債・公債ＥＴＦ（正式名称：ＡＢＦ汎アジア債券インデックス・ファンド）に関する日々の開示事項
[2026-03-04 23:06:55] [INFO] [API] skip_reason=instrument_excluded, code=15574, name=Ｅ－ＳＳＧＡＴＣ, title=State Street SPDR S&amp;P500 ETFに関する日々の開示事項
[2026-03-04 23:06:55] [INFO] [API] skip_reason=instrument_excluded, code=20704, name=Ｎ－三菱ＵＦＪ証ＨＤ, title=上場ETN（発行者：三菱UFJ証券ホールディングス株式会社）に関する日々の開示事項
[2026-03-04 23:06:55] [INFO] [API] skip_reason=instrument_excluded, code=15624, name=Ｅ－三井住友ＤＳＡＭ, title=上場ＥＴＦ（管理会社：三井住友DSアセットマネジメント）に関する日々の開示事項
[2026-03-04 23:06:55] [INFO] [API] skip_reason=instrument_excluded, code=13294, name=Ｅ－ブラックロック, title=上場ETF（管理会社：ブラックロック・ジャパン）に関する日々の開示事項
[2026-03-04 23:06:55] [INFO] [API] skip_reason=instrument_excluded, code=16714, name=Ｅ－シンプレクス, title=上場ＥＴＦ(管理会社：シンプレクス・アセット・マネジメント)に関する日々の開示事項
[2026-03-04 23:06:55] [INFO] [API] skip_reason=instrument_excluded, code=1398, name=ＳＭＤＡＭ　Ｊリート, title=ＥＴＦの収益分配金見込額のお知らせ
[2026-03-04 23:06:55] [INFO] [API] skip_reason=instrument_excluded, code=2245, name=独債７－１０ヘッジ有, title=ETFの収益分配金見込額のお知らせ
[2026-03-04 23:06:55] [INFO] [API] skip_reason=instrument_excluded, code=2246, name=仏債７－１０ヘッジ有, title=ETFの収益分配金見込額のお知らせ
[2026-03-04 23:06:55] [INFO] [API] skip_reason=instrument_excluded, code=251, name=ＮＦ国内債券, title=ETFの収益分配金見込額のお知らせ
[2026-03-04 23:06:55] [INFO] [API] skip_reason=instrument_excluded, code=2511, name=ＮＦ外債ヘッジ無, title=ETFの収益分配金見込額のお知らせ
[2026-03-04 23:06:55] [INFO] [API] skip_reason=instrument_excluded, code=2512, name=ＮＦ外債ヘッジ有, title=ETFの収益分配金見込額のお知らせ
[2026-03-04 23:06:55] [INFO] [API] skip_reason=instrument_excluded, code=2513, name=ＮＦ外株ヘッジ無, title=ETFの収益分配金見込額のお知らせ
[2026-03-04 23:06:55] [INFO] [API] skip_reason=instrument_excluded, code=2514, name=ＮＦ外株ヘッジ有, title=ETFの収益分配金見込額のお知らせ
[2026-03-04 23:06:55] [INFO] [API] skip_reason=instrument_excluded, code=2515, name=ＮＦ外ＲＥＩＴヘ無, title=ETFの収益分配金見込額のお知らせ
[2026-03-04 23:06:55] [INFO] [API] skip_reason=instrument_excluded, code=2519, name=ＮＦ新興国債券ヘ無, title=ETFの収益分配金見込額のお知らせ
[2026-03-04 23:06:55] [INFO] [API] skip_reason=instrument_excluded, code=252, name=ＮＦ新興国株式ヘ無, title=ETFの収益分配金見込額のお知らせ
[2026-03-04 23:06:55] [INFO] [API] skip_reason=instrument_excluded, code=2554, name=ＮＦ米社債ヘ有, title=ETFの収益分配金見込額のお知らせ
[2026-03-04 23:06:55] [INFO] [API] skip_reason=instrument_excluded, code=2647, name=米債７－１０ヘッジ無, title=ETFの収益分配金見込額のお知らせ
[2026-03-04 23:06:55] [INFO] [API] skip_reason=instrument_excluded, code=2648, name=米債７－１０ヘッジ有, title=ETFの収益分配金見込額のお知らせ
[2026-03-04 23:06:55] [INFO] [API] skip_reason=instrument_excluded, code=364A, name=Ｓ＆Ｐ５００配当貴族, title=ETFの収益分配金見込額のお知らせ
[2026-03-04 23:06:55] [INFO] [API] skip_reason=instrument_excluded, code=1597, name=ＭＸＳ　Ｊリート, title=ＭＡＸＩＳ ＥＴＦの収益分配金見込額のお知らせ
[2026-03-04 23:06:55] [INFO] [API] skip_reason=instrument_excluded, code=16724, name=Ｅ－ＷｉｓｄｏｍＴｒ, title=上場ETF（管理会社：WisdomTree、外国投資法人：CSL）に関する日々の開示事項　
[2026-03-04 23:06:55] [INFO] [API] skip_reason=instrument_excluded, code=16724, name=Ｅ－ＷｉｓｄｏｍＴｒ, title=上場ETF（管理会社：WisdomTree、外国投資法人：MSL）に関する日々の開示事項　
[2026-03-04 23:06:55] [INFO] [API] skip_reason=instrument_excluded, code=1345, name=上場Ｊリート, title=ＥＴＦの収益分配金見込額のお知らせ
[2026-03-04 23:06:55] [INFO] [API] instrument_skipped_count=29
[2026-03-04 23:06:55] [INFO] [API] fetched_count=180, filtered_count=7, forecast_revision_count=3, financial_statement_count=4
[2026-03-04 23:06:55] [INFO] [API] new_count=3
[2026-03-04 23:06:55] [INFO] [INGEST] run=ingest-75ee35ed processed=0 success=0 skipped=0 error=0 (tanshin=0)
============================================================
  結果サマリ
============================================================
  run_id          : ingest-75ee35ed
  取得開示数      : 3
  対象(決算短信)  : 0
  処理件数        : 0
  INSERT          : 0
  UPDATE          : 0
  変更なし        : 0
  成功            : 0
  スキップ        : 0
  エラー          : 0

[TICKERS] 0 items -> C:\Users\takuy\OneDrive\tdnet-excel-input\logs\last_ingested_items.json
[Step 2/8] SQLite to Supabase push... 
[23:06:55] [PUSH] SQLite総行数: 91630, 今回対象: 91630 件
[23:06:55] [Phase 1/4] companies 一括 upsert...
[23:06:56]   → 2756 社 完了 (1.0秒)
[23:06:56] [Phase 2/4] periods 一括 upsert...
[23:07:15]   → 91630 期間 完了 (19.8秒)
[23:07:15] [Phase 3/4] disclosures 一括 upsert...
[23:07:15]   対象 disclosure: 91630 件
[23:07:35]   既存 disclosure: 183264 件
[23:07:35]   新規なし（全件既存）
[23:07:35]   → 183264 disclosure 完了 (39.9秒)
[23:07:35] [Phase 4/4] facts 一括 upsert (batch=500, offset=0)...
[23:07:35]   batch 1: 226/91630 (0.2%) facts=500 sanitized=0 経過=40秒 残り≈16241秒
[23:07:36]   batch 2: 477/91630 (0.5%) facts=1002 sanitized=0 経過=40秒 残り≈7719秒
[23:07:36]   batch 3: 709/91630 (0.8%) facts=1503 sanitized=0 経過=41秒 残り≈5204秒
[23:07:36]   batch 4: 959/91630 (1.0%) facts=2005 sanitized=0 経過=41秒 残り≈3853秒
[23:07:36]   batch 5: 1188/91630 (1.3%) facts=2505 sanitized=0 経過=41秒 残り≈3116秒
[23:07:36]   batch 6: 1439/91630 (1.6%) facts=3006 sanitized=0 経過=41秒 残り≈2577秒
[23:07:37]   batch 7: 1668/91630 (1.8%) facts=3507 sanitized=0 経過=41秒 残り≈2226秒
[23:07:37]   batch 8: 1909/91630 (2.1%) facts=4007 sanitized=0 経過=41秒 残り≈1948秒
[23:07:37]   batch 9: 2144/91630 (2.3%) facts=4507 sanitized=0 経過=42秒 残り≈1737秒
[23:07:37]   batch 10: 2370/91630 (2.6%) facts=5007 sanitized=0 経過=42秒 残り≈1573秒
[23:07:37]   batch 11: 2626/91630 (2.9%) facts=5509 sanitized=0 経過=42秒 残り≈1422秒
[23:07:37]   batch 12: 2863/91630 (3.1%) facts=6011 sanitized=0 経過=42秒 残り≈1306秒
[23:07:38]   batch 13: 3129/91630 (3.4%) facts=6512 sanitized=0 経過=42秒 残り≈1196秒
[23:07:38]   batch 14: 3375/91630 (3.7%) facts=7014 sanitized=0 経過=42秒 残り≈1111秒
[23:07:38]   batch 15: 3638/91630 (4.0%) facts=7514 sanitized=0 経過=43秒 残り≈1032秒
[23:07:38]   batch 16: 3884/91630 (4.2%) facts=8015 sanitized=0 経過=43秒 残り≈967秒
[23:07:38]   batch 17: 4134/91630 (4.5%) facts=8517 sanitized=0 経過=43秒 残り≈909秒
[23:07:38]   batch 18: 4384/91630 (4.8%) facts=9017 sanitized=0 経過=43秒 残り≈858秒
[23:07:39]   batch 19: 4621/91630 (5.0%) facts=9518 sanitized=0 経過=43秒 残り≈816秒
[23:07:39]   batch 20: 4871/91630 (5.3%) facts=10020 sanitized=0 経過=43秒 残り≈775秒
[23:07:39]   batch 21: 5095/91630 (5.6%) facts=10521 sanitized=0 経過=44秒 残り≈741秒
[23:07:39]   batch 22: 5353/91630 (5.8%) facts=11021 sanitized=0 経過=44秒 残り≈706秒
[23:07:39]   batch 23: 5611/91630 (6.1%) facts=11523 sanitized=0 経過=44秒 残り≈674秒
[23:07:39]   batch 24: 5843/91630 (6.4%) facts=12024 sanitized=0 経過=44秒 残り≈648秒
[23:07:40]   batch 25: 6114/91630 (6.7%) facts=12526 sanitized=0 経過=44秒 残り≈620秒
[23:07:40]   batch 26: 6350/91630 (6.9%) facts=13028 sanitized=0 経過=44秒 残り≈597秒
[23:07:40]   batch 27: 6589/91630 (7.2%) facts=13530 sanitized=0 経過=45秒 残り≈576秒
[23:07:40]   batch 28: 6851/91630 (7.5%) facts=14030 sanitized=0 経過=45秒 残り≈555秒
[23:07:40]   batch 29: 7104/91630 (7.8%) facts=14531 sanitized=0 経過=45秒 残り≈536秒
[23:07:41]   batch 30: 7345/91630 (8.0%) facts=15033 sanitized=0 経過=45秒 残り≈518秒
[23:07:41]   batch 31: 7595/91630 (8.3%) facts=15535 sanitized=0 経過=45秒 残り≈502秒
[23:07:41]   batch 32: 7841/91630 (8.6%) facts=16037 sanitized=0 経過=46秒 残り≈486秒
[23:07:41]   batch 33: 8093/91630 (8.8%) facts=16537 sanitized=0 経過=46秒 残り≈471秒
[23:07:41]   batch 34: 8328/91630 (9.1%) facts=17038 sanitized=0 経過=46秒 残り≈458秒
[23:07:41]   batch 35: 8579/91630 (9.4%) facts=17538 sanitized=0 経過=46秒 残り≈445秒
[23:07:42]   batch 36: 8802/91630 (9.6%) facts=18038 sanitized=0 経過=46秒 残り≈435秒
[23:07:42]   batch 37: 9024/91630 (9.8%) facts=18538 sanitized=0 経過=46秒 残り≈424秒
[23:07:42]   batch 38: 9252/91630 (10.1%) facts=19038 sanitized=0 経過=46秒 残り≈414秒
[23:07:42]   batch 39: 9500/91630 (10.4%) facts=19540 sanitized=0 経過=47秒 残り≈404秒
[23:07:42]   batch 40: 9736/91630 (10.6%) facts=20040 sanitized=0 経過=47秒 残り≈394秒
[23:07:42]   batch 41: 9976/91630 (10.9%) facts=20542 sanitized=0 経過=47秒 残り≈385秒
[23:07:43]   batch 42: 10242/91630 (11.2%) facts=21042 sanitized=0 経過=47秒 残り≈375秒
[23:07:43]   batch 43: 10529/91630 (11.5%) facts=21543 sanitized=0 経過=47秒 残り≈365秒
[23:07:43]   batch 44: 10826/91630 (11.8%) facts=22043 sanitized=0 経過=48秒 残り≈355秒
[23:07:43]   batch 45: 11183/91630 (12.2%) facts=22543 sanitized=0 経過=48秒 残り≈343秒
[23:07:43]   batch 46: 11461/91630 (12.5%) facts=23043 sanitized=0 経過=48秒 残り≈335秒
[23:07:43]   batch 47: 11691/91630 (12.8%) facts=23545 sanitized=0 経過=48秒 残り≈329秒
[23:07:44]   batch 48: 11963/91630 (13.1%) facts=24045 sanitized=0 経過=48秒 残り≈321秒
[23:07:44]   batch 49: 12232/91630 (13.3%) facts=24546 sanitized=0 経過=48秒 残り≈314秒
[23:07:44]   batch 50: 12468/91630 (13.6%) facts=25047 sanitized=0 経過=49秒 残り≈308秒
[23:07:44]   batch 51: 12691/91630 (13.9%) facts=25548 sanitized=0 経過=49秒 残り≈303秒
[23:07:44]   batch 52: 12933/91630 (14.1%) facts=26050 sanitized=0 経過=49秒 残り≈297秒
[23:07:44]   batch 53: 13186/91630 (14.4%) facts=26550 sanitized=0 経過=49秒 残り≈292秒
[23:07:45]   batch 54: 13413/91630 (14.6%) facts=27050 sanitized=0 経過=49秒 残り≈287秒
[23:07:45]   batch 55: 13645/91630 (14.9%) facts=27550 sanitized=0 経過=49秒 残り≈282秒
[23:07:45]   batch 56: 13902/91630 (15.2%) facts=28052 sanitized=0 経過=50秒 残り≈277秒
[23:07:45]   batch 57: 14163/91630 (15.5%) facts=28554 sanitized=0 経過=50秒 残り≈272秒
[23:07:45]   batch 58: 14394/91630 (15.7%) facts=29055 sanitized=0 経過=50秒 残り≈268秒
[23:07:45]   batch 59: 14632/91630 (16.0%) facts=29556 sanitized=0 経過=50秒 残り≈264秒
[23:07:46]   batch 60: 14860/91630 (16.2%) facts=30057 sanitized=0 経過=50秒 残り≈260秒
[23:07:46] [SANITIZE] 元値が10^16超 (5.40e+303): col=operating_profit val=5.4e+303 ticker=46850 fye=2028-03-31 Q=2Q
[23:07:46]   batch 61: 15079/91630 (16.5%) facts=30557 sanitized=1 経過=51秒 残り≈257秒
[23:07:46]   batch 62: 15308/91630 (16.7%) facts=31057 sanitized=1 経過=51秒 残り≈253秒
[23:07:46]   batch 63: 15538/91630 (17.0%) facts=31557 sanitized=1 経過=51秒 残り≈249秒
[23:07:46]   batch 64: 15781/91630 (17.2%) facts=32059 sanitized=1 経過=51秒 残り≈246秒
[23:07:47]   batch 65: 16031/91630 (17.5%) facts=32559 sanitized=1 経過=51秒 残り≈242秒
[23:07:47]   batch 66: 16246/91630 (17.7%) facts=33059 sanitized=1 経過=51秒 残り≈239秒
[23:07:47]   batch 67: 16482/91630 (18.0%) facts=33560 sanitized=1 経過=52秒 残り≈235秒
[23:07:47]   batch 68: 16726/91630 (18.3%) facts=34060 sanitized=1 経過=52秒 残り≈232秒
[23:07:47]   batch 69: 16952/91630 (18.5%) facts=34560 sanitized=1 経過=52秒 残り≈229秒
[23:07:47]   batch 70: 17198/91630 (18.8%) facts=35060 sanitized=1 経過=52秒 残り≈226秒
[23:07:48]   batch 71: 17433/91630 (19.0%) facts=35561 sanitized=1 経過=52秒 残り≈223秒
[23:07:48]   batch 72: 17643/91630 (19.3%) facts=36063 sanitized=1 経過=52秒 残り≈220秒
[23:07:48]   batch 73: 17871/91630 (19.5%) facts=36565 sanitized=1 経過=53秒 残り≈217秒
[23:07:48]   batch 74: 18091/91630 (19.7%) facts=37066 sanitized=1 経過=53秒 残り≈215秒
[23:07:48]   batch 75: 18339/91630 (20.0%) facts=37567 sanitized=1 経過=53秒 残り≈212秒
[23:07:48]   batch 76: 18586/91630 (20.3%) facts=38069 sanitized=1 経過=53秒 残り≈209秒
[23:07:49]   batch 77: 18841/91630 (20.6%) facts=38571 sanitized=1 経過=53秒 残り≈206秒
[23:07:49]   batch 78: 19106/91630 (20.9%) facts=39073 sanitized=1 経過=54秒 残り≈203秒
[23:07:49]   batch 79: 19341/91630 (21.1%) facts=39573 sanitized=1 経過=54秒 残り≈201秒
[23:07:49]   batch 80: 19572/91630 (21.4%) facts=40075 sanitized=1 経過=54秒 残り≈198秒
[23:07:49]   batch 81: 19836/91630 (21.6%) facts=40575 sanitized=1 経過=54秒 残り≈196秒
[23:07:50]   batch 82: 20078/91630 (21.9%) facts=41076 sanitized=1 経過=54秒 残り≈193秒
[23:07:50]   batch 83: 20331/91630 (22.2%) facts=41578 sanitized=1 経過=54秒 残り≈191秒
[23:07:50]   batch 84: 20569/91630 (22.4%) facts=42079 sanitized=1 経過=55秒 残り≈188秒
[23:07:50]   batch 85: 20845/91630 (22.7%) facts=42579 sanitized=1 経過=55秒 残り≈186秒
[23:07:50]   batch 86: 21071/91630 (23.0%) facts=43081 sanitized=1 経過=55秒 残り≈184秒
[23:07:50]   batch 87: 21320/91630 (23.3%) facts=43581 sanitized=1 経過=55秒 残り≈182秒
[23:07:51]   batch 88: 21610/91630 (23.6%) facts=44083 sanitized=1 経過=55秒 残り≈179秒
[23:07:51]   batch 89: 21846/91630 (23.8%) facts=44583 sanitized=1 経過=55秒 残り≈177秒
[23:07:51]   batch 90: 22075/91630 (24.1%) facts=45083 sanitized=1 経過=56秒 残り≈175秒
[23:07:51]   batch 91: 22295/91630 (24.3%) facts=45585 sanitized=1 経過=56秒 残り≈174秒
[23:07:51]   batch 92: 22540/91630 (24.6%) facts=46086 sanitized=1 経過=56秒 残り≈172秒
[23:07:52]   batch 93: 22782/91630 (24.9%) facts=46587 sanitized=1 経過=56秒 残り≈170秒
[23:07:52]   batch 94: 23022/91630 (25.1%) facts=47089 sanitized=1 経過=56秒 残り≈168秒
[23:07:52]   batch 95: 23276/91630 (25.4%) facts=47589 sanitized=1 経過=57秒 残り≈166秒
[23:07:52]   batch 96: 23514/91630 (25.7%) facts=48090 sanitized=1 経過=57秒 残り≈164秒
[23:07:52]   batch 97: 23763/91630 (25.9%) facts=48592 sanitized=1 経過=57秒 残り≈163秒
[23:07:52]   batch 98: 24012/91630 (26.2%) facts=49093 sanitized=1 経過=57秒 残り≈161秒
[23:07:53]   batch 99: 24252/91630 (26.5%) facts=49594 sanitized=1 経過=57秒 残り≈159秒
[23:07:53]   batch 100: 24523/91630 (26.8%) facts=50096 sanitized=1 経過=57秒 残り≈157秒
[23:07:53]   batch 101: 24745/91630 (27.0%) facts=50598 sanitized=1 経過=58秒 残り≈156秒
[23:07:53]   batch 102: 24959/91630 (27.2%) facts=51099 sanitized=1 経過=58秒 残り≈154秒
[23:07:53]   batch 103: 25195/91630 (27.5%) facts=51601 sanitized=1 経過=58秒 残り≈153秒
[23:07:53]   batch 104: 25440/91630 (27.8%) facts=52102 sanitized=1 経過=58秒 残り≈151秒
[23:07:54]   batch 105: 25667/91630 (28.0%) facts=52604 sanitized=1 経過=58秒 残り≈150秒
[23:07:54]   batch 106: 25927/91630 (28.3%) facts=53105 sanitized=1 経過=59秒 残り≈148秒
[23:07:54]   batch 107: 26181/91630 (28.6%) facts=53605 sanitized=1 経過=59秒 残り≈147秒
[23:07:54]   batch 108: 26431/91630 (28.8%) facts=54105 sanitized=1 経過=59秒 残り≈145秒
[23:07:54]   batch 109: 26671/91630 (29.1%) facts=54607 sanitized=1 経過=59秒 残り≈144秒
[23:07:55]   batch 110: 26917/91630 (29.4%) facts=55107 sanitized=1 経過=59秒 残り≈142秒
[23:07:55]   batch 111: 27158/91630 (29.6%) facts=55607 sanitized=1 経過=59秒 残り≈141秒
[23:07:55]   batch 112: 27391/91630 (29.9%) facts=56107 sanitized=1 経過=60秒 残り≈140秒
[23:07:55]   batch 113: 27667/91630 (30.2%) facts=56609 sanitized=1 経過=60秒 残り≈138秒
[23:07:55]   batch 114: 27911/91630 (30.5%) facts=57111 sanitized=1 経過=60秒 残り≈137秒
[23:07:55]   batch 115: 28150/91630 (30.7%) facts=57612 sanitized=1 経過=60秒 残り≈135秒
[23:07:56]   batch 116: 28401/91630 (31.0%) facts=58112 sanitized=1 経過=60秒 残り≈134秒
[23:07:56]   batch 117: 28632/91630 (31.2%) facts=58612 sanitized=1 経過=60秒 残り≈133秒
[23:07:56]   batch 118: 28869/91630 (31.5%) facts=59113 sanitized=1 経過=61秒 残り≈132秒
[23:07:56]   batch 119: 29100/91630 (31.8%) facts=59613 sanitized=1 経過=61秒 残り≈130秒
[23:07:56]   batch 120: 29323/91630 (32.0%) facts=60115 sanitized=1 経過=61秒 残り≈129秒
[23:07:56]   batch 121: 29609/91630 (32.3%) facts=60616 sanitized=1 経過=61秒 残り≈128秒
[23:07:57]   batch 122: 29837/91630 (32.6%) facts=61116 sanitized=1 経過=61秒 残り≈127秒
[23:07:57]   batch 123: 30067/91630 (32.8%) facts=61616 sanitized=1 経過=61秒 残り≈126秒
[23:07:57]   batch 124: 30323/91630 (33.1%) facts=62117 sanitized=1 経過=62秒 残り≈124秒
[23:07:57]   batch 125: 30554/91630 (33.3%) facts=62618 sanitized=1 経過=62秒 残り≈123秒
[23:07:57]   batch 126: 30784/91630 (33.6%) facts=63118 sanitized=1 経過=62秒 残り≈122秒
[23:07:57]   batch 127: 31018/91630 (33.9%) facts=63620 sanitized=1 経過=62秒 残り≈121秒
[23:07:58]   batch 128: 31250/91630 (34.1%) facts=64122 sanitized=1 経過=62秒 残り≈120秒
[23:07:58]   batch 129: 31491/91630 (34.4%) facts=64624 sanitized=1 経過=63秒 残り≈119秒
[23:07:58]   batch 130: 31722/91630 (34.6%) facts=65126 sanitized=1 経過=63秒 残り≈119秒
[23:07:58]   batch 131: 31943/91630 (34.9%) facts=65626 sanitized=1 経過=63秒 残り≈118秒
[23:07:58]   batch 132: 32184/91630 (35.1%) facts=66126 sanitized=1 経過=63秒 残り≈117秒
[23:07:59]   batch 133: 32427/91630 (35.4%) facts=66627 sanitized=1 経過=63秒 残り≈116秒
[23:07:59]   batch 134: 32659/91630 (35.6%) facts=67129 sanitized=1 経過=64秒 残り≈115秒
[23:07:59]   batch 135: 32901/91630 (35.9%) facts=67631 sanitized=1 経過=64秒 残り≈114秒
[23:07:59]   batch 136: 33130/91630 (36.2%) facts=68131 sanitized=1 経過=64秒 残り≈113秒
[23:07:59]   batch 137: 33374/91630 (36.4%) facts=68632 sanitized=1 経過=64秒 残り≈112秒
[23:08:00]   batch 138: 33624/91630 (36.7%) facts=69133 sanitized=1 経過=64秒 残り≈111秒
[23:08:00]   batch 139: 33863/91630 (37.0%) facts=69634 sanitized=1 経過=64秒 残り≈110秒
[23:08:00]   batch 140: 34121/91630 (37.2%) facts=70134 sanitized=1 経過=65秒 残り≈109秒
[23:08:00]   batch 141: 34405/91630 (37.5%) facts=70634 sanitized=1 経過=65秒 残り≈108秒
[23:08:00]   batch 142: 34645/91630 (37.8%) facts=71136 sanitized=1 経過=65秒 残り≈107秒
[23:08:01]   batch 143: 34876/91630 (38.1%) facts=71636 sanitized=1 経過=65秒 残り≈106秒
[23:08:01]   batch 144: 35152/91630 (38.4%) facts=72137 sanitized=1 経過=65秒 残り≈105秒
[23:08:01]   batch 145: 35405/91630 (38.6%) facts=72639 sanitized=1 経過=66秒 残り≈104秒
[23:08:01]   batch 146: 35636/91630 (38.9%) facts=73139 sanitized=1 経過=66秒 残り≈103秒
[23:08:01]   batch 147: 35913/91630 (39.2%) facts=73640 sanitized=1 経過=66秒 残り≈102秒
[23:08:01]   batch 148: 36185/91630 (39.5%) facts=74140 sanitized=1 経過=66秒 残り≈101秒
[23:08:02]   batch 149: 36466/91630 (39.8%) facts=74642 sanitized=1 経過=66秒 残り≈100秒
[23:08:02]   batch 150: 36701/91630 (40.1%) facts=75143 sanitized=1 経過=66秒 残り≈99秒
[23:08:02]   batch 151: 36957/91630 (40.3%) facts=75645 sanitized=1 経過=67秒 残り≈98秒
[23:08:02]   batch 152: 37192/91630 (40.6%) facts=76147 sanitized=1 経過=67秒 残り≈98秒
[23:08:02]   batch 153: 37460/91630 (40.9%) facts=76647 sanitized=1 経過=67秒 残り≈97秒
[23:08:02]   batch 154: 37715/91630 (41.2%) facts=77148 sanitized=1 経過=67秒 残り≈96秒
[23:08:03]   batch 155: 37947/91630 (41.4%) facts=77650 sanitized=1 経過=67秒 残り≈95秒
[23:08:03]   batch 156: 38216/91630 (41.7%) facts=78151 sanitized=1 経過=67秒 残り≈94秒
[23:08:03]   batch 157: 38438/91630 (41.9%) facts=78652 sanitized=1 経過=68秒 残り≈94秒
[23:08:03]   batch 158: 38661/91630 (42.2%) facts=79153 sanitized=1 経過=68秒 残り≈93秒
[23:08:03]   batch 159: 38907/91630 (42.5%) facts=79654 sanitized=1 経過=68秒 残り≈92秒
[23:08:03]   batch 160: 39125/91630 (42.7%) facts=80155 sanitized=1 経過=68秒 残り≈91秒
[23:08:04]   batch 161: 39365/91630 (43.0%) facts=80655 sanitized=1 経過=68秒 残り≈91秒
[23:08:04]   batch 162: 39670/91630 (43.3%) facts=81157 sanitized=1 経過=69秒 残り≈90秒
[23:08:04]   batch 163: 39923/91630 (43.6%) facts=81658 sanitized=1 経過=69秒 残り≈89秒
[23:08:04]   batch 164: 40199/91630 (43.9%) facts=82159 sanitized=1 経過=69秒 残り≈88秒
[23:08:04]   batch 165: 40468/91630 (44.2%) facts=82659 sanitized=1 経過=69秒 残り≈87秒
[23:08:05]   batch 166: 40718/91630 (44.4%) facts=83160 sanitized=1 経過=69秒 残り≈87秒
[23:08:05]   batch 167: 40949/91630 (44.7%) facts=83661 sanitized=1 経過=69秒 残り≈86秒
[23:08:05]   batch 168: 41201/91630 (45.0%) facts=84163 sanitized=1 経過=70秒 残り≈85秒
[23:08:05]   batch 169: 41453/91630 (45.2%) facts=84663 sanitized=1 経過=70秒 残り≈84秒
[23:08:05]   batch 170: 41704/91630 (45.5%) facts=85165 sanitized=1 経過=70秒 残り≈84秒
[23:08:05]   batch 171: 41947/91630 (45.8%) facts=85665 sanitized=1 経過=70秒 残り≈83秒
[23:08:06]   batch 172: 42180/91630 (46.0%) facts=86167 sanitized=1 経過=70秒 残り≈82秒
[23:08:06]   batch 173: 42436/91630 (46.3%) facts=86668 sanitized=1 経過=70秒 残り≈82秒
[23:08:06]   batch 174: 42677/91630 (46.6%) facts=87168 sanitized=1 経過=71秒 残り≈81秒
[23:08:06]   batch 175: 42961/91630 (46.9%) facts=87669 sanitized=1 経過=71秒 残り≈80秒
[23:08:06]   batch 176: 43199/91630 (47.1%) facts=88169 sanitized=1 経過=71秒 残り≈80秒
[23:08:07]   batch 177: 43437/91630 (47.4%) facts=88669 sanitized=1 経過=71秒 残り≈79秒
[23:08:07]   batch 178: 43665/91630 (47.7%) facts=89170 sanitized=1 経過=72秒 残り≈79秒
[23:08:07]   batch 179: 43869/91630 (47.9%) facts=89670 sanitized=1 経過=72秒 残り≈78秒
[23:08:07]   batch 180: 44109/91630 (48.1%) facts=90170 sanitized=1 経過=72秒 残り≈78秒
[23:08:08]   batch 181: 44340/91630 (48.4%) facts=90670 sanitized=1 経過=72秒 残り≈77秒
[23:08:08]   batch 182: 44583/91630 (48.7%) facts=91170 sanitized=1 経過=72秒 残り≈76秒
[23:08:08]   batch 183: 44820/91630 (48.9%) facts=91670 sanitized=1 経過=73秒 残り≈76秒
[23:08:08]   batch 184: 45046/91630 (49.2%) facts=92172 sanitized=1 経過=73秒 残り≈75秒
[23:08:08]   batch 185: 45257/91630 (49.4%) facts=92673 sanitized=1 経過=73秒 残り≈75秒
[23:08:08]   batch 186: 45540/91630 (49.7%) facts=93173 sanitized=1 経過=73秒 残り≈74秒
[23:08:09]   batch 187: 45845/91630 (50.0%) facts=93673 sanitized=1 経過=73秒 残り≈73秒
[23:08:09]   batch 188: 46187/91630 (50.4%) facts=94173 sanitized=1 経過=73秒 残り≈72秒
[23:08:09]   batch 189: 46428/91630 (50.7%) facts=94675 sanitized=1 経過=74秒 残り≈72秒
[23:08:09]   batch 190: 46677/91630 (50.9%) facts=95177 sanitized=1 経過=74秒 残り≈71秒
[23:08:09]   batch 191: 46899/91630 (51.2%) facts=95677 sanitized=1 経過=74秒 残り≈71秒
[23:08:10]   batch 192: 47142/91630 (51.4%) facts=96178 sanitized=1 経過=74秒 残り≈70秒
[23:08:10]   batch 193: 47385/91630 (51.7%) facts=96679 sanitized=1 経過=74秒 残り≈69秒
[23:08:10]   batch 194: 47606/91630 (52.0%) facts=97181 sanitized=1 経過=75秒 残り≈69秒
[23:08:10]   batch 195: 47834/91630 (52.2%) facts=97682 sanitized=1 経過=75秒 残り≈68秒
[23:08:10]   batch 196: 48070/91630 (52.5%) facts=98183 sanitized=1 経過=75秒 残り≈68秒
[23:08:10]   batch 197: 48289/91630 (52.7%) facts=98683 sanitized=1 経過=75秒 残り≈67秒
[23:08:11]   batch 198: 48569/91630 (53.0%) facts=99183 sanitized=1 経過=75秒 残り≈67秒
[23:08:11]   batch 199: 48851/91630 (53.3%) facts=99684 sanitized=1 経過=75秒 残り≈66秒
[23:08:11]   batch 200: 49104/91630 (53.6%) facts=100185 sanitized=1 経過=76秒 残り≈65秒
[23:08:11]   batch 201: 49353/91630 (53.9%) facts=100686 sanitized=1 経過=76秒 残り≈65秒
[23:08:11]   batch 202: 49571/91630 (54.1%) facts=101186 sanitized=1 経過=76秒 残り≈64秒
[23:08:11]   batch 203: 49803/91630 (54.4%) facts=101688 sanitized=1 経過=76秒 残り≈64秒
[23:08:12]   batch 204: 50041/91630 (54.6%) facts=102188 sanitized=1 経過=76秒 残り≈63秒
[23:08:12]   batch 205: 50284/91630 (54.9%) facts=102690 sanitized=1 経過=76秒 残り≈63秒
[23:08:12]   batch 206: 50504/91630 (55.1%) facts=103190 sanitized=1 経過=76秒 残り≈62秒
[23:08:12]   batch 207: 50747/91630 (55.4%) facts=103691 sanitized=1 経過=77秒 残り≈62秒
[23:08:12]   batch 208: 51003/91630 (55.7%) facts=104191 sanitized=1 経過=77秒 残り≈61秒
[23:08:12]   batch 209: 51232/91630 (55.9%) facts=104691 sanitized=1 経過=77秒 残り≈61秒
[23:08:12]   batch 210: 51497/91630 (56.2%) facts=105193 sanitized=1 経過=77秒 残り≈60秒
[23:08:13]   batch 211: 51726/91630 (56.5%) facts=105695 sanitized=1 経過=77秒 残り≈60秒
[23:08:13]   batch 212: 51956/91630 (56.7%) facts=106196 sanitized=1 経過=77秒 残り≈59秒
[23:08:13]   batch 213: 52198/91630 (57.0%) facts=106697 sanitized=1 経過=78秒 残り≈59秒
[23:08:13]   batch 214: 52455/91630 (57.2%) facts=107197 sanitized=1 経過=78秒 残り≈58秒
[23:08:13]   batch 215: 52686/91630 (57.5%) facts=107697 sanitized=1 経過=78秒 残り≈58秒
[23:08:13]   batch 216: 52931/91630 (57.8%) facts=108198 sanitized=1 経過=78秒 残り≈57秒
[23:08:14]   batch 217: 53164/91630 (58.0%) facts=108700 sanitized=1 経過=78秒 残り≈57秒
[23:08:14]   batch 218: 53388/91630 (58.3%) facts=109201 sanitized=1 経過=78秒 残り≈56秒
[23:08:14]   batch 219: 53628/91630 (58.5%) facts=109703 sanitized=1 経過=79秒 残り≈56秒
[23:08:14]   batch 220: 53881/91630 (58.8%) facts=110205 sanitized=1 経過=79秒 残り≈55秒
[23:08:14]   batch 221: 54131/91630 (59.1%) facts=110707 sanitized=1 経過=79秒 残り≈55秒
[23:08:14]   batch 222: 54361/91630 (59.3%) facts=111208 sanitized=1 経過=79秒 残り≈54秒
[23:08:15]   batch 223: 54615/91630 (59.6%) facts=111709 sanitized=1 経過=79秒 残り≈54秒
[23:08:15]   batch 224: 54847/91630 (59.9%) facts=112211 sanitized=1 経過=79秒 残り≈53秒
[23:08:15]   batch 225: 55093/91630 (60.1%) facts=112711 sanitized=1 経過=80秒 残り≈53秒
[23:08:15]   batch 226: 55320/91630 (60.4%) facts=113213 sanitized=1 経過=80秒 残り≈52秒
[23:08:15]   batch 227: 55551/91630 (60.6%) facts=113714 sanitized=1 経過=80秒 残り≈52秒
[23:08:15]   batch 228: 55782/91630 (60.9%) facts=114215 sanitized=1 経過=80秒 残り≈51秒
[23:08:16]   batch 229: 55982/91630 (61.1%) facts=114715 sanitized=1 経過=80秒 残り≈51秒
[23:08:16]   batch 230: 56198/91630 (61.3%) facts=115216 sanitized=1 経過=80秒 残り≈51秒
[23:08:16]   batch 231: 56410/91630 (61.6%) facts=115717 sanitized=1 経過=81秒 残り≈50秒
[23:08:16]   batch 232: 56638/91630 (61.8%) facts=116217 sanitized=1 経過=81秒 残り≈50秒
[23:08:16]   batch 233: 56865/91630 (62.1%) facts=116717 sanitized=1 経過=81秒 残り≈49秒
[23:08:16]   batch 234: 57108/91630 (62.3%) facts=117219 sanitized=1 経過=81秒 残り≈49秒
[23:08:17]   batch 235: 57346/91630 (62.6%) facts=117720 sanitized=1 経過=81秒 残り≈49秒
[23:08:17]   batch 236: 57563/91630 (62.8%) facts=118220 sanitized=1 経過=81秒 残り≈48秒
[23:08:17]   batch 237: 57781/91630 (63.1%) facts=118721 sanitized=1 経過=82秒 残り≈48秒
[23:08:17]   batch 238: 58025/91630 (63.3%) facts=119223 sanitized=1 経過=82秒 残り≈47秒
[23:08:17]   batch 239: 58259/91630 (63.6%) facts=119723 sanitized=1 経過=82秒 残り≈47秒
[23:08:17]   batch 240: 58501/91630 (63.8%) facts=120225 sanitized=1 経過=82秒 残り≈47秒
[23:08:18]   batch 241: 58752/91630 (64.1%) facts=120726 sanitized=1 経過=82秒 残り≈46秒
[23:08:18]   batch 242: 58978/91630 (64.4%) facts=121226 sanitized=1 経過=82秒 残り≈46秒
[23:08:18]   batch 243: 59210/91630 (64.6%) facts=121727 sanitized=1 経過=83秒 残り≈45秒
[23:08:18]   batch 244: 59454/91630 (64.9%) facts=122227 sanitized=1 経過=83秒 残り≈45秒
[23:08:18]   batch 245: 59673/91630 (65.1%) facts=122727 sanitized=1 経過=83秒 残り≈44秒
[23:08:18]   batch 246: 59930/91630 (65.4%) facts=123227 sanitized=1 経過=83秒 残り≈44秒
[23:08:19]   batch 247: 60199/91630 (65.7%) facts=123729 sanitized=1 経過=83秒 残り≈43秒
[23:08:19]   batch 248: 60451/91630 (66.0%) facts=124230 sanitized=1 経過=83秒 残り≈43秒
[23:08:19]   batch 249: 60695/91630 (66.2%) facts=124732 sanitized=1 経過=84秒 残り≈43秒
[23:08:19]   batch 250: 60925/91630 (66.5%) facts=125233 sanitized=1 経過=84秒 残り≈42秒
[23:08:19]   batch 251: 61144/91630 (66.7%) facts=125733 sanitized=1 経過=84秒 残り≈42秒
[23:08:19]   batch 252: 61380/91630 (67.0%) facts=126234 sanitized=1 経過=84秒 残り≈41秒
[23:08:20]   batch 253: 61626/91630 (67.3%) facts=126736 sanitized=1 経過=84秒 残り≈41秒
[23:08:20]   batch 254: 61874/91630 (67.5%) facts=127238 sanitized=1 経過=84秒 残り≈41秒
[23:08:20]   batch 255: 62108/91630 (67.8%) facts=127738 sanitized=1 経過=85秒 残り≈40秒
[23:08:20]   batch 256: 62344/91630 (68.0%) facts=128238 sanitized=1 経過=85秒 残り≈40秒
[23:08:20]   batch 257: 62579/91630 (68.3%) facts=128738 sanitized=1 経過=85秒 残り≈39秒
[23:08:20]   batch 258: 62820/91630 (68.6%) facts=129239 sanitized=1 経過=85秒 残り≈39秒
[23:08:21]   batch 259: 63060/91630 (68.8%) facts=129741 sanitized=1 経過=85秒 残り≈39秒
