START 2026/03/06 15:30:00.86 
[Step 1/8] TDnet ingest... 
============================================================
  TDNET Ingest - ワンショット実行
============================================================

[DB]   C:\Users\takuy\OneDrive\tdnet-excel-input\decision_db.db

[2026-03-06 15:30:02] [INFO] [API] yanoshin.jp APIから取得中: https://webapi.yanoshin.jp/webapi/tdnet/list/today.json
[2026-03-06 15:30:02] [INFO] [API] detected_schema=items, raw_items_count=116
[2026-03-06 15:30:02] [INFO] [API] first_item_preview: id=74966f3aae6d..., pubdate=2026-03-06 15:00:00, title=第三者割当による新株式発行の払込完了に関するお知らせ, code=2588
[2026-03-06 15:30:02] [INFO] [API] fetched_count=116
[2026-03-06 15:30:02] [INFO] [API] skip_reason=instrument_excluded, code=13494, name=Ｅ－ＳＳＧＡ－ＳＩＮ, title=アジア国債・公債ＥＴＦ（正式名称：ＡＢＦ汎アジア債券インデックス・ファンド）に関する日々の開示事項
[2026-03-06 15:30:02] [INFO] [API] skip_reason=instrument_excluded, code=15574, name=Ｅ－ＳＳＧＡＴＣ, title=State Street SPDR S&amp;P500 ETFに関する日々の開示事項
[2026-03-06 15:30:02] [INFO] [API] skip_reason=instrument_excluded, code=20704, name=Ｎ－三菱ＵＦＪ証ＨＤ, title=上場ETN（発行者：三菱UFJ証券ホールディングス株式会社）に関する日々の開示事項
[2026-03-06 15:30:02] [INFO] [API] skip_reason=instrument_excluded, code=1557, name=ＳＰＤＲ５００, title=State Street SPDR S&amp;P500 ETF分配金の支払いに係る基準日のお知らせ
[2026-03-06 15:30:02] [INFO] [API] skip_reason=instrument_excluded, code=13294, name=Ｅ－ブラックロック, title=上場ETF（管理会社：ブラックロック・ジャパン）に関する日々の開示事項
[2026-03-06 15:30:02] [INFO] [API] skip_reason=instrument_excluded, code=16714, name=Ｅ－シンプレクス, title=上場ＥＴＦ(管理会社：シンプレクス・アセット・マネジメント)に関する日々の開示事項
[2026-03-06 15:30:02] [INFO] [API] skip_reason=instrument_excluded, code=2633, name=Ｓ＆Ｐ５００ヘッジ無, title=ETFの収益分配金見込額のお知らせ
[2026-03-06 15:30:02] [INFO] [API] skip_reason=instrument_excluded, code=2634, name=Ｓ＆Ｐ５００ヘッジ有, title=ETFの収益分配金見込額のお知らせ
[2026-03-06 15:30:02] [INFO] [API] skip_reason=instrument_excluded, code=16724, name=Ｅ－ＷｉｓｄｏｍＴｒ, title=上場ETF（管理会社：WisdomTree、外国投資法人：MSL）に関する日々の開示事項　
[2026-03-06 15:30:02] [INFO] [API] skip_reason=instrument_excluded, code=16724, name=Ｅ－ＷｉｓｄｏｍＴｒ, title=上場ETF（管理会社：WisdomTree、外国投資法人：CSL）に関する日々の開示事項　
[2026-03-06 15:30:02] [INFO] [API] skip_reason=instrument_excluded, code=1555, name=上場Ａリート, title=ＥＴＦの収益分配金見込額のお知らせ
[2026-03-06 15:30:02] [INFO] [API] skip_reason=instrument_excluded, code=1566, name=上場ＥＭ債, title=ＥＴＦの収益分配金見込額のお知らせ
[2026-03-06 15:30:02] [INFO] [API] skip_reason=instrument_excluded, code=1677, name=上場外債, title=ＥＴＦの収益分配金見込額のお知らせ
[2026-03-06 15:30:02] [INFO] [API] skip_reason=instrument_excluded, code=2237, name=ｉＦＳＰ５００ダブル, title=iFreeETFの収益分配金見込額のお知らせ
[2026-03-06 15:30:02] [INFO] [API] skip_reason=instrument_excluded, code=2238, name=ｉＦＳＰ５００ベア, title=iFreeETFの収益分配金見込額のお知らせ
[2026-03-06 15:30:02] [INFO] [API] skip_reason=instrument_excluded, code=2247, name=ｉＦＳＰ５００Ｈ無, title=iFreeETFの収益分配金見込額のお知らせ
[2026-03-06 15:30:02] [INFO] [API] skip_reason=instrument_excluded, code=2248, name=ｉＦＳＰ５００Ｈ有, title=iFreeETFの収益分配金見込額のお知らせ
[2026-03-06 15:30:02] [INFO] [API] skip_reason=instrument_excluded, code=2249, name=ｉＦＳＰ５００Ｗベア, title=iFreeETFの収益分配金見込額のお知らせ
[2026-03-06 15:30:02] [INFO] [API] skip_reason=instrument_excluded, code=2528, name=ｉＦＪリートコア, title=iFreeETFの収益分配金見込額のお知らせ
[2026-03-06 15:30:02] [INFO] [API] skip_reason=instrument_excluded, code=284, name=ｉＦナス１００Ｈ無, title=iFreeETFの収益分配金見込額のお知らせ
[2026-03-06 15:30:02] [INFO] [API] skip_reason=instrument_excluded, code=2841, name=ｉＦナス１００Ｈ有, title=iFreeETFの収益分配金見込額のお知らせ
[2026-03-06 15:30:02] [INFO] [API] skip_reason=instrument_excluded, code=2842, name=ｉＦナス１００ベア, title=iFreeETFの収益分配金見込額のお知らせ
[2026-03-06 15:30:02] [INFO] [API] skip_reason=instrument_excluded, code=2865, name=ＧＸＮＤＸカバコ, title=ETFの収益分配金見込額のお知らせ
[2026-03-06 15:30:02] [INFO] [API] skip_reason=instrument_excluded, code=2866, name=ＧＸ優先証券, title=ETFの収益分配金見込額のお知らせ
[2026-03-06 15:30:02] [INFO] [API] skip_reason=instrument_excluded, code=2868, name=ＧＸＳＰＸカバコ, title=ETFの収益分配金見込額のお知らせ
[2026-03-06 15:30:02] [INFO] [API] skip_reason=instrument_excluded, code=2869, name=ｉＦナス１００ダブル, title=iFreeETFの収益分配金見込額のお知らせ
[2026-03-06 15:30:02] [INFO] [API] skip_reason=instrument_excluded, code=287, name=ｉＦナス１００Ｗベア, title=iFreeETFの収益分配金見込額のお知らせ
[2026-03-06 15:30:02] [INFO] [API] skip_reason=instrument_excluded, code=424A, name=ＧＸゴールドＨ, title=ETFの収益分配金見込額のお知らせ
[2026-03-06 15:30:02] [INFO] [API] skip_reason=instrument_excluded, code=425A, name=ＧＸゴールド, title=ETFの収益分配金見込額のお知らせ
[2026-03-06 15:30:02] [INFO] [API] skip_reason=instrument_excluded, code=467A, name=ＧＸＵＳ社債Ｈ, title=ETFの収益分配金見込額のお知らせ
[2026-03-06 15:30:02] [INFO] [API] skip_reason=instrument_excluded, code=468A, name=ＧＸＵＳ社債, title=ETFの収益分配金見込額のお知らせ
[2026-03-06 15:30:02] [INFO] [API] instrument_skipped_count=31
[2026-03-06 15:30:02] [INFO] [API] fetched_count=116, filtered_count=6, forecast_revision_count=2, financial_statement_count=4
[2026-03-06 15:30:02] [INFO] [API] new_count=6
[2026-03-06 15:30:02] [INFO] [DL] ダウンロード中: https://webapi.yanoshin.jp/rd.php?https://www.release.tdnet.info/inbs/140120260305576912.pdf
[2026-03-06 15:30:03] [INFO] [DL] 保存完了: C:\Users\takuy\OneDrive\tdnet-excel-input\data\docs\140120260305576912.pdf (268.1KB)
[2026-03-06 15:30:03] [INFO] [DL] ダウンロード中: https://webapi.yanoshin.jp/rd.php?https://www.release.tdnet.info/inbs/081220260305576912.zip
[2026-03-06 15:30:03] [INFO] [DL] 保存完了: C:\Users\takuy\OneDrive\tdnet-excel-input\data\docs\081220260305576912.zip (62.7KB)
[2026-03-06 15:30:03] [INFO] [抽出] XBRL抽出を試行: C:\Users\takuy\OneDrive\tdnet-excel-input\data\docs\081220260305576912.zip
[2026-03-06 15:30:03] [INFO] [XBRL] 未知の財務タグ検出: ['tse-ed-t:ChangeInComprehensiveIncome', 'tse-ed-t:ChangeInNetSales', 'tse-ed-t:ChangeInOperatingIncome', 'tse-ed-t:ChangeInOrdinaryIncome', 'tse-ed-t:ChangeInProfitAttributableToOwnersOfParent', 'tse-ed-t:ComprehensiveIncome', 'tse-ed-t:DilutedNetIncomePerShare', 'tse-ed-t:NetIncomePerShare', 'tse-ed-t:ProfitAttributableToOwnersOfParent']
[2026-03-06 15:30:03] [INFO] [XBRL] ZIP内ファイルから抽出成功: XBRLData/Summary/tse-qcedjpsm-29100-20260306329100-ixbrl.htm
[2026-03-06 15:30:03] [INFO] [抽出] XBRL抽出成功: sales=39324000000, op=709000000
[2026-03-06 15:30:03] [INFO] [INGEST] doc_id=ffa599449c7eba4c zip_hash=73645c8166b4e43ea3d99dd638dced8bac463adb6c488218fd799270917d3bfb status=success 291 2026-04-30 4Q sales=39324000000 gp=None op=709000000
[2026-03-06 15:30:04] [INFO] [SEGMENT] 291 quarantine: segment_table_found_but_no_sales_profit_columns
[2026-03-06 15:30:04] [INFO] [DL] ダウンロード中: https://webapi.yanoshin.jp/rd.php?https://www.release.tdnet.info/inbs/140120260305576919.pdf
[2026-03-06 15:30:04] [INFO] [DL] 保存完了: C:\Users\takuy\OneDrive\tdnet-excel-input\data\docs\140120260305576919.pdf (631.0KB)
[2026-03-06 15:30:04] [INFO] [抽出] SKIP_PDF_NOT_TANSHIN: title=2026年4月期 第3四半期決算補足説明資料
[2026-03-06 15:30:04] [INFO] [INGEST] doc_id=a802ff0966d04501 status=skipped_not_tanshin title=2026年4月期 第3四半期決算補足説明資料
[2026-03-06 15:30:04] [INFO] [DL] ダウンロード中: https://webapi.yanoshin.jp/rd.php?https://www.release.tdnet.info/inbs/140120260306577313.pdf
[2026-03-06 15:30:04] [INFO] [DL] 保存完了: C:\Users\takuy\OneDrive\tdnet-excel-input\data\docs\140120260306577313.pdf (246.2KB)
[2026-03-06 15:30:04] [INFO] [DL] ダウンロード中: https://webapi.yanoshin.jp/rd.php?https://www.release.tdnet.info/inbs/081220260306577313.zip
[2026-03-06 15:30:05] [INFO] [DL] 保存完了: C:\Users\takuy\OneDrive\tdnet-excel-input\data\docs\081220260306577313.zip (55.5KB)
[2026-03-06 15:30:05] [INFO] [抽出] XBRL抽出を試行: C:\Users\takuy\OneDrive\tdnet-excel-input\data\docs\081220260306577313.zip
[2026-03-06 15:30:05] [INFO] [XBRL] 未知の財務タグ検出: ['tse-ed-t:ChangeInComprehensiveIncome', 'tse-ed-t:ChangeInNetSales', 'tse-ed-t:ChangeInOperatingIncome', 'tse-ed-t:ChangeInOrdinaryIncome', 'tse-ed-t:ChangeInProfitAttributableToOwnersOfParent', 'tse-ed-t:ComprehensiveIncome', 'tse-ed-t:DilutedNetIncomePerShare', 'tse-ed-t:NetIncomePerShare', 'tse-ed-t:ProfitAttributableToOwnersOfParent']
[2026-03-06 15:30:05] [INFO] [XBRL] ZIP内ファイルから抽出成功: XBRLData/Summary/tse-qcedjpsm-98240-20260306398240-ixbrl.htm
[2026-03-06 15:30:05] [INFO] [抽出] XBRL抽出成功: sales=36272000000, op=2353000000
[2026-03-06 15:30:05] [INFO] [INGEST] doc_id=4e11da79cdcad4fc zip_hash=de447b84de76463703142a141e310a98d4d8401356ce4fc6f73de0a8a94d98e2 status=success 9824 2026-10-31 4Q sales=36272000000 gp=None op=2353000000
[2026-03-06 15:30:05] [INFO] [DL] ダウンロード中: https://webapi.yanoshin.jp/rd.php?https://www.release.tdnet.info/inbs/140120260225569178.pdf
[2026-03-06 15:30:06] [INFO] [DL] 保存完了: C:\Users\takuy\OneDrive\tdnet-excel-input\data\docs\140120260225569178.pdf (215.4KB)
[2026-03-06 15:30:06] [INFO] [DL] ダウンロード中: https://webapi.yanoshin.jp/rd.php?https://www.release.tdnet.info/inbs/081220260225569178.zip
[2026-03-06 15:30:06] [INFO] [DL] 保存完了: C:\Users\takuy\OneDrive\tdnet-excel-input\data\docs\081220260225569178.zip (69.4KB)
[2026-03-06 15:30:06] [INFO] [抽出] XBRL抽出を試行: C:\Users\takuy\OneDrive\tdnet-excel-input\data\docs\081220260225569178.zip
[2026-03-06 15:30:06] [INFO] [XBRL] 未知の財務タグ検出: ['tse-ed-t:ChangeInComprehensiveIncome', 'tse-ed-t:ChangeInNetSales', 'tse-ed-t:ChangeInOperatingIncome', 'tse-ed-t:ChangeInOrdinaryIncome', 'tse-ed-t:ChangeInProfitAttributableToOwnersOfParent', 'tse-ed-t:ComprehensiveIncome', 'tse-ed-t:DilutedNetIncomePerShare', 'tse-ed-t:NetIncomePerShare', 'tse-ed-t:ProfitAttributableToOwnersOfParent']
[2026-03-06 15:30:06] [INFO] [XBRL] ZIP内ファイルから抽出成功: XBRLData/Summary/tse-qcedjpsm-72790-20260306372790-ixbrl.htm
[2026-03-06 15:30:06] [INFO] [抽出] XBRL抽出成功: sales=105571000000, op=1189000000
[2026-03-06 15:30:06] [INFO] [INGEST] doc_id=ab63c6d2d446d9c2 zip_hash=c5070b4c8e2e2f6dc34f3bf8d09755666840b856ed1d39fe906f4d2e0fbfbc48 status=success 7279 2026-10-31 4Q sales=105571000000 gp=None op=1189000000
[2026-03-06 15:30:07] [INFO] [INGEST] run=ingest-98f761cd processed=4 success=3 skipped=1 error=0 (tanshin=4) SKIP_NOT_TANSHIN_TITLE=1
============================================================
  結果サマリ
============================================================
  run_id          : ingest-98f761cd
  取得開示数      : 6
  対象(決算短信)  : 4
  処理件数        : 4
  INSERT          : 3
  UPDATE          : 0
  変更なし        : 0
  成功            : 3
  スキップ        : 1
  エラー          : 0
  [skip内訳]
    SKIP_NOT_TANSHIN_TITLE: 1

[個別結果]
  [+] inserted   | 291 2026-04-30 4Q sales=39324000000 gp=None op=709000000
  [-] skipped    | SKIP_PDF_NOT_TANSHIN: title=2026年4月期 第3四半期決算補足説明資料
  [+] inserted   | 9824 2026-10-31 4Q sales=36272000000 gp=None op=2353000000
  [+] inserted   | 7279 2026-10-31 4Q sales=105571000000 gp=None op=1189000000

[TICKERS] 3 items -> C:\Users\takuy\OneDrive\tdnet-excel-input\logs\last_ingested_items.json
[Step 2/8] SQLite to Supabase push... 
[15:30:08] [PUSH] SQLite総行数: 91636, 今回対象: 91636 件
[15:30:08] [Phase 1/4] companies 一括 upsert...
[15:30:10]   → 2762 社 完了 (2.2秒)
[15:30:10] [Phase 2/4] periods 一括 upsert...
[15:30:32]   → 91636 期間 完了 (23.5秒)
[15:30:32] [Phase 3/4] disclosures 一括 upsert...
[15:30:32]   対象 disclosure: 91636 件
[15:30:53]   既存 disclosure: 183266 件
[15:30:53]   新規 insert: 1 件
[15:30:53]   → 183267 disclosure 完了 (44.6秒)
[15:30:53] [Phase 4/4] facts 一括 upsert (batch=500, offset=0)...
[15:30:53]   batch 1: 226/91636 (0.2%) facts=500 sanitized=0 経過=45秒 残り≈18304秒
[15:30:54]   batch 2: 477/91636 (0.5%) facts=1002 sanitized=0 経過=46秒 残り≈8718秒
[15:30:54]   batch 3: 709/91636 (0.8%) facts=1503 sanitized=0 経過=46秒 残り≈5911秒
[15:30:55]   batch 4: 959/91636 (1.0%) facts=2005 sanitized=0 経過=46秒 残り≈4381秒
[15:30:55]   batch 5: 1188/91636 (1.3%) facts=2505 sanitized=0 経過=47秒 残り≈3549秒
[15:30:55]   batch 6: 1439/91636 (1.6%) facts=3006 sanitized=0 経過=47秒 残り≈2937秒
[15:30:55]   batch 7: 1668/91636 (1.8%) facts=3507 sanitized=0 経過=47秒 残り≈2545秒
[15:30:56]   batch 8: 1909/91636 (2.1%) facts=4007 sanitized=0 経過=47秒 残り≈2229秒
[15:30:56]   batch 9: 2144/91636 (2.3%) facts=4507 sanitized=0 経過=48秒 残り≈1991秒
[15:30:56]   batch 10: 2370/91636 (2.6%) facts=5007 sanitized=0 経過=48秒 残り≈1806秒
[15:30:56]   batch 11: 2626/91636 (2.9%) facts=5509 sanitized=0 経過=48秒 残り≈1634秒
[15:30:57]   batch 12: 2863/91636 (3.1%) facts=6011 sanitized=0 経過=48秒 残り≈1502秒
[15:30:57]   batch 13: 3129/91636 (3.4%) facts=6512 sanitized=0 経過=49秒 残り≈1378秒
[15:30:57]   batch 14: 3375/91636 (3.7%) facts=7014 sanitized=0 経過=49秒 残り≈1280秒
[15:30:57]   batch 15: 3638/91636 (4.0%) facts=7514 sanitized=0 経過=49秒 残り≈1189秒
[15:30:58]   batch 16: 3884/91636 (4.2%) facts=8015 sanitized=0 経過=49秒 残り≈1116秒
[15:30:58]   batch 17: 4134/91636 (4.5%) facts=8517 sanitized=0 経過=50秒 残り≈1052秒
[15:30:58]   batch 18: 4384/91636 (4.8%) facts=9017 sanitized=0 経過=50秒 残り≈994秒
[15:30:58]   batch 19: 4621/91636 (5.0%) facts=9518 sanitized=0 経過=50秒 残り≈945秒
[15:30:59]   batch 20: 4871/91636 (5.3%) facts=10020 sanitized=0 経過=50秒 残り≈898秒
[15:30:59]   batch 21: 5095/91636 (5.6%) facts=10521 sanitized=0 経過=51秒 残り≈860秒
[15:30:59]   batch 22: 5353/91636 (5.8%) facts=11021 sanitized=0 経過=51秒 残り≈821秒
[15:30:59]   batch 23: 5611/91636 (6.1%) facts=11523 sanitized=0 経過=51秒 残り≈784秒
[15:31:00]   batch 24: 5843/91636 (6.4%) facts=12024 sanitized=0 経過=51秒 残り≈755秒
[15:31:00]   batch 25: 6114/91636 (6.7%) facts=12526 sanitized=0 経過=52秒 残り≈722秒
[15:31:00]   batch 26: 6350/91636 (6.9%) facts=13028 sanitized=0 経過=52秒 残り≈697秒
[15:31:00]   batch 27: 6589/91636 (7.2%) facts=13530 sanitized=0 経過=52秒 残り≈673秒
[15:31:01]   batch 28: 6851/91636 (7.5%) facts=14030 sanitized=0 経過=52秒 残り≈648秒
[15:31:01]   batch 29: 7104/91636 (7.8%) facts=14531 sanitized=0 経過=53秒 残り≈626秒
[15:31:01]   batch 30: 7345/91636 (8.0%) facts=15033 sanitized=0 経過=53秒 残り≈606秒
[15:31:01]   batch 31: 7595/91636 (8.3%) facts=15535 sanitized=0 経過=53秒 残り≈587秒
[15:31:02]   batch 32: 7841/91636 (8.6%) facts=16037 sanitized=0 経過=54秒 残り≈572秒
[15:31:02]   batch 33: 8093/91636 (8.8%) facts=16537 sanitized=0 経過=54秒 残り≈555秒
[15:31:02]   batch 34: 8328/91636 (9.1%) facts=17038 sanitized=0 経過=54秒 残り≈539秒
[15:31:02]   batch 35: 8579/91636 (9.4%) facts=17538 sanitized=0 経過=54秒 残り≈524秒
[15:31:03]   batch 36: 8802/91636 (9.6%) facts=18038 sanitized=0 経過=54秒 残り≈512秒
[15:31:03]   batch 37: 9024/91636 (9.8%) facts=18538 sanitized=0 経過=55秒 残り≈499秒
[15:31:03]   batch 38: 9252/91636 (10.1%) facts=19038 sanitized=0 経過=55秒 残り≈488秒
[15:31:03]   batch 39: 9500/91636 (10.4%) facts=19540 sanitized=0 経過=55秒 残り≈476秒
[15:31:03]   batch 40: 9736/91636 (10.6%) facts=20040 sanitized=0 経過=55秒 残り≈464秒
[15:31:04]   batch 41: 9976/91636 (10.9%) facts=20542 sanitized=0 経過=55秒 残り≈453秒
[15:31:04]   batch 42: 10242/91636 (11.2%) facts=21042 sanitized=0 経過=56秒 残り≈442秒
[15:31:04]   batch 43: 10529/91636 (11.5%) facts=21543 sanitized=0 経過=56秒 残り≈429秒
[15:31:04]   batch 44: 10826/91636 (11.8%) facts=22043 sanitized=0 経過=56秒 残り≈417秒
[15:31:04]   batch 45: 11183/91636 (12.2%) facts=22543 sanitized=0 経過=56秒 残り≈404秒
[15:31:05]   batch 46: 11461/91636 (12.5%) facts=23043 sanitized=0 経過=56秒 残り≈394秒
[15:31:05]   batch 47: 11691/91636 (12.8%) facts=23545 sanitized=0 経過=56秒 残り≈386秒
[15:31:05]   batch 48: 11963/91636 (13.1%) facts=24045 sanitized=0 経過=57秒 残り≈377秒
[15:31:05]   batch 49: 12232/91636 (13.3%) facts=24546 sanitized=0 経過=57秒 残り≈369秒
[15:31:05]   batch 50: 12468/91636 (13.6%) facts=25047 sanitized=0 経過=57秒 残り≈362秒
[15:31:05]   batch 51: 12691/91636 (13.8%) facts=25548 sanitized=0 経過=57秒 残り≈356秒
[15:31:06]   batch 52: 12933/91636 (14.1%) facts=26050 sanitized=0 経過=57秒 残り≈349秒
[15:31:06]   batch 53: 13186/91636 (14.4%) facts=26550 sanitized=0 経過=58秒 残り≈343秒
[15:31:06]   batch 54: 13413/91636 (14.6%) facts=27050 sanitized=0 経過=58秒 残り≈337秒
[15:31:06]   batch 55: 13645/91636 (14.9%) facts=27550 sanitized=0 経過=58秒 残り≈331秒
[15:31:06]   batch 56: 13902/91636 (15.2%) facts=28052 sanitized=0 経過=58秒 残り≈325秒
[15:31:07]   batch 57: 14163/91636 (15.5%) facts=28554 sanitized=0 経過=58秒 残り≈319秒
[15:31:07]   batch 58: 14394/91636 (15.7%) facts=29055 sanitized=0 経過=58秒 残り≈314秒
[15:31:07]   batch 59: 14632/91636 (16.0%) facts=29556 sanitized=0 経過=59秒 残り≈309秒
[15:31:07]   batch 60: 14860/91636 (16.2%) facts=30057 sanitized=0 経過=59秒 残り≈304秒
[15:31:07] [SANITIZE] 元値が10^16超 (5.40e+303): col=operating_profit val=5.4e+303 ticker=46850 fye=2028-03-31 Q=2Q
[15:31:07]   batch 61: 15079/91636 (16.5%) facts=30557 sanitized=1 経過=59秒 残り≈300秒
[15:31:08]   batch 62: 15308/91636 (16.7%) facts=31057 sanitized=1 経過=59秒 残り≈296秒
[15:31:08]   batch 63: 15538/91636 (17.0%) facts=31557 sanitized=1 経過=60秒 残り≈291秒
[15:31:08]   batch 64: 15781/91636 (17.2%) facts=32059 sanitized=1 経過=60秒 残り≈287秒
[15:31:08]   batch 65: 16031/91636 (17.5%) facts=32559 sanitized=1 経過=60秒 残り≈283秒
[15:31:08]   batch 66: 16246/91636 (17.7%) facts=33059 sanitized=1 経過=60秒 残り≈279秒
[15:31:09]   batch 67: 16482/91636 (18.0%) facts=33560 sanitized=1 経過=60秒 残り≈275秒
[15:31:09]   batch 68: 16726/91636 (18.3%) facts=34060 sanitized=1 経過=61秒 残り≈271秒
[15:31:09]   batch 69: 16952/91636 (18.5%) facts=34560 sanitized=1 経過=61秒 残り≈268秒
[15:31:09]   batch 70: 17198/91636 (18.8%) facts=35060 sanitized=1 経過=61秒 残り≈264秒
[15:31:09]   batch 71: 17433/91636 (19.0%) facts=35561 sanitized=1 経過=61秒 残り≈261秒
[15:31:10]   batch 72: 17643/91636 (19.3%) facts=36063 sanitized=1 経過=61秒 残り≈258秒
[15:31:10]   batch 73: 17871/91636 (19.5%) facts=36565 sanitized=1 経過=62秒 残り≈254秒
[15:31:10]   batch 74: 18091/91636 (19.7%) facts=37066 sanitized=1 経過=62秒 残り≈251秒
[15:31:10]   batch 75: 18339/91636 (20.0%) facts=37567 sanitized=1 経過=62秒 残り≈248秒
[15:31:10]   batch 76: 18586/91636 (20.3%) facts=38069 sanitized=1 経過=62秒 残り≈245秒
[15:31:11]   batch 77: 18841/91636 (20.6%) facts=38571 sanitized=1 経過=62秒 残り≈241秒
[15:31:11]   batch 78: 19106/91636 (20.8%) facts=39073 sanitized=1 経過=63秒 残り≈238秒
[15:31:11]   batch 79: 19341/91636 (21.1%) facts=39573 sanitized=1 経過=63秒 残り≈235秒
[15:31:11]   batch 80: 19572/91636 (21.4%) facts=40075 sanitized=1 経過=63秒 残り≈232秒
[15:31:12]   batch 81: 19836/91636 (21.6%) facts=40575 sanitized=1 経過=63秒 残り≈229秒
[15:31:12]   batch 82: 20078/91636 (21.9%) facts=41076 sanitized=1 経過=63秒 残り≈226秒
[15:31:12]   batch 83: 20331/91636 (22.2%) facts=41578 sanitized=1 経過=64秒 残り≈224秒
[15:31:12]   batch 84: 20569/91636 (22.4%) facts=42079 sanitized=1 経過=64秒 残り≈221秒
[15:31:12]   batch 85: 20845/91636 (22.7%) facts=42579 sanitized=1 経過=64秒 残り≈218秒
[15:31:13]   batch 86: 21071/91636 (23.0%) facts=43081 sanitized=1 経過=64秒 残り≈215秒
[15:31:13]   batch 87: 21320/91636 (23.3%) facts=43581 sanitized=1 経過=65秒 残り≈213秒
[15:31:13]   batch 88: 21610/91636 (23.6%) facts=44083 sanitized=1 経過=65秒 残り≈210秒
[15:31:13]   batch 89: 21846/91636 (23.8%) facts=44583 sanitized=1 経過=65秒 残り≈208秒
[15:31:13]   batch 90: 22075/91636 (24.1%) facts=45083 sanitized=1 経過=65秒 残り≈205秒
[15:31:14]   batch 91: 22295/91636 (24.3%) facts=45585 sanitized=1 経過=65秒 残り≈203秒
[15:31:14]   batch 92: 22540/91636 (24.6%) facts=46086 sanitized=1 経過=66秒 残り≈201秒
[15:31:14]   batch 93: 22782/91636 (24.9%) facts=46587 sanitized=1 経過=66秒 残り≈199秒
[15:31:14]   batch 94: 23022/91636 (25.1%) facts=47089 sanitized=1 経過=66秒 残り≈196秒
[15:31:14]   batch 95: 23276/91636 (25.4%) facts=47589 sanitized=1 経過=66秒 残り≈194秒
[15:31:14]   batch 96: 23514/91636 (25.7%) facts=48090 sanitized=1 経過=66秒 残り≈192秒
[15:31:15]   batch 97: 23763/91636 (25.9%) facts=48592 sanitized=1 経過=66秒 残り≈190秒
[15:31:15]   batch 98: 24012/91636 (26.2%) facts=49093 sanitized=1 経過=67秒 残り≈188秒
[15:31:15]   batch 99: 24252/91636 (26.5%) facts=49594 sanitized=1 経過=67秒 残り≈186秒
[15:31:15]   batch 100: 24523/91636 (26.8%) facts=50096 sanitized=1 経過=67秒 残り≈183秒
[15:31:15]   batch 101: 24745/91636 (27.0%) facts=50598 sanitized=1 経過=67秒 残り≈182秒
[15:31:16]   batch 102: 24959/91636 (27.2%) facts=51099 sanitized=1 経過=67秒 残り≈180秒
[15:31:16]   batch 103: 25195/91636 (27.5%) facts=51601 sanitized=1 経過=68秒 残り≈178秒
[15:31:16]   batch 104: 25440/91636 (27.8%) facts=52102 sanitized=1 経過=68秒 残り≈176秒
[15:31:16]   batch 105: 25667/91636 (28.0%) facts=52604 sanitized=1 経過=68秒 残り≈175秒
[15:31:16]   batch 106: 25927/91636 (28.3%) facts=53105 sanitized=1 経過=68秒 残り≈173秒
[15:31:17]   batch 107: 26181/91636 (28.6%) facts=53605 sanitized=1 経過=68秒 残り≈171秒
[15:31:17]   batch 108: 26431/91636 (28.8%) facts=54105 sanitized=1 経過=68秒 残り≈169秒
[15:31:17]   batch 109: 26671/91636 (29.1%) facts=54607 sanitized=1 経過=69秒 残り≈167秒
[15:31:17]   batch 110: 26917/91636 (29.4%) facts=55107 sanitized=1 経過=69秒 残り≈165秒
[15:31:17]   batch 111: 27158/91636 (29.6%) facts=55607 sanitized=1 経過=69秒 残り≈164秒
[15:31:17]   batch 112: 27391/91636 (29.9%) facts=56107 sanitized=1 経過=69秒 残り≈162秒
[15:31:18]   batch 113: 27667/91636 (30.2%) facts=56609 sanitized=1 経過=69秒 残り≈160秒
[15:31:18]   batch 114: 27911/91636 (30.5%) facts=57111 sanitized=1 経過=70秒 残り≈159秒
[15:31:18]   batch 115: 28150/91636 (30.7%) facts=57612 sanitized=1 経過=70秒 残り≈157秒
[15:31:18]   batch 116: 28401/91636 (31.0%) facts=58112 sanitized=1 経過=70秒 残り≈156秒
[15:31:18]   batch 117: 28632/91636 (31.2%) facts=58612 sanitized=1 経過=70秒 残り≈154秒
[15:31:18]   batch 118: 28869/91636 (31.5%) facts=59113 sanitized=1 経過=70秒 残り≈153秒
[15:31:19]   batch 119: 29100/91636 (31.8%) facts=59613 sanitized=1 経過=70秒 残り≈151秒
[15:31:19]   batch 120: 29323/91636 (32.0%) facts=60115 sanitized=1 経過=71秒 残り≈150秒
[15:31:19]   batch 121: 29609/91636 (32.3%) facts=60616 sanitized=1 経過=71秒 残り≈148秒
[15:31:19]   batch 122: 29837/91636 (32.6%) facts=61116 sanitized=1 経過=71秒 残り≈147秒
[15:31:19]   batch 123: 30067/91636 (32.8%) facts=61616 sanitized=1 経過=71秒 残り≈145秒
[15:31:19]   batch 124: 30323/91636 (33.1%) facts=62117 sanitized=1 経過=71秒 残り≈144秒
[15:31:20]   batch 125: 30554/91636 (33.3%) facts=62618 sanitized=1 経過=71秒 残り≈143秒
[15:31:20]   batch 126: 30784/91636 (33.6%) facts=63118 sanitized=1 経過=72秒 残り≈141秒
[15:31:20]   batch 127: 31018/91636 (33.8%) facts=63620 sanitized=1 経過=72秒 残り≈140秒
[15:31:20]   batch 128: 31250/91636 (34.1%) facts=64122 sanitized=1 経過=72秒 残り≈139秒
[15:31:20]   batch 129: 31491/91636 (34.4%) facts=64624 sanitized=1 経過=72秒 残り≈138秒
[15:31:20]   batch 130: 31722/91636 (34.6%) facts=65126 sanitized=1 経過=72秒 残り≈136秒
[15:31:21]   batch 131: 31943/91636 (34.9%) facts=65626 sanitized=1 経過=72秒 残り≈135秒
[15:31:21]   batch 132: 32184/91636 (35.1%) facts=66126 sanitized=1 経過=73秒 残り≈134秒
[15:31:21]   batch 133: 32427/91636 (35.4%) facts=66627 sanitized=1 経過=73秒 残り≈133秒
[15:31:21]   batch 134: 32659/91636 (35.6%) facts=67129 sanitized=1 経過=73秒 残り≈132秒
[15:31:21]   batch 135: 32901/91636 (35.9%) facts=67631 sanitized=1 経過=73秒 残り≈130秒
[15:31:21]   batch 136: 33130/91636 (36.2%) facts=68131 sanitized=1 経過=73秒 残り≈129秒
[15:31:22]   batch 137: 33374/91636 (36.4%) facts=68632 sanitized=1 経過=73秒 残り≈128秒
[15:31:22]   batch 138: 33624/91636 (36.7%) facts=69133 sanitized=1 経過=73秒 残り≈127秒
[15:31:22]   batch 139: 33863/91636 (37.0%) facts=69634 sanitized=1 経過=74秒 残り≈126秒
[15:31:22]   batch 140: 34121/91636 (37.2%) facts=70134 sanitized=1 経過=74秒 残り≈124秒
[15:31:22]   batch 141: 34405/91636 (37.5%) facts=70634 sanitized=1 経過=74秒 残り≈123秒
[15:31:22]   batch 142: 34645/91636 (37.8%) facts=71136 sanitized=1 経過=74秒 残り≈122秒
[15:31:23]   batch 143: 34876/91636 (38.1%) facts=71636 sanitized=1 経過=74秒 残り≈121秒
[15:31:23]   batch 144: 35152/91636 (38.4%) facts=72137 sanitized=1 経過=74秒 残り≈120秒
[15:31:23]   batch 145: 35405/91636 (38.6%) facts=72639 sanitized=1 経過=75秒 残り≈119秒
[15:31:23]   batch 146: 35636/91636 (38.9%) facts=73139 sanitized=1 経過=75秒 残り≈118秒
[15:31:23]   batch 147: 35913/91636 (39.2%) facts=73640 sanitized=1 経過=75秒 残り≈116秒
[15:31:23]   batch 148: 36185/91636 (39.5%) facts=74140 sanitized=1 経過=75秒 残り≈115秒
[15:31:24]   batch 149: 36466/91636 (39.8%) facts=74642 sanitized=1 経過=75秒 残り≈114秒
[15:31:24]   batch 150: 36701/91636 (40.1%) facts=75143 sanitized=1 経過=75秒 残り≈113秒
[15:31:24]   batch 151: 36957/91636 (40.3%) facts=75645 sanitized=1 経過=76秒 残り≈112秒
[15:31:24]   batch 152: 37192/91636 (40.6%) facts=76147 sanitized=1 経過=76秒 残り≈111秒
[15:31:24]   batch 153: 37460/91636 (40.9%) facts=76647 sanitized=1 経過=76秒 残り≈110秒
[15:31:24]   batch 154: 37715/91636 (41.2%) facts=77148 sanitized=1 経過=76秒 残り≈109秒
[15:31:25]   batch 155: 37947/91636 (41.4%) facts=77650 sanitized=1 経過=76秒 残り≈108秒
[15:31:25]   batch 156: 38216/91636 (41.7%) facts=78151 sanitized=1 経過=76秒 残り≈107秒
[15:31:25]   batch 157: 38438/91636 (41.9%) facts=78652 sanitized=1 経過=77秒 残り≈106秒
[15:31:25]   batch 158: 38661/91636 (42.2%) facts=79153 sanitized=1 経過=77秒 残り≈105秒
[15:31:25]   batch 159: 38907/91636 (42.5%) facts=79654 sanitized=1 経過=77秒 残り≈104秒
[15:31:25]   batch 160: 39125/91636 (42.7%) facts=80155 sanitized=1 経過=77秒 残り≈103秒
[15:31:26]   batch 161: 39365/91636 (43.0%) facts=80655 sanitized=1 経過=77秒 残り≈103秒
[15:31:26]   batch 162: 39670/91636 (43.3%) facts=81157 sanitized=1 経過=77秒 残り≈101秒
[15:31:26]   batch 163: 39923/91636 (43.6%) facts=81658 sanitized=1 経過=78秒 残り≈100秒
[15:31:26]   batch 164: 40199/91636 (43.9%) facts=82159 sanitized=1 経過=78秒 残り≈99秒
[15:31:26]   batch 165: 40468/91636 (44.2%) facts=82659 sanitized=1 経過=78秒 残り≈98秒
[15:31:26]   batch 166: 40718/91636 (44.4%) facts=83160 sanitized=1 経過=78秒 残り≈98秒
[15:31:26]   batch 167: 40949/91636 (44.7%) facts=83661 sanitized=1 経過=78秒 残り≈97秒
[15:31:27]   batch 168: 41201/91636 (45.0%) facts=84163 sanitized=1 経過=78秒 残り≈96秒
[15:31:27]   batch 169: 41453/91636 (45.2%) facts=84663 sanitized=1 経過=78秒 残り≈95秒
[15:31:27]   batch 170: 41704/91636 (45.5%) facts=85165 sanitized=1 経過=79秒 残り≈94秒
[15:31:27]   batch 171: 41947/91636 (45.8%) facts=85665 sanitized=1 経過=79秒 残り≈93秒
[15:31:27]   batch 172: 42180/91636 (46.0%) facts=86167 sanitized=1 経過=79秒 残り≈93秒
[15:31:27]   batch 173: 42436/91636 (46.3%) facts=86668 sanitized=1 経過=79秒 残り≈92秒
[15:31:27]   batch 174: 42677/91636 (46.6%) facts=87168 sanitized=1 経過=79秒 残り≈91秒
[15:31:28]   batch 175: 42961/91636 (46.9%) facts=87669 sanitized=1 経過=79秒 残り≈90秒
[15:31:28]   batch 176: 43199/91636 (47.1%) facts=88169 sanitized=1 経過=80秒 残り≈89秒
[15:31:28]   batch 177: 43437/91636 (47.4%) facts=88669 sanitized=1 経過=80秒 残り≈88秒
[15:31:28]   batch 178: 43665/91636 (47.7%) facts=89170 sanitized=1 経過=80秒 残り≈88秒
[15:31:28]   batch 179: 43869/91636 (47.9%) facts=89670 sanitized=1 経過=80秒 残り≈87秒
[15:31:28]   batch 180: 44109/91636 (48.1%) facts=90170 sanitized=1 経過=80秒 残り≈86秒
[15:31:29]   batch 181: 44340/91636 (48.4%) facts=90670 sanitized=1 経過=80秒 残り≈86秒
[15:31:29]   batch 182: 44583/91636 (48.7%) facts=91170 sanitized=1 経過=80秒 残り≈85秒
[15:31:29]   batch 183: 44820/91636 (48.9%) facts=91670 sanitized=1 経過=81秒 残り≈84秒
[15:31:29]   batch 184: 45046/91636 (49.2%) facts=92172 sanitized=1 経過=81秒 残り≈84秒
[15:31:29]   batch 185: 45257/91636 (49.4%) facts=92673 sanitized=1 経過=81秒 残り≈83秒
[15:31:29]   batch 186: 45540/91636 (49.7%) facts=93173 sanitized=1 経過=81秒 残り≈82秒
[15:31:29]   batch 187: 45845/91636 (50.0%) facts=93673 sanitized=1 経過=81秒 残り≈81秒
[15:31:30]   batch 188: 46187/91636 (50.4%) facts=94173 sanitized=1 経過=81秒 残り≈80秒
[15:31:30]   batch 189: 46428/91636 (50.7%) facts=94675 sanitized=1 経過=81秒 残り≈79秒
[15:31:30]   batch 190: 46677/91636 (50.9%) facts=95177 sanitized=1 経過=82秒 残り≈79秒
[15:31:30]   batch 191: 46899/91636 (51.2%) facts=95677 sanitized=1 経過=82秒 残り≈78秒
[15:31:30]   batch 192: 47142/91636 (51.4%) facts=96178 sanitized=1 経過=82秒 残り≈77秒
[15:31:30]   batch 193: 47385/91636 (51.7%) facts=96679 sanitized=1 経過=82秒 残り≈77秒
[15:31:31]   batch 194: 47606/91636 (52.0%) facts=97181 sanitized=1 経過=82秒 残り≈76秒
[15:31:31]   batch 195: 47834/91636 (52.2%) facts=97682 sanitized=1 経過=82秒 残り≈75秒
[15:31:31]   batch 196: 48070/91636 (52.5%) facts=98183 sanitized=1 経過=83秒 残り≈75秒
[15:31:31]   batch 197: 48289/91636 (52.7%) facts=98683 sanitized=1 経過=83秒 残り≈74秒
[15:31:31]   batch 198: 48569/91636 (53.0%) facts=99183 sanitized=1 経過=83秒 残り≈74秒
[15:31:31]   batch 199: 48851/91636 (53.3%) facts=99684 sanitized=1 経過=83秒 残り≈73秒
[15:31:31]   batch 200: 49104/91636 (53.6%) facts=100185 sanitized=1 経過=83秒 残り≈72秒
[15:31:32]   batch 201: 49353/91636 (53.9%) facts=100686 sanitized=1 経過=83秒 残り≈71秒
[15:31:32]   batch 202: 49571/91636 (54.1%) facts=101186 sanitized=1 経過=83秒 残り≈71秒
[15:31:32]   batch 203: 49803/91636 (54.3%) facts=101688 sanitized=1 経過=84秒 残り≈70秒
[15:31:32]   batch 204: 50041/91636 (54.6%) facts=102188 sanitized=1 経過=84秒 残り≈70秒
[15:31:32]   batch 205: 50284/91636 (54.9%) facts=102690 sanitized=1 経過=84秒 残り≈69秒
[15:31:32]   batch 206: 50504/91636 (55.1%) facts=103190 sanitized=1 経過=84秒 残り≈68秒
[15:31:32]   batch 207: 50747/91636 (55.4%) facts=103691 sanitized=1 経過=84秒 残り≈68秒
[15:31:33]   batch 208: 51003/91636 (55.7%) facts=104191 sanitized=1 経過=84秒 残り≈67秒
[15:31:33]   batch 209: 51232/91636 (55.9%) facts=104691 sanitized=1 経過=84秒 残り≈67秒
[15:31:33]   batch 210: 51497/91636 (56.2%) facts=105193 sanitized=1 経過=85秒 残り≈66秒
[15:31:33]   batch 211: 51726/91636 (56.4%) facts=105695 sanitized=1 経過=85秒 残り≈65秒
[15:31:33]   batch 212: 51956/91636 (56.7%) facts=106196 sanitized=1 経過=85秒 残り≈65秒
[15:31:33]   batch 213: 52198/91636 (57.0%) facts=106697 sanitized=1 経過=85秒 残り≈64秒
[15:31:33]   batch 214: 52455/91636 (57.2%) facts=107197 sanitized=1 経過=85秒 残り≈64秒
[15:31:34]   batch 215: 52686/91636 (57.5%) facts=107697 sanitized=1 経過=85秒 残り≈63秒
[15:31:34]   batch 216: 52931/91636 (57.8%) facts=108198 sanitized=1 経過=85秒 残り≈63秒
[15:31:34]   batch 217: 53164/91636 (58.0%) facts=108700 sanitized=1 経過=86秒 残り≈62秒
[15:31:34]   batch 218: 53388/91636 (58.3%) facts=109201 sanitized=1 経過=86秒 残り≈61秒
[15:31:34]   batch 219: 53628/91636 (58.5%) facts=109703 sanitized=1 経過=86秒 残り≈61秒
[15:31:34]   batch 220: 53881/91636 (58.8%) facts=110205 sanitized=1 経過=86秒 残り≈60秒
[15:31:34]   batch 221: 54131/91636 (59.1%) facts=110707 sanitized=1 経過=86秒 残り≈60秒
[15:31:35]   batch 222: 54361/91636 (59.3%) facts=111208 sanitized=1 経過=86秒 残り≈59秒
[15:31:35]   batch 223: 54615/91636 (59.6%) facts=111709 sanitized=1 経過=86秒 残り≈59秒
[15:31:35]   batch 224: 54847/91636 (59.9%) facts=112211 sanitized=1 経過=87秒 残り≈58秒
[15:31:35]   batch 225: 55093/91636 (60.1%) facts=112711 sanitized=1 経過=87秒 残り≈58秒
[15:31:35]   batch 226: 55320/91636 (60.4%) facts=113213 sanitized=1 経過=87秒 残り≈57秒
[15:31:35]   batch 227: 55551/91636 (60.6%) facts=113714 sanitized=1 経過=87秒 残り≈57秒
[15:31:35]   batch 228: 55782/91636 (60.9%) facts=114215 sanitized=1 経過=87秒 残り≈56秒
[15:31:36]   batch 229: 55982/91636 (61.1%) facts=114715 sanitized=1 経過=87秒 残り≈56秒
[15:31:36]   batch 230: 56198/91636 (61.3%) facts=115216 sanitized=1 経過=87秒 残り≈55秒
[15:31:36]   batch 231: 56410/91636 (61.6%) facts=115717 sanitized=1 経過=88秒 残り≈55秒
[15:31:36]   batch 232: 56638/91636 (61.8%) facts=116217 sanitized=1 経過=88秒 残り≈54秒
[15:31:36]   batch 233: 56865/91636 (62.1%) facts=116717 sanitized=1 経過=88秒 残り≈54秒
[15:31:36]   batch 234: 57108/91636 (62.3%) facts=117219 sanitized=1 経過=88秒 残り≈53秒
[15:31:36]   batch 235: 57346/91636 (62.6%) facts=117720 sanitized=1 経過=88秒 残り≈53秒
[15:31:37]   batch 236: 57563/91636 (62.8%) facts=118220 sanitized=1 経過=88秒 残り≈52秒
[15:31:37]   batch 237: 57781/91636 (63.1%) facts=118721 sanitized=1 経過=88秒 残り≈52秒
[15:31:37]   batch 238: 58025/91636 (63.3%) facts=119223 sanitized=1 経過=89秒 残り≈51秒
[15:31:37]   batch 239: 58259/91636 (63.6%) facts=119723 sanitized=1 経過=89秒 残り≈51秒
[15:31:37]   batch 240: 58501/91636 (63.8%) facts=120225 sanitized=1 経過=89秒 残り≈50秒
[15:31:37]   batch 241: 58752/91636 (64.1%) facts=120726 sanitized=1 経過=89秒 残り≈50秒
[15:31:37]   batch 242: 58978/91636 (64.4%) facts=121226 sanitized=1 経過=89秒 残り≈49秒
[15:31:38]   batch 243: 59210/91636 (64.6%) facts=121727 sanitized=1 経過=89秒 残り≈49秒
[15:31:38]   batch 244: 59454/91636 (64.9%) facts=122227 sanitized=1 経過=89秒 残り≈48秒
[15:31:38]   batch 245: 59673/91636 (65.1%) facts=122727 sanitized=1 経過=90秒 残り≈48秒
[15:31:38]   batch 246: 59930/91636 (65.4%) facts=123227 sanitized=1 経過=90秒 残り≈47秒
[15:31:38]   batch 247: 60199/91636 (65.7%) facts=123729 sanitized=1 経過=90秒 残り≈47秒
[15:31:38]   batch 248: 60451/91636 (66.0%) facts=124230 sanitized=1 経過=90秒 残り≈46秒
[15:31:38]   batch 249: 60695/91636 (66.2%) facts=124732 sanitized=1 経過=90秒 残り≈46秒
[15:31:39]   batch 250: 60925/91636 (66.5%) facts=125233 sanitized=1 経過=90秒 残り≈46秒
[15:31:39]   batch 251: 61144/91636 (66.7%) facts=125733 sanitized=1 経過=90秒 残り≈45秒
[15:31:39]   batch 252: 61380/91636 (67.0%) facts=126234 sanitized=1 経過=91秒 残り≈45秒
[15:31:39]   batch 253: 61626/91636 (67.3%) facts=126736 sanitized=1 経過=91秒 残り≈44秒
[15:31:39]   batch 254: 61874/91636 (67.5%) facts=127238 sanitized=1 経過=91秒 残り≈44秒
[15:31:39]   batch 255: 62108/91636 (67.8%) facts=127738 sanitized=1 経過=91秒 残り≈43秒
[15:31:39]   batch 256: 62344/91636 (68.0%) facts=128238 sanitized=1 経過=91秒 残り≈43秒
[15:31:40]   batch 257: 62579/91636 (68.3%) facts=128738 sanitized=1 経過=91秒 残り≈42秒
[15:31:40]   batch 258: 62820/91636 (68.6%) facts=129239 sanitized=1 経過=91秒 残り≈42秒
[15:31:40]   batch 259: 63060/91636 (68.8%) facts=129741 sanitized=1 経過=92秒 残り≈42秒
[15:31:40]   batch 260: 63293/91636 (69.1%) facts=130243 sanitized=1 経過=92秒 残り≈41秒
[15:31:40]   batch 261: 63533/91636 (69.3%) facts=130744 sanitized=1 経過=92秒 残り≈41秒
[15:31:40]   batch 262: 63778/91636 (69.6%) facts=131244 sanitized=1 経過=92秒 残り≈40秒
[15:31:40]   batch 263: 64045/91636 (69.9%) facts=131744 sanitized=1 経過=92秒 残り≈40秒
[15:31:41]   batch 264: 64290/91636 (70.2%) facts=132246 sanitized=1 経過=92秒 残り≈39秒
[15:31:41]   batch 265: 64520/91636 (70.4%) facts=132747 sanitized=1 経過=92秒 残り≈39秒
[15:31:41]   batch 266: 64737/91636 (70.6%) facts=133248 sanitized=1 経過=93秒 残り≈38秒
[15:31:41]   batch 267: 64959/91636 (70.9%) facts=133750 sanitized=1 経過=93秒 残り≈38秒
[15:31:41]   batch 268: 65197/91636 (71.1%) facts=134251 sanitized=1 経過=93秒 残り≈38秒
[15:31:41]   batch 269: 65452/91636 (71.4%) facts=134751 sanitized=1 経過=93秒 残り≈37秒
[15:31:42]   batch 270: 65696/91636 (71.7%) facts=135253 sanitized=1 経過=93秒 残り≈37秒
[15:31:42]   batch 271: 65930/91636 (71.9%) facts=135753 sanitized=1 経過=94秒 残り≈36秒
[15:31:42]   batch 272: 66169/91636 (72.2%) facts=136253 sanitized=1 経過=94秒 残り≈36秒
[15:31:42]   batch 273: 66397/91636 (72.5%) facts=136753 sanitized=1 経過=94秒 残り≈36秒
[15:31:42]   batch 274: 66637/91636 (72.7%) facts=137253 sanitized=1 経過=94秒 残り≈35秒
[15:31:43]   batch 275: 66854/91636 (73.0%) facts=137754 sanitized=1 経過=94秒 残り≈35秒
[15:31:43]   batch 276: 67086/91636 (73.2%) facts=138256 sanitized=1 経過=94秒 残り≈35秒
[15:31:43]   batch 277: 67325/91636 (73.5%) facts=138757 sanitized=1 経過=95秒 残り≈34秒
[15:31:43]   batch 278: 67582/91636 (73.8%) facts=139259 sanitized=1 経過=95秒 残り≈34秒
[15:31:43]   batch 279: 67797/91636 (74.0%) facts=139760 sanitized=1 経過=95秒 残り≈33秒
[15:31:43]   batch 280: 68046/91636 (74.3%) facts=140262 sanitized=1 経過=95秒 残り≈33秒
[15:31:44]   batch 281: 68279/91636 (74.5%) facts=140762 sanitized=1 経過=95秒 残り≈33秒
[15:31:44]   batch 282: 68519/91636 (74.8%) facts=141262 sanitized=1 経過=95秒 残り≈32秒
[15:31:44]   batch 283: 68752/91636 (75.0%) facts=141764 sanitized=1 経過=96秒 残り≈32秒
[15:31:44]   batch 284: 69003/91636 (75.3%) facts=142265 sanitized=1 経過=96秒 残り≈31秒
[15:31:44]   batch 285: 69248/91636 (75.6%) facts=142765 sanitized=1 経過=96秒 残り≈31秒
[15:31:44]   batch 286: 69487/91636 (75.8%) facts=143266 sanitized=1 経過=96秒 残り≈31秒
[15:31:44]   batch 287: 69714/91636 (76.1%) facts=143766 sanitized=1 経過=96秒 残り≈30秒
[15:31:45]   batch 288: 69972/91636 (76.4%) facts=144267 sanitized=1 経過=96秒 残り≈30秒
[15:31:45]   batch 289: 70221/91636 (76.6%) facts=144769 sanitized=1 経過=97秒 残り≈29秒
[15:31:45]   batch 290: 70473/91636 (76.9%) facts=145269 sanitized=1 経過=97秒 残り≈29秒
[15:31:45]   batch 291: 70707/91636 (77.2%) facts=145770 sanitized=1 経過=97秒 残り≈29秒
[15:31:45]   batch 292: 70935/91636 (77.4%) facts=146272 sanitized=1 経過=97秒 残り≈28秒
[15:31:45]   batch 293: 71163/91636 (77.7%) facts=146773 sanitized=1 経過=97秒 残り≈28秒
[15:31:46]   batch 294: 71385/91636 (77.9%) facts=147274 sanitized=1 経過=97秒 残り≈28秒
[15:31:46]   batch 295: 71603/91636 (78.1%) facts=147775 sanitized=1 経過=98秒 残り≈27秒
[15:31:46]   batch 296: 71855/91636 (78.4%) facts=148277 sanitized=1 経過=98秒 残り≈27秒
[15:31:46]   batch 297: 72089/91636 (78.7%) facts=148778 sanitized=1 経過=98秒 残り≈27秒
[15:31:46]   batch 298: 72330/91636 (78.9%) facts=149278 sanitized=1 経過=98秒 残り≈26秒
[15:31:47]   batch 299: 72591/91636 (79.2%) facts=149780 sanitized=1 経過=98秒 残り≈26秒
[15:31:47]   batch 300: 72861/91636 (79.5%) facts=150280 sanitized=1 経過=99秒 残り≈25秒
[15:31:47]   batch 301: 73103/91636 (79.8%) facts=150780 sanitized=1 経過=99秒 残り≈25秒
[15:31:47]   batch 302: 73370/91636 (80.1%) facts=151280 sanitized=1 経過=99秒 残り≈25秒
[15:31:47]   batch 303: 73619/91636 (80.3%) facts=151782 sanitized=1 経過=99秒 残り≈24秒
[15:31:48]   batch 304: 73859/91636 (80.6%) facts=152284 sanitized=1 経過=99秒 残り≈24秒
[15:31:48]   batch 305: 74118/91636 (80.9%) facts=152785 sanitized=1 経過=100秒 残り≈24秒
[15:31:48]   batch 306: 74347/91636 (81.1%) facts=153287 sanitized=1 経過=100秒 残り≈23秒
[15:31:48]   batch 307: 74584/91636 (81.4%) facts=153787 sanitized=1 経過=100秒 残り≈23秒
[15:31:48]   batch 308: 74813/91636 (81.6%) facts=154287 sanitized=1 経過=100秒 残り≈23秒
[15:31:49]   batch 309: 75057/91636 (81.9%) facts=154789 sanitized=1 経過=100秒 残り≈22秒
[15:31:49]   batch 310: 75285/91636 (82.2%) facts=155289 sanitized=1 経過=100秒 残り≈22秒
[15:31:49]   batch 311: 75507/91636 (82.4%) facts=155790 sanitized=1 経過=101秒 残り≈22秒
[15:31:49]   batch 312: 75762/91636 (82.7%) facts=156292 sanitized=1 経過=101秒 残り≈21秒
[15:31:49]   batch 313: 75999/91636 (82.9%) facts=156792 sanitized=1 経過=101秒 残り≈21秒
[15:31:49]   batch 314: 76261/91636 (83.2%) facts=157294 sanitized=1 経過=101秒 残り≈20秒
[15:31:50]   batch 315: 76521/91636 (83.5%) facts=157795 sanitized=1 経過=101秒 残り≈20秒
[15:31:50]   batch 316: 76793/91636 (83.8%) facts=158295 sanitized=1 経過=102秒 残り≈20秒
[15:31:50]   batch 317: 77073/91636 (84.1%) facts=158797 sanitized=1 経過=102秒 残り≈19秒
[15:31:50]   batch 318: 77355/91636 (84.4%) facts=159299 sanitized=1 経過=102秒 残り≈19秒
[15:31:50]   batch 319: 77604/91636 (84.7%) facts=159799 sanitized=1 経過=102秒 残り≈18秒
[15:31:51]   batch 320: 77893/91636 (85.0%) facts=160299 sanitized=1 経過=102秒 残り≈18秒
[15:31:51]   batch 321: 78270/91636 (85.4%) facts=160800 sanitized=1 経過=103秒 残り≈18秒
[15:31:51]   batch 322: 78530/91636 (85.7%) facts=161301 sanitized=1 経過=103秒 残り≈17秒
[15:31:51]   batch 323: 78788/91636 (86.0%) facts=161803 sanitized=1 経過=103秒 残り≈17秒
[15:31:51]   batch 324: 79059/91636 (86.3%) facts=162305 sanitized=1 経過=103秒 残り≈16秒
[15:31:52]   batch 325: 79311/91636 (86.6%) facts=162806 sanitized=1 経過=103秒 残り≈16秒
[15:31:52]   batch 326: 79571/91636 (86.8%) facts=163307 sanitized=1 経過=104秒 残り≈16秒
[15:31:52]   batch 327: 79821/91636 (87.1%) facts=163809 sanitized=1 経過=104秒 残り≈15秒
[15:31:52]   batch 328: 80074/91636 (87.4%) facts=164309 sanitized=1 経過=104秒 残り≈15秒
[15:31:53]   batch 329: 80336/91636 (87.7%) facts=164809 sanitized=1 経過=104秒 残り≈15秒
[15:31:53]   batch 330: 80566/91636 (87.9%) facts=165310 sanitized=1 経過=104秒 残り≈14秒
[15:31:53]   batch 331: 80838/91636 (88.2%) facts=165811 sanitized=1 経過=105秒 残り≈14秒
[15:31:53]   batch 332: 81098/91636 (88.5%) facts=166311 sanitized=1 経過=105秒 残り≈14秒
[15:31:53]   batch 333: 81340/91636 (88.8%) facts=166811 sanitized=1 経過=105秒 残り≈13秒
[15:31:53]   batch 334: 81583/91636 (89.0%) facts=167313 sanitized=1 経過=105秒 残り≈13秒
[15:31:54]   batch 335: 81853/91636 (89.3%) facts=167814 sanitized=1 経過=105秒 残り≈13秒
[15:31:54]   batch 336: 82094/91636 (89.6%) facts=168316 sanitized=1 経過=106秒 残り≈12秒
[15:31:54]   batch 337: 82344/91636 (89.9%) facts=168816 sanitized=1 経過=106秒 残り≈12秒
[15:31:54]   batch 338: 82601/91636 (90.1%) facts=169316 sanitized=1 経過=106秒 残り≈12秒
[15:31:54]   batch 339: 82872/91636 (90.4%) facts=169816 sanitized=1 経過=106秒 残り≈11秒
[15:31:55]   batch 340: 83113/91636 (90.7%) facts=170318 sanitized=1 経過=106秒 残り≈11秒
[15:31:55]   batch 341: 83387/91636 (91.0%) facts=170820 sanitized=1 経過=106秒 残り≈11秒
[15:31:55]   batch 342: 83707/91636 (91.3%) facts=171321 sanitized=1 経過=107秒 残り≈10秒
[15:31:55]   batch 343: 84021/91636 (91.7%) facts=171823 sanitized=1 経過=107秒 残り≈10秒
[15:31:55]   batch 344: 84363/91636 (92.1%) facts=172325 sanitized=1 経過=107秒 残り≈9秒
[15:31:55]   batch 345: 84647/91636 (92.4%) facts=172827 sanitized=1 経過=107秒 残り≈9秒
[15:31:56]   batch 346: 84956/91636 (92.7%) facts=173327 sanitized=1 経過=107秒 残り≈8秒
[15:31:56]   batch 347: 85250/91636 (93.0%) facts=173829 sanitized=1 経過=108秒 残り≈8秒
[15:31:56]   batch 348: 85593/91636 (93.4%) facts=174330 sanitized=1 経過=108秒 残り≈8秒
[15:31:56]   batch 349: 85890/91636 (93.7%) facts=174830 sanitized=1 経過=108秒 残り≈7秒
[15:31:56]   batch 350: 86173/91636 (94.0%) facts=175332 sanitized=1 経過=108秒 残り≈7秒
[15:31:56]   batch 351: 86534/91636 (94.4%) facts=175833 sanitized=1 経過=108秒 残り≈6秒
[15:31:57]   batch 352: 86801/91636 (94.7%) facts=176335 sanitized=1 経過=108秒 残り≈6秒
[15:31:57]   batch 353: 87082/91636 (95.0%) facts=176835 sanitized=1 経過=109秒 残り≈6秒
[15:31:57]   batch 354: 87386/91636 (95.4%) facts=177337 sanitized=1 経過=109秒 残り≈5秒
[15:31:57]   batch 355: 87784/91636 (95.8%) facts=177837 sanitized=1 経過=109秒 残り≈5秒
[15:31:57]   batch 356: 88141/91636 (96.2%) facts=178338 sanitized=1 経過=109秒 残り≈4秒
[15:31:57]   batch 357: 88478/91636 (96.6%) facts=178838 sanitized=1 経過=109秒 残り≈4秒
[15:31:58]   batch 358: 88786/91636 (96.9%) facts=179339 sanitized=1 経過=109秒 残り≈4秒
[15:31:58]   batch 359: 89175/91636 (97.3%) facts=179839 sanitized=1 経過=110秒 残り≈3秒
[15:31:58]   batch 360: 89513/91636 (97.7%) facts=180341 sanitized=1 経過=110秒 残り≈3秒
[15:31:58]   batch 361: 89791/91636 (98.0%) facts=180841 sanitized=1 経過=110秒 残り≈2秒
[15:31:58]   batch 362: 90157/91636 (98.4%) facts=181343 sanitized=1 経過=110秒 残り≈2秒
[15:31:58]   batch 363: 90451/91636 (98.7%) facts=181843 sanitized=1 経過=110秒 残り≈1秒
[15:31:59]   batch 364: 90765/91636 (99.0%) facts=182344 sanitized=1 経過=110秒 残り≈1秒
[15:31:59]   batch 365: 91128/91636 (99.4%) facts=182845 sanitized=1 経過=111秒 残り≈1秒
[15:31:59]   batch 366: 91565/91636 (99.9%) facts=183346 sanitized=1 経過=111秒 残り≈0秒
[15:31:59] [SANITIZE] scaled超過 (2.41e+17): col=sales val=241236000000.0 ticker=25900 fye=2026-01-31 Q=4Q
[15:31:59] [SANITIZE] scaled超過 (3.70e+16): col=sales val=36954000000.0 ticker=66350 fye=2025-12-31 Q=4Q
[15:31:59] [SANITIZE] scaled超過 (1.74e+17): col=sales val=174081000000.0 ticker=80570 fye=2026-07-31 Q=4Q
[15:31:59] [SANITIZE] scaled超過 (2.41e+17): col=sales val=241236000000.0 ticker=259 fye=2026-01-31 Q=4Q
[15:31:59] [SANITIZE] scaled超過 (3.70e+16): col=sales val=36954000000.0 ticker=6635 fye=2025-12-31 Q=4Q
[15:31:59] [SANITIZE] scaled超過 (1.74e+17): col=sales val=174081000000.0 ticker=8057 fye=2026-07-31 Q=4Q
[15:31:59] [SANITIZE] scaled超過 (4.20e+18): col=sales val=4197922000000.0 ticker=1928 fye=2026-01-31 Q=4Q
[15:31:59] [SANITIZE] scaled超過 (3.41e+17): col=operating_profit val=341402000000.0 ticker=1928 fye=2026-01-31 Q=4Q
[15:31:59] [SANITIZE] scaled超過 (2.02e+16): col=sales val=20246000000.0 ticker=759 fye=2026-01-31 Q=4Q
[15:31:59] [SANITIZE] scaled超過 (3.93e+16): col=sales val=39324000000.0 ticker=291 fye=2026-04-30 Q=4Q
[15:31:59] [SANITIZE] scaled超過 (3.63e+16): col=sales val=36272000000.0 ticker=9824 fye=2026-10-31 Q=4Q
[15:31:59] [SANITIZE] scaled超過 (1.06e+17): col=sales val=105571000000.0 ticker=7279 fye=2026-10-31 Q=4Q
[15:31:59]   → facts 完了: 183409 件 (sanitized=13) (111.1秒)
[15:31:59] [SANITIZE] === 異常値サマリ: 13 件 ===
[15:31:59] [SANITIZE] 列別件数:
[15:31:59]   sales: 11 件
[15:31:59]   operating_profit: 2 件
[15:31:59] [SANITIZE] ticker別 上位5:
[15:31:59]   1928: 2 件
[15:31:59]   46850: 1 件
[15:31:59]   25900: 1 件
[15:31:59]   66350: 1 件
[15:31:59]   80570: 1 件
[15:31:59] [SANITIZE] 該当行 詳細:
[15:31:59]   [1] ticker=46850 fye=2028-03-31 Q=2Q col=operating_profit val=5.4e+303 reason=元値が10^16超 (5.40e+303) cause=巨大値 (指数=304, 単位誤りの疑い)
[15:31:59]   [2] ticker=25900 fye=2026-01-31 Q=4Q col=sales val=241236000000.0 reason=scaled超過 (2.41e+17) cause=不明 (scaled超過 (2.41e+17))
[15:31:59]        source_doc_id=e575776114b44bcb1a5194ba09f3cb6f0f6a321057235838a8f8e6e7e2fcbeb4
[15:31:59]        source_url=https://webapi.yanoshin.jp/rd.php?https://www.release.tdnet.info/inbs/140120260304575305.pdf
[15:31:59]   [3] ticker=66350 fye=2025-12-31 Q=4Q col=sales val=36954000000.0 reason=scaled超過 (3.70e+16) cause=不明 (scaled超過 (3.70e+16))
[15:31:59]        source_doc_id=fb5f157a80c7fef595ba383922642f5e653728903fb109536214f6a75c646cdc
[15:31:59]        source_url=https://webapi.yanoshin.jp/rd.php?https://www.release.tdnet.info/inbs/140120260227571645.pdf
[15:31:59]   [4] ticker=80570 fye=2026-07-31 Q=4Q col=sales val=174081000000.0 reason=scaled超過 (1.74e+17) cause=不明 (scaled超過 (1.74e+17))
[15:31:59]        source_doc_id=d7226d204ef18e1ed8bb7a5899c561d05ccfe4ae6703c55d87bb690986d122e5
[15:31:59]        source_url=https://webapi.yanoshin.jp/rd.php?https://www.release.tdnet.info/inbs/140120260304575655.pdf
[15:31:59]   [5] ticker=259 fye=2026-01-31 Q=4Q col=sales val=241236000000.0 reason=scaled超過 (2.41e+17) cause=不明 (scaled超過 (2.41e+17))
[15:31:59]        source_doc_id=e575776114b44bcb1a5194ba09f3cb6f0f6a321057235838a8f8e6e7e2fcbeb4
[15:31:59]        source_url=https://webapi.yanoshin.jp/rd.php?https://www.release.tdnet.info/inbs/140120260304575305.pdf
[15:31:59]   [6] ticker=6635 fye=2025-12-31 Q=4Q col=sales val=36954000000.0 reason=scaled超過 (3.70e+16) cause=不明 (scaled超過 (3.70e+16))
[15:31:59]        source_doc_id=fb5f157a80c7fef595ba383922642f5e653728903fb109536214f6a75c646cdc
[15:31:59]        source_url=https://webapi.yanoshin.jp/rd.php?https://www.release.tdnet.info/inbs/140120260227571645.pdf
[15:31:59]   [7] ticker=8057 fye=2026-07-31 Q=4Q col=sales val=174081000000.0 reason=scaled超過 (1.74e+17) cause=不明 (scaled超過 (1.74e+17))
[15:31:59]        source_doc_id=d7226d204ef18e1ed8bb7a5899c561d05ccfe4ae6703c55d87bb690986d122e5
[15:31:59]        source_url=https://webapi.yanoshin.jp/rd.php?https://www.release.tdnet.info/inbs/140120260304575655.pdf
[15:31:59]   [8] ticker=1928 fye=2026-01-31 Q=4Q col=sales val=4197922000000.0 reason=scaled超過 (4.20e+18) cause=不明 (scaled超過 (4.20e+18))
[15:31:59]        source_doc_id=9d76a7718fd1f381aaa5e6324c6483557df5cfd581c4cbf3e0dae838cf4b560c
[15:31:59]        source_url=https://webapi.yanoshin.jp/rd.php?https://www.release.tdnet.info/inbs/140120260304576061.pdf
[15:31:59]   [9] ticker=1928 fye=2026-01-31 Q=4Q col=operating_profit val=341402000000.0 reason=scaled超過 (3.41e+17) cause=不明 (scaled超過 (3.41e+17))
[15:31:59]        source_doc_id=9d76a7718fd1f381aaa5e6324c6483557df5cfd581c4cbf3e0dae838cf4b560c
[15:31:59]        source_url=https://webapi.yanoshin.jp/rd.php?https://www.release.tdnet.info/inbs/140120260304576061.pdf
[15:31:59]   [10] ticker=759 fye=2026-01-31 Q=4Q col=sales val=20246000000.0 reason=scaled超過 (2.02e+16) cause=不明 (scaled超過 (2.02e+16))
[15:31:59]        source_doc_id=52c4ddf5b8a757f7a0fa6b86a5c8c870a08556f468efdc20732724f2e124f8f0
[15:31:59]        source_url=https://webapi.yanoshin.jp/rd.php?https://www.release.tdnet.info/inbs/140120260304576008.pdf
[15:31:59]   [11] ticker=291 fye=2026-04-30 Q=4Q col=sales val=39324000000.0 reason=scaled超過 (3.93e+16) cause=不明 (scaled超過 (3.93e+16))
[15:31:59]        source_doc_id=ffa599449c7eba4ccff0dbaab62e50a9d3444b0897f214f8df277114943261a9
[15:31:59]        source_url=https://webapi.yanoshin.jp/rd.php?https://www.release.tdnet.info/inbs/140120260305576912.pdf
[15:31:59]   [12] ticker=9824 fye=2026-10-31 Q=4Q col=sales val=36272000000.0 reason=scaled超過 (3.63e+16) cause=不明 (scaled超過 (3.63e+16))
[15:31:59]        source_doc_id=4e11da79cdcad4fcffef85bb9d36b2733ce836e1cf8302e50965897230f9788e
[15:31:59]        source_url=https://webapi.yanoshin.jp/rd.php?https://www.release.tdnet.info/inbs/140120260306577313.pdf
[15:31:59]   [13] ticker=7279 fye=2026-10-31 Q=4Q col=sales val=105571000000.0 reason=scaled超過 (1.06e+17) cause=不明 (scaled超過 (1.06e+17))
[15:31:59]        source_doc_id=ab63c6d2d446d9c2f632e486b3df8c58e407220657979a279e330ec78862edb3
[15:31:59]        source_url=https://webapi.yanoshin.jp/rd.php?https://www.release.tdnet.info/inbs/140120260225569178.pdf
[15:31:59] [SANITIZE] === サマリ終了 (13 件) ===
[15:31:59] [PUSH] 全完了 (111.1秒): companies=2762 periods=91636 disclosures=1 facts=183409 sanitized=13 errors=0

=======================================================
  SQLite → Supabase push (バッチ版)
=======================================================
  DB         : C:\Users\takuy\OneDrive\tdnet-excel-input\decision_db.db
  batch_size : 500

=======================================================
  ✅ push 完了
=======================================================
  SQLite総行数       : 91636
  今回対象           : 91636
  companies upsert   : 2762
  periods upsert     : 91636
  disclosures upsert : 1
  facts push         : 183409
  値サニタイズ       : 13
  エラー             : 0
  quarantine DB      : C:\Users\takuy\OneDrive\tdnet-excel-input\data/quarantine.db
=======================================================

[Step 3/8] jquants sync... 
2026-03-06 15:32:00,133 INFO [sync_financials] === sync_financials START ===
2026-03-06 15:32:00,133 INFO [sync_financials]   mode:       APPLY (�{�Ԕ��f)
2026-03-06 15:32:00,133 INFO [sync_financials]   scope:      RECENT 30��
2026-03-06 15:32:00,133 INFO [sync_financials]   sqlite:     C:\Users\takuy\OneDrive\tdnet-excel-input\data\jquants.db
2026-03-06 15:32:00,133 INFO [sync_financials]   table:      financials
2026-03-06 15:32:00,133 INFO [sync_financials]   limit:      ������
2026-03-06 15:32:00,133 INFO [sync_financials]   batch-size: 500
2026-03-06 15:32:00,133 INFO [sync_financials]   log:        C:\Users\takuy\OneDrive\tdnet-excel-input\logs\sync_financials_apply_recent30d_20260306_153200.log
2026-03-06 15:32:00,252 INFO [sync_financials] [SQLite] ���f�[�^: 87,157 rows / 3,820 codes
2026-03-06 15:32:00,253 INFO [sync_financials] [SQLite] �������[�h: fetched_at >= 2026-02-04 15:32:00 (����30��)
2026-03-06 15:32:04,673 INFO [sync_financials] [SQLite] �d���r����: 72,490 rows
2026-03-06 15:32:04,680 INFO [sync_financials] [SYNC] quarter ���z: {"1Q": 17819, "2Q": 17771, "3Q": 17832, "4Q": 13, "FY": 19055}
2026-03-06 15:32:04,680 INFO [sync_financials] [SYNC] �J�n: 72,490 rows �� financials (145 batches �~ 500)
2026-03-06 15:32:04,960 INFO [sync_financials]   batch 1/145: 500 rows upserted (�݌v 500 / 72,490, 0.3�b)
2026-03-06 15:32:05,190 INFO [sync_financials]   batch 2/145: 500 rows upserted (�݌v 1,000 / 72,490, 0.5�b)
2026-03-06 15:32:05,382 INFO [sync_financials]   batch 3/145: 500 rows upserted (�݌v 1,500 / 72,490, 0.7�b)
2026-03-06 15:32:05,570 INFO [sync_financials]   batch 4/145: 500 rows upserted (�݌v 2,000 / 72,490, 0.9�b)
2026-03-06 15:32:05,747 INFO [sync_financials]   batch 5/145: 500 rows upserted (�݌v 2,500 / 72,490, 1.1�b)
2026-03-06 15:32:05,910 INFO [sync_financials]   batch 6/145: 500 rows upserted (�݌v 3,000 / 72,490, 1.2�b)
2026-03-06 15:32:06,071 INFO [sync_financials]   batch 7/145: 500 rows upserted (�݌v 3,500 / 72,490, 1.4�b)
2026-03-06 15:32:06,218 INFO [sync_financials]   batch 8/145: 500 rows upserted (�݌v 4,000 / 72,490, 1.5�b)
2026-03-06 15:32:06,392 INFO [sync_financials]   batch 9/145: 500 rows upserted (�݌v 4,500 / 72,490, 1.7�b)
2026-03-06 15:32:06,558 INFO [sync_financials]   batch 10/145: 500 rows upserted (�݌v 5,000 / 72,490, 1.9�b)
2026-03-06 15:32:06,722 INFO [sync_financials]   batch 11/145: 500 rows upserted (�݌v 5,500 / 72,490, 2.0�b)
2026-03-06 15:32:06,906 INFO [sync_financials]   batch 12/145: 500 rows upserted (�݌v 6,000 / 72,490, 2.2�b)
2026-03-06 15:32:07,071 INFO [sync_financials]   batch 13/145: 500 rows upserted (�݌v 6,500 / 72,490, 2.4�b)
2026-03-06 15:32:07,221 INFO [sync_financials]   batch 14/145: 500 rows upserted (�݌v 7,000 / 72,490, 2.5�b)
2026-03-06 15:32:07,384 INFO [sync_financials]   batch 15/145: 500 rows upserted (�݌v 7,500 / 72,490, 2.7�b)
2026-03-06 15:32:07,530 INFO [sync_financials]   batch 16/145: 500 rows upserted (�݌v 8,000 / 72,490, 2.8�b)
2026-03-06 15:32:07,676 INFO [sync_financials]   batch 17/145: 500 rows upserted (�݌v 8,500 / 72,490, 3.0�b)
2026-03-06 15:32:07,807 INFO [sync_financials]   batch 18/145: 500 rows upserted (�݌v 9,000 / 72,490, 3.1�b)
2026-03-06 15:32:07,958 INFO [sync_financials]   batch 19/145: 500 rows upserted (�݌v 9,500 / 72,490, 3.3�b)
2026-03-06 15:32:08,089 INFO [sync_financials]   batch 20/145: 500 rows upserted (�݌v 10,000 / 72,490, 3.4�b)
2026-03-06 15:32:08,247 INFO [sync_financials]   batch 21/145: 500 rows upserted (�݌v 10,500 / 72,490, 3.6�b)
2026-03-06 15:32:08,400 INFO [sync_financials]   batch 22/145: 500 rows upserted (�݌v 11,000 / 72,490, 3.7�b)
2026-03-06 15:32:08,548 INFO [sync_financials]   batch 23/145: 500 rows upserted (�݌v 11,500 / 72,490, 3.9�b)
2026-03-06 15:32:08,682 INFO [sync_financials]   batch 24/145: 500 rows upserted (�݌v 12,000 / 72,490, 4.0�b)
2026-03-06 15:32:08,815 INFO [sync_financials]   batch 25/145: 500 rows upserted (�݌v 12,500 / 72,490, 4.1�b)
2026-03-06 15:32:08,954 INFO [sync_financials]   batch 26/145: 500 rows upserted (�݌v 13,000 / 72,490, 4.3�b)
2026-03-06 15:32:09,090 INFO [sync_financials]   batch 27/145: 500 rows upserted (�݌v 13,500 / 72,490, 4.4�b)
2026-03-06 15:32:09,217 INFO [sync_financials]   batch 28/145: 500 rows upserted (�݌v 14,000 / 72,490, 4.5�b)
2026-03-06 15:32:09,348 INFO [sync_financials]   batch 29/145: 500 rows upserted (�݌v 14,500 / 72,490, 4.7�b)
2026-03-06 15:32:09,494 INFO [sync_financials]   batch 30/145: 500 rows upserted (�݌v 15,000 / 72,490, 4.8�b)
2026-03-06 15:32:09,621 INFO [sync_financials]   batch 31/145: 500 rows upserted (�݌v 15,500 / 72,490, 4.9�b)
2026-03-06 15:32:09,758 INFO [sync_financials]   batch 32/145: 500 rows upserted (�݌v 16,000 / 72,490, 5.1�b)
2026-03-06 15:32:09,898 INFO [sync_financials]   batch 33/145: 500 rows upserted (�݌v 16,500 / 72,490, 5.2�b)
2026-03-06 15:32:10,034 INFO [sync_financials]   batch 34/145: 500 rows upserted (�݌v 17,000 / 72,490, 5.4�b)
2026-03-06 15:32:10,185 INFO [sync_financials]   batch 35/145: 500 rows upserted (�݌v 17,500 / 72,490, 5.5�b)
2026-03-06 15:32:10,315 INFO [sync_financials]   batch 36/145: 500 rows upserted (�݌v 18,000 / 72,490, 5.6�b)
2026-03-06 15:32:10,449 INFO [sync_financials]   batch 37/145: 500 rows upserted (�݌v 18,500 / 72,490, 5.8�b)
2026-03-06 15:32:10,594 INFO [sync_financials]   batch 38/145: 500 rows upserted (�݌v 19,000 / 72,490, 5.9�b)
2026-03-06 15:32:10,733 INFO [sync_financials]   batch 39/145: 500 rows upserted (�݌v 19,500 / 72,490, 6.1�b)
2026-03-06 15:32:10,874 INFO [sync_financials]   batch 40/145: 500 rows upserted (�݌v 20,000 / 72,490, 6.2�b)
2026-03-06 15:32:11,006 INFO [sync_financials]   batch 41/145: 500 rows upserted (�݌v 20,500 / 72,490, 6.3�b)
2026-03-06 15:32:11,140 INFO [sync_financials]   batch 42/145: 500 rows upserted (�݌v 21,000 / 72,490, 6.5�b)
2026-03-06 15:32:11,311 INFO [sync_financials]   batch 43/145: 500 rows upserted (�݌v 21,500 / 72,490, 6.6�b)
2026-03-06 15:32:11,449 INFO [sync_financials]   batch 44/145: 500 rows upserted (�݌v 22,000 / 72,490, 6.8�b)
2026-03-06 15:32:11,610 INFO [sync_financials]   batch 45/145: 500 rows upserted (�݌v 22,500 / 72,490, 6.9�b)
2026-03-06 15:32:11,747 INFO [sync_financials]   batch 46/145: 500 rows upserted (�݌v 23,000 / 72,490, 7.1�b)
2026-03-06 15:32:11,870 INFO [sync_financials]   batch 47/145: 500 rows upserted (�݌v 23,500 / 72,490, 7.2�b)
2026-03-06 15:32:11,994 INFO [sync_financials]   batch 48/145: 500 rows upserted (�݌v 24,000 / 72,490, 7.3�b)
2026-03-06 15:32:12,125 INFO [sync_financials]   batch 49/145: 500 rows upserted (�݌v 24,500 / 72,490, 7.4�b)
2026-03-06 15:32:12,260 INFO [sync_financials]   batch 50/145: 500 rows upserted (�݌v 25,000 / 72,490, 7.6�b)
2026-03-06 15:32:12,394 INFO [sync_financials]   batch 51/145: 500 rows upserted (�݌v 25,500 / 72,490, 7.7�b)
2026-03-06 15:32:12,526 INFO [sync_financials]   batch 52/145: 500 rows upserted (�݌v 26,000 / 72,490, 7.8�b)
2026-03-06 15:32:12,683 INFO [sync_financials]   batch 53/145: 500 rows upserted (�݌v 26,500 / 72,490, 8.0�b)
2026-03-06 15:32:12,834 INFO [sync_financials]   batch 54/145: 500 rows upserted (�݌v 27,000 / 72,490, 8.2�b)
2026-03-06 15:32:12,979 INFO [sync_financials]   batch 55/145: 500 rows upserted (�݌v 27,500 / 72,490, 8.3�b)
2026-03-06 15:32:13,108 INFO [sync_financials]   batch 56/145: 500 rows upserted (�݌v 28,000 / 72,490, 8.4�b)
2026-03-06 15:32:13,241 INFO [sync_financials]   batch 57/145: 500 rows upserted (�݌v 28,500 / 72,490, 8.6�b)
2026-03-06 15:32:13,370 INFO [sync_financials]   batch 58/145: 500 rows upserted (�݌v 29,000 / 72,490, 8.7�b)
2026-03-06 15:32:13,518 INFO [sync_financials]   batch 59/145: 500 rows upserted (�݌v 29,500 / 72,490, 8.8�b)
2026-03-06 15:32:13,655 INFO [sync_financials]   batch 60/145: 500 rows upserted (�݌v 30,000 / 72,490, 9.0�b)
2026-03-06 15:32:13,789 INFO [sync_financials]   batch 61/145: 500 rows upserted (�݌v 30,500 / 72,490, 9.1�b)
2026-03-06 15:32:13,910 INFO [sync_financials]   batch 62/145: 500 rows upserted (�݌v 31,000 / 72,490, 9.2�b)
2026-03-06 15:32:14,043 INFO [sync_financials]   batch 63/145: 500 rows upserted (�݌v 31,500 / 72,490, 9.4�b)
2026-03-06 15:32:14,174 INFO [sync_financials]   batch 64/145: 500 rows upserted (�݌v 32,000 / 72,490, 9.5�b)
2026-03-06 15:32:14,319 INFO [sync_financials]   batch 65/145: 500 rows upserted (�݌v 32,500 / 72,490, 9.6�b)
2026-03-06 15:32:14,453 INFO [sync_financials]   batch 66/145: 500 rows upserted (�݌v 33,000 / 72,490, 9.8�b)
2026-03-06 15:32:14,575 INFO [sync_financials]   batch 67/145: 500 rows upserted (�݌v 33,500 / 72,490, 9.9�b)
2026-03-06 15:32:14,704 INFO [sync_financials]   batch 68/145: 500 rows upserted (�݌v 34,000 / 72,490, 10.0�b)
2026-03-06 15:32:14,858 INFO [sync_financials]   batch 69/145: 500 rows upserted (�݌v 34,500 / 72,490, 10.2�b)
2026-03-06 15:32:14,988 INFO [sync_financials]   batch 70/145: 500 rows upserted (�݌v 35,000 / 72,490, 10.3�b)
2026-03-06 15:32:15,134 INFO [sync_financials]   batch 71/145: 500 rows upserted (�݌v 35,500 / 72,490, 10.5�b)
2026-03-06 15:32:15,283 INFO [sync_financials]   batch 72/145: 500 rows upserted (�݌v 36,000 / 72,490, 10.6�b)
2026-03-06 15:32:15,416 INFO [sync_financials]   batch 73/145: 500 rows upserted (�݌v 36,500 / 72,490, 10.7�b)
2026-03-06 15:32:15,560 INFO [sync_financials]   batch 74/145: 500 rows upserted (�݌v 37,000 / 72,490, 10.9�b)
2026-03-06 15:32:15,705 INFO [sync_financials]   batch 75/145: 500 rows upserted (�݌v 37,500 / 72,490, 11.0�b)
2026-03-06 15:32:15,832 INFO [sync_financials]   batch 76/145: 500 rows upserted (�݌v 38,000 / 72,490, 11.2�b)
2026-03-06 15:32:15,966 INFO [sync_financials]   batch 77/145: 500 rows upserted (�݌v 38,500 / 72,490, 11.3�b)
2026-03-06 15:32:16,093 INFO [sync_financials]   batch 78/145: 500 rows upserted (�݌v 39,000 / 72,490, 11.4�b)
2026-03-06 15:32:16,270 INFO [sync_financials]   batch 79/145: 500 rows upserted (�݌v 39,500 / 72,490, 11.6�b)
2026-03-06 15:32:16,396 INFO [sync_financials]   batch 80/145: 500 rows upserted (�݌v 40,000 / 72,490, 11.7�b)
2026-03-06 15:32:16,519 INFO [sync_financials]   batch 81/145: 500 rows upserted (�݌v 40,500 / 72,490, 11.8�b)
2026-03-06 15:32:16,639 INFO [sync_financials]   batch 82/145: 500 rows upserted (�݌v 41,000 / 72,490, 12.0�b)
2026-03-06 15:32:16,778 INFO [sync_financials]   batch 83/145: 500 rows upserted (�݌v 41,500 / 72,490, 12.1�b)
2026-03-06 15:32:16,908 INFO [sync_financials]   batch 84/145: 500 rows upserted (�݌v 42,000 / 72,490, 12.2�b)
2026-03-06 15:32:17,056 INFO [sync_financials]   batch 85/145: 500 rows upserted (�݌v 42,500 / 72,490, 12.4�b)
2026-03-06 15:32:17,204 INFO [sync_financials]   batch 86/145: 500 rows upserted (�݌v 43,000 / 72,490, 12.5�b)
2026-03-06 15:32:17,327 INFO [sync_financials]   batch 87/145: 500 rows upserted (�݌v 43,500 / 72,490, 12.6�b)
2026-03-06 15:32:17,485 INFO [sync_financials]   batch 88/145: 500 rows upserted (�݌v 44,000 / 72,490, 12.8�b)
2026-03-06 15:32:17,616 INFO [sync_financials]   batch 89/145: 500 rows upserted (�݌v 44,500 / 72,490, 12.9�b)
2026-03-06 15:32:17,750 INFO [sync_financials]   batch 90/145: 500 rows upserted (�݌v 45,000 / 72,490, 13.1�b)
2026-03-06 15:32:17,874 INFO [sync_financials]   batch 91/145: 500 rows upserted (�݌v 45,500 / 72,490, 13.2�b)
2026-03-06 15:32:18,003 INFO [sync_financials]   batch 92/145: 500 rows upserted (�݌v 46,000 / 72,490, 13.3�b)
2026-03-06 15:32:18,153 INFO [sync_financials]   batch 93/145: 500 rows upserted (�݌v 46,500 / 72,490, 13.5�b)
2026-03-06 15:32:18,280 INFO [sync_financials]   batch 94/145: 500 rows upserted (�݌v 47,000 / 72,490, 13.6�b)
2026-03-06 15:32:18,423 INFO [sync_financials]   batch 95/145: 500 rows upserted (�݌v 47,500 / 72,490, 13.7�b)
2026-03-06 15:32:18,550 INFO [sync_financials]   batch 96/145: 500 rows upserted (�݌v 48,000 / 72,490, 13.9�b)
2026-03-06 15:32:18,667 INFO [sync_financials]   batch 97/145: 500 rows upserted (�݌v 48,500 / 72,490, 14.0�b)
2026-03-06 15:32:18,802 INFO [sync_financials]   batch 98/145: 500 rows upserted (�݌v 49,000 / 72,490, 14.1�b)
2026-03-06 15:32:18,957 INFO [sync_financials]   batch 99/145: 500 rows upserted (�݌v 49,500 / 72,490, 14.3�b)
2026-03-06 15:32:19,090 INFO [sync_financials]   batch 100/145: 500 rows upserted (�݌v 50,000 / 72,490, 14.4�b)
2026-03-06 15:32:19,227 INFO [sync_financials]   batch 101/145: 500 rows upserted (�݌v 50,500 / 72,490, 14.5�b)
2026-03-06 15:32:19,354 INFO [sync_financials]   batch 102/145: 500 rows upserted (�݌v 51,000 / 72,490, 14.7�b)
2026-03-06 15:32:19,483 INFO [sync_financials]   batch 103/145: 500 rows upserted (�݌v 51,500 / 72,490, 14.8�b)
2026-03-06 15:32:19,617 INFO [sync_financials]   batch 104/145: 500 rows upserted (�݌v 52,000 / 72,490, 14.9�b)
2026-03-06 15:32:19,753 INFO [sync_financials]   batch 105/145: 500 rows upserted (�݌v 52,500 / 72,490, 15.1�b)
2026-03-06 15:32:19,882 INFO [sync_financials]   batch 106/145: 500 rows upserted (�݌v 53,000 / 72,490, 15.2�b)
2026-03-06 15:32:20,041 INFO [sync_financials]   batch 107/145: 500 rows upserted (�݌v 53,500 / 72,490, 15.4�b)
2026-03-06 15:32:20,167 INFO [sync_financials]   batch 108/145: 500 rows upserted (�݌v 54,000 / 72,490, 15.5�b)
2026-03-06 15:32:20,310 INFO [sync_financials]   batch 109/145: 500 rows upserted (�݌v 54,500 / 72,490, 15.6�b)
2026-03-06 15:32:20,450 INFO [sync_financials]   batch 110/145: 500 rows upserted (�݌v 55,000 / 72,490, 15.8�b)
2026-03-06 15:32:20,578 INFO [sync_financials]   batch 111/145: 500 rows upserted (�݌v 55,500 / 72,490, 15.9�b)
2026-03-06 15:32:20,708 INFO [sync_financials]   batch 112/145: 500 rows upserted (�݌v 56,000 / 72,490, 16.0�b)
2026-03-06 15:32:20,849 INFO [sync_financials]   batch 113/145: 500 rows upserted (�݌v 56,500 / 72,490, 16.2�b)
2026-03-06 15:32:20,985 INFO [sync_financials]   batch 114/145: 500 rows upserted (�݌v 57,000 / 72,490, 16.3�b)
2026-03-06 15:32:21,117 INFO [sync_financials]   batch 115/145: 500 rows upserted (�݌v 57,500 / 72,490, 16.4�b)
2026-03-06 15:32:21,264 INFO [sync_financials]   batch 116/145: 500 rows upserted (�݌v 58,000 / 72,490, 16.6�b)
2026-03-06 15:32:21,399 INFO [sync_financials]   batch 117/145: 500 rows upserted (�݌v 58,500 / 72,490, 16.7�b)
2026-03-06 15:32:21,523 INFO [sync_financials]   batch 118/145: 500 rows upserted (�݌v 59,000 / 72,490, 16.8�b)
2026-03-06 15:32:21,657 INFO [sync_financials]   batch 119/145: 500 rows upserted (�݌v 59,500 / 72,490, 17.0�b)
2026-03-06 15:32:21,790 INFO [sync_financials]   batch 120/145: 500 rows upserted (�݌v 60,000 / 72,490, 17.1�b)
2026-03-06 15:32:21,926 INFO [sync_financials]   batch 121/145: 500 rows upserted (�݌v 60,500 / 72,490, 17.2�b)
2026-03-06 15:32:22,084 INFO [sync_financials]   batch 122/145: 500 rows upserted (�݌v 61,000 / 72,490, 17.4�b)
2026-03-06 15:32:22,207 INFO [sync_financials]   batch 123/145: 500 rows upserted (�݌v 61,500 / 72,490, 17.5�b)
2026-03-06 15:32:22,341 INFO [sync_financials]   batch 124/145: 500 rows upserted (�݌v 62,000 / 72,490, 17.7�b)
2026-03-06 15:32:22,498 INFO [sync_financials]   batch 125/145: 500 rows upserted (�݌v 62,500 / 72,490, 17.8�b)
2026-03-06 15:32:22,651 INFO [sync_financials]   batch 126/145: 500 rows upserted (�݌v 63,000 / 72,490, 18.0�b)
2026-03-06 15:32:22,796 INFO [sync_financials]   batch 127/145: 500 rows upserted (�݌v 63,500 / 72,490, 18.1�b)
2026-03-06 15:32:22,914 INFO [sync_financials]   batch 128/145: 500 rows upserted (�݌v 64,000 / 72,490, 18.2�b)
2026-03-06 15:32:23,043 INFO [sync_financials]   batch 129/145: 500 rows upserted (�݌v 64,500 / 72,490, 18.4�b)
2026-03-06 15:32:23,162 INFO [sync_financials]   batch 130/145: 500 rows upserted (�݌v 65,000 / 72,490, 18.5�b)
2026-03-06 15:32:23,305 INFO [sync_financials]   batch 131/145: 500 rows upserted (�݌v 65,500 / 72,490, 18.6�b)
2026-03-06 15:32:23,422 INFO [sync_financials]   batch 132/145: 500 rows upserted (�݌v 66,000 / 72,490, 18.7�b)
2026-03-06 15:32:23,552 INFO [sync_financials]   batch 133/145: 500 rows upserted (�݌v 66,500 / 72,490, 18.9�b)
2026-03-06 15:32:23,705 INFO [sync_financials]   batch 134/145: 500 rows upserted (�݌v 67,000 / 72,490, 19.0�b)
2026-03-06 15:32:23,838 INFO [sync_financials]   batch 135/145: 500 rows upserted (�݌v 67,500 / 72,490, 19.2�b)
2026-03-06 15:32:23,962 INFO [sync_financials]   batch 136/145: 500 rows upserted (�݌v 68,000 / 72,490, 19.3�b)
2026-03-06 15:32:24,109 INFO [sync_financials]   batch 137/145: 500 rows upserted (�݌v 68,500 / 72,490, 19.4�b)
2026-03-06 15:32:24,234 INFO [sync_financials]   batch 138/145: 500 rows upserted (�݌v 69,000 / 72,490, 19.6�b)
2026-03-06 15:32:24,374 INFO [sync_financials]   batch 139/145: 500 rows upserted (�݌v 69,500 / 72,490, 19.7�b)
2026-03-06 15:32:24,521 INFO [sync_financials]   batch 140/145: 500 rows upserted (�݌v 70,000 / 72,490, 19.8�b)
2026-03-06 15:32:24,664 INFO [sync_financials]   batch 141/145: 500 rows upserted (�݌v 70,500 / 72,490, 20.0�b)
2026-03-06 15:32:24,790 INFO [sync_financials]   batch 142/145: 500 rows upserted (�݌v 71,000 / 72,490, 20.1�b)
2026-03-06 15:32:24,923 INFO [sync_financials]   batch 143/145: 500 rows upserted (�݌v 71,500 / 72,490, 20.2�b)
2026-03-06 15:32:25,044 INFO [sync_financials]   batch 144/145: 500 rows upserted (�݌v 72,000 / 72,490, 20.4�b)
2026-03-06 15:32:25,171 INFO [sync_financials]   batch 145/145: 490 rows upserted (�݌v 72,490 / 72,490, 20.5�b)
2026-03-06 15:32:25,171 INFO [sync_financials] [VERIFY] Supabase ���̌��ؒ�...
2026-03-06 15:32:25,352 INFO [sync_financials] [VERIFY] public.financials: 72,490 rows
2026-03-06 15:32:25,352 INFO [sync_financials] 
============================================================
  SYNC ����
  upserted: 72,490 / 72,490
  errors:   0
  elapsed:  20.5�b
============================================================
2026-03-06 15:32:25,359 INFO [sync_financials] === sync_financials END (log: C:\Users\takuy\OneDrive\tdnet-excel-input\logs\sync_financials_apply_recent30d_20260306_153200.log) ===
[Step 4/8] KPI sync... (SKIPPED) 
[Step 5/8] Generating data.xlsx... 
[15:32:26] public.financials を取得中...
[15:32:35]   → 72,490 行取得
[15:32:35]   → 3,820 tickers
[15:32:39] [GEN] data.xlsx 生成完了: 72,490 行 -> C:\Users\takuy\OneDrive\data.xlsx
[15:32:39] [GEN] === 検証サマリ ===
[15:32:39] [GEN]   financials     : 72,490 行
[15:32:39] [GEN]   tickers        : 3,820
[15:32:39] [GEN]   出力行数       : 72,490 行
[15:32:39] [GEN]   生成日時       : 2026-03-06 15:32:26
[15:32:39] [GEN]   出力先         : C:\Users\takuy\OneDrive\data.xlsx

==================================================
  data.xlsx 生成ツール
  ソース: Supabase public.financials
==================================================

==================================================
  ✅ 成功
==================================================
  出力ファイル : C:\Users\takuy\OneDrive\data.xlsx
  データ行数   : 72,490 行
  ticker数     : 3,820
  生成日時     : 2026-03-06 15:32:26
  エラー       : 0
==================================================

[Step 6/8] data.xlsx stats... 
  [XLSX] rows(DATA)=72491 
  [XLSX] delta=+0 (prev=72491, now=72491) 
  [XLSX] tickers=3821 
[Step 7/8] Viewer refresh... (SKIPPED) 
[Step 8/8] Discord alerts... 
[ALERT] 3 item(s)
[ALERT] thresholds: YOY>=30.0% QoQ>=30.0%
[ALERT] enabled categories: ['tanshin']
  291: SKIP (no data)
  9824: below threshold (YOY<30.0% QoQ<30.0%)
  7279: ALERT -> sending...
ALERT_DONE sent=1 checked=2 skipped=1 deduped=0
============================================================ 
 DONE 2026/03/06 15:32:44.51 
============================================================ 
  [AUTO] nopause 
