START 2026/03/05 21:40:50.22 
[Step 1/8] TDnet ingest... 
============================================================
  TDNET Ingest - ワンショット実行
============================================================

[DB]   C:\Users\takuy\OneDrive\tdnet-excel-input\decision_db.db

[2026-03-05 21:40:50] [INFO] [API] yanoshin.jp APIから取得中: https://webapi.yanoshin.jp/webapi/tdnet/list/today.json
[2026-03-05 21:40:50] [INFO] [API] detected_schema=items, raw_items_count=182
[2026-03-05 21:40:50] [INFO] [API] first_item_preview: id=d4b4fa42bad7..., pubdate=2026-03-05 19:00:00, title=株主による臨時株主総会の招集請求に関するお知らせ, code=4452
[2026-03-05 21:40:50] [INFO] [API] fetched_count=182
[2026-03-05 21:40:50] [INFO] [API] skip_reason=instrument_excluded, code=1495, name=上場アジアリート, title=2026年1月期（2025年7月21日～2026年1月20日）決算短信
[2026-03-05 21:40:50] [INFO] [API] skip_reason=instrument_excluded, code=3556, name=Ｇ－リネットジャパン, title=SBI地域事業承継投資のファンドと提携し、障がい者グループホーム業界におけるロールアップ型M&amp
[2026-03-05 21:40:50] [INFO] [API] skip_reason=instrument_excluded, code=1365, name=ｉＦ２２５ダブル, title=「iFreeETF 日経平均レバレッジ・インデックス」「iFreeETF TOPIXレバレッジ（２倍
[2026-03-05 21:40:50] [INFO] [API] skip_reason=instrument_excluded, code=1367, name=ｉＦＴＰＸダブル, title=「iFreeETF 日経平均レバレッジ・インデックス」「iFreeETF TOPIXレバレッジ（２倍
[2026-03-05 21:40:50] [INFO] [API] skip_reason=instrument_excluded, code=13494, name=Ｅ－ＳＳＧＡ－ＳＩＮ, title=アジア国債・公債ＥＴＦ（正式名称：ＡＢＦ汎アジア債券インデックス・ファンド）に関する日々の開示事項
[2026-03-05 21:40:50] [INFO] [API] skip_reason=instrument_excluded, code=15574, name=Ｅ－ＳＳＧＡＴＣ, title=State Street SPDR S&amp;P500 ETFに関する日々の開示事項
[2026-03-05 21:40:50] [INFO] [API] skip_reason=instrument_excluded, code=20704, name=Ｎ－三菱ＵＦＪ証ＨＤ, title=上場ETN（発行者：三菱UFJ証券ホールディングス株式会社）に関する日々の開示事項
[2026-03-05 21:40:50] [INFO] [API] skip_reason=instrument_excluded, code=15624, name=Ｅ－三井住友ＤＳＡＭ, title=上場ＥＴＦ（管理会社：三井住友DSアセットマネジメント）に関する日々の開示事項
[2026-03-05 21:40:50] [INFO] [API] skip_reason=instrument_excluded, code=16714, name=Ｅ－シンプレクス, title=上場ＥＴＦ(管理会社：シンプレクス・アセット・マネジメント)に関する日々の開示事項
[2026-03-05 21:40:50] [INFO] [API] skip_reason=instrument_excluded, code=13294, name=Ｅ－ブラックロック, title=上場ETF（管理会社：ブラックロック・ジャパン）に関する日々の開示事項
[2026-03-05 21:40:50] [INFO] [API] skip_reason=instrument_excluded, code=16724, name=Ｅ－ＷｉｓｄｏｍＴｒ, title=上場ETF（管理会社：WisdomTree、外国投資法人：MSL）に関する日々の開示事項　
[2026-03-05 21:40:50] [INFO] [API] skip_reason=instrument_excluded, code=16724, name=Ｅ－ＷｉｓｄｏｍＴｒ, title=上場ETF（管理会社：WisdomTree、外国投資法人：CSL）に関する日々の開示事項　
[2026-03-05 21:40:50] [INFO] [API] instrument_skipped_count=12
[2026-03-05 21:40:50] [INFO] [API] fetched_count=182, filtered_count=32, forecast_revision_count=7, financial_statement_count=25
[2026-03-05 21:40:50] [INFO] [API] new_count=26
[2026-03-05 21:40:50] [INFO] [DL] ダウンロード中: https://webapi.yanoshin.jp/rd.php?https://www.release.tdnet.info/inbs/140120260304575268.pdf
[2026-03-05 21:40:51] [INFO] [DL] 保存完了: C:\Users\takuy\OneDrive\tdnet-excel-input\data\docs\140120260304575268.pdf (242.2KB)
[2026-03-05 21:40:51] [INFO] [抽出] PDF抽出を試行: C:\Users\takuy\OneDrive\tdnet-excel-input\data\docs\140120260304575268.pdf
[2026-03-05 21:40:51] [WARNING] [INGEST] doc_id=0353896909125ecf zip_hash=c735ced5d17556b069adf49a1b163842376f916794795128848887308ce0273e source_url=https://webapi.yanoshin.jp/rd.php?https://www.release.tdnet.info/inbs/140120260304575268.pdf status=extract_failed reason=売上高・営業利益ともに抽出できず
[2026-03-05 21:40:51] [INFO] [DL] ダウンロード中: https://webapi.yanoshin.jp/rd.php?https://www.release.tdnet.info/inbs/140120260304575263.pdf
[2026-03-05 21:40:51] [INFO] [DL] 保存完了: C:\Users\takuy\OneDrive\tdnet-excel-input\data\docs\140120260304575263.pdf (106.1KB)
[2026-03-05 21:40:51] [INFO] [DL] ダウンロード中: https://webapi.yanoshin.jp/rd.php?https://www.release.tdnet.info/inbs/081220260304575263.zip
[2026-03-05 21:40:52] [INFO] [DL] 保存完了: C:\Users\takuy\OneDrive\tdnet-excel-input\data\docs\081220260304575263.zip (16.6KB)
[2026-03-05 21:40:52] [INFO] [抽出] XBRL抽出を試行: C:\Users\takuy\OneDrive\tdnet-excel-input\data\docs\081220260304575263.zip
[2026-03-05 21:40:52] [INFO] [XBRL] 未知の財務タグ検出: ['tse-ed-t:ChangeInComprehensiveIncome', 'tse-ed-t:ChangeInOrdinaryIncome', 'tse-ed-t:ChangeInOrdinaryRevenuesBK', 'tse-ed-t:ChangeInProfitAttributableToOwnersOfParent', 'tse-ed-t:ComprehensiveIncome', 'tse-ed-t:DilutedNetIncomePerShare', 'tse-ed-t:NetIncomePerShare', 'tse-ed-t:OrdinaryRevenuesBK', 'tse-ed-t:ProfitAttributableToOwnersOfParent']
[2026-03-05 21:40:52] [WARNING] [XBRL] ZIP内の全候補で抽出失敗: C:\Users\takuy\OneDrive\tdnet-excel-input\data\docs\081220260304575263.zip (最後のエラー: )
[2026-03-05 21:40:52] [INFO] [抽出] PDF抽出を試行: C:\Users\takuy\OneDrive\tdnet-excel-input\data\docs\140120260304575263.pdf
[2026-03-05 21:40:52] [WARNING] [INGEST] doc_id=90f18a60b731ac8c zip_hash=efdf2dae94da6120455eea7040cbd0edc08076f61b496d0971068a7952f522ff source_url=https://webapi.yanoshin.jp/rd.php?https://www.release.tdnet.info/inbs/140120260304575263.pdf status=extract_failed reason=売上高・営業利益ともに抽出できず
[2026-03-05 21:40:52] [INFO] [DL] ダウンロード中: https://webapi.yanoshin.jp/rd.php?https://www.release.tdnet.info/inbs/140120260304575238.pdf
[2026-03-05 21:40:52] [INFO] [DL] 保存完了: C:\Users\takuy\OneDrive\tdnet-excel-input\data\docs\140120260304575238.pdf (105.5KB)
[2026-03-05 21:40:52] [INFO] [DL] ダウンロード中: https://webapi.yanoshin.jp/rd.php?https://www.release.tdnet.info/inbs/081220260304575238.zip
[2026-03-05 21:40:52] [INFO] [DL] 保存完了: C:\Users\takuy\OneDrive\tdnet-excel-input\data\docs\081220260304575238.zip (18.9KB)
[2026-03-05 21:40:52] [INFO] [抽出] XBRL抽出を試行: C:\Users\takuy\OneDrive\tdnet-excel-input\data\docs\081220260304575238.zip
[2026-03-05 21:40:52] [INFO] [XBRL] 未知の財務タグ検出: ['tse-ed-t:ChangeInComprehensiveIncome', 'tse-ed-t:ChangeInNetIncome', 'tse-ed-t:ChangeInOperatingIncome', 'tse-ed-t:ChangeInOperatingRevenues', 'tse-ed-t:ChangeInOrdinaryIncome', 'tse-ed-t:ChangeInOrdinaryRevenuesBK', 'tse-ed-t:ChangeInProfitAttributableToOwnersOfParent', 'tse-ed-t:ComprehensiveIncome', 'tse-ed-t:DilutedNetIncomePerShare', 'tse-ed-t:NetIncome', 'tse-ed-t:NetIncomePerShare', 'tse-ed-t:OperatingRevenues', 'tse-ed-t:OrdinaryRevenuesBK', 'tse-ed-t:ProfitAttributableToOwnersOfParent']
[2026-03-05 21:40:52] [WARNING] [XBRL] ZIP内の全候補で抽出失敗: C:\Users\takuy\OneDrive\tdnet-excel-input\data\docs\081220260304575238.zip (最後のエラー: )
[2026-03-05 21:40:52] [INFO] [抽出] PDF抽出を試行: C:\Users\takuy\OneDrive\tdnet-excel-input\data\docs\140120260304575238.pdf
[2026-03-05 21:40:52] [WARNING] [INGEST] doc_id=0b6e94fa75b1e179 zip_hash=fe0a04b7be5efcc35b19fbc448e4fd35b4aa6ea1c5f626326b4f02db750c1b4f source_url=https://webapi.yanoshin.jp/rd.php?https://www.release.tdnet.info/inbs/140120260304575238.pdf status=extract_failed reason=売上高・営業利益ともに抽出できず
[2026-03-05 21:40:52] [INFO] [DL] ダウンロード中: https://webapi.yanoshin.jp/rd.php?https://www.release.tdnet.info/inbs/140120260304575235.pdf
[2026-03-05 21:40:53] [INFO] [DL] 保存完了: C:\Users\takuy\OneDrive\tdnet-excel-input\data\docs\140120260304575235.pdf (106.0KB)
[2026-03-05 21:40:53] [INFO] [DL] ダウンロード中: https://webapi.yanoshin.jp/rd.php?https://www.release.tdnet.info/inbs/081220260304575235.zip
[2026-03-05 21:40:53] [INFO] [DL] 保存完了: C:\Users\takuy\OneDrive\tdnet-excel-input\data\docs\081220260304575235.zip (16.8KB)
[2026-03-05 21:40:53] [INFO] [抽出] XBRL抽出を試行: C:\Users\takuy\OneDrive\tdnet-excel-input\data\docs\081220260304575235.zip
[2026-03-05 21:40:53] [INFO] [XBRL] 未知の財務タグ検出: ['tse-ed-t:ChangeInComprehensiveIncome', 'tse-ed-t:ChangeInOrdinaryIncome', 'tse-ed-t:ChangeInOrdinaryRevenuesBK', 'tse-ed-t:ChangeInProfitAttributableToOwnersOfParent', 'tse-ed-t:ComprehensiveIncome', 'tse-ed-t:DilutedNetIncomePerShare', 'tse-ed-t:NetIncomePerShare', 'tse-ed-t:OrdinaryRevenuesBK', 'tse-ed-t:ProfitAttributableToOwnersOfParent']
[2026-03-05 21:40:53] [WARNING] [XBRL] ZIP内の全候補で抽出失敗: C:\Users\takuy\OneDrive\tdnet-excel-input\data\docs\081220260304575235.zip (最後のエラー: )
[2026-03-05 21:40:53] [INFO] [抽出] PDF抽出を試行: C:\Users\takuy\OneDrive\tdnet-excel-input\data\docs\140120260304575235.pdf
[2026-03-05 21:40:53] [WARNING] [INGEST] doc_id=2fd62b4c58f805db zip_hash=2c27ff8a456c58cb7e4b78361ce473d96efcf11e67a1c017c77f43da5c5db64a source_url=https://webapi.yanoshin.jp/rd.php?https://www.release.tdnet.info/inbs/140120260304575235.pdf status=extract_failed reason=売上高・営業利益ともに抽出できず
[2026-03-05 21:40:53] [INFO] [DL] ダウンロード中: https://webapi.yanoshin.jp/rd.php?https://www.release.tdnet.info/inbs/140120260304575233.pdf
[2026-03-05 21:40:53] [INFO] [DL] 保存完了: C:\Users\takuy\OneDrive\tdnet-excel-input\data\docs\140120260304575233.pdf (158.6KB)
[2026-03-05 21:40:53] [INFO] [DL] ダウンロード中: https://webapi.yanoshin.jp/rd.php?https://www.release.tdnet.info/inbs/081220260304575233.zip
[2026-03-05 21:40:54] [INFO] [DL] 保存完了: C:\Users\takuy\OneDrive\tdnet-excel-input\data\docs\081220260304575233.zip (21.1KB)
[2026-03-05 21:40:54] [INFO] [抽出] XBRL抽出を試行: C:\Users\takuy\OneDrive\tdnet-excel-input\data\docs\081220260304575233.zip
[2026-03-05 21:40:54] [INFO] [XBRL] 未知の財務タグ検出: ['tse-ed-t:CashFlowsFromOperatingActivities', 'tse-ed-t:ChangeInComprehensiveIncome', 'tse-ed-t:ChangeInNetIncome', 'tse-ed-t:ChangeInOperatingIncome', 'tse-ed-t:ChangeInOperatingRevenues', 'tse-ed-t:ChangeInOrdinaryIncome', 'tse-ed-t:ChangeInOrdinaryRevenuesBK', 'tse-ed-t:ChangeInProfitAttributableToOwnersOfParent', 'tse-ed-t:ComprehensiveIncome', 'tse-ed-t:DilutedNetIncomePerShare', 'tse-ed-t:InvestmentProfitLossOnEquityMethod', 'tse-ed-t:NetIncome', 'tse-ed-t:NetIncomePerShare', 'tse-ed-t:NetIncomeToShareholdersEquityRatio', 'tse-ed-t:OperatingRevenues', 'tse-ed-t:OrdinaryIncomeToOrdinaryRevenuesRatioBK', 'tse-ed-t:OrdinaryIncomeToTotalAssetsRatio', 'tse-ed-t:OrdinaryRevenuesBK', 'tse-ed-t:ProfitAttributableToOwnersOfParent']
[2026-03-05 21:40:54] [WARNING] [XBRL] ZIP内の全候補で抽出失敗: C:\Users\takuy\OneDrive\tdnet-excel-input\data\docs\081220260304575233.zip (最後のエラー: )
[2026-03-05 21:40:54] [INFO] [抽出] PDF抽出を試行: C:\Users\takuy\OneDrive\tdnet-excel-input\data\docs\140120260304575233.pdf
[2026-03-05 21:40:54] [WARNING] [INGEST] doc_id=4657b4845994f877 zip_hash=121e0ac3e9248acd0862e5f9b517df30f4a7a49efb488f1e9754d04da888c036 source_url=https://webapi.yanoshin.jp/rd.php?https://www.release.tdnet.info/inbs/140120260304575233.pdf status=extract_failed reason=売上高・営業利益ともに抽出できず
[2026-03-05 21:40:54] [INFO] [DL] ダウンロード中: https://webapi.yanoshin.jp/rd.php?https://www.release.tdnet.info/inbs/140120260304575229.pdf
[2026-03-05 21:40:54] [INFO] [DL] 保存完了: C:\Users\takuy\OneDrive\tdnet-excel-input\data\docs\140120260304575229.pdf (106.1KB)
[2026-03-05 21:40:54] [INFO] [DL] ダウンロード中: https://webapi.yanoshin.jp/rd.php?https://www.release.tdnet.info/inbs/081220260304575229.zip
[2026-03-05 21:40:55] [INFO] [DL] 保存完了: C:\Users\takuy\OneDrive\tdnet-excel-input\data\docs\081220260304575229.zip (16.6KB)
[2026-03-05 21:40:55] [INFO] [抽出] XBRL抽出を試行: C:\Users\takuy\OneDrive\tdnet-excel-input\data\docs\081220260304575229.zip
[2026-03-05 21:40:55] [INFO] [XBRL] 未知の財務タグ検出: ['tse-ed-t:ChangeInComprehensiveIncome', 'tse-ed-t:ChangeInOrdinaryIncome', 'tse-ed-t:ChangeInOrdinaryRevenuesBK', 'tse-ed-t:ChangeInProfitAttributableToOwnersOfParent', 'tse-ed-t:ComprehensiveIncome', 'tse-ed-t:DilutedNetIncomePerShare', 'tse-ed-t:NetIncomePerShare', 'tse-ed-t:OrdinaryRevenuesBK', 'tse-ed-t:ProfitAttributableToOwnersOfParent']
[2026-03-05 21:40:55] [WARNING] [XBRL] ZIP内の全候補で抽出失敗: C:\Users\takuy\OneDrive\tdnet-excel-input\data\docs\081220260304575229.zip (最後のエラー: )
[2026-03-05 21:40:55] [INFO] [抽出] PDF抽出を試行: C:\Users\takuy\OneDrive\tdnet-excel-input\data\docs\140120260304575229.pdf
[2026-03-05 21:40:55] [WARNING] [INGEST] doc_id=21ddb913ba9c50f0 zip_hash=14a8c11a91997d621c23580ef41dc1d6251b85c24a7ff137cc35463af1f33127 source_url=https://webapi.yanoshin.jp/rd.php?https://www.release.tdnet.info/inbs/140120260304575229.pdf status=extract_failed reason=売上高・営業利益ともに抽出できず
[2026-03-05 21:40:55] [INFO] [DL] ダウンロード中: https://webapi.yanoshin.jp/rd.php?https://www.release.tdnet.info/inbs/140120260304575228.pdf
[2026-03-05 21:40:55] [INFO] [DL] 保存完了: C:\Users\takuy\OneDrive\tdnet-excel-input\data\docs\140120260304575228.pdf (103.2KB)
[2026-03-05 21:40:55] [INFO] [抽出] PDF抽出を試行: C:\Users\takuy\OneDrive\tdnet-excel-input\data\docs\140120260304575228.pdf
[2026-03-05 21:40:55] [WARNING] [INGEST] doc_id=fbd2bbae1c371cb4 zip_hash=f0a084da5ecc473c55acfbd31a897c1ca498910443a6bebd3e10040dc1f90db8 source_url=https://webapi.yanoshin.jp/rd.php?https://www.release.tdnet.info/inbs/140120260304575228.pdf status=extract_failed reason=売上高・営業利益ともに抽出できず
[2026-03-05 21:40:55] [INFO] [DL] ダウンロード中: https://webapi.yanoshin.jp/rd.php?https://www.release.tdnet.info/inbs/140120260304575225.pdf
[2026-03-05 21:40:55] [INFO] [DL] 保存完了: C:\Users\takuy\OneDrive\tdnet-excel-input\data\docs\140120260304575225.pdf (105.8KB)
[2026-03-05 21:40:55] [INFO] [DL] ダウンロード中: https://webapi.yanoshin.jp/rd.php?https://www.release.tdnet.info/inbs/081220260304575225.zip
[2026-03-05 21:40:56] [INFO] [DL] 保存完了: C:\Users\takuy\OneDrive\tdnet-excel-input\data\docs\081220260304575225.zip (16.9KB)
[2026-03-05 21:40:56] [INFO] [抽出] XBRL抽出を試行: C:\Users\takuy\OneDrive\tdnet-excel-input\data\docs\081220260304575225.zip
[2026-03-05 21:40:56] [INFO] [XBRL] 未知の財務タグ検出: ['tse-ed-t:ChangeInComprehensiveIncome', 'tse-ed-t:ChangeInOrdinaryIncome', 'tse-ed-t:ChangeInOrdinaryRevenuesBK', 'tse-ed-t:ChangeInProfitAttributableToOwnersOfParent', 'tse-ed-t:ComprehensiveIncome', 'tse-ed-t:DilutedNetIncomePerShare', 'tse-ed-t:NetIncomePerShare', 'tse-ed-t:OrdinaryRevenuesBK', 'tse-ed-t:ProfitAttributableToOwnersOfParent']
[2026-03-05 21:40:56] [WARNING] [XBRL] ZIP内の全候補で抽出失敗: C:\Users\takuy\OneDrive\tdnet-excel-input\data\docs\081220260304575225.zip (最後のエラー: )
[2026-03-05 21:40:56] [INFO] [抽出] PDF抽出を試行: C:\Users\takuy\OneDrive\tdnet-excel-input\data\docs\140120260304575225.pdf
[2026-03-05 21:40:56] [WARNING] [INGEST] doc_id=d51231c9079fad76 zip_hash=531ac27a307a5e4a1f11d5d465aa1847b3309ec98cd0364d799f82d03137ec8d source_url=https://webapi.yanoshin.jp/rd.php?https://www.release.tdnet.info/inbs/140120260304575225.pdf status=extract_failed reason=売上高・営業利益ともに抽出できず
[2026-03-05 21:40:56] [INFO] [DL] ダウンロード中: https://webapi.yanoshin.jp/rd.php?https://www.release.tdnet.info/inbs/140120260304575222.pdf
[2026-03-05 21:40:56] [INFO] [DL] 保存完了: C:\Users\takuy\OneDrive\tdnet-excel-input\data\docs\140120260304575222.pdf (148.0KB)
[2026-03-05 21:40:56] [INFO] [抽出] PDF抽出を試行: C:\Users\takuy\OneDrive\tdnet-excel-input\data\docs\140120260304575222.pdf
[2026-03-05 21:40:56] [WARNING] [INGEST] doc_id=f52cc3af88d307b4 zip_hash=593b5a2048ecb4265a1cd85dea079efab5e2f3d08711490a90046a8c0e2ac58d source_url=https://webapi.yanoshin.jp/rd.php?https://www.release.tdnet.info/inbs/140120260304575222.pdf status=extract_failed reason=売上高・営業利益ともに抽出できず
[2026-03-05 21:40:56] [INFO] [DL] ダウンロード中: https://webapi.yanoshin.jp/rd.php?https://www.release.tdnet.info/inbs/140120260305576810.pdf
[2026-03-05 21:40:57] [INFO] [DL] 保存完了: C:\Users\takuy\OneDrive\tdnet-excel-input\data\docs\140120260305576810.pdf (103.8KB)
[2026-03-05 21:40:57] [INFO] [抽出] PDF抽出を試行: C:\Users\takuy\OneDrive\tdnet-excel-input\data\docs\140120260305576810.pdf
[2026-03-05 21:40:57] [WARNING] [INGEST] doc_id=99c472f5fecbd5f5 zip_hash=37a0504ddaa4c84e92033e254a76d58ce970c51868a84d9f78cd30095efbe722 source_url=https://webapi.yanoshin.jp/rd.php?https://www.release.tdnet.info/inbs/140120260305576810.pdf status=extract_failed reason=売上高・営業利益ともに抽出できず
[2026-03-05 21:40:57] [INFO] [DL] ダウンロード中: https://webapi.yanoshin.jp/rd.php?https://www.release.tdnet.info/inbs/140120260305576539.pdf
[2026-03-05 21:40:57] [INFO] [DL] 保存完了: C:\Users\takuy\OneDrive\tdnet-excel-input\data\docs\140120260305576539.pdf (369.6KB)
[2026-03-05 21:40:57] [INFO] [抽出] PDF抽出を試行: C:\Users\takuy\OneDrive\tdnet-excel-input\data\docs\140120260305576539.pdf
[2026-03-05 21:40:57] [WARNING] [INGEST] doc_id=6dc4c048dbd33c6b zip_hash=5e3304cad1669466184f84b49472ed335ab70eb4f97bbde8810da9fd5f7f0516 source_url=https://webapi.yanoshin.jp/rd.php?https://www.release.tdnet.info/inbs/140120260305576539.pdf status=extract_failed reason=売上高・営業利益ともに抽出できず
[2026-03-05 21:40:57] [INFO] [DL] ダウンロード中: https://webapi.yanoshin.jp/rd.php?https://www.release.tdnet.info/inbs/140120260305576548.pdf
[2026-03-05 21:40:58] [INFO] [DL] 保存完了: C:\Users\takuy\OneDrive\tdnet-excel-input\data\docs\140120260305576548.pdf (371.6KB)
[2026-03-05 21:40:58] [INFO] [抽出] PDF抽出を試行: C:\Users\takuy\OneDrive\tdnet-excel-input\data\docs\140120260305576548.pdf
[2026-03-05 21:40:58] [WARNING] [INGEST] doc_id=df1c5c64adfbf13e zip_hash=7bc3675d19c76dedcfc97e2997c80ec9915a3328dd35570a34c1449254c69a34 source_url=https://webapi.yanoshin.jp/rd.php?https://www.release.tdnet.info/inbs/140120260305576548.pdf status=extract_failed reason=売上高・営業利益ともに抽出できず
[2026-03-05 21:40:58] [INFO] [DL] ダウンロード中: https://webapi.yanoshin.jp/rd.php?https://www.release.tdnet.info/inbs/140120260305576553.pdf
[2026-03-05 21:40:59] [INFO] [DL] 保存完了: C:\Users\takuy\OneDrive\tdnet-excel-input\data\docs\140120260305576553.pdf (370.8KB)
[2026-03-05 21:40:59] [INFO] [抽出] PDF抽出を試行: C:\Users\takuy\OneDrive\tdnet-excel-input\data\docs\140120260305576553.pdf
[2026-03-05 21:40:59] [WARNING] [INGEST] doc_id=11d5db54cd9dfc77 zip_hash=575652fa38ed1f031cb076f42a74ef91b7e59772e9bfbbb2c37b50b5d23734e7 source_url=https://webapi.yanoshin.jp/rd.php?https://www.release.tdnet.info/inbs/140120260305576553.pdf status=extract_failed reason=売上高・営業利益ともに抽出できず
[2026-03-05 21:40:59] [INFO] [DL] ダウンロード中: https://webapi.yanoshin.jp/rd.php?https://www.release.tdnet.info/inbs/140120260305576541.pdf
[2026-03-05 21:40:59] [INFO] [DL] 保存完了: C:\Users\takuy\OneDrive\tdnet-excel-input\data\docs\140120260305576541.pdf (372.0KB)
[2026-03-05 21:40:59] [INFO] [抽出] PDF抽出を試行: C:\Users\takuy\OneDrive\tdnet-excel-input\data\docs\140120260305576541.pdf
[2026-03-05 21:41:00] [WARNING] [INGEST] doc_id=c70fea3f3174b0bd zip_hash=a8af859cacdf2b83a15241d6f006ea3254a3797f4d4a03efff9bb8e8d581d810 source_url=https://webapi.yanoshin.jp/rd.php?https://www.release.tdnet.info/inbs/140120260305576541.pdf status=extract_failed reason=売上高・営業利益ともに抽出できず
[2026-03-05 21:41:00] [INFO] [DL] ダウンロード中: https://webapi.yanoshin.jp/rd.php?https://www.release.tdnet.info/inbs/140120260305576546.pdf
[2026-03-05 21:41:00] [INFO] [DL] 保存完了: C:\Users\takuy\OneDrive\tdnet-excel-input\data\docs\140120260305576546.pdf (373.5KB)
[2026-03-05 21:41:00] [INFO] [抽出] PDF抽出を試行: C:\Users\takuy\OneDrive\tdnet-excel-input\data\docs\140120260305576546.pdf
[2026-03-05 21:41:00] [WARNING] [INGEST] doc_id=ae2edd62478715f7 zip_hash=a658ab4625914f08bb4e232436fdb1b9c9bac6bb988f37cafc4845fe94357581 source_url=https://webapi.yanoshin.jp/rd.php?https://www.release.tdnet.info/inbs/140120260305576546.pdf status=extract_failed reason=売上高・営業利益ともに抽出できず
[2026-03-05 21:41:00] [INFO] [DL] ダウンロード中: https://webapi.yanoshin.jp/rd.php?https://www.release.tdnet.info/inbs/140120260305576564.pdf
[2026-03-05 21:41:01] [INFO] [DL] 保存完了: C:\Users\takuy\OneDrive\tdnet-excel-input\data\docs\140120260305576564.pdf (400.7KB)
[2026-03-05 21:41:01] [INFO] [抽出] PDF抽出を試行: C:\Users\takuy\OneDrive\tdnet-excel-input\data\docs\140120260305576564.pdf
[2026-03-05 21:41:01] [WARNING] [INGEST] doc_id=368b21a83cf3a62c zip_hash=d5f3346d01750bb5d2c786c71b5c6edc3b5714752afec0eeeeca4911c146de77 source_url=https://webapi.yanoshin.jp/rd.php?https://www.release.tdnet.info/inbs/140120260305576564.pdf status=extract_failed reason=売上高・営業利益ともに抽出できず
[2026-03-05 21:41:01] [INFO] [DL] ダウンロード中: https://webapi.yanoshin.jp/rd.php?https://www.release.tdnet.info/inbs/140120260305576567.pdf
[2026-03-05 21:41:02] [INFO] [DL] 保存完了: C:\Users\takuy\OneDrive\tdnet-excel-input\data\docs\140120260305576567.pdf (394.5KB)
[2026-03-05 21:41:02] [INFO] [抽出] PDF抽出を試行: C:\Users\takuy\OneDrive\tdnet-excel-input\data\docs\140120260305576567.pdf
[2026-03-05 21:41:02] [WARNING] [INGEST] doc_id=dd2a1ee3d74b6e6f zip_hash=6dbbca6583191860084ca1367d3f36a74888406b16bac32b8523a4d211b20c0a source_url=https://webapi.yanoshin.jp/rd.php?https://www.release.tdnet.info/inbs/140120260305576567.pdf status=extract_failed reason=売上高・営業利益ともに抽出できず
[2026-03-05 21:41:02] [INFO] [DL] ダウンロード中: https://webapi.yanoshin.jp/rd.php?https://www.release.tdnet.info/inbs/140120260305576559.pdf
[2026-03-05 21:41:02] [INFO] [DL] 保存完了: C:\Users\takuy\OneDrive\tdnet-excel-input\data\docs\140120260305576559.pdf (372.6KB)
[2026-03-05 21:41:03] [INFO] [抽出] PDF抽出を試行: C:\Users\takuy\OneDrive\tdnet-excel-input\data\docs\140120260305576559.pdf
[2026-03-05 21:41:03] [WARNING] [INGEST] doc_id=4ab590f984a64582 zip_hash=07df2be4029e753543d2700369e56d2d4a5a975e09a6fcc70f902ad25925fa08 source_url=https://webapi.yanoshin.jp/rd.php?https://www.release.tdnet.info/inbs/140120260305576559.pdf status=extract_failed reason=売上高・営業利益ともに抽出できず
[2026-03-05 21:41:03] [INFO] [DL] ダウンロード中: https://webapi.yanoshin.jp/rd.php?https://www.release.tdnet.info/inbs/140120260304576008.pdf
[2026-03-05 21:41:03] [INFO] [DL] 保存完了: C:\Users\takuy\OneDrive\tdnet-excel-input\data\docs\140120260304576008.pdf (644.8KB)
[2026-03-05 21:41:03] [INFO] [DL] ダウンロード中: https://webapi.yanoshin.jp/rd.php?https://www.release.tdnet.info/inbs/081220260304576008.zip
[2026-03-05 21:41:03] [INFO] [DL] 保存完了: C:\Users\takuy\OneDrive\tdnet-excel-input\data\docs\081220260304576008.zip (123.1KB)
[2026-03-05 21:41:04] [INFO] [抽出] XBRL抽出を試行: C:\Users\takuy\OneDrive\tdnet-excel-input\data\docs\081220260304576008.zip
[2026-03-05 21:41:04] [INFO] [XBRL] 未知の財務タグ検出: ['tse-ed-t:CashFlowsFromOperatingActivities', 'tse-ed-t:ChangeInComprehensiveIncome', 'tse-ed-t:ChangeInNetIncome', 'tse-ed-t:ChangeInNetSales', 'tse-ed-t:ChangeInOperatingIncome', 'tse-ed-t:ChangeInOrdinaryIncome', 'tse-ed-t:ChangeInProfitAttributableToOwnersOfParent', 'tse-ed-t:ComprehensiveIncome', 'tse-ed-t:DilutedNetIncomePerShare', 'tse-ed-t:InvestmentProfitLossOnEquityMethod', 'tse-ed-t:NetIncome', 'tse-ed-t:NetIncomePerShare', 'tse-ed-t:NetIncomeToShareholdersEquityRatio', 'tse-ed-t:OperatingIncomeToNetSalesRatio', 'tse-ed-t:OrdinaryIncomeToTotalAssetsRatio', 'tse-ed-t:ProfitAttributableToOwnersOfParent']
[2026-03-05 21:41:04] [INFO] [XBRL] ZIP内ファイルから抽出成功: XBRLData/Summary/tse-acedjpsm-75900-20260305375900-ixbrl.htm
[2026-03-05 21:41:04] [INFO] [抽出] XBRL抽出成功: sales=20246000000, op=218000000
[2026-03-05 21:41:04] [INFO] [INGEST] doc_id=52c4ddf5b8a757f7 zip_hash=689f05993bca9a185acfac3491664b28ba28bca5067ba5c6ef50af60e57f38ad status=success 759 2026-01-31 4Q sales=20246000000 gp=None op=218000000
[2026-03-05 21:41:06] [INFO] [INGEST] run=ingest-1d3de6e1 processed=19 success=1 skipped=0 error=18 (tanshin=19)
============================================================
  結果サマリ
============================================================
  run_id          : ingest-1d3de6e1
  取得開示数      : 26
  対象(決算短信)  : 19
  処理件数        : 19
  INSERT          : 1
  UPDATE          : 0
  変更なし        : 0
  成功            : 1
  スキップ        : 0
  エラー          : 18
  失敗コード      : 7173, 7173, 7173, 7173, 7173, 7173, 7173, 7173, 7173, 7173, 1322, 1547, 1554, 168, 1681, 2239, 224, 2521

[個別結果]
  [!] error      | 抽出失敗: 売上高・営業利益ともに抽出できず
  [!] error      | 抽出失敗: 売上高・営業利益ともに抽出できず
  [!] error      | 抽出失敗: 売上高・営業利益ともに抽出できず
  [!] error      | 抽出失敗: 売上高・営業利益ともに抽出できず
  [!] error      | 抽出失敗: 売上高・営業利益ともに抽出できず
  [!] error      | 抽出失敗: 売上高・営業利益ともに抽出できず
  [!] error      | 抽出失敗: 売上高・営業利益ともに抽出できず
  [!] error      | 抽出失敗: 売上高・営業利益ともに抽出できず
  [!] error      | 抽出失敗: 売上高・営業利益ともに抽出できず
  [!] error      | 抽出失敗: 売上高・営業利益ともに抽出できず
  [!] error      | 抽出失敗: 売上高・営業利益ともに抽出できず
  [!] error      | 抽出失敗: 売上高・営業利益ともに抽出できず
  [!] error      | 抽出失敗: 売上高・営業利益ともに抽出できず
  [!] error      | 抽出失敗: 売上高・営業利益ともに抽出できず
  [!] error      | 抽出失敗: 売上高・営業利益ともに抽出できず
  [!] error      | 抽出失敗: 売上高・営業利益ともに抽出できず
  [!] error      | 抽出失敗: 売上高・営業利益ともに抽出できず
  [!] error      | 抽出失敗: 売上高・営業利益ともに抽出できず
  [+] inserted   | 759 2026-01-31 4Q sales=20246000000 gp=None op=218000000

[TICKERS] 1 items -> C:\Users\takuy\OneDrive\tdnet-excel-input\logs\last_ingested_items.json
[Step 2/8] SQLite to Supabase push... 
[21:41:07] [PUSH] SQLite総行数: 91633, 今回対象: 91633 件
[21:41:07] [Phase 1/4] companies 一括 upsert...
[21:41:08]   → 2759 社 完了 (1.6秒)
[21:41:08] [Phase 2/4] periods 一括 upsert...
[21:41:30]   → 91633 期間 完了 (22.9秒)
[21:41:30] [Phase 3/4] disclosures 一括 upsert...
[21:41:30]   対象 disclosure: 91633 件
[21:41:50]   既存 disclosure: 183265 件
[21:41:50]   新規 insert: 1 件
[21:41:50]   → 183266 disclosure 完了 (43.4秒)
[21:41:50] [Phase 4/4] facts 一括 upsert (batch=500, offset=0)...
[21:41:51]   batch 1: 226/91633 (0.2%) facts=500 sanitized=0 経過=44秒 残り≈17782秒
[21:41:51]   batch 2: 477/91633 (0.5%) facts=1002 sanitized=0 経過=44秒 残り≈8457秒
[21:41:51]   batch 3: 709/91633 (0.8%) facts=1503 sanitized=0 経過=45秒 残り≈5748秒
[21:41:52]   batch 4: 959/91633 (1.0%) facts=2005 sanitized=0 経過=45秒 残り≈4267秒
[21:41:52]   batch 5: 1188/91633 (1.3%) facts=2505 sanitized=0 経過=45秒 残り≈3463秒
[21:41:52]   batch 6: 1439/91633 (1.6%) facts=3006 sanitized=0 経過=46秒 残り≈2875秒
[21:41:53]   batch 7: 1668/91633 (1.8%) facts=3507 sanitized=0 経過=46秒 残り≈2494秒
[21:41:53]   batch 8: 1909/91633 (2.1%) facts=4007 sanitized=0 経過=47秒 残り≈2187秒
[21:41:53]   batch 9: 2144/91633 (2.3%) facts=4507 sanitized=0 経過=47秒 残り≈1953秒
[21:41:54]   batch 10: 2370/91633 (2.6%) facts=5007 sanitized=0 経過=47秒 残り≈1772秒
[21:41:54]   batch 11: 2626/91633 (2.9%) facts=5509 sanitized=0 経過=47秒 残り≈1603秒
[21:41:54]   batch 12: 2863/91633 (3.1%) facts=6011 sanitized=0 経過=48秒 残り≈1475秒
[21:41:55]   batch 13: 3129/91633 (3.4%) facts=6512 sanitized=0 経過=48秒 残り≈1354秒
[21:41:55]   batch 14: 3375/91633 (3.7%) facts=7014 sanitized=0 経過=48秒 残り≈1258秒
[21:41:55]   batch 15: 3638/91633 (4.0%) facts=7514 sanitized=0 経過=48秒 残り≈1170秒
[21:41:55]   batch 16: 3884/91633 (4.2%) facts=8015 sanitized=0 経過=49秒 残り≈1099秒
[21:41:55]   batch 17: 4134/91633 (4.5%) facts=8517 sanitized=0 経過=49秒 残り≈1034秒
[21:41:56]   batch 18: 4384/91633 (4.8%) facts=9017 sanitized=0 経過=49秒 残り≈977秒
[21:41:56]   batch 19: 4621/91633 (5.0%) facts=9518 sanitized=0 経過=49秒 残り≈928秒
[21:41:56]   batch 20: 4871/91633 (5.3%) facts=10020 sanitized=0 経過=49秒 残り≈882秒
[21:41:56]   batch 21: 5095/91633 (5.6%) facts=10521 sanitized=0 経過=50秒 残り≈845秒
[21:41:57]   batch 22: 5353/91633 (5.8%) facts=11021 sanitized=0 経過=50秒 残り≈805秒
[21:41:57]   batch 23: 5611/91633 (6.1%) facts=11523 sanitized=0 経過=50秒 残り≈770秒
[21:41:57]   batch 24: 5843/91633 (6.4%) facts=12024 sanitized=0 経過=50秒 残り≈740秒
[21:41:57]   batch 25: 6114/91633 (6.7%) facts=12526 sanitized=0 経過=51秒 残り≈708秒
[21:41:57]   batch 26: 6350/91633 (6.9%) facts=13028 sanitized=0 経過=51秒 残り≈683秒
[21:41:58]   batch 27: 6589/91633 (7.2%) facts=13530 sanitized=0 経過=51秒 残り≈660秒
[21:41:58]   batch 28: 6851/91633 (7.5%) facts=14030 sanitized=0 経過=51秒 残り≈635秒
[21:41:58]   batch 29: 7104/91633 (7.8%) facts=14531 sanitized=0 経過=52秒 残り≈613秒
[21:41:58]   batch 30: 7345/91633 (8.0%) facts=15033 sanitized=0 経過=52秒 残り≈593秒
[21:41:58]   batch 31: 7595/91633 (8.3%) facts=15535 sanitized=0 経過=52秒 残り≈574秒
[21:41:59]   batch 32: 7841/91633 (8.6%) facts=16037 sanitized=0 経過=52秒 残り≈556秒
[21:41:59]   batch 33: 8093/91633 (8.8%) facts=16537 sanitized=0 経過=52秒 残り≈539秒
[21:41:59]   batch 34: 8328/91633 (9.1%) facts=17038 sanitized=0 経過=52秒 残り≈524秒
[21:41:59]   batch 35: 8579/91633 (9.4%) facts=17538 sanitized=0 経過=53秒 残り≈509秒
[21:41:59]   batch 36: 8802/91633 (9.6%) facts=18038 sanitized=0 経過=53秒 残り≈496秒
[21:42:00]   batch 37: 9024/91633 (9.8%) facts=18538 sanitized=0 経過=53秒 残り≈485秒
[21:42:00]   batch 38: 9252/91633 (10.1%) facts=19038 sanitized=0 経過=53秒 残り≈473秒
[21:42:00]   batch 39: 9500/91633 (10.4%) facts=19540 sanitized=0 経過=53秒 残り≈461秒
[21:42:00]   batch 40: 9736/91633 (10.6%) facts=20040 sanitized=0 経過=54秒 残り≈450秒
[21:42:00]   batch 41: 9976/91633 (10.9%) facts=20542 sanitized=0 経過=54秒 残り≈439秒
[21:42:00]   batch 42: 10242/91633 (11.2%) facts=21042 sanitized=0 経過=54秒 残り≈428秒
[21:42:01]   batch 43: 10529/91633 (11.5%) facts=21543 sanitized=0 経過=54秒 残り≈416秒
[21:42:01]   batch 44: 10826/91633 (11.8%) facts=22043 sanitized=0 経過=54秒 残り≈404秒
[21:42:01]   batch 45: 11183/91633 (12.2%) facts=22543 sanitized=0 経過=54秒 残り≈391秒
[21:42:01]   batch 46: 11461/91633 (12.5%) facts=23043 sanitized=0 経過=55秒 残り≈381秒
[21:42:01]   batch 47: 11691/91633 (12.8%) facts=23545 sanitized=0 経過=55秒 残り≈374秒
[21:42:01]   batch 48: 11963/91633 (13.1%) facts=24045 sanitized=0 経過=55秒 残り≈365秒
[21:42:02]   batch 49: 12232/91633 (13.3%) facts=24546 sanitized=0 経過=55秒 残り≈357秒
[21:42:02]   batch 50: 12468/91633 (13.6%) facts=25047 sanitized=0 経過=55秒 残り≈351秒
[21:42:02]   batch 51: 12691/91633 (13.8%) facts=25548 sanitized=0 経過=55秒 残り≈344秒
[21:42:02]   batch 52: 12933/91633 (14.1%) facts=26050 sanitized=0 経過=56秒 残り≈338秒
[21:42:02]   batch 53: 13186/91633 (14.4%) facts=26550 sanitized=0 経過=56秒 残り≈331秒
[21:42:02]   batch 54: 13413/91633 (14.6%) facts=27050 sanitized=0 経過=56秒 残り≈325秒
[21:42:03]   batch 55: 13645/91633 (14.9%) facts=27550 sanitized=0 経過=56秒 残り≈320秒
[21:42:03]   batch 56: 13902/91633 (15.2%) facts=28052 sanitized=0 経過=56秒 残り≈314秒
[21:42:03]   batch 57: 14163/91633 (15.5%) facts=28554 sanitized=0 経過=56秒 残り≈308秒
[21:42:03]   batch 58: 14394/91633 (15.7%) facts=29055 sanitized=0 経過=56秒 残り≈303秒
[21:42:03]   batch 59: 14632/91633 (16.0%) facts=29556 sanitized=0 経過=57秒 残り≈298秒
[21:42:03]   batch 60: 14860/91633 (16.2%) facts=30057 sanitized=0 経過=57秒 残り≈293秒
[21:42:03] [SANITIZE] 元値が10^16超 (5.40e+303): col=operating_profit val=5.4e+303 ticker=46850 fye=2028-03-31 Q=2Q
[21:42:04]   batch 61: 15079/91633 (16.5%) facts=30557 sanitized=1 経過=57秒 残り≈289秒
[21:42:04]   batch 62: 15308/91633 (16.7%) facts=31057 sanitized=1 経過=57秒 残り≈285秒
[21:42:04]   batch 63: 15538/91633 (17.0%) facts=31557 sanitized=1 経過=57秒 残り≈280秒
[21:42:04]   batch 64: 15781/91633 (17.2%) facts=32059 sanitized=1 経過=57秒 残り≈276秒
[21:42:04]   batch 65: 16031/91633 (17.5%) facts=32559 sanitized=1 経過=58秒 残り≈272秒
[21:42:04]   batch 66: 16246/91633 (17.7%) facts=33059 sanitized=1 経過=58秒 残り≈268秒
[21:42:05]   batch 67: 16482/91633 (18.0%) facts=33560 sanitized=1 経過=58秒 残り≈264秒
[21:42:05]   batch 68: 16726/91633 (18.3%) facts=34060 sanitized=1 経過=58秒 残り≈260秒
[21:42:05]   batch 69: 16952/91633 (18.5%) facts=34560 sanitized=1 経過=58秒 残り≈256秒
[21:42:05]   batch 70: 17198/91633 (18.8%) facts=35060 sanitized=1 経過=58秒 残り≈253秒
[21:42:05]   batch 71: 17433/91633 (19.0%) facts=35561 sanitized=1 経過=59秒 残り≈249秒
[21:42:05]   batch 72: 17643/91633 (19.3%) facts=36063 sanitized=1 経過=59秒 残り≈246秒
[21:42:06]   batch 73: 17871/91633 (19.5%) facts=36565 sanitized=1 経過=59秒 残り≈243秒
[21:42:06]   batch 74: 18091/91633 (19.7%) facts=37066 sanitized=1 経過=59秒 残り≈240秒
[21:42:06]   batch 75: 18339/91633 (20.0%) facts=37567 sanitized=1 経過=59秒 残り≈237秒
[21:42:06]   batch 76: 18586/91633 (20.3%) facts=38069 sanitized=1 経過=59秒 残り≈233秒
[21:42:06]   batch 77: 18841/91633 (20.6%) facts=38571 sanitized=1 経過=59秒 残り≈230秒
[21:42:06]   batch 78: 19106/91633 (20.9%) facts=39073 sanitized=1 経過=60秒 残り≈226秒
[21:42:06]   batch 79: 19341/91633 (21.1%) facts=39573 sanitized=1 経過=60秒 残り≈223秒
[21:42:07]   batch 80: 19572/91633 (21.4%) facts=40075 sanitized=1 経過=60秒 残り≈220秒
[21:42:07]   batch 81: 19836/91633 (21.6%) facts=40575 sanitized=1 経過=60秒 残り≈217秒
[21:42:07]   batch 82: 20078/91633 (21.9%) facts=41076 sanitized=1 経過=60秒 残り≈215秒
[21:42:07]   batch 83: 20331/91633 (22.2%) facts=41578 sanitized=1 経過=60秒 残り≈212秒
[21:42:07]   batch 84: 20569/91633 (22.4%) facts=42079 sanitized=1 経過=61秒 残り≈209秒
[21:42:07]   batch 85: 20845/91633 (22.7%) facts=42579 sanitized=1 経過=61秒 残り≈206秒
[21:42:08]   batch 86: 21071/91633 (23.0%) facts=43081 sanitized=1 経過=61秒 残り≈204秒
[21:42:08]   batch 87: 21320/91633 (23.3%) facts=43581 sanitized=1 経過=61秒 残り≈201秒
[21:42:08]   batch 88: 21610/91633 (23.6%) facts=44083 sanitized=1 経過=61秒 残り≈198秒
[21:42:08]   batch 89: 21846/91633 (23.8%) facts=44583 sanitized=1 経過=61秒 残り≈196秒
[21:42:08]   batch 90: 22075/91633 (24.1%) facts=45083 sanitized=1 経過=62秒 残り≈194秒
[21:42:08]   batch 91: 22295/91633 (24.3%) facts=45585 sanitized=1 経過=62秒 残り≈192秒
[21:42:09]   batch 92: 22540/91633 (24.6%) facts=46086 sanitized=1 経過=62秒 残り≈190秒
[21:42:09]   batch 93: 22782/91633 (24.9%) facts=46587 sanitized=1 経過=62秒 残り≈188秒
[21:42:09]   batch 94: 23022/91633 (25.1%) facts=47089 sanitized=1 経過=62秒 残り≈186秒
[21:42:09]   batch 95: 23276/91633 (25.4%) facts=47589 sanitized=1 経過=63秒 残り≈184秒
[21:42:09]   batch 96: 23514/91633 (25.7%) facts=48090 sanitized=1 経過=63秒 残り≈182秒
[21:42:10]   batch 97: 23763/91633 (25.9%) facts=48592 sanitized=1 経過=63秒 残り≈180秒
[21:42:10]   batch 98: 24012/91633 (26.2%) facts=49093 sanitized=1 経過=63秒 残り≈178秒
[21:42:10]   batch 99: 24252/91633 (26.5%) facts=49594 sanitized=1 経過=64秒 残り≈177秒
[21:42:10]   batch 100: 24523/91633 (26.8%) facts=50096 sanitized=1 経過=64秒 残り≈174秒
[21:42:11]   batch 101: 24745/91633 (27.0%) facts=50598 sanitized=1 経過=64秒 残り≈173秒
[21:42:11]   batch 102: 24959/91633 (27.2%) facts=51099 sanitized=1 経過=64秒 残り≈171秒
[21:42:11]   batch 103: 25195/91633 (27.5%) facts=51601 sanitized=1 経過=64秒 残り≈170秒
[21:42:11]   batch 104: 25440/91633 (27.8%) facts=52102 sanitized=1 経過=64秒 残り≈168秒
[21:42:11]   batch 105: 25667/91633 (28.0%) facts=52604 sanitized=1 経過=65秒 残り≈166秒
[21:42:12]   batch 106: 25927/91633 (28.3%) facts=53105 sanitized=1 経過=65秒 残り≈165秒
[21:42:12]   batch 107: 26181/91633 (28.6%) facts=53605 sanitized=1 経過=65秒 残り≈163秒
[21:42:12]   batch 108: 26431/91633 (28.8%) facts=54105 sanitized=1 経過=65秒 残り≈161秒
[21:42:12]   batch 109: 26671/91633 (29.1%) facts=54607 sanitized=1 経過=66秒 残り≈160秒
[21:42:13]   batch 110: 26917/91633 (29.4%) facts=55107 sanitized=1 経過=66秒 残り≈158秒
[21:42:13]   batch 111: 27158/91633 (29.6%) facts=55607 sanitized=1 経過=66秒 残り≈157秒
[21:42:13]   batch 112: 27391/91633 (29.9%) facts=56107 sanitized=1 経過=66秒 残り≈156秒
[21:42:13]   batch 113: 27667/91633 (30.2%) facts=56609 sanitized=1 経過=67秒 残り≈154秒
[21:42:13]   batch 114: 27911/91633 (30.5%) facts=57111 sanitized=1 経過=67秒 残り≈152秒
[21:42:14]   batch 115: 28150/91633 (30.7%) facts=57612 sanitized=1 経過=67秒 残り≈151秒
[21:42:14]   batch 116: 28401/91633 (31.0%) facts=58112 sanitized=1 経過=67秒 残り≈149秒
[21:42:14]   batch 117: 28632/91633 (31.2%) facts=58612 sanitized=1 経過=67秒 残り≈148秒
[21:42:14]   batch 118: 28869/91633 (31.5%) facts=59113 sanitized=1 経過=67秒 残り≈147秒
[21:42:14]   batch 119: 29100/91633 (31.8%) facts=59613 sanitized=1 経過=68秒 残り≈145秒
[21:42:14]   batch 120: 29323/91633 (32.0%) facts=60115 sanitized=1 経過=68秒 残り≈144秒
[21:42:15]   batch 121: 29609/91633 (32.3%) facts=60616 sanitized=1 経過=68秒 残り≈142秒
[21:42:15]   batch 122: 29837/91633 (32.6%) facts=61116 sanitized=1 経過=68秒 残り≈141秒
[21:42:15]   batch 123: 30067/91633 (32.8%) facts=61616 sanitized=1 経過=68秒 残り≈140秒
[21:42:15]   batch 124: 30323/91633 (33.1%) facts=62117 sanitized=1 経過=68秒 残り≈138秒
[21:42:15]   batch 125: 30554/91633 (33.3%) facts=62618 sanitized=1 経過=68秒 残り≈137秒
[21:42:15]   batch 126: 30784/91633 (33.6%) facts=63118 sanitized=1 経過=69秒 残り≈136秒
[21:42:15]   batch 127: 31018/91633 (33.9%) facts=63620 sanitized=1 経過=69秒 残り≈134秒
[21:42:16]   batch 128: 31250/91633 (34.1%) facts=64122 sanitized=1 経過=69秒 残り≈133秒
[21:42:16]   batch 129: 31491/91633 (34.4%) facts=64624 sanitized=1 経過=69秒 残り≈132秒
[21:42:16]   batch 130: 31722/91633 (34.6%) facts=65126 sanitized=1 経過=69秒 残り≈131秒
[21:42:16]   batch 131: 31943/91633 (34.9%) facts=65626 sanitized=1 経過=69秒 残り≈130秒
[21:42:16]   batch 132: 32184/91633 (35.1%) facts=66126 sanitized=1 経過=69秒 残り≈128秒
[21:42:16]   batch 133: 32427/91633 (35.4%) facts=66627 sanitized=1 経過=70秒 残り≈127秒
[21:42:16]   batch 134: 32659/91633 (35.6%) facts=67129 sanitized=1 経過=70秒 残り≈126秒
[21:42:17]   batch 135: 32901/91633 (35.9%) facts=67631 sanitized=1 経過=70秒 残り≈125秒
[21:42:17]   batch 136: 33130/91633 (36.2%) facts=68131 sanitized=1 経過=70秒 残り≈124秒
[21:42:18]   batch 137: 33374/91633 (36.4%) facts=68632 sanitized=1 経過=71秒 残り≈124秒
[21:42:18]   batch 138: 33624/91633 (36.7%) facts=69133 sanitized=1 経過=71秒 残り≈123秒
[21:42:18]   batch 139: 33863/91633 (37.0%) facts=69634 sanitized=1 経過=72秒 残り≈122秒
[21:42:18]   batch 140: 34121/91633 (37.2%) facts=70134 sanitized=1 経過=72秒 残り≈121秒
[21:42:19]   batch 141: 34405/91633 (37.5%) facts=70634 sanitized=1 経過=72秒 残り≈120秒
[21:42:19]   batch 142: 34645/91633 (37.8%) facts=71136 sanitized=1 経過=72秒 残り≈119秒
[21:42:19]   batch 143: 34876/91633 (38.1%) facts=71636 sanitized=1 経過=72秒 残り≈118秒
[21:42:19]   batch 144: 35152/91633 (38.4%) facts=72137 sanitized=1 経過=73秒 残り≈117秒
[21:42:19]   batch 145: 35405/91633 (38.6%) facts=72639 sanitized=1 経過=73秒 残り≈116秒
[21:42:20]   batch 146: 35636/91633 (38.9%) facts=73139 sanitized=1 経過=73秒 残り≈115秒
[21:42:20]   batch 147: 35913/91633 (39.2%) facts=73640 sanitized=1 経過=73秒 残り≈113秒
[21:42:20]   batch 148: 36185/91633 (39.5%) facts=74140 sanitized=1 経過=73秒 残り≈112秒
[21:42:20]   batch 149: 36466/91633 (39.8%) facts=74642 sanitized=1 経過=73秒 残り≈111秒
[21:42:20]   batch 150: 36701/91633 (40.1%) facts=75143 sanitized=1 経過=74秒 残り≈110秒
[21:42:20]   batch 151: 36957/91633 (40.3%) facts=75645 sanitized=1 経過=74秒 残り≈109秒
[21:42:21]   batch 152: 37192/91633 (40.6%) facts=76147 sanitized=1 経過=74秒 残り≈108秒
[21:42:21]   batch 153: 37460/91633 (40.9%) facts=76647 sanitized=1 経過=74秒 残り≈107秒
[21:42:21]   batch 154: 37715/91633 (41.2%) facts=77148 sanitized=1 経過=74秒 残り≈106秒
[21:42:21]   batch 155: 37947/91633 (41.4%) facts=77650 sanitized=1 経過=75秒 残り≈106秒
[21:42:21]   batch 156: 38216/91633 (41.7%) facts=78151 sanitized=1 経過=75秒 残り≈104秒
[21:42:22]   batch 157: 38438/91633 (41.9%) facts=78652 sanitized=1 経過=75秒 残り≈104秒
[21:42:22]   batch 158: 38661/91633 (42.2%) facts=79153 sanitized=1 経過=75秒 残り≈103秒
[21:42:22]   batch 159: 38907/91633 (42.5%) facts=79654 sanitized=1 経過=75秒 残り≈102秒
[21:42:22]   batch 160: 39125/91633 (42.7%) facts=80155 sanitized=1 経過=75秒 残り≈101秒
[21:42:22]   batch 161: 39365/91633 (43.0%) facts=80655 sanitized=1 経過=76秒 残り≈100秒
[21:42:22]   batch 162: 39670/91633 (43.3%) facts=81157 sanitized=1 経過=76秒 残り≈99秒
[21:42:23]   batch 163: 39923/91633 (43.6%) facts=81658 sanitized=1 経過=76秒 残り≈98秒
[21:42:23]   batch 164: 40199/91633 (43.9%) facts=82159 sanitized=1 経過=76秒 残り≈97秒
[21:42:23]   batch 165: 40468/91633 (44.2%) facts=82659 sanitized=1 経過=76秒 残り≈96秒
[21:42:23]   batch 166: 40718/91633 (44.4%) facts=83160 sanitized=1 経過=76秒 残り≈96秒
[21:42:23]   batch 167: 40949/91633 (44.7%) facts=83661 sanitized=1 経過=77秒 残り≈95秒
[21:42:23]   batch 168: 41201/91633 (45.0%) facts=84163 sanitized=1 経過=77秒 残り≈94秒
[21:42:24]   batch 169: 41453/91633 (45.2%) facts=84663 sanitized=1 経過=77秒 残り≈93秒
[21:42:24]   batch 170: 41704/91633 (45.5%) facts=85165 sanitized=1 経過=77秒 残り≈92秒
[21:42:24]   batch 171: 41947/91633 (45.8%) facts=85665 sanitized=1 経過=77秒 残り≈92秒
[21:42:24]   batch 172: 42180/91633 (46.0%) facts=86167 sanitized=1 経過=77秒 残り≈91秒
[21:42:24]   batch 173: 42436/91633 (46.3%) facts=86668 sanitized=1 経過=78秒 残り≈90秒
[21:42:24]   batch 174: 42677/91633 (46.6%) facts=87168 sanitized=1 経過=78秒 残り≈89秒
[21:42:25]   batch 175: 42961/91633 (46.9%) facts=87669 sanitized=1 経過=78秒 残り≈88秒
[21:42:25]   batch 176: 43199/91633 (47.1%) facts=88169 sanitized=1 経過=78秒 残り≈88秒
[21:42:25]   batch 177: 43437/91633 (47.4%) facts=88669 sanitized=1 経過=78秒 残り≈87秒
[21:42:25]   batch 178: 43665/91633 (47.7%) facts=89170 sanitized=1 経過=78秒 残り≈86秒
[21:42:25]   batch 179: 43869/91633 (47.9%) facts=89670 sanitized=1 経過=79秒 残り≈86秒
[21:42:25]   batch 180: 44109/91633 (48.1%) facts=90170 sanitized=1 経過=79秒 残り≈85秒
[21:42:26]   batch 181: 44340/91633 (48.4%) facts=90670 sanitized=1 経過=79秒 残り≈84秒
[21:42:26]   batch 182: 44583/91633 (48.7%) facts=91170 sanitized=1 経過=79秒 残り≈83秒
[21:42:26]   batch 183: 44820/91633 (48.9%) facts=91670 sanitized=1 経過=79秒 残り≈83秒
[21:42:26]   batch 184: 45046/91633 (49.2%) facts=92172 sanitized=1 経過=79秒 残り≈82秒
[21:42:26]   batch 185: 45257/91633 (49.4%) facts=92673 sanitized=1 経過=80秒 残り≈82秒
[21:42:26]   batch 186: 45540/91633 (49.7%) facts=93173 sanitized=1 経過=80秒 残り≈81秒
[21:42:26]   batch 187: 45845/91633 (50.0%) facts=93673 sanitized=1 経過=80秒 残り≈80秒
[21:42:27]   batch 188: 46187/91633 (50.4%) facts=94173 sanitized=1 経過=80秒 残り≈79秒
[21:42:27]   batch 189: 46428/91633 (50.7%) facts=94675 sanitized=1 経過=80秒 残り≈78秒
[21:42:27]   batch 190: 46677/91633 (50.9%) facts=95177 sanitized=1 経過=80秒 残り≈77秒
[21:42:27]   batch 191: 46899/91633 (51.2%) facts=95677 sanitized=1 経過=80秒 残り≈77秒
[21:42:27]   batch 192: 47142/91633 (51.4%) facts=96178 sanitized=1 経過=81秒 残り≈76秒
[21:42:27]   batch 193: 47385/91633 (51.7%) facts=96679 sanitized=1 経過=81秒 残り≈75秒
[21:42:28]   batch 194: 47606/91633 (52.0%) facts=97181 sanitized=1 経過=81秒 残り≈75秒
[21:42:28]   batch 195: 47834/91633 (52.2%) facts=97682 sanitized=1 経過=81秒 残り≈74秒
[21:42:28]   batch 196: 48070/91633 (52.5%) facts=98183 sanitized=1 経過=81秒 残り≈74秒
[21:42:28]   batch 197: 48289/91633 (52.7%) facts=98683 sanitized=1 経過=81秒 残り≈73秒
[21:42:28]   batch 198: 48569/91633 (53.0%) facts=99183 sanitized=1 経過=82秒 残り≈72秒
[21:42:28]   batch 199: 48851/91633 (53.3%) facts=99684 sanitized=1 経過=82秒 残り≈72秒
[21:42:29]   batch 200: 49104/91633 (53.6%) facts=100185 sanitized=1 経過=82秒 残り≈71秒
[21:42:29]   batch 201: 49353/91633 (53.9%) facts=100686 sanitized=1 経過=82秒 残り≈70秒
[21:42:29]   batch 202: 49571/91633 (54.1%) facts=101186 sanitized=1 経過=82秒 残り≈70秒
[21:42:29]   batch 203: 49803/91633 (54.4%) facts=101688 sanitized=1 経過=82秒 残り≈69秒
[21:42:29]   batch 204: 50041/91633 (54.6%) facts=102188 sanitized=1 経過=83秒 残り≈69秒
[21:42:29]   batch 205: 50284/91633 (54.9%) facts=102690 sanitized=1 経過=83秒 残り≈68秒
[21:42:30]   batch 206: 50504/91633 (55.1%) facts=103190 sanitized=1 経過=83秒 残り≈68秒
[21:42:30]   batch 207: 50747/91633 (55.4%) facts=103691 sanitized=1 経過=83秒 残り≈67秒
[21:42:30]   batch 208: 51003/91633 (55.7%) facts=104191 sanitized=1 経過=83秒 残り≈66秒
[21:42:30]   batch 209: 51232/91633 (55.9%) facts=104691 sanitized=1 経過=83秒 残り≈66秒
[21:42:30]   batch 210: 51497/91633 (56.2%) facts=105193 sanitized=1 経過=83秒 残り≈65秒
[21:42:30]   batch 211: 51726/91633 (56.4%) facts=105695 sanitized=1 経過=84秒 残り≈65秒
[21:42:30]   batch 212: 51956/91633 (56.7%) facts=106196 sanitized=1 経過=84秒 残り≈64秒
[21:42:31]   batch 213: 52198/91633 (57.0%) facts=106697 sanitized=1 経過=84秒 残り≈63秒
[21:42:31]   batch 214: 52455/91633 (57.2%) facts=107197 sanitized=1 経過=84秒 残り≈63秒
[21:42:31]   batch 215: 52686/91633 (57.5%) facts=107697 sanitized=1 経過=84秒 残り≈62秒
[21:42:31]   batch 216: 52931/91633 (57.8%) facts=108198 sanitized=1 経過=84秒 残り≈62秒
[21:42:31]   batch 217: 53164/91633 (58.0%) facts=108700 sanitized=1 経過=85秒 残り≈61秒
[21:42:31]   batch 218: 53388/91633 (58.3%) facts=109201 sanitized=1 経過=85秒 残り≈61秒
[21:42:31]   batch 219: 53628/91633 (58.5%) facts=109703 sanitized=1 経過=85秒 残り≈60秒
[21:42:32]   batch 220: 53881/91633 (58.8%) facts=110205 sanitized=1 経過=85秒 残り≈60秒
[21:42:32]   batch 221: 54131/91633 (59.1%) facts=110707 sanitized=1 経過=85秒 残り≈59秒
[21:42:32]   batch 222: 54361/91633 (59.3%) facts=111208 sanitized=1 経過=85秒 残り≈58秒
[21:42:32]   batch 223: 54615/91633 (59.6%) facts=111709 sanitized=1 経過=85秒 残り≈58秒
[21:42:32]   batch 224: 54847/91633 (59.9%) facts=112211 sanitized=1 経過=86秒 残り≈57秒
[21:42:32]   batch 225: 55093/91633 (60.1%) facts=112711 sanitized=1 経過=86秒 残り≈57秒
[21:42:33]   batch 226: 55320/91633 (60.4%) facts=113213 sanitized=1 経過=86秒 残り≈56秒
[21:42:33]   batch 227: 55551/91633 (60.6%) facts=113714 sanitized=1 経過=86秒 残り≈56秒
[21:42:33]   batch 228: 55782/91633 (60.9%) facts=114215 sanitized=1 経過=86秒 残り≈55秒
[21:42:33]   batch 229: 55982/91633 (61.1%) facts=114715 sanitized=1 経過=86秒 残り≈55秒
[21:42:33]   batch 230: 56198/91633 (61.3%) facts=115216 sanitized=1 経過=87秒 残り≈55秒
[21:42:33]   batch 231: 56410/91633 (61.6%) facts=115717 sanitized=1 経過=87秒 残り≈54秒
[21:42:33]   batch 232: 56638/91633 (61.8%) facts=116217 sanitized=1 経過=87秒 残り≈54秒
[21:42:34]   batch 233: 56865/91633 (62.1%) facts=116717 sanitized=1 経過=87秒 残り≈53秒
[21:42:34]   batch 234: 57108/91633 (62.3%) facts=117219 sanitized=1 経過=87秒 残り≈53秒
[21:42:34]   batch 235: 57346/91633 (62.6%) facts=117720 sanitized=1 経過=87秒 残り≈52秒
[21:42:34]   batch 236: 57563/91633 (62.8%) facts=118220 sanitized=1 経過=87秒 残り≈52秒
[21:42:34]   batch 237: 57781/91633 (63.1%) facts=118721 sanitized=1 経過=88秒 残り≈51秒
[21:42:34]   batch 238: 58025/91633 (63.3%) facts=119223 sanitized=1 経過=88秒 残り≈51秒
[21:42:35]   batch 239: 58259/91633 (63.6%) facts=119723 sanitized=1 経過=88秒 残り≈50秒
[21:42:35]   batch 240: 58501/91633 (63.8%) facts=120225 sanitized=1 経過=88秒 残り≈50秒
[21:42:35]   batch 241: 58752/91633 (64.1%) facts=120726 sanitized=1 経過=88秒 残り≈49秒
[21:42:35]   batch 242: 58978/91633 (64.4%) facts=121226 sanitized=1 経過=88秒 残り≈49秒
[21:42:35]   batch 243: 59210/91633 (64.6%) facts=121727 sanitized=1 経過=88秒 残り≈48秒
[21:42:35]   batch 244: 59454/91633 (64.9%) facts=122227 sanitized=1 経過=89秒 残り≈48秒
[21:42:35]   batch 245: 59673/91633 (65.1%) facts=122727 sanitized=1 経過=89秒 残り≈48秒
[21:42:36]   batch 246: 59930/91633 (65.4%) facts=123227 sanitized=1 経過=89秒 残り≈47秒
[21:42:36]   batch 247: 60199/91633 (65.7%) facts=123729 sanitized=1 経過=89秒 残り≈47秒
[21:42:36]   batch 248: 60451/91633 (66.0%) facts=124230 sanitized=1 経過=89秒 残り≈46秒
[21:42:36]   batch 249: 60695/91633 (66.2%) facts=124732 sanitized=1 経過=90秒 残り≈46秒
[21:42:36]   batch 250: 60925/91633 (66.5%) facts=125233 sanitized=1 経過=90秒 残り≈45秒
[21:42:37]   batch 251: 61144/91633 (66.7%) facts=125733 sanitized=1 経過=90秒 残り≈45秒
[21:42:37]   batch 252: 61380/91633 (67.0%) facts=126234 sanitized=1 経過=90秒 残り≈44秒
[21:42:37]   batch 253: 61626/91633 (67.3%) facts=126736 sanitized=1 経過=90秒 残り≈44秒
[21:42:37]   batch 254: 61874/91633 (67.5%) facts=127238 sanitized=1 経過=91秒 残り≈44秒
[21:42:37]   batch 255: 62108/91633 (67.8%) facts=127738 sanitized=1 経過=91秒 残り≈43秒
[21:42:37]   batch 256: 62344/91633 (68.0%) facts=128238 sanitized=1 経過=91秒 残り≈43秒
[21:42:38]   batch 257: 62579/91633 (68.3%) facts=128738 sanitized=1 経過=91秒 残り≈42秒
[21:42:38]   batch 258: 62820/91633 (68.6%) facts=129239 sanitized=1 経過=91秒 残り≈42秒
[21:42:38]   batch 259: 63060/91633 (68.8%) facts=129741 sanitized=1 経過=91秒 残り≈41秒
[21:42:38]   batch 260: 63293/91633 (69.1%) facts=130243 sanitized=1 経過=92秒 残り≈41秒
[21:42:38]   batch 261: 63533/91633 (69.3%) facts=130744 sanitized=1 経過=92秒 残り≈41秒
[21:42:39]   batch 262: 63778/91633 (69.6%) facts=131244 sanitized=1 経過=92秒 残り≈40秒
[21:42:39]   batch 263: 64045/91633 (69.9%) facts=131744 sanitized=1 経過=92秒 残り≈40秒
[21:42:39]   batch 264: 64290/91633 (70.2%) facts=132246 sanitized=1 経過=92秒 残り≈39秒
[21:42:39]   batch 265: 64520/91633 (70.4%) facts=132747 sanitized=1 経過=92秒 残り≈39秒
[21:42:39]   batch 266: 64737/91633 (70.6%) facts=133248 sanitized=1 経過=93秒 残り≈38秒
[21:42:39]   batch 267: 64959/91633 (70.9%) facts=133750 sanitized=1 経過=93秒 残り≈38秒
[21:42:40]   batch 268: 65197/91633 (71.2%) facts=134251 sanitized=1 経過=93秒 残り≈38秒
[21:42:40]   batch 269: 65452/91633 (71.4%) facts=134751 sanitized=1 経過=93秒 残り≈37秒
[21:42:40]   batch 270: 65696/91633 (71.7%) facts=135253 sanitized=1 経過=93秒 残り≈37秒
[21:42:40]   batch 271: 65930/91633 (72.0%) facts=135753 sanitized=1 経過=94秒 残り≈36秒
[21:42:40]   batch 272: 66169/91633 (72.2%) facts=136253 sanitized=1 経過=94秒 残り≈36秒
[21:42:41]   batch 273: 66397/91633 (72.5%) facts=136753 sanitized=1 経過=94秒 残り≈36秒
[21:42:41]   batch 274: 66637/91633 (72.7%) facts=137253 sanitized=1 経過=94秒 残り≈35秒
[21:42:41]   batch 275: 66854/91633 (73.0%) facts=137754 sanitized=1 経過=94秒 残り≈35秒
[21:42:41]   batch 276: 67086/91633 (73.2%) facts=138256 sanitized=1 経過=94秒 残り≈35秒
[21:42:41]   batch 277: 67325/91633 (73.5%) facts=138757 sanitized=1 経過=95秒 残り≈34秒
[21:42:41]   batch 278: 67582/91633 (73.8%) facts=139259 sanitized=1 経過=95秒 残り≈34秒
[21:42:42]   batch 279: 67797/91633 (74.0%) facts=139760 sanitized=1 経過=95秒 残り≈33秒
[21:42:42]   batch 280: 68046/91633 (74.3%) facts=140262 sanitized=1 経過=95秒 残り≈33秒
[21:42:42]   batch 281: 68279/91633 (74.5%) facts=140762 sanitized=1 経過=95秒 残り≈33秒
[21:42:42]   batch 282: 68519/91633 (74.8%) facts=141262 sanitized=1 経過=96秒 残り≈32秒
[21:42:42]   batch 283: 68752/91633 (75.0%) facts=141764 sanitized=1 経過=96秒 残り≈32秒
[21:42:43]   batch 284: 69003/91633 (75.3%) facts=142265 sanitized=1 経過=96秒 残り≈31秒
[21:42:43]   batch 285: 69248/91633 (75.6%) facts=142765 sanitized=1 経過=96秒 残り≈31秒
[21:42:43]   batch 286: 69487/91633 (75.8%) facts=143266 sanitized=1 経過=96秒 残り≈31秒
[21:42:43]   batch 287: 69714/91633 (76.1%) facts=143766 sanitized=1 経過=96秒 残り≈30秒
[21:42:43]   batch 288: 69972/91633 (76.4%) facts=144267 sanitized=1 経過=97秒 残り≈30秒
[21:42:43]   batch 289: 70221/91633 (76.6%) facts=144769 sanitized=1 経過=97秒 残り≈30秒
[21:42:44]   batch 290: 70473/91633 (76.9%) facts=145269 sanitized=1 経過=97秒 残り≈29秒
[21:42:44]   batch 291: 70707/91633 (77.2%) facts=145770 sanitized=1 経過=97秒 残り≈29秒
[21:42:44]   batch 292: 70935/91633 (77.4%) facts=146272 sanitized=1 経過=97秒 残り≈28秒
[21:42:44]   batch 293: 71163/91633 (77.7%) facts=146773 sanitized=1 経過=97秒 残り≈28秒
[21:42:44]   batch 294: 71385/91633 (77.9%) facts=147274 sanitized=1 経過=98秒 残り≈28秒
[21:42:44]   batch 295: 71603/91633 (78.1%) facts=147775 sanitized=1 経過=98秒 残り≈27秒
[21:42:45]   batch 296: 71855/91633 (78.4%) facts=148277 sanitized=1 経過=98秒 残り≈27秒
[21:42:45]   batch 297: 72089/91633 (78.7%) facts=148778 sanitized=1 経過=98秒 残り≈27秒
[21:42:45]   batch 298: 72330/91633 (78.9%) facts=149278 sanitized=1 経過=98秒 残り≈26秒
[21:42:45]   batch 299: 72591/91633 (79.2%) facts=149780 sanitized=1 経過=99秒 残り≈26秒
[21:42:45]   batch 300: 72861/91633 (79.5%) facts=150280 sanitized=1 経過=99秒 残り≈25秒
[21:42:45]   batch 301: 73103/91633 (79.8%) facts=150780 sanitized=1 経過=99秒 残り≈25秒
[21:42:46]   batch 302: 73370/91633 (80.1%) facts=151280 sanitized=1 経過=99秒 残り≈25秒
[21:42:46]   batch 303: 73619/91633 (80.3%) facts=151782 sanitized=1 経過=99秒 残り≈24秒
[21:42:46]   batch 304: 73859/91633 (80.6%) facts=152284 sanitized=1 経過=99秒 残り≈24秒
[21:42:46]   batch 305: 74118/91633 (80.9%) facts=152785 sanitized=1 経過=100秒 残り≈24秒
[21:42:46]   batch 306: 74347/91633 (81.1%) facts=153287 sanitized=1 経過=100秒 残り≈23秒
[21:42:47]   batch 307: 74584/91633 (81.4%) facts=153787 sanitized=1 経過=100秒 残り≈23秒
[21:42:47]   batch 308: 74813/91633 (81.6%) facts=154287 sanitized=1 経過=100秒 残り≈23秒
[21:42:47]   batch 309: 75057/91633 (81.9%) facts=154789 sanitized=1 経過=100秒 残り≈22秒
[21:42:47]   batch 310: 75285/91633 (82.2%) facts=155289 sanitized=1 経過=100秒 残り≈22秒
[21:42:47]   batch 311: 75507/91633 (82.4%) facts=155790 sanitized=1 経過=101秒 残り≈21秒
[21:42:47]   batch 312: 75762/91633 (82.7%) facts=156292 sanitized=1 経過=101秒 残り≈21秒
[21:42:48]   batch 313: 75999/91633 (82.9%) facts=156792 sanitized=1 経過=101秒 残り≈21秒
[21:42:48]   batch 314: 76261/91633 (83.2%) facts=157294 sanitized=1 経過=101秒 残り≈20秒
[21:42:48]   batch 315: 76521/91633 (83.5%) facts=157795 sanitized=1 経過=101秒 残り≈20秒
[21:42:48]   batch 316: 76793/91633 (83.8%) facts=158295 sanitized=1 経過=102秒 残り≈20秒
[21:42:48]   batch 317: 77073/91633 (84.1%) facts=158797 sanitized=1 経過=102秒 残り≈19秒
[21:42:49]   batch 318: 77355/91633 (84.4%) facts=159299 sanitized=1 経過=102秒 残り≈19秒
[21:42:49]   batch 319: 77604/91633 (84.7%) facts=159799 sanitized=1 経過=102秒 残り≈18秒
[21:42:49]   batch 320: 77893/91633 (85.0%) facts=160299 sanitized=1 経過=102秒 残り≈18秒
[21:42:49]   batch 321: 78270/91633 (85.4%) facts=160800 sanitized=1 経過=102秒 残り≈17秒
[21:42:49]   batch 322: 78530/91633 (85.7%) facts=161301 sanitized=1 経過=103秒 残り≈17秒
[21:42:49]   batch 323: 78788/91633 (86.0%) facts=161803 sanitized=1 経過=103秒 残り≈17秒
[21:42:50]   batch 324: 79059/91633 (86.3%) facts=162305 sanitized=1 経過=103秒 残り≈16秒
[21:42:50]   batch 325: 79311/91633 (86.6%) facts=162806 sanitized=1 経過=103秒 残り≈16秒
[21:42:50]   batch 326: 79571/91633 (86.8%) facts=163307 sanitized=1 経過=103秒 残り≈16秒
[21:42:50]   batch 327: 79821/91633 (87.1%) facts=163809 sanitized=1 経過=104秒 残り≈15秒
[21:42:50]   batch 328: 80074/91633 (87.4%) facts=164309 sanitized=1 経過=104秒 残り≈15秒
[21:42:52]   batch 329: 80336/91633 (87.7%) facts=164809 sanitized=1 経過=105秒 残り≈15秒
[21:42:52]   batch 330: 80566/91633 (87.9%) facts=165310 sanitized=1 経過=105秒 残り≈14秒
[21:42:52]   batch 331: 80838/91633 (88.2%) facts=165811 sanitized=1 経過=105秒 残り≈14秒
[21:42:52]   batch 332: 81098/91633 (88.5%) facts=166311 sanitized=1 経過=105秒 残り≈14秒
[21:42:52]   batch 333: 81340/91633 (88.8%) facts=166811 sanitized=1 経過=106秒 残り≈13秒
[21:42:52]   batch 334: 81583/91633 (89.0%) facts=167313 sanitized=1 経過=106秒 残り≈13秒
[21:42:53]   batch 335: 81853/91633 (89.3%) facts=167814 sanitized=1 経過=106秒 残り≈13秒
[21:42:53]   batch 336: 82094/91633 (89.6%) facts=168316 sanitized=1 経過=106秒 残り≈12秒
[21:42:53]   batch 337: 82344/91633 (89.9%) facts=168816 sanitized=1 経過=106秒 残り≈12秒
[21:42:53]   batch 338: 82601/91633 (90.1%) facts=169316 sanitized=1 経過=106秒 残り≈12秒
[21:42:53]   batch 339: 82872/91633 (90.4%) facts=169816 sanitized=1 経過=107秒 残り≈11秒
[21:42:53]   batch 340: 83113/91633 (90.7%) facts=170318 sanitized=1 経過=107秒 残り≈11秒
[21:42:54]   batch 341: 83387/91633 (91.0%) facts=170820 sanitized=1 経過=107秒 残り≈11秒
[21:42:54]   batch 342: 83707/91633 (91.4%) facts=171321 sanitized=1 経過=107秒 残り≈10秒
[21:42:54]   batch 343: 84021/91633 (91.7%) facts=171823 sanitized=1 経過=107秒 残り≈10秒
[21:42:54]   batch 344: 84363/91633 (92.1%) facts=172325 sanitized=1 経過=107秒 残り≈9秒
[21:42:54]   batch 345: 84647/91633 (92.4%) facts=172827 sanitized=1 経過=108秒 残り≈9秒
[21:42:54]   batch 346: 84956/91633 (92.7%) facts=173327 sanitized=1 経過=108秒 残り≈8秒
[21:42:55]   batch 347: 85250/91633 (93.0%) facts=173829 sanitized=1 経過=108秒 残り≈8秒
[21:42:55]   batch 348: 85593/91633 (93.4%) facts=174330 sanitized=1 経過=108秒 残り≈8秒
[21:42:55]   batch 349: 85890/91633 (93.7%) facts=174830 sanitized=1 経過=108秒 残り≈7秒
[21:42:55]   batch 350: 86173/91633 (94.0%) facts=175332 sanitized=1 経過=108秒 残り≈7秒
[21:42:55]   batch 351: 86534/91633 (94.4%) facts=175833 sanitized=1 経過=109秒 残り≈6秒
[21:42:55]   batch 352: 86801/91633 (94.7%) facts=176335 sanitized=1 経過=109秒 残り≈6秒
[21:42:55]   batch 353: 87082/91633 (95.0%) facts=176835 sanitized=1 経過=109秒 残り≈6秒
[21:42:56]   batch 354: 87386/91633 (95.4%) facts=177337 sanitized=1 経過=109秒 残り≈5秒
[21:42:56]   batch 355: 87784/91633 (95.8%) facts=177837 sanitized=1 経過=109秒 残り≈5秒
[21:42:56]   batch 356: 88141/91633 (96.2%) facts=178338 sanitized=1 経過=109秒 残り≈4秒
[21:42:56]   batch 357: 88478/91633 (96.6%) facts=178838 sanitized=1 経過=110秒 残り≈4秒
[21:42:56]   batch 358: 88786/91633 (96.9%) facts=179339 sanitized=1 経過=110秒 残り≈4秒
[21:42:56]   batch 359: 89175/91633 (97.3%) facts=179839 sanitized=1 経過=110秒 残り≈3秒
[21:42:57]   batch 360: 89513/91633 (97.7%) facts=180341 sanitized=1 経過=110秒 残り≈3秒
[21:42:57]   batch 361: 89791/91633 (98.0%) facts=180841 sanitized=1 経過=110秒 残り≈2秒
[21:42:57]   batch 362: 90157/91633 (98.4%) facts=181343 sanitized=1 経過=110秒 残り≈2秒
[21:42:57]   batch 363: 90451/91633 (98.7%) facts=181843 sanitized=1 経過=111秒 残り≈1秒
[21:42:57]   batch 364: 90765/91633 (99.1%) facts=182344 sanitized=1 経過=111秒 残り≈1秒
[21:42:57]   batch 365: 91128/91633 (99.4%) facts=182845 sanitized=1 経過=111秒 残り≈1秒
[21:42:58]   batch 366: 91565/91633 (99.9%) facts=183346 sanitized=1 経過=111秒 残り≈0秒
[21:42:58] [SANITIZE] scaled超過 (2.41e+17): col=sales val=241236000000.0 ticker=25900 fye=2026-01-31 Q=4Q
[21:42:58] [SANITIZE] scaled超過 (3.70e+16): col=sales val=36954000000.0 ticker=66350 fye=2025-12-31 Q=4Q
[21:42:58] [SANITIZE] scaled超過 (1.74e+17): col=sales val=174081000000.0 ticker=80570 fye=2026-07-31 Q=4Q
[21:42:58] [SANITIZE] scaled超過 (2.41e+17): col=sales val=241236000000.0 ticker=259 fye=2026-01-31 Q=4Q
[21:42:58] [SANITIZE] scaled超過 (3.70e+16): col=sales val=36954000000.0 ticker=6635 fye=2025-12-31 Q=4Q
[21:42:58] [SANITIZE] scaled超過 (1.74e+17): col=sales val=174081000000.0 ticker=8057 fye=2026-07-31 Q=4Q
[21:42:58] [SANITIZE] scaled超過 (4.20e+18): col=sales val=4197922000000.0 ticker=1928 fye=2026-01-31 Q=4Q
[21:42:58] [SANITIZE] scaled超過 (3.41e+17): col=operating_profit val=341402000000.0 ticker=1928 fye=2026-01-31 Q=4Q
[21:42:58] [SANITIZE] scaled超過 (2.02e+16): col=sales val=20246000000.0 ticker=759 fye=2026-01-31 Q=4Q
[21:42:58]   → facts 完了: 183406 件 (sanitized=10) (111.2秒)
[21:42:58] [SANITIZE] === 異常値サマリ: 10 件 ===
[21:42:58] [SANITIZE] 列別件数:
[21:42:58]   sales: 8 件
[21:42:58]   operating_profit: 2 件
[21:42:58] [SANITIZE] ticker別 上位5:
[21:42:58]   1928: 2 件
[21:42:58]   46850: 1 件
[21:42:58]   25900: 1 件
[21:42:58]   66350: 1 件
[21:42:58]   80570: 1 件
[21:42:58] [SANITIZE] 該当行 詳細:
[21:42:58]   [1] ticker=46850 fye=2028-03-31 Q=2Q col=operating_profit val=5.4e+303 reason=元値が10^16超 (5.40e+303) cause=巨大値 (指数=304, 単位誤りの疑い)
[21:42:58]   [2] ticker=25900 fye=2026-01-31 Q=4Q col=sales val=241236000000.0 reason=scaled超過 (2.41e+17) cause=不明 (scaled超過 (2.41e+17))
[21:42:58]        source_doc_id=e575776114b44bcb1a5194ba09f3cb6f0f6a321057235838a8f8e6e7e2fcbeb4
[21:42:58]        source_url=https://webapi.yanoshin.jp/rd.php?https://www.release.tdnet.info/inbs/140120260304575305.pdf
[21:42:58]   [3] ticker=66350 fye=2025-12-31 Q=4Q col=sales val=36954000000.0 reason=scaled超過 (3.70e+16) cause=不明 (scaled超過 (3.70e+16))
[21:42:58]        source_doc_id=fb5f157a80c7fef595ba383922642f5e653728903fb109536214f6a75c646cdc
[21:42:58]        source_url=https://webapi.yanoshin.jp/rd.php?https://www.release.tdnet.info/inbs/140120260227571645.pdf
[21:42:58]   [4] ticker=80570 fye=2026-07-31 Q=4Q col=sales val=174081000000.0 reason=scaled超過 (1.74e+17) cause=不明 (scaled超過 (1.74e+17))
[21:42:58]        source_doc_id=d7226d204ef18e1ed8bb7a5899c561d05ccfe4ae6703c55d87bb690986d122e5
[21:42:58]        source_url=https://webapi.yanoshin.jp/rd.php?https://www.release.tdnet.info/inbs/140120260304575655.pdf
[21:42:58]   [5] ticker=259 fye=2026-01-31 Q=4Q col=sales val=241236000000.0 reason=scaled超過 (2.41e+17) cause=不明 (scaled超過 (2.41e+17))
[21:42:58]        source_doc_id=e575776114b44bcb1a5194ba09f3cb6f0f6a321057235838a8f8e6e7e2fcbeb4
[21:42:58]        source_url=https://webapi.yanoshin.jp/rd.php?https://www.release.tdnet.info/inbs/140120260304575305.pdf
[21:42:58]   [6] ticker=6635 fye=2025-12-31 Q=4Q col=sales val=36954000000.0 reason=scaled超過 (3.70e+16) cause=不明 (scaled超過 (3.70e+16))
[21:42:58]        source_doc_id=fb5f157a80c7fef595ba383922642f5e653728903fb109536214f6a75c646cdc
[21:42:58]        source_url=https://webapi.yanoshin.jp/rd.php?https://www.release.tdnet.info/inbs/140120260227571645.pdf
[21:42:58]   [7] ticker=8057 fye=2026-07-31 Q=4Q col=sales val=174081000000.0 reason=scaled超過 (1.74e+17) cause=不明 (scaled超過 (1.74e+17))
[21:42:58]        source_doc_id=d7226d204ef18e1ed8bb7a5899c561d05ccfe4ae6703c55d87bb690986d122e5
[21:42:58]        source_url=https://webapi.yanoshin.jp/rd.php?https://www.release.tdnet.info/inbs/140120260304575655.pdf
[21:42:58]   [8] ticker=1928 fye=2026-01-31 Q=4Q col=sales val=4197922000000.0 reason=scaled超過 (4.20e+18) cause=不明 (scaled超過 (4.20e+18))
[21:42:58]        source_doc_id=9d76a7718fd1f381aaa5e6324c6483557df5cfd581c4cbf3e0dae838cf4b560c
[21:42:58]        source_url=https://webapi.yanoshin.jp/rd.php?https://www.release.tdnet.info/inbs/140120260304576061.pdf
[21:42:58]   [9] ticker=1928 fye=2026-01-31 Q=4Q col=operating_profit val=341402000000.0 reason=scaled超過 (3.41e+17) cause=不明 (scaled超過 (3.41e+17))
[21:42:58]        source_doc_id=9d76a7718fd1f381aaa5e6324c6483557df5cfd581c4cbf3e0dae838cf4b560c
[21:42:58]        source_url=https://webapi.yanoshin.jp/rd.php?https://www.release.tdnet.info/inbs/140120260304576061.pdf
[21:42:58]   [10] ticker=759 fye=2026-01-31 Q=4Q col=sales val=20246000000.0 reason=scaled超過 (2.02e+16) cause=不明 (scaled超過 (2.02e+16))
[21:42:58]        source_doc_id=52c4ddf5b8a757f7a0fa6b86a5c8c870a08556f468efdc20732724f2e124f8f0
[21:42:58]        source_url=https://webapi.yanoshin.jp/rd.php?https://www.release.tdnet.info/inbs/140120260304576008.pdf
[21:42:58] [SANITIZE] === サマリ終了 (10 件) ===
[21:42:58] [PUSH] 全完了 (111.2秒): companies=2759 periods=91633 disclosures=1 facts=183406 sanitized=10 errors=0

=======================================================
  SQLite → Supabase push (バッチ版)
=======================================================
  DB         : C:\Users\takuy\OneDrive\tdnet-excel-input\decision_db.db
  batch_size : 500

=======================================================
  ✅ push 完了
=======================================================
  SQLite総行数       : 91633
  今回対象           : 91633
  companies upsert   : 2759
  periods upsert     : 91633
  disclosures upsert : 1
  facts push         : 183406
  値サニタイズ       : 10
  エラー             : 0
  quarantine DB      : C:\Users\takuy\OneDrive\tdnet-excel-input\data/quarantine.db
=======================================================

[Step 3/8] jquants sync... 
2026-03-05 21:42:58,600 INFO [sync_financials] === sync_financials START ===
2026-03-05 21:42:58,600 INFO [sync_financials]   mode:       APPLY (�{�Ԕ��f)
2026-03-05 21:42:58,600 INFO [sync_financials]   scope:      RECENT 30��
2026-03-05 21:42:58,600 INFO [sync_financials]   sqlite:     C:\Users\takuy\OneDrive\tdnet-excel-input\data\jquants.db
2026-03-05 21:42:58,600 INFO [sync_financials]   table:      financials
2026-03-05 21:42:58,600 INFO [sync_financials]   limit:      ������
2026-03-05 21:42:58,600 INFO [sync_financials]   batch-size: 500
2026-03-05 21:42:58,601 INFO [sync_financials]   log:        C:\Users\takuy\OneDrive\tdnet-excel-input\logs\sync_financials_apply_recent30d_20260305_214258.log
2026-03-05 21:42:58,608 INFO [sync_financials] [SQLite] ���f�[�^: 87,157 rows / 3,820 codes
2026-03-05 21:42:58,608 INFO [sync_financials] [SQLite] �������[�h: fetched_at >= 2026-02-03 21:42:58 (����30��)
2026-03-05 21:42:58,991 INFO [sync_financials] [SQLite] �d���r����: 72,490 rows
2026-03-05 21:42:58,999 INFO [sync_financials] [SYNC] quarter ���z: {"1Q": 17819, "2Q": 17771, "3Q": 17832, "4Q": 13, "FY": 19055}
2026-03-05 21:42:58,999 INFO [sync_financials] [SYNC] �J�n: 72,490 rows �� financials (145 batches �~ 500)
2026-03-05 21:42:59,259 INFO [sync_financials]   batch 1/145: 500 rows upserted (�݌v 500 / 72,490, 0.3�b)
2026-03-05 21:42:59,438 INFO [sync_financials]   batch 2/145: 500 rows upserted (�݌v 1,000 / 72,490, 0.4�b)
2026-03-05 21:42:59,598 INFO [sync_financials]   batch 3/145: 500 rows upserted (�݌v 1,500 / 72,490, 0.6�b)
2026-03-05 21:42:59,765 INFO [sync_financials]   batch 4/145: 500 rows upserted (�݌v 2,000 / 72,490, 0.8�b)
2026-03-05 21:42:59,941 INFO [sync_financials]   batch 5/145: 500 rows upserted (�݌v 2,500 / 72,490, 0.9�b)
2026-03-05 21:43:00,102 INFO [sync_financials]   batch 6/145: 500 rows upserted (�݌v 3,000 / 72,490, 1.1�b)
2026-03-05 21:43:00,251 INFO [sync_financials]   batch 7/145: 500 rows upserted (�݌v 3,500 / 72,490, 1.3�b)
2026-03-05 21:43:00,415 INFO [sync_financials]   batch 8/145: 500 rows upserted (�݌v 4,000 / 72,490, 1.4�b)
2026-03-05 21:43:00,555 INFO [sync_financials]   batch 9/145: 500 rows upserted (�݌v 4,500 / 72,490, 1.6�b)
2026-03-05 21:43:00,703 INFO [sync_financials]   batch 10/145: 500 rows upserted (�݌v 5,000 / 72,490, 1.7�b)
2026-03-05 21:43:00,852 INFO [sync_financials]   batch 11/145: 500 rows upserted (�݌v 5,500 / 72,490, 1.9�b)
2026-03-05 21:43:01,014 INFO [sync_financials]   batch 12/145: 500 rows upserted (�݌v 6,000 / 72,490, 2.0�b)
2026-03-05 21:43:01,184 INFO [sync_financials]   batch 13/145: 500 rows upserted (�݌v 6,500 / 72,490, 2.2�b)
2026-03-05 21:43:01,329 INFO [sync_financials]   batch 14/145: 500 rows upserted (�݌v 7,000 / 72,490, 2.3�b)
2026-03-05 21:43:01,496 INFO [sync_financials]   batch 15/145: 500 rows upserted (�݌v 7,500 / 72,490, 2.5�b)
2026-03-05 21:43:01,649 INFO [sync_financials]   batch 16/145: 500 rows upserted (�݌v 8,000 / 72,490, 2.6�b)
2026-03-05 21:43:01,937 INFO [sync_financials]   batch 17/145: 500 rows upserted (�݌v 8,500 / 72,490, 2.9�b)
2026-03-05 21:43:02,113 INFO [sync_financials]   batch 18/145: 500 rows upserted (�݌v 9,000 / 72,490, 3.1�b)
2026-03-05 21:43:02,269 INFO [sync_financials]   batch 19/145: 500 rows upserted (�݌v 9,500 / 72,490, 3.3�b)
2026-03-05 21:43:02,430 INFO [sync_financials]   batch 20/145: 500 rows upserted (�݌v 10,000 / 72,490, 3.4�b)
2026-03-05 21:43:02,643 INFO [sync_financials]   batch 21/145: 500 rows upserted (�݌v 10,500 / 72,490, 3.6�b)
2026-03-05 21:43:02,805 INFO [sync_financials]   batch 22/145: 500 rows upserted (�݌v 11,000 / 72,490, 3.8�b)
2026-03-05 21:43:02,981 INFO [sync_financials]   batch 23/145: 500 rows upserted (�݌v 11,500 / 72,490, 4.0�b)
2026-03-05 21:43:03,202 INFO [sync_financials]   batch 24/145: 500 rows upserted (�݌v 12,000 / 72,490, 4.2�b)
2026-03-05 21:43:03,355 INFO [sync_financials]   batch 25/145: 500 rows upserted (�݌v 12,500 / 72,490, 4.4�b)
2026-03-05 21:43:03,512 INFO [sync_financials]   batch 26/145: 500 rows upserted (�݌v 13,000 / 72,490, 4.5�b)
2026-03-05 21:43:03,680 INFO [sync_financials]   batch 27/145: 500 rows upserted (�݌v 13,500 / 72,490, 4.7�b)
2026-03-05 21:43:03,849 INFO [sync_financials]   batch 28/145: 500 rows upserted (�݌v 14,000 / 72,490, 4.8�b)
2026-03-05 21:43:04,001 INFO [sync_financials]   batch 29/145: 500 rows upserted (�݌v 14,500 / 72,490, 5.0�b)
2026-03-05 21:43:04,178 INFO [sync_financials]   batch 30/145: 500 rows upserted (�݌v 15,000 / 72,490, 5.2�b)
2026-03-05 21:43:04,338 INFO [sync_financials]   batch 31/145: 500 rows upserted (�݌v 15,500 / 72,490, 5.3�b)
2026-03-05 21:43:04,481 INFO [sync_financials]   batch 32/145: 500 rows upserted (�݌v 16,000 / 72,490, 5.5�b)
2026-03-05 21:43:04,661 INFO [sync_financials]   batch 33/145: 500 rows upserted (�݌v 16,500 / 72,490, 5.7�b)
2026-03-05 21:43:04,821 INFO [sync_financials]   batch 34/145: 500 rows upserted (�݌v 17,000 / 72,490, 5.8�b)
2026-03-05 21:43:04,969 INFO [sync_financials]   batch 35/145: 500 rows upserted (�݌v 17,500 / 72,490, 6.0�b)
2026-03-05 21:43:05,114 INFO [sync_financials]   batch 36/145: 500 rows upserted (�݌v 18,000 / 72,490, 6.1�b)
2026-03-05 21:43:05,281 INFO [sync_financials]   batch 37/145: 500 rows upserted (�݌v 18,500 / 72,490, 6.3�b)
2026-03-05 21:43:05,438 INFO [sync_financials]   batch 38/145: 500 rows upserted (�݌v 19,000 / 72,490, 6.4�b)
2026-03-05 21:43:05,577 INFO [sync_financials]   batch 39/145: 500 rows upserted (�݌v 19,500 / 72,490, 6.6�b)
2026-03-05 21:43:05,712 INFO [sync_financials]   batch 40/145: 500 rows upserted (�݌v 20,000 / 72,490, 6.7�b)
2026-03-05 21:43:05,867 INFO [sync_financials]   batch 41/145: 500 rows upserted (�݌v 20,500 / 72,490, 6.9�b)
2026-03-05 21:43:06,007 INFO [sync_financials]   batch 42/145: 500 rows upserted (�݌v 21,000 / 72,490, 7.0�b)
2026-03-05 21:43:06,162 INFO [sync_financials]   batch 43/145: 500 rows upserted (�݌v 21,500 / 72,490, 7.2�b)
2026-03-05 21:43:06,322 INFO [sync_financials]   batch 44/145: 500 rows upserted (�݌v 22,000 / 72,490, 7.3�b)
2026-03-05 21:43:06,474 INFO [sync_financials]   batch 45/145: 500 rows upserted (�݌v 22,500 / 72,490, 7.5�b)
2026-03-05 21:43:06,611 INFO [sync_financials]   batch 46/145: 500 rows upserted (�݌v 23,000 / 72,490, 7.6�b)
2026-03-05 21:43:06,787 INFO [sync_financials]   batch 47/145: 500 rows upserted (�݌v 23,500 / 72,490, 7.8�b)
2026-03-05 21:43:06,930 INFO [sync_financials]   batch 48/145: 500 rows upserted (�݌v 24,000 / 72,490, 7.9�b)
2026-03-05 21:43:07,075 INFO [sync_financials]   batch 49/145: 500 rows upserted (�݌v 24,500 / 72,490, 8.1�b)
2026-03-05 21:43:07,214 INFO [sync_financials]   batch 50/145: 500 rows upserted (�݌v 25,000 / 72,490, 8.2�b)
2026-03-05 21:43:07,359 INFO [sync_financials]   batch 51/145: 500 rows upserted (�݌v 25,500 / 72,490, 8.4�b)
2026-03-05 21:43:07,499 INFO [sync_financials]   batch 52/145: 500 rows upserted (�݌v 26,000 / 72,490, 8.5�b)
2026-03-05 21:43:07,638 INFO [sync_financials]   batch 53/145: 500 rows upserted (�݌v 26,500 / 72,490, 8.6�b)
2026-03-05 21:43:07,827 INFO [sync_financials]   batch 54/145: 500 rows upserted (�݌v 27,000 / 72,490, 8.8�b)
2026-03-05 21:43:07,971 INFO [sync_financials]   batch 55/145: 500 rows upserted (�݌v 27,500 / 72,490, 9.0�b)
2026-03-05 21:43:08,120 INFO [sync_financials]   batch 56/145: 500 rows upserted (�݌v 28,000 / 72,490, 9.1�b)
2026-03-05 21:43:08,269 INFO [sync_financials]   batch 57/145: 500 rows upserted (�݌v 28,500 / 72,490, 9.3�b)
2026-03-05 21:43:08,421 INFO [sync_financials]   batch 58/145: 500 rows upserted (�݌v 29,000 / 72,490, 9.4�b)
2026-03-05 21:43:08,571 INFO [sync_financials]   batch 59/145: 500 rows upserted (�݌v 29,500 / 72,490, 9.6�b)
2026-03-05 21:43:08,734 INFO [sync_financials]   batch 60/145: 500 rows upserted (�݌v 30,000 / 72,490, 9.7�b)
2026-03-05 21:43:08,889 INFO [sync_financials]   batch 61/145: 500 rows upserted (�݌v 30,500 / 72,490, 9.9�b)
2026-03-05 21:43:09,045 INFO [sync_financials]   batch 62/145: 500 rows upserted (�݌v 31,000 / 72,490, 10.0�b)
2026-03-05 21:43:09,184 INFO [sync_financials]   batch 63/145: 500 rows upserted (�݌v 31,500 / 72,490, 10.2�b)
2026-03-05 21:43:09,316 INFO [sync_financials]   batch 64/145: 500 rows upserted (�݌v 32,000 / 72,490, 10.3�b)
2026-03-05 21:43:09,475 INFO [sync_financials]   batch 65/145: 500 rows upserted (�݌v 32,500 / 72,490, 10.5�b)
2026-03-05 21:43:09,622 INFO [sync_financials]   batch 66/145: 500 rows upserted (�݌v 33,000 / 72,490, 10.6�b)
2026-03-05 21:43:09,748 INFO [sync_financials]   batch 67/145: 500 rows upserted (�݌v 33,500 / 72,490, 10.7�b)
2026-03-05 21:43:09,887 INFO [sync_financials]   batch 68/145: 500 rows upserted (�݌v 34,000 / 72,490, 10.9�b)
2026-03-05 21:43:10,028 INFO [sync_financials]   batch 69/145: 500 rows upserted (�݌v 34,500 / 72,490, 11.0�b)
2026-03-05 21:43:10,189 INFO [sync_financials]   batch 70/145: 500 rows upserted (�݌v 35,000 / 72,490, 11.2�b)
2026-03-05 21:43:10,349 INFO [sync_financials]   batch 71/145: 500 rows upserted (�݌v 35,500 / 72,490, 11.3�b)
2026-03-05 21:43:10,499 INFO [sync_financials]   batch 72/145: 500 rows upserted (�݌v 36,000 / 72,490, 11.5�b)
2026-03-05 21:43:10,667 INFO [sync_financials]   batch 73/145: 500 rows upserted (�݌v 36,500 / 72,490, 11.7�b)
2026-03-05 21:43:10,801 INFO [sync_financials]   batch 74/145: 500 rows upserted (�݌v 37,000 / 72,490, 11.8�b)
2026-03-05 21:43:10,936 INFO [sync_financials]   batch 75/145: 500 rows upserted (�݌v 37,500 / 72,490, 11.9�b)
2026-03-05 21:43:11,067 INFO [sync_financials]   batch 76/145: 500 rows upserted (�݌v 38,000 / 72,490, 12.1�b)
2026-03-05 21:43:11,217 INFO [sync_financials]   batch 77/145: 500 rows upserted (�݌v 38,500 / 72,490, 12.2�b)
2026-03-05 21:43:11,371 INFO [sync_financials]   batch 78/145: 500 rows upserted (�݌v 39,000 / 72,490, 12.4�b)
2026-03-05 21:43:11,554 INFO [sync_financials]   batch 79/145: 500 rows upserted (�݌v 39,500 / 72,490, 12.6�b)
2026-03-05 21:43:11,705 INFO [sync_financials]   batch 80/145: 500 rows upserted (�݌v 40,000 / 72,490, 12.7�b)
2026-03-05 21:43:11,843 INFO [sync_financials]   batch 81/145: 500 rows upserted (�݌v 40,500 / 72,490, 12.8�b)
2026-03-05 21:43:12,019 INFO [sync_financials]   batch 82/145: 500 rows upserted (�݌v 41,000 / 72,490, 13.0�b)
2026-03-05 21:43:12,172 INFO [sync_financials]   batch 83/145: 500 rows upserted (�݌v 41,500 / 72,490, 13.2�b)
2026-03-05 21:43:12,339 INFO [sync_financials]   batch 84/145: 500 rows upserted (�݌v 42,000 / 72,490, 13.3�b)
2026-03-05 21:43:12,488 INFO [sync_financials]   batch 85/145: 500 rows upserted (�݌v 42,500 / 72,490, 13.5�b)
2026-03-05 21:43:12,628 INFO [sync_financials]   batch 86/145: 500 rows upserted (�݌v 43,000 / 72,490, 13.6�b)
2026-03-05 21:43:12,761 INFO [sync_financials]   batch 87/145: 500 rows upserted (�݌v 43,500 / 72,490, 13.8�b)
2026-03-05 21:43:12,911 INFO [sync_financials]   batch 88/145: 500 rows upserted (�݌v 44,000 / 72,490, 13.9�b)
2026-03-05 21:43:13,051 INFO [sync_financials]   batch 89/145: 500 rows upserted (�݌v 44,500 / 72,490, 14.1�b)
2026-03-05 21:43:13,211 INFO [sync_financials]   batch 90/145: 500 rows upserted (�݌v 45,000 / 72,490, 14.2�b)
2026-03-05 21:43:13,357 INFO [sync_financials]   batch 91/145: 500 rows upserted (�݌v 45,500 / 72,490, 14.4�b)
2026-03-05 21:43:13,510 INFO [sync_financials]   batch 92/145: 500 rows upserted (�݌v 46,000 / 72,490, 14.5�b)
2026-03-05 21:43:13,674 INFO [sync_financials]   batch 93/145: 500 rows upserted (�݌v 46,500 / 72,490, 14.7�b)
2026-03-05 21:43:13,802 INFO [sync_financials]   batch 94/145: 500 rows upserted (�݌v 47,000 / 72,490, 14.8�b)
2026-03-05 21:43:13,938 INFO [sync_financials]   batch 95/145: 500 rows upserted (�݌v 47,500 / 72,490, 14.9�b)
2026-03-05 21:43:14,071 INFO [sync_financials]   batch 96/145: 500 rows upserted (�݌v 48,000 / 72,490, 15.1�b)
2026-03-05 21:43:14,210 INFO [sync_financials]   batch 97/145: 500 rows upserted (�݌v 48,500 / 72,490, 15.2�b)
2026-03-05 21:43:14,349 INFO [sync_financials]   batch 98/145: 500 rows upserted (�݌v 49,000 / 72,490, 15.4�b)
2026-03-05 21:43:14,481 INFO [sync_financials]   batch 99/145: 500 rows upserted (�݌v 49,500 / 72,490, 15.5�b)
2026-03-05 21:43:14,605 INFO [sync_financials]   batch 100/145: 500 rows upserted (�݌v 50,000 / 72,490, 15.6�b)
2026-03-05 21:43:14,749 INFO [sync_financials]   batch 101/145: 500 rows upserted (�݌v 50,500 / 72,490, 15.7�b)
2026-03-05 21:43:14,914 INFO [sync_financials]   batch 102/145: 500 rows upserted (�݌v 51,000 / 72,490, 15.9�b)
2026-03-05 21:43:15,052 INFO [sync_financials]   batch 103/145: 500 rows upserted (�݌v 51,500 / 72,490, 16.1�b)
2026-03-05 21:43:15,209 INFO [sync_financials]   batch 104/145: 500 rows upserted (�݌v 52,000 / 72,490, 16.2�b)
2026-03-05 21:43:15,358 INFO [sync_financials]   batch 105/145: 500 rows upserted (�݌v 52,500 / 72,490, 16.4�b)
2026-03-05 21:43:15,527 INFO [sync_financials]   batch 106/145: 500 rows upserted (�݌v 53,000 / 72,490, 16.5�b)
2026-03-05 21:43:15,677 INFO [sync_financials]   batch 107/145: 500 rows upserted (�݌v 53,500 / 72,490, 16.7�b)
2026-03-05 21:43:15,839 INFO [sync_financials]   batch 108/145: 500 rows upserted (�݌v 54,000 / 72,490, 16.8�b)
2026-03-05 21:43:15,989 INFO [sync_financials]   batch 109/145: 500 rows upserted (�݌v 54,500 / 72,490, 17.0�b)
2026-03-05 21:43:16,145 INFO [sync_financials]   batch 110/145: 500 rows upserted (�݌v 55,000 / 72,490, 17.1�b)
2026-03-05 21:43:16,317 INFO [sync_financials]   batch 111/145: 500 rows upserted (�݌v 55,500 / 72,490, 17.3�b)
2026-03-05 21:43:16,498 INFO [sync_financials]   batch 112/145: 500 rows upserted (�݌v 56,000 / 72,490, 17.5�b)
2026-03-05 21:43:16,646 INFO [sync_financials]   batch 113/145: 500 rows upserted (�݌v 56,500 / 72,490, 17.6�b)
2026-03-05 21:43:16,813 INFO [sync_financials]   batch 114/145: 500 rows upserted (�݌v 57,000 / 72,490, 17.8�b)
2026-03-05 21:43:16,969 INFO [sync_financials]   batch 115/145: 500 rows upserted (�݌v 57,500 / 72,490, 18.0�b)
2026-03-05 21:43:17,119 INFO [sync_financials]   batch 116/145: 500 rows upserted (�݌v 58,000 / 72,490, 18.1�b)
2026-03-05 21:43:17,287 INFO [sync_financials]   batch 117/145: 500 rows upserted (�݌v 58,500 / 72,490, 18.3�b)
2026-03-05 21:43:17,424 INFO [sync_financials]   batch 118/145: 500 rows upserted (�݌v 59,000 / 72,490, 18.4�b)
2026-03-05 21:43:17,568 INFO [sync_financials]   batch 119/145: 500 rows upserted (�݌v 59,500 / 72,490, 18.6�b)
2026-03-05 21:43:17,712 INFO [sync_financials]   batch 120/145: 500 rows upserted (�݌v 60,000 / 72,490, 18.7�b)
2026-03-05 21:43:17,868 INFO [sync_financials]   batch 121/145: 500 rows upserted (�݌v 60,500 / 72,490, 18.9�b)
2026-03-05 21:43:18,005 INFO [sync_financials]   batch 122/145: 500 rows upserted (�݌v 61,000 / 72,490, 19.0�b)
2026-03-05 21:43:18,146 INFO [sync_financials]   batch 123/145: 500 rows upserted (�݌v 61,500 / 72,490, 19.1�b)
2026-03-05 21:43:18,311 INFO [sync_financials]   batch 124/145: 500 rows upserted (�݌v 62,000 / 72,490, 19.3�b)
2026-03-05 21:43:18,457 INFO [sync_financials]   batch 125/145: 500 rows upserted (�݌v 62,500 / 72,490, 19.5�b)
2026-03-05 21:43:18,611 INFO [sync_financials]   batch 126/145: 500 rows upserted (�݌v 63,000 / 72,490, 19.6�b)
2026-03-05 21:43:18,785 INFO [sync_financials]   batch 127/145: 500 rows upserted (�݌v 63,500 / 72,490, 19.8�b)
2026-03-05 21:43:18,934 INFO [sync_financials]   batch 128/145: 500 rows upserted (�݌v 64,000 / 72,490, 19.9�b)
2026-03-05 21:43:19,110 INFO [sync_financials]   batch 129/145: 500 rows upserted (�݌v 64,500 / 72,490, 20.1�b)
2026-03-05 21:43:19,246 INFO [sync_financials]   batch 130/145: 500 rows upserted (�݌v 65,000 / 72,490, 20.2�b)
2026-03-05 21:43:19,396 INFO [sync_financials]   batch 131/145: 500 rows upserted (�݌v 65,500 / 72,490, 20.4�b)
2026-03-05 21:43:19,539 INFO [sync_financials]   batch 132/145: 500 rows upserted (�݌v 66,000 / 72,490, 20.5�b)
2026-03-05 21:43:19,690 INFO [sync_financials]   batch 133/145: 500 rows upserted (�݌v 66,500 / 72,490, 20.7�b)
2026-03-05 21:43:19,829 INFO [sync_financials]   batch 134/145: 500 rows upserted (�݌v 67,000 / 72,490, 20.8�b)
2026-03-05 21:43:19,995 INFO [sync_financials]   batch 135/145: 500 rows upserted (�݌v 67,500 / 72,490, 21.0�b)
2026-03-05 21:43:20,138 INFO [sync_financials]   batch 136/145: 500 rows upserted (�݌v 68,000 / 72,490, 21.1�b)
2026-03-05 21:43:20,279 INFO [sync_financials]   batch 137/145: 500 rows upserted (�݌v 68,500 / 72,490, 21.3�b)
2026-03-05 21:43:20,415 INFO [sync_financials]   batch 138/145: 500 rows upserted (�݌v 69,000 / 72,490, 21.4�b)
2026-03-05 21:43:20,582 INFO [sync_financials]   batch 139/145: 500 rows upserted (�݌v 69,500 / 72,490, 21.6�b)
2026-03-05 21:43:20,754 INFO [sync_financials]   batch 140/145: 500 rows upserted (�݌v 70,000 / 72,490, 21.8�b)
2026-03-05 21:43:20,884 INFO [sync_financials]   batch 141/145: 500 rows upserted (�݌v 70,500 / 72,490, 21.9�b)
2026-03-05 21:43:21,017 INFO [sync_financials]   batch 142/145: 500 rows upserted (�݌v 71,000 / 72,490, 22.0�b)
2026-03-05 21:43:21,196 INFO [sync_financials]   batch 143/145: 500 rows upserted (�݌v 71,500 / 72,490, 22.2�b)
2026-03-05 21:43:21,343 INFO [sync_financials]   batch 144/145: 500 rows upserted (�݌v 72,000 / 72,490, 22.3�b)
2026-03-05 21:43:21,480 INFO [sync_financials]   batch 145/145: 490 rows upserted (�݌v 72,490 / 72,490, 22.5�b)
2026-03-05 21:43:21,480 INFO [sync_financials] [VERIFY] Supabase ���̌��ؒ�...
2026-03-05 21:43:21,746 INFO [sync_financials] [VERIFY] public.financials: 72,490 rows
2026-03-05 21:43:21,746 INFO [sync_financials] 
============================================================
  SYNC ����
  upserted: 72,490 / 72,490
  errors:   0
  elapsed:  22.5�b
============================================================
2026-03-05 21:43:21,754 INFO [sync_financials] === sync_financials END (log: C:\Users\takuy\OneDrive\tdnet-excel-input\logs\sync_financials_apply_recent30d_20260305_214258.log) ===
[Step 4/8] KPI sync... 
C:\Users\takuy\OneDrive\tdnet-excel-input\.venv\Scripts\python.exe: No module named tools.kpi_sync
[Step 5/8] Generating data.xlsx... 
[21:43:22] public.financials を取得中...
[21:43:30]   → 72,490 行取得
[21:43:30]   → 3,820 tickers
[21:43:34] [GEN] data.xlsx 生成完了: 72,490 行 -> C:\Users\takuy\OneDrive\data.xlsx
[21:43:34] [GEN] === 検証サマリ ===
[21:43:34] [GEN]   financials     : 72,490 行
[21:43:34] [GEN]   tickers        : 3,820
[21:43:34] [GEN]   出力行数       : 72,490 行
[21:43:34] [GEN]   生成日時       : 2026-03-05 21:43:22
[21:43:34] [GEN]   出力先         : C:\Users\takuy\OneDrive\data.xlsx

==================================================
  data.xlsx 生成ツール
  ソース: Supabase public.financials
==================================================

==================================================
  ✅ 成功
==================================================
  出力ファイル : C:\Users\takuy\OneDrive\data.xlsx
  データ行数   : 72,490 行
  ticker数     : 3,820
  生成日時     : 2026-03-05 21:43:22
  エラー       : 0
==================================================

[Step 6/8] data.xlsx stats... 
  [XLSX] rows(DATA)=72491 
  [XLSX] delta=+0 (prev=72491, now=72491) 
  [XLSX] tickers=3821 
[Step 7/8] Refresh viewer _DATA... 
[1/3] data.xlsx ��ǂݍ��ݒ�...
  -> 72,492 rows x 8 cols
[2/3] �r���[�A Excel ���J���Ă��܂�...
[3/3] _DATA �V�[�g���X�V��...
REFRESH_OK rows=72492 cols=8
[Step 8/8] Discord alerts... 
[ALERT] 1 item(s)
[ALERT] thresholds: YOY>=30.0% QoQ>=30.0%
[ALERT] enabled categories: ['tanshin']
  759: SKIP (no data)
ALERT_DONE sent=0 checked=0 skipped=1 deduped=0
============================================================ 
 DONE 2026/03/05 21:45:00.15 
============================================================ 
