2026-03-11 15:17:53,741 INFO [sync_financials] === sync_financials START ===
2026-03-11 15:17:53,741 INFO [sync_financials]   mode:       DRY-RUN
2026-03-11 15:17:53,742 INFO [sync_financials]   scope:      RECENT 30日
2026-03-11 15:17:53,742 INFO [sync_financials]   sqlite:     C:\Users\takuy\OneDrive\tdnet-excel-input\data\jquants.db
2026-03-11 15:17:53,742 INFO [sync_financials]   table:      financials
2026-03-11 15:17:53,742 INFO [sync_financials]   limit:      無制限
2026-03-11 15:17:53,742 INFO [sync_financials]   batch-size: 500
2026-03-11 15:17:53,742 INFO [sync_financials]   log:        C:\Users\takuy\OneDrive\tdnet-excel-input\logs\sync_financials_dryrun_recent30d_20260311_151753.log
2026-03-11 15:17:53,751 INFO [sync_financials] [SQLite] 生データ: 87,157 rows / 3,820 codes
2026-03-11 15:17:53,751 INFO [sync_financials] [SQLite] 差分モード: fetched_at >= 2026-02-09 15:17:53 (直近30日)
2026-03-11 15:17:54,362 INFO [sync_financials] [SQLite] 重複排除後: 72,490 rows
2026-03-11 15:17:54,369 INFO [sync_financials] [SYNC] quarter 分布: {"1Q": 17819, "2Q": 17771, "3Q": 17832, "4Q": 13, "FY": 19055}
2026-03-11 15:17:54,369 INFO [sync_financials] 
============================================================
  DRY-RUN: Supabase への送信はスキップ
  対象: 72,490 rows → financials
  バッチサイズ: 500
  バッチ数: 145
============================================================
  本番反映するには --apply を付けて再実行してください
============================================================
2026-03-11 15:17:54,376 INFO [sync_financials] === sync_financials END (log: C:\Users\takuy\OneDrive\tdnet-excel-input\logs\sync_financials_dryrun_recent30d_20260311_151753.log) ===
