2026-03-09 08:32:14,679 INFO [sync_financials] === sync_financials START ===
2026-03-09 08:32:14,679 INFO [sync_financials]   mode:       APPLY (本番反映)
2026-03-09 08:32:14,681 INFO [sync_financials]   scope:      RECENT 30日
2026-03-09 08:32:14,681 INFO [sync_financials]   sqlite:     C:\Users\takuy\OneDrive\tdnet-excel-input\data\jquants.db
2026-03-09 08:32:14,681 INFO [sync_financials]   table:      financials
2026-03-09 08:32:14,681 INFO [sync_financials]   limit:      無制限
2026-03-09 08:32:14,681 INFO [sync_financials]   batch-size: 500
2026-03-09 08:32:14,681 INFO [sync_financials]   log:        C:\Users\takuy\OneDrive\tdnet-excel-input\logs\sync_financials_apply_recent30d_20260309_083214.log
2026-03-09 08:32:14,761 INFO [sync_financials] [SQLite] 生データ: 87,157 rows / 3,820 codes
2026-03-09 08:32:14,761 INFO [sync_financials] [SQLite] 差分モード: fetched_at >= 2026-02-07 08:32:14 (直近30日)
2026-03-09 08:32:19,058 INFO [sync_financials] [SQLite] 重複排除後: 72,490 rows
2026-03-09 08:32:19,070 INFO [sync_financials] [SYNC] quarter 分布: {"1Q": 17819, "2Q": 17771, "3Q": 17832, "4Q": 13, "FY": 19055}
2026-03-09 08:32:19,070 INFO [sync_financials] [SYNC] 開始: 72,490 rows → financials (145 batches × 500)
2026-03-09 08:32:19,223 ERROR [sync_financials] [API] HTTP 0 — リトライ不可
  レスポンス: {"code":"42501","details":null,"hint":null,"message":"new row violates row-level security policy for table \"financials\""}
2026-03-09 08:32:19,245 ERROR [sync_financials]   batch 1/145: FAILED — 401 Client Error: Unauthorized for url: https://fvkvfekzoebcolssnteo.supabase.co/rest/v1/financials?on_conflict=ticker%2Cperiod%2Cquarter
  (先頭行: {'ticker': '13010', 'period': '2021-03-31', 'quarter': 'FY', 'sales': 249197000000, 'gross_profit': 25576000000, 'operating_profit': 4657000000, 'source': 'jquants', 'updated_at': '2026-03-09T08:32:19.007329+09:00'})
2026-03-09 08:32:19,360 ERROR [sync_financials] [API] HTTP 0 — リトライ不可
  レスポンス: {"code":"42501","details":null,"hint":null,"message":"new row violates row-level security policy for table \"financials\""}
2026-03-09 08:32:19,361 ERROR [sync_financials]   batch 2/145: FAILED — 401 Client Error: Unauthorized for url: https://fvkvfekzoebcolssnteo.supabase.co/rest/v1/financials?on_conflict=ticker%2Cperiod%2Cquarter
  (先頭行: {'ticker': '14330', 'period': '2023-01-31', 'quarter': '3Q', 'sales': 3863000000, 'gross_profit': 656685000, 'operating_profit': 7000000, 'source': 'jquants', 'updated_at': '2026-03-09T08:32:19.007329+09:00'})
2026-03-09 08:32:19,499 ERROR [sync_financials] [API] HTTP 0 — リトライ不可
  レスポンス: {"code":"42501","details":null,"hint":null,"message":"new row violates row-level security policy for table \"financials\""}
2026-03-09 08:32:19,499 ERROR [sync_financials]   batch 3/145: FAILED — 401 Client Error: Unauthorized for url: https://fvkvfekzoebcolssnteo.supabase.co/rest/v1/financials?on_conflict=ticker%2Cperiod%2Cquarter
  (先頭行: {'ticker': '17160', 'period': '2025-06-30', 'quarter': '2Q', 'sales': 10774000000, 'gross_profit': 3241152000, 'operating_profit': 1202000000, 'source': 'jquants', 'updated_at': '2026-03-09T08:32:19.007329+09:00'})
2026-03-09 08:32:19,633 ERROR [sync_financials] [API] HTTP 0 — リトライ不可
  レスポンス: {"code":"42501","details":null,"hint":null,"message":"new row violates row-level security policy for table \"financials\""}
2026-03-09 08:32:19,633 ERROR [sync_financials]   batch 4/145: FAILED — 401 Client Error: Unauthorized for url: https://fvkvfekzoebcolssnteo.supabase.co/rest/v1/financials?on_conflict=ticker%2Cperiod%2Cquarter
  (先頭行: {'ticker': '17980', 'period': '2024-03-31', 'quarter': '3Q', 'sales': 31325000000, 'gross_profit': 3217127000, 'operating_profit': 1540000000, 'source': 'jquants', 'updated_at': '2026-03-09T08:32:19.007329+09:00'})
2026-03-09 08:32:19,768 ERROR [sync_financials] [API] HTTP 0 — リトライ不可
  レスポンス: {"code":"42501","details":null,"hint":null,"message":"new row violates row-level security policy for table \"financials\""}
2026-03-09 08:32:19,768 ERROR [sync_financials]   batch 5/145: FAILED — 401 Client Error: Unauthorized for url: https://fvkvfekzoebcolssnteo.supabase.co/rest/v1/financials?on_conflict=ticker%2Cperiod%2Cquarter
  (先頭行: {'ticker': '18480', 'period': '2025-03-31', 'quarter': 'FY', 'sales': 33771000000, 'gross_profit': 4311000000, 'operating_profit': 885000000, 'source': 'jquants', 'updated_at': '2026-03-09T08:32:19.007329+09:00'})
2026-03-09 08:32:19,892 ERROR [sync_financials] [API] HTTP 0 — リトライ不可
  レスポンス: {"code":"42501","details":null,"hint":null,"message":"new row violates row-level security policy for table \"financials\""}
2026-03-09 08:32:19,893 ERROR [sync_financials]   batch 6/145: FAILED — 401 Client Error: Unauthorized for url: https://fvkvfekzoebcolssnteo.supabase.co/rest/v1/financials?on_conflict=ticker%2Cperiod%2Cquarter
  (先頭行: {'ticker': '190A0', 'period': '2026-08-31', 'quarter': '1Q', 'sales': None, 'gross_profit': None, 'operating_profit': -306000000, 'source': 'jquants', 'updated_at': '2026-03-09T08:32:19.007329+09:00'})
2026-03-09 08:32:20,009 ERROR [sync_financials] [API] HTTP 0 — リトライ不可
  レスポンス: {"code":"42501","details":null,"hint":null,"message":"new row violates row-level security policy for table \"financials\""}
2026-03-09 08:32:20,010 ERROR [sync_financials]   batch 7/145: FAILED — 401 Client Error: Unauthorized for url: https://fvkvfekzoebcolssnteo.supabase.co/rest/v1/financials?on_conflict=ticker%2Cperiod%2Cquarter
  (先頭行: {'ticker': '19610', 'period': '2023-03-31', 'quarter': '2Q', 'sales': 73510000000, 'gross_profit': 9161000000, 'operating_profit': -1260000000, 'source': 'jquants', 'updated_at': '2026-03-09T08:32:19.007329+09:00'})
2026-03-09 08:32:20,142 ERROR [sync_financials] [API] HTTP 0 — リトライ不可
  レスポンス: {"code":"42501","details":null,"hint":null,"message":"new row violates row-level security policy for table \"financials\""}
2026-03-09 08:32:20,143 ERROR [sync_financials]   batch 8/145: FAILED — 401 Client Error: Unauthorized for url: https://fvkvfekzoebcolssnteo.supabase.co/rest/v1/financials?on_conflict=ticker%2Cperiod%2Cquarter
  (先頭行: {'ticker': '20530', 'period': '2023-03-31', 'quarter': '3Q', 'sales': 182406000000, 'gross_profit': 10433000000, 'operating_profit': 1815000000, 'source': 'jquants', 'updated_at': '2026-03-09T08:32:19.007329+09:00'})
2026-03-09 08:32:20,296 ERROR [sync_financials] [API] HTTP 0 — リトライ不可
  レスポンス: {"code":"42501","details":null,"hint":null,"message":"new row violates row-level security policy for table \"financials\""}
2026-03-09 08:32:20,297 ERROR [sync_financials]   batch 9/145: FAILED — 401 Client Error: Unauthorized for url: https://fvkvfekzoebcolssnteo.supabase.co/rest/v1/financials?on_conflict=ticker%2Cperiod%2Cquarter
  (先頭行: {'ticker': '21560', 'period': '2023-03-31', 'quarter': 'FY', 'sales': 2107000000, 'gross_profit': 1635633000, 'operating_profit': 168000000, 'source': 'jquants', 'updated_at': '2026-03-09T08:32:19.007329+09:00'})
2026-03-09 08:32:20,443 ERROR [sync_financials] [API] HTTP 0 — リトライ不可
  レスポンス: {"code":"42501","details":null,"hint":null,"message":"new row violates row-level security policy for table \"financials\""}
2026-03-09 08:32:20,444 ERROR [sync_financials]   batch 10/145: FAILED — 401 Client Error: Unauthorized for url: https://fvkvfekzoebcolssnteo.supabase.co/rest/v1/financials?on_conflict=ticker%2Cperiod%2Cquarter
  (先頭行: {'ticker': '22060', 'period': '2023-12-31', 'quarter': '1Q', 'sales': 71075000000, 'gross_profit': 26313000000, 'operating_profit': 3900000000, 'source': 'jquants', 'updated_at': '2026-03-09T08:32:19.007329+09:00'})
2026-03-09 08:32:20,560 ERROR [sync_financials] [API] HTTP 0 — リトライ不可
  レスポンス: {"code":"42501","details":null,"hint":null,"message":"new row violates row-level security policy for table \"financials\""}
2026-03-09 08:32:20,560 ERROR [sync_financials]   batch 11/145: FAILED — 401 Client Error: Unauthorized for url: https://fvkvfekzoebcolssnteo.supabase.co/rest/v1/financials?on_conflict=ticker%2Cperiod%2Cquarter
  (先頭行: {'ticker': '22880', 'period': '2026-03-31', 'quarter': '2Q', 'sales': 120290000000, 'gross_profit': 20100000000, 'operating_profit': 4210000000, 'source': 'jquants', 'updated_at': '2026-03-09T08:32:19.007329+09:00'})
2026-03-09 08:32:20,692 ERROR [sync_financials] [API] HTTP 0 — リトライ不可
  レスポンス: {"code":"42501","details":null,"hint":null,"message":"new row violates row-level security policy for table \"financials\""}
2026-03-09 08:32:20,693 ERROR [sync_financials]   batch 12/145: FAILED — 401 Client Error: Unauthorized for url: https://fvkvfekzoebcolssnteo.supabase.co/rest/v1/financials?on_conflict=ticker%2Cperiod%2Cquarter
  (先頭行: {'ticker': '23350', 'period': '2023-03-31', 'quarter': '3Q', 'sales': 11972000000, 'gross_profit': 2568349000, 'operating_profit': 951000000, 'source': 'jquants', 'updated_at': '2026-03-09T08:32:19.007329+09:00'})
2026-03-09 08:32:20,814 ERROR [sync_financials] [API] HTTP 0 — リトライ不可
  レスポンス: {"code":"42501","details":null,"hint":null,"message":"new row violates row-level security policy for table \"financials\""}
2026-03-09 08:32:20,814 ERROR [sync_financials]   batch 13/145: FAILED — 401 Client Error: Unauthorized for url: https://fvkvfekzoebcolssnteo.supabase.co/rest/v1/financials?on_conflict=ticker%2Cperiod%2Cquarter
  (先頭行: {'ticker': '23910', 'period': '2022-07-31', 'quarter': '2Q', 'sales': 1551000000, 'gross_profit': 1027783000, 'operating_profit': 353000000, 'source': 'jquants', 'updated_at': '2026-03-09T08:32:19.007329+09:00'})
2026-03-09 08:32:20,966 ERROR [sync_financials] [API] HTTP 0 — リトライ不可
  レスポンス: {"code":"42501","details":null,"hint":null,"message":"new row violates row-level security policy for table \"financials\""}
2026-03-09 08:32:20,966 ERROR [sync_financials]   batch 14/145: FAILED — 401 Client Error: Unauthorized for url: https://fvkvfekzoebcolssnteo.supabase.co/rest/v1/financials?on_conflict=ticker%2Cperiod%2Cquarter
  (先頭行: {'ticker': '24590', 'period': '2023-05-31', 'quarter': 'FY', 'sales': 454000000, 'gross_profit': 317454000, 'operating_profit': -71000000, 'source': 'jquants', 'updated_at': '2026-03-09T08:32:19.007329+09:00'})
2026-03-09 08:32:21,105 ERROR [sync_financials] [API] HTTP 0 — リトライ不可
  レスポンス: {"code":"42501","details":null,"hint":null,"message":"new row violates row-level security policy for table \"financials\""}
2026-03-09 08:32:21,106 ERROR [sync_financials]   batch 15/145: FAILED — 401 Client Error: Unauthorized for url: https://fvkvfekzoebcolssnteo.supabase.co/rest/v1/financials?on_conflict=ticker%2Cperiod%2Cquarter
  (先頭行: {'ticker': '25030', 'period': '2023-12-31', 'quarter': '1Q', 'sales': 450329000000, 'gross_profit': 204446000000, 'operating_profit': 10992000000, 'source': 'jquants', 'updated_at': '2026-03-09T08:32:19.007329+09:00'})
2026-03-09 08:32:21,253 ERROR [sync_financials] [API] HTTP 0 — リトライ不可
  レスポンス: {"code":"42501","details":null,"hint":null,"message":"new row violates row-level security policy for table \"financials\""}
2026-03-09 08:32:21,253 ERROR [sync_financials]   batch 16/145: FAILED — 401 Client Error: Unauthorized for url: https://fvkvfekzoebcolssnteo.supabase.co/rest/v1/financials?on_conflict=ticker%2Cperiod%2Cquarter
  (先頭行: {'ticker': '265A0', 'period': '2025-12-31', 'quarter': '2Q', 'sales': 439000000, 'gross_profit': 157161000, 'operating_profit': -36000000, 'source': 'jquants', 'updated_at': '2026-03-09T08:32:19.007329+09:00'})
2026-03-09 08:32:21,406 ERROR [sync_financials] [API] HTTP 0 — リトライ不可
  レスポンス: {"code":"42501","details":null,"hint":null,"message":"new row violates row-level security policy for table \"financials\""}
2026-03-09 08:32:21,406 ERROR [sync_financials]   batch 17/145: FAILED — 401 Client Error: Unauthorized for url: https://fvkvfekzoebcolssnteo.supabase.co/rest/v1/financials?on_conflict=ticker%2Cperiod%2Cquarter
  (先頭行: {'ticker': '27080', 'period': '2022-03-31', 'quarter': '2Q', 'sales': 19219000000, 'gross_profit': 4129000000, 'operating_profit': -961000000, 'source': 'jquants', 'updated_at': '2026-03-09T08:32:19.007329+09:00'})
2026-03-09 08:32:21,524 ERROR [sync_financials] [API] HTTP 0 — リトライ不可
  レスポンス: {"code":"42501","details":null,"hint":null,"message":"new row violates row-level security policy for table \"financials\""}
2026-03-09 08:32:21,524 ERROR [sync_financials]   batch 18/145: FAILED — 401 Client Error: Unauthorized for url: https://fvkvfekzoebcolssnteo.supabase.co/rest/v1/financials?on_conflict=ticker%2Cperiod%2Cquarter
  (先頭行: {'ticker': '27760', 'period': '2023-01-31', 'quarter': '2Q', 'sales': 1815000000, 'gross_profit': None, 'operating_profit': -142000000, 'source': 'jquants', 'updated_at': '2026-03-09T08:32:19.007329+09:00'})
2026-03-09 08:32:21,667 ERROR [sync_financials] [API] HTTP 0 — リトライ不可
  レスポンス: {"code":"42501","details":null,"hint":null,"message":"new row violates row-level security policy for table \"financials\""}
2026-03-09 08:32:21,668 ERROR [sync_financials]   batch 19/145: FAILED — 401 Client Error: Unauthorized for url: https://fvkvfekzoebcolssnteo.supabase.co/rest/v1/financials?on_conflict=ticker%2Cperiod%2Cquarter
  (先頭行: {'ticker': '28160', 'period': '2023-03-31', 'quarter': 'FY', 'sales': 23374000000, 'gross_profit': 8979000000, 'operating_profit': 484000000, 'source': 'jquants', 'updated_at': '2026-03-09T08:32:19.007329+09:00'})
2026-03-09 08:32:21,810 ERROR [sync_financials] [API] HTTP 0 — リトライ不可
  レスポンス: {"code":"42501","details":null,"hint":null,"message":"new row violates row-level security policy for table \"financials\""}
2026-03-09 08:32:21,811 ERROR [sync_financials]   batch 20/145: FAILED — 401 Client Error: Unauthorized for url: https://fvkvfekzoebcolssnteo.supabase.co/rest/v1/financials?on_conflict=ticker%2Cperiod%2Cquarter
  (先頭行: {'ticker': '29110', 'period': '2025-03-31', 'quarter': 'FY', 'sales': 8017000000, 'gross_profit': 2287092000, 'operating_profit': 225000000, 'source': 'jquants', 'updated_at': '2026-03-09T08:32:19.007329+09:00'})
2026-03-09 08:32:21,966 ERROR [sync_financials] [API] HTTP 0 — リトライ不可
  レスポンス: {"code":"42501","details":null,"hint":null,"message":"new row violates row-level security policy for table \"financials\""}
2026-03-09 08:32:21,967 ERROR [sync_financials]   batch 21/145: FAILED — 401 Client Error: Unauthorized for url: https://fvkvfekzoebcolssnteo.supabase.co/rest/v1/financials?on_conflict=ticker%2Cperiod%2Cquarter
  (先頭行: {'ticker': '29790', 'period': '2025-05-31', 'quarter': 'FY', 'sales': 4738000000, 'gross_profit': None, 'operating_profit': 2229000000, 'source': 'jquants', 'updated_at': '2026-03-09T08:32:19.007329+09:00'})
2026-03-09 08:32:22,097 ERROR [sync_financials] [API] HTTP 0 — リトライ不可
  レスポンス: {"code":"42501","details":null,"hint":null,"message":"new row violates row-level security policy for table \"financials\""}
2026-03-09 08:32:22,098 ERROR [sync_financials]   batch 22/145: FAILED — 401 Client Error: Unauthorized for url: https://fvkvfekzoebcolssnteo.supabase.co/rest/v1/financials?on_conflict=ticker%2Cperiod%2Cquarter
  (先頭行: {'ticker': '30340', 'period': '2022-03-31', 'quarter': 'FY', 'sales': 166199000000, 'gross_profit': 23163000000, 'operating_profit': 9855000000, 'source': 'jquants', 'updated_at': '2026-03-09T08:32:19.007329+09:00'})
2026-03-09 08:32:22,223 ERROR [sync_financials] [API] HTTP 0 — リトライ不可
  レスポンス: {"code":"42501","details":null,"hint":null,"message":"new row violates row-level security policy for table \"financials\""}
2026-03-09 08:32:22,224 ERROR [sync_financials]   batch 23/145: FAILED — 401 Client Error: Unauthorized for url: https://fvkvfekzoebcolssnteo.supabase.co/rest/v1/financials?on_conflict=ticker%2Cperiod%2Cquarter
  (先頭行: {'ticker': '30760', 'period': '2023-06-30', 'quarter': 'FY', 'sales': 46396000000, 'gross_profit': 22821000000, 'operating_profit': 9434000000, 'source': 'jquants', 'updated_at': '2026-03-09T08:32:19.007329+09:00'})
2026-03-09 08:32:22,345 ERROR [sync_financials] [API] HTTP 0 — リトライ不可
  レスポンス: {"code":"42501","details":null,"hint":null,"message":"new row violates row-level security policy for table \"financials\""}
2026-03-09 08:32:22,347 ERROR [sync_financials]   batch 24/145: FAILED — 401 Client Error: Unauthorized for url: https://fvkvfekzoebcolssnteo.supabase.co/rest/v1/financials?on_conflict=ticker%2Cperiod%2Cquarter
  (先頭行: {'ticker': '31130', 'period': '2023-03-31', 'quarter': '3Q', 'sales': 1061000000, 'gross_profit': 465115000, 'operating_profit': -561000000, 'source': 'jquants', 'updated_at': '2026-03-09T08:32:19.007329+09:00'})
2026-03-09 08:32:22,497 ERROR [sync_financials] [API] HTTP 0 — リトライ不可
  レスポンス: {"code":"42501","details":null,"hint":null,"message":"new row violates row-level security policy for table \"financials\""}
2026-03-09 08:32:22,498 ERROR [sync_financials]   batch 25/145: FAILED — 401 Client Error: Unauthorized for url: https://fvkvfekzoebcolssnteo.supabase.co/rest/v1/financials?on_conflict=ticker%2Cperiod%2Cquarter
  (先頭行: {'ticker': '31670', 'period': '2021-03-31', 'quarter': 'FY', 'sales': 196726000000, 'gross_profit': 82870000000, 'operating_profit': 15226000000, 'source': 'jquants', 'updated_at': '2026-03-09T08:32:19.007329+09:00'})
2026-03-09 08:32:22,666 ERROR [sync_financials] [API] HTTP 0 — リトライ不可
  レスポンス: {"code":"42501","details":null,"hint":null,"message":"new row violates row-level security policy for table \"financials\""}
2026-03-09 08:32:22,667 ERROR [sync_financials]   batch 26/145: FAILED — 401 Client Error: Unauthorized for url: https://fvkvfekzoebcolssnteo.supabase.co/rest/v1/financials?on_conflict=ticker%2Cperiod%2Cquarter
  (先頭行: {'ticker': '31950', 'period': '2024-10-31', 'quarter': '1Q', 'sales': 4004000000, 'gross_profit': 1113845000, 'operating_profit': 45000000, 'source': 'jquants', 'updated_at': '2026-03-09T08:32:19.007329+09:00'})
2026-03-09 08:32:22,803 ERROR [sync_financials] [API] HTTP 0 — リトライ不可
  レスポンス: {"code":"42501","details":null,"hint":null,"message":"new row violates row-level security policy for table \"financials\""}
2026-03-09 08:32:22,804 ERROR [sync_financials]   batch 27/145: FAILED — 401 Client Error: Unauthorized for url: https://fvkvfekzoebcolssnteo.supabase.co/rest/v1/financials?on_conflict=ticker%2Cperiod%2Cquarter
  (先頭行: {'ticker': '32520', 'period': '2021-12-31', 'quarter': 'FY', 'sales': 56177000000, 'gross_profit': 9263000000, 'operating_profit': 5475000000, 'source': 'jquants', 'updated_at': '2026-03-09T08:32:19.007329+09:00'})
2026-03-09 08:32:22,963 ERROR [sync_financials] [API] HTTP 0 — リトライ不可
  レスポンス: {"code":"42501","details":null,"hint":null,"message":"new row violates row-level security policy for table \"financials\""}
2026-03-09 08:32:22,964 ERROR [sync_financials]   batch 28/145: FAILED — 401 Client Error: Unauthorized for url: https://fvkvfekzoebcolssnteo.supabase.co/rest/v1/financials?on_conflict=ticker%2Cperiod%2Cquarter
  (先頭行: {'ticker': '33060', 'period': '2025-03-31', 'quarter': '3Q', 'sales': 3407000000, 'gross_profit': 836113000, 'operating_profit': 245000000, 'source': 'jquants', 'updated_at': '2026-03-09T08:32:19.007329+09:00'})
2026-03-09 08:32:23,110 ERROR [sync_financials] [API] HTTP 0 — リトライ不可
  レスポンス: {"code":"42501","details":null,"hint":null,"message":"new row violates row-level security policy for table \"financials\""}
2026-03-09 08:32:23,111 ERROR [sync_financials]   batch 29/145: FAILED — 401 Client Error: Unauthorized for url: https://fvkvfekzoebcolssnteo.supabase.co/rest/v1/financials?on_conflict=ticker%2Cperiod%2Cquarter
  (先頭行: {'ticker': '33770', 'period': '2024-11-30', 'quarter': 'FY', 'sales': 33965000000, 'gross_profit': 12624371000, 'operating_profit': 286000000, 'source': 'jquants', 'updated_at': '2026-03-09T08:32:19.007329+09:00'})
2026-03-09 08:32:23,240 ERROR [sync_financials] [API] HTTP 0 — リトライ不可
  レスポンス: {"code":"42501","details":null,"hint":null,"message":"new row violates row-level security policy for table \"financials\""}
2026-03-09 08:32:23,241 ERROR [sync_financials]   batch 30/145: FAILED — 401 Client Error: Unauthorized for url: https://fvkvfekzoebcolssnteo.supabase.co/rest/v1/financials?on_conflict=ticker%2Cperiod%2Cquarter
  (先頭行: {'ticker': '34230', 'period': '2025-03-31', 'quarter': 'FY', 'sales': 25887000000, 'gross_profit': 6916715000, 'operating_profit': 849000000, 'source': 'jquants', 'updated_at': '2026-03-09T08:32:19.007329+09:00'})
2026-03-09 08:32:23,403 ERROR [sync_financials] [API] HTTP 0 — リトライ不可
  レスポンス: {"code":"42501","details":null,"hint":null,"message":"new row violates row-level security policy for table \"financials\""}
2026-03-09 08:32:23,403 ERROR [sync_financials]   batch 31/145: FAILED — 401 Client Error: Unauthorized for url: https://fvkvfekzoebcolssnteo.supabase.co/rest/v1/financials?on_conflict=ticker%2Cperiod%2Cquarter
  (先頭行: {'ticker': '34670', 'period': '2024-03-31', 'quarter': '2Q', 'sales': 8480000000, 'gross_profit': 1158903000, 'operating_profit': 142000000, 'source': 'jquants', 'updated_at': '2026-03-09T08:32:19.007329+09:00'})
2026-03-09 08:32:23,544 ERROR [sync_financials] [API] HTTP 0 — リトライ不可
  レスポンス: {"code":"42501","details":null,"hint":null,"message":"new row violates row-level security policy for table \"financials\""}
2026-03-09 08:32:23,544 ERROR [sync_financials]   batch 32/145: FAILED — 401 Client Error: Unauthorized for url: https://fvkvfekzoebcolssnteo.supabase.co/rest/v1/financials?on_conflict=ticker%2Cperiod%2Cquarter
  (先頭行: {'ticker': '35210', 'period': '2024-03-31', 'quarter': 'FY', 'sales': 1892000000, 'gross_profit': 338056000, 'operating_profit': 188000000, 'source': 'jquants', 'updated_at': '2026-03-09T08:32:19.007329+09:00'})
2026-03-09 08:32:23,670 ERROR [sync_financials] [API] HTTP 0 — リトライ不可
  レスポンス: {"code":"42501","details":null,"hint":null,"message":"new row violates row-level security policy for table \"financials\""}
2026-03-09 08:32:23,670 ERROR [sync_financials]   batch 33/145: FAILED — 401 Client Error: Unauthorized for url: https://fvkvfekzoebcolssnteo.supabase.co/rest/v1/financials?on_conflict=ticker%2Cperiod%2Cquarter
  (先頭行: {'ticker': '35630', 'period': '2022-09-30', 'quarter': '2Q', 'sales': 140257000000, 'gross_profit': 74742000000, 'operating_profit': 9572000000, 'source': 'jquants', 'updated_at': '2026-03-09T08:32:19.007329+09:00'})
2026-03-09 08:32:23,794 ERROR [sync_financials] [API] HTTP 0 — リトライ不可
  レスポンス: {"code":"42501","details":null,"hint":null,"message":"new row violates row-level security policy for table \"financials\""}
2026-03-09 08:32:23,795 ERROR [sync_financials]   batch 34/145: FAILED — 401 Client Error: Unauthorized for url: https://fvkvfekzoebcolssnteo.supabase.co/rest/v1/financials?on_conflict=ticker%2Cperiod%2Cquarter
  (先頭行: {'ticker': '36320', 'period': '2026-06-30', 'quarter': '1Q', 'sales': 12765000000, 'gross_profit': 6306000000, 'operating_profit': 1068000000, 'source': 'jquants', 'updated_at': '2026-03-09T08:32:19.007329+09:00'})
2026-03-09 08:32:23,916 ERROR [sync_financials] [API] HTTP 0 — リトライ不可
  レスポンス: {"code":"42501","details":null,"hint":null,"message":"new row violates row-level security policy for table \"financials\""}
2026-03-09 08:32:23,916 ERROR [sync_financials]   batch 35/145: FAILED — 401 Client Error: Unauthorized for url: https://fvkvfekzoebcolssnteo.supabase.co/rest/v1/financials?on_conflict=ticker%2Cperiod%2Cquarter
  (先頭行: {'ticker': '36670', 'period': '2024-12-31', 'quarter': '1Q', 'sales': 819000000, 'gross_profit': -13230000, 'operating_profit': -182000000, 'source': 'jquants', 'updated_at': '2026-03-09T08:32:19.007329+09:00'})
2026-03-09 08:32:24,036 ERROR [sync_financials] [API] HTTP 0 — リトライ不可
  レスポンス: {"code":"42501","details":null,"hint":null,"message":"new row violates row-level security policy for table \"financials\""}
2026-03-09 08:32:24,037 ERROR [sync_financials]   batch 36/145: FAILED — 401 Client Error: Unauthorized for url: https://fvkvfekzoebcolssnteo.supabase.co/rest/v1/financials?on_conflict=ticker%2Cperiod%2Cquarter
  (先頭行: {'ticker': '369A0', 'period': '2025-08-31', 'quarter': 'FY', 'sales': 2929000000, 'gross_profit': 1994939000, 'operating_profit': 713000000, 'source': 'jquants', 'updated_at': '2026-03-09T08:32:19.007329+09:00'})
2026-03-09 08:32:24,177 ERROR [sync_financials] [API] HTTP 0 — リトライ不可
  レスポンス: {"code":"42501","details":null,"hint":null,"message":"new row violates row-level security policy for table \"financials\""}
2026-03-09 08:32:24,178 ERROR [sync_financials]   batch 37/145: FAILED — 401 Client Error: Unauthorized for url: https://fvkvfekzoebcolssnteo.supabase.co/rest/v1/financials?on_conflict=ticker%2Cperiod%2Cquarter
  (先頭行: {'ticker': '37740', 'period': '2023-03-31', 'quarter': '3Q', 'sales': 185339000000, 'gross_profit': 137127000000, 'operating_profit': 18790000000, 'source': 'jquants', 'updated_at': '2026-03-09T08:32:19.007329+09:00'})
2026-03-09 08:32:24,306 ERROR [sync_financials] [API] HTTP 0 — リトライ不可
  レスポンス: {"code":"42501","details":null,"hint":null,"message":"new row violates row-level security policy for table \"financials\""}
2026-03-09 08:32:24,307 ERROR [sync_financials]   batch 38/145: FAILED — 401 Client Error: Unauthorized for url: https://fvkvfekzoebcolssnteo.supabase.co/rest/v1/financials?on_conflict=ticker%2Cperiod%2Cquarter
  (先頭行: {'ticker': '38340', 'period': '2026-03-31', 'quarter': '3Q', 'sales': 10117000000, 'gross_profit': 3208000000, 'operating_profit': 1489000000, 'source': 'jquants', 'updated_at': '2026-03-09T08:32:19.007329+09:00'})
2026-03-09 08:32:24,431 ERROR [sync_financials] [API] HTTP 0 — リトライ不可
  レスポンス: {"code":"42501","details":null,"hint":null,"message":"new row violates row-level security policy for table \"financials\""}
2026-03-09 08:32:24,431 ERROR [sync_financials]   batch 39/145: FAILED — 401 Client Error: Unauthorized for url: https://fvkvfekzoebcolssnteo.supabase.co/rest/v1/financials?on_conflict=ticker%2Cperiod%2Cquarter
  (先頭行: {'ticker': '38910', 'period': '2023-03-31', 'quarter': 'FY', 'sales': 17586000000, 'gross_profit': 5531585000, 'operating_profit': 3327000000, 'source': 'jquants', 'updated_at': '2026-03-09T08:32:19.007329+09:00'})
2026-03-09 08:32:24,555 ERROR [sync_financials] [API] HTTP 0 — リトライ不可
  レスポンス: {"code":"42501","details":null,"hint":null,"message":"new row violates row-level security policy for table \"financials\""}
2026-03-09 08:32:24,555 ERROR [sync_financials]   batch 40/145: FAILED — 401 Client Error: Unauthorized for url: https://fvkvfekzoebcolssnteo.supabase.co/rest/v1/financials?on_conflict=ticker%2Cperiod%2Cquarter
  (先頭行: {'ticker': '39230', 'period': '2023-03-31', 'quarter': '2Q', 'sales': 12736000000, 'gross_profit': 8676000000, 'operating_profit': 677000000, 'source': 'jquants', 'updated_at': '2026-03-09T08:32:19.007329+09:00'})
2026-03-09 08:32:24,677 ERROR [sync_financials] [API] HTTP 0 — リトライ不可
  レスポンス: {"code":"42501","details":null,"hint":null,"message":"new row violates row-level security policy for table \"financials\""}
2026-03-09 08:32:24,677 ERROR [sync_financials]   batch 41/145: FAILED — 401 Client Error: Unauthorized for url: https://fvkvfekzoebcolssnteo.supabase.co/rest/v1/financials?on_conflict=ticker%2Cperiod%2Cquarter
  (先頭行: {'ticker': '39510', 'period': '2023-03-31', 'quarter': '2Q', 'sales': 19819000000, 'gross_profit': 4639703000, 'operating_profit': 1170000000, 'source': 'jquants', 'updated_at': '2026-03-09T08:32:19.007329+09:00'})
2026-03-09 08:32:24,824 ERROR [sync_financials] [API] HTTP 0 — リトライ不可
  レスポンス: {"code":"42501","details":null,"hint":null,"message":"new row violates row-level security policy for table \"financials\""}
2026-03-09 08:32:24,825 ERROR [sync_financials]   batch 42/145: FAILED — 401 Client Error: Unauthorized for url: https://fvkvfekzoebcolssnteo.supabase.co/rest/v1/financials?on_conflict=ticker%2Cperiod%2Cquarter
  (先頭行: {'ticker': '39910', 'period': '2024-08-31', 'quarter': '2Q', 'sales': 2327000000, 'gross_profit': None, 'operating_profit': 745000000, 'source': 'jquants', 'updated_at': '2026-03-09T08:32:19.007329+09:00'})
2026-03-09 08:32:24,939 ERROR [sync_financials] [API] HTTP 0 — リトライ不可
  レスポンス: {"code":"42501","details":null,"hint":null,"message":"new row violates row-level security policy for table \"financials\""}
2026-03-09 08:32:24,940 ERROR [sync_financials]   batch 43/145: FAILED — 401 Client Error: Unauthorized for url: https://fvkvfekzoebcolssnteo.supabase.co/rest/v1/financials?on_conflict=ticker%2Cperiod%2Cquarter
  (先頭行: {'ticker': '40280', 'period': '2023-03-31', 'quarter': '3Q', 'sales': 94174000000, 'gross_profit': 22307000000, 'operating_profit': 3811000000, 'source': 'jquants', 'updated_at': '2026-03-09T08:32:19.007329+09:00'})
2026-03-09 08:32:25,069 ERROR [sync_financials] [API] HTTP 0 — リトライ不可
  レスポンス: {"code":"42501","details":null,"hint":null,"message":"new row violates row-level security policy for table \"financials\""}
2026-03-09 08:32:25,070 ERROR [sync_financials]   batch 44/145: FAILED — 401 Client Error: Unauthorized for url: https://fvkvfekzoebcolssnteo.supabase.co/rest/v1/financials?on_conflict=ticker%2Cperiod%2Cquarter
  (先頭行: {'ticker': '40690', 'period': '2024-03-31', 'quarter': 'FY', 'sales': 2506000000, 'gross_profit': 1265547000, 'operating_profit': 253000000, 'source': 'jquants', 'updated_at': '2026-03-09T08:32:19.007329+09:00'})
2026-03-09 08:32:25,192 ERROR [sync_financials] [API] HTTP 0 — リトライ不可
  レスポンス: {"code":"42501","details":null,"hint":null,"message":"new row violates row-level security policy for table \"financials\""}
2026-03-09 08:32:25,193 ERROR [sync_financials]   batch 45/145: FAILED — 401 Client Error: Unauthorized for url: https://fvkvfekzoebcolssnteo.supabase.co/rest/v1/financials?on_conflict=ticker%2Cperiod%2Cquarter
  (先頭行: {'ticker': '41160', 'period': '2025-03-31', 'quarter': 'FY', 'sales': 124760000000, 'gross_profit': 25221000000, 'operating_profit': 7004000000, 'source': 'jquants', 'updated_at': '2026-03-09T08:32:19.007329+09:00'})
2026-03-09 08:32:25,320 ERROR [sync_financials] [API] HTTP 0 — リトライ不可
  レスポンス: {"code":"42501","details":null,"hint":null,"message":"new row violates row-level security policy for table \"financials\""}
2026-03-09 08:32:25,321 ERROR [sync_financials]   batch 46/145: FAILED — 401 Client Error: Unauthorized for url: https://fvkvfekzoebcolssnteo.supabase.co/rest/v1/financials?on_conflict=ticker%2Cperiod%2Cquarter
  (先頭行: {'ticker': '41870', 'period': '2023-11-30', 'quarter': '3Q', 'sales': 21754000000, 'gross_profit': 6232693000, 'operating_profit': 3056000000, 'source': 'jquants', 'updated_at': '2026-03-09T08:32:19.007329+09:00'})
2026-03-09 08:32:25,446 ERROR [sync_financials] [API] HTTP 0 — リトライ不可
  レスポンス: {"code":"42501","details":null,"hint":null,"message":"new row violates row-level security policy for table \"financials\""}
2026-03-09 08:32:25,446 ERROR [sync_financials]   batch 47/145: FAILED — 401 Client Error: Unauthorized for url: https://fvkvfekzoebcolssnteo.supabase.co/rest/v1/financials?on_conflict=ticker%2Cperiod%2Cquarter
  (先頭行: {'ticker': '42340', 'period': '2021-03-31', 'quarter': 'FY', 'sales': 29986000000, 'gross_profit': 3711179000, 'operating_profit': 613000000, 'source': 'jquants', 'updated_at': '2026-03-09T08:32:19.007329+09:00'})
2026-03-09 08:32:25,582 ERROR [sync_financials] [API] HTTP 0 — リトライ不可
  レスポンス: {"code":"42501","details":null,"hint":null,"message":"new row violates row-level security policy for table \"financials\""}
2026-03-09 08:32:25,583 ERROR [sync_financials]   batch 48/145: FAILED — 401 Client Error: Unauthorized for url: https://fvkvfekzoebcolssnteo.supabase.co/rest/v1/financials?on_conflict=ticker%2Cperiod%2Cquarter
  (先頭行: {'ticker': '42740', 'period': '2024-03-31', 'quarter': '1Q', 'sales': 244000000, 'gross_profit': 76670000, 'operating_profit': -1000000, 'source': 'jquants', 'updated_at': '2026-03-09T08:32:19.007329+09:00'})
2026-03-09 08:32:25,714 ERROR [sync_financials] [API] HTTP 0 — リトライ不可
  レスポンス: {"code":"42501","details":null,"hint":null,"message":"new row violates row-level security policy for table \"financials\""}
2026-03-09 08:32:25,714 ERROR [sync_financials]   batch 49/145: FAILED — 401 Client Error: Unauthorized for url: https://fvkvfekzoebcolssnteo.supabase.co/rest/v1/financials?on_conflict=ticker%2Cperiod%2Cquarter
  (先頭行: {'ticker': '43370', 'period': '2026-03-31', 'quarter': 'FY', 'sales': None, 'gross_profit': None, 'operating_profit': None, 'source': 'jquants', 'updated_at': '2026-03-09T08:32:19.007329+09:00'})
2026-03-09 08:32:25,854 ERROR [sync_financials] [API] HTTP 0 — リトライ不可
  レスポンス: {"code":"42501","details":null,"hint":null,"message":"new row violates row-level security policy for table \"financials\""}
2026-03-09 08:32:25,855 ERROR [sync_financials]   batch 50/145: FAILED — 401 Client Error: Unauthorized for url: https://fvkvfekzoebcolssnteo.supabase.co/rest/v1/financials?on_conflict=ticker%2Cperiod%2Cquarter
  (先頭行: {'ticker': '43780', 'period': '2025-10-31', 'quarter': '3Q', 'sales': 1381000000, 'gross_profit': 882995000, 'operating_profit': -85000000, 'source': 'jquants', 'updated_at': '2026-03-09T08:32:19.007329+09:00'})
2026-03-09 08:32:26,002 ERROR [sync_financials] [API] HTTP 0 — リトライ不可
  レスポンス: {"code":"42501","details":null,"hint":null,"message":"new row violates row-level security policy for table \"financials\""}
2026-03-09 08:32:26,003 ERROR [sync_financials]   batch 51/145: FAILED — 401 Client Error: Unauthorized for url: https://fvkvfekzoebcolssnteo.supabase.co/rest/v1/financials?on_conflict=ticker%2Cperiod%2Cquarter
  (先頭行: {'ticker': '44100', 'period': '2025-03-31', 'quarter': '1Q', 'sales': 23807000000, 'gross_profit': 5213000000, 'operating_profit': 481000000, 'source': 'jquants', 'updated_at': '2026-03-09T08:32:19.007329+09:00'})
2026-03-09 08:32:26,128 ERROR [sync_financials] [API] HTTP 0 — リトライ不可
  レスポンス: {"code":"42501","details":null,"hint":null,"message":"new row violates row-level security policy for table \"financials\""}
2026-03-09 08:32:26,129 ERROR [sync_financials]   batch 52/145: FAILED — 401 Client Error: Unauthorized for url: https://fvkvfekzoebcolssnteo.supabase.co/rest/v1/financials?on_conflict=ticker%2Cperiod%2Cquarter
  (先頭行: {'ticker': '44400', 'period': '2022-08-31', 'quarter': 'FY', 'sales': 2345000000, 'gross_profit': 887062000, 'operating_profit': 236000000, 'source': 'jquants', 'updated_at': '2026-03-09T08:32:19.007329+09:00'})
2026-03-09 08:32:26,260 ERROR [sync_financials] [API] HTTP 0 — リトライ不可
  レスポンス: {"code":"42501","details":null,"hint":null,"message":"new row violates row-level security policy for table \"financials\""}
2026-03-09 08:32:26,261 ERROR [sync_financials]   batch 53/145: FAILED — 401 Client Error: Unauthorized for url: https://fvkvfekzoebcolssnteo.supabase.co/rest/v1/financials?on_conflict=ticker%2Cperiod%2Cquarter
  (先頭行: {'ticker': '44820', 'period': '2021-12-31', 'quarter': '3Q', 'sales': 2571000000, 'gross_profit': 1111911000, 'operating_profit': 467000000, 'source': 'jquants', 'updated_at': '2026-03-09T08:32:19.007329+09:00'})
2026-03-09 08:32:26,387 ERROR [sync_financials] [API] HTTP 0 — リトライ不可
  レスポンス: {"code":"42501","details":null,"hint":null,"message":"new row violates row-level security policy for table \"financials\""}
2026-03-09 08:32:26,388 ERROR [sync_financials]   batch 54/145: FAILED — 401 Client Error: Unauthorized for url: https://fvkvfekzoebcolssnteo.supabase.co/rest/v1/financials?on_conflict=ticker%2Cperiod%2Cquarter
  (先頭行: {'ticker': '45240', 'period': '2026-03-31', 'quarter': '1Q', 'sales': 3343000000, 'gross_profit': 1539000000, 'operating_profit': 193000000, 'source': 'jquants', 'updated_at': '2026-03-09T08:32:19.007329+09:00'})
2026-03-09 08:32:26,539 ERROR [sync_financials] [API] HTTP 0 — リトライ不可
  レスポンス: {"code":"42501","details":null,"hint":null,"message":"new row violates row-level security policy for table \"financials\""}
2026-03-09 08:32:26,539 ERROR [sync_financials]   batch 55/145: FAILED — 401 Client Error: Unauthorized for url: https://fvkvfekzoebcolssnteo.supabase.co/rest/v1/financials?on_conflict=ticker%2Cperiod%2Cquarter
  (先頭行: {'ticker': '45680', 'period': '2025-03-31', 'quarter': '1Q', 'sales': 436175000000, 'gross_profit': 341126000000, 'operating_profit': 92979000000, 'source': 'jquants', 'updated_at': '2026-03-09T08:32:19.007329+09:00'})
2026-03-09 08:32:26,663 ERROR [sync_financials] [API] HTTP 0 — リトライ不可
  レスポンス: {"code":"42501","details":null,"hint":null,"message":"new row violates row-level security policy for table \"financials\""}
2026-03-09 08:32:26,664 ERROR [sync_financials]   batch 56/145: FAILED — 401 Client Error: Unauthorized for url: https://fvkvfekzoebcolssnteo.supabase.co/rest/v1/financials?on_conflict=ticker%2Cperiod%2Cquarter
  (先頭行: {'ticker': '45990', 'period': '2023-07-31', 'quarter': '1Q', 'sales': None, 'gross_profit': None, 'operating_profit': -512000000, 'source': 'jquants', 'updated_at': '2026-03-09T08:32:19.007329+09:00'})
2026-03-09 08:32:26,799 ERROR [sync_financials] [API] HTTP 0 — リトライ不可
  レスポンス: {"code":"42501","details":null,"hint":null,"message":"new row violates row-level security policy for table \"financials\""}
2026-03-09 08:32:26,800 ERROR [sync_financials]   batch 57/145: FAILED — 401 Client Error: Unauthorized for url: https://fvkvfekzoebcolssnteo.supabase.co/rest/v1/financials?on_conflict=ticker%2Cperiod%2Cquarter
  (先頭行: {'ticker': '46500', 'period': '2026-03-31', 'quarter': '3Q', 'sales': 3670000000, 'gross_profit': 3313547000, 'operating_profit': -95000000, 'source': 'jquants', 'updated_at': '2026-03-09T08:32:19.007329+09:00'})
2026-03-09 08:32:26,910 ERROR [sync_financials] [API] HTTP 0 — リトライ不可
  レスポンス: {"code":"42501","details":null,"hint":null,"message":"new row violates row-level security policy for table \"financials\""}
2026-03-09 08:32:26,911 ERROR [sync_financials]   batch 58/145: FAILED — 401 Client Error: Unauthorized for url: https://fvkvfekzoebcolssnteo.supabase.co/rest/v1/financials?on_conflict=ticker%2Cperiod%2Cquarter
  (先頭行: {'ticker': '46900', 'period': '2025-03-31', 'quarter': '1Q', 'sales': 1748000000, 'gross_profit': 381963000, 'operating_profit': 91000000, 'source': 'jquants', 'updated_at': '2026-03-09T08:32:19.007329+09:00'})
2026-03-09 08:32:27,024 ERROR [sync_financials] [API] HTTP 0 — リトライ不可
  レスポンス: {"code":"42501","details":null,"hint":null,"message":"new row violates row-level security policy for table \"financials\""}
2026-03-09 08:32:27,025 ERROR [sync_financials]   batch 59/145: FAILED — 401 Client Error: Unauthorized for url: https://fvkvfekzoebcolssnteo.supabase.co/rest/v1/financials?on_conflict=ticker%2Cperiod%2Cquarter
  (先頭行: {'ticker': '47540', 'period': '2023-09-30', 'quarter': '2Q', 'sales': 5319000000, 'gross_profit': 1808003000, 'operating_profit': 382000000, 'source': 'jquants', 'updated_at': '2026-03-09T08:32:19.007329+09:00'})
2026-03-09 08:32:27,162 ERROR [sync_financials] [API] HTTP 0 — リトライ不可
  レスポンス: {"code":"42501","details":null,"hint":null,"message":"new row violates row-level security policy for table \"financials\""}
2026-03-09 08:32:27,163 ERROR [sync_financials]   batch 60/145: FAILED — 401 Client Error: Unauthorized for url: https://fvkvfekzoebcolssnteo.supabase.co/rest/v1/financials?on_conflict=ticker%2Cperiod%2Cquarter
  (先頭行: {'ticker': '48160', 'period': '2024-03-31', 'quarter': '1Q', 'sales': 19884000000, 'gross_profit': 5528000000, 'operating_profit': 2095000000, 'source': 'jquants', 'updated_at': '2026-03-09T08:32:19.007329+09:00'})
2026-03-09 08:32:27,310 ERROR [sync_financials] [API] HTTP 0 — リトライ不可
  レスポンス: {"code":"42501","details":null,"hint":null,"message":"new row violates row-level security policy for table \"financials\""}
2026-03-09 08:32:27,310 ERROR [sync_financials]   batch 61/145: FAILED — 401 Client Error: Unauthorized for url: https://fvkvfekzoebcolssnteo.supabase.co/rest/v1/financials?on_conflict=ticker%2Cperiod%2Cquarter
  (先頭行: {'ticker': '48890', 'period': '2023-03-31', 'quarter': '3Q', 'sales': 30000000, 'gross_profit': 29750000, 'operating_profit': -225000000, 'source': 'jquants', 'updated_at': '2026-03-09T08:32:19.007329+09:00'})
2026-03-09 08:32:27,448 ERROR [sync_financials] [API] HTTP 0 — リトライ不可
  レスポンス: {"code":"42501","details":null,"hint":null,"message":"new row violates row-level security policy for table \"financials\""}
2026-03-09 08:32:27,448 ERROR [sync_financials]   batch 62/145: FAILED — 401 Client Error: Unauthorized for url: https://fvkvfekzoebcolssnteo.supabase.co/rest/v1/financials?on_conflict=ticker%2Cperiod%2Cquarter
  (先頭行: {'ticker': '49350', 'period': '2023-12-31', 'quarter': 'FY', 'sales': 7087000000, 'gross_profit': 2853650000, 'operating_profit': 172000000, 'source': 'jquants', 'updated_at': '2026-03-09T08:32:19.007329+09:00'})
2026-03-09 08:32:27,597 ERROR [sync_financials] [API] HTTP 0 — リトライ不可
  レスポンス: {"code":"42501","details":null,"hint":null,"message":"new row violates row-level security policy for table \"financials\""}
2026-03-09 08:32:27,598 ERROR [sync_financials]   batch 63/145: FAILED — 401 Client Error: Unauthorized for url: https://fvkvfekzoebcolssnteo.supabase.co/rest/v1/financials?on_conflict=ticker%2Cperiod%2Cquarter
  (先頭行: {'ticker': '49940', 'period': '2024-03-31', 'quarter': '3Q', 'sales': 21369000000, 'gross_profit': 5260277000, 'operating_profit': 1254000000, 'source': 'jquants', 'updated_at': '2026-03-09T08:32:19.007329+09:00'})
2026-03-09 08:32:27,728 ERROR [sync_financials] [API] HTTP 0 — リトライ不可
  レスポンス: {"code":"42501","details":null,"hint":null,"message":"new row violates row-level security policy for table \"financials\""}
2026-03-09 08:32:27,729 ERROR [sync_financials]   batch 64/145: FAILED — 401 Client Error: Unauthorized for url: https://fvkvfekzoebcolssnteo.supabase.co/rest/v1/financials?on_conflict=ticker%2Cperiod%2Cquarter
  (先頭行: {'ticker': '50790', 'period': '2025-04-30', 'quarter': '2Q', 'sales': 12996000000, 'gross_profit': 895791000, 'operating_profit': 138000000, 'source': 'jquants', 'updated_at': '2026-03-09T08:32:19.007329+09:00'})
2026-03-09 08:32:27,857 ERROR [sync_financials] [API] HTTP 0 — リトライ不可
  レスポンス: {"code":"42501","details":null,"hint":null,"message":"new row violates row-level security policy for table \"financials\""}
2026-03-09 08:32:27,857 ERROR [sync_financials]   batch 65/145: FAILED — 401 Client Error: Unauthorized for url: https://fvkvfekzoebcolssnteo.supabase.co/rest/v1/financials?on_conflict=ticker%2Cperiod%2Cquarter
  (先頭行: {'ticker': '51950', 'period': '2022-03-31', 'quarter': '3Q', 'sales': 69646000000, 'gross_profit': 21733000000, 'operating_profit': 7018000000, 'source': 'jquants', 'updated_at': '2026-03-09T08:32:19.007329+09:00'})
2026-03-09 08:32:27,981 ERROR [sync_financials] [API] HTTP 0 — リトライ不可
  レスポンス: {"code":"42501","details":null,"hint":null,"message":"new row violates row-level security policy for table \"financials\""}
2026-03-09 08:32:27,982 ERROR [sync_financials]   batch 66/145: FAILED — 401 Client Error: Unauthorized for url: https://fvkvfekzoebcolssnteo.supabase.co/rest/v1/financials?on_conflict=ticker%2Cperiod%2Cquarter
  (先頭行: {'ticker': '52680', 'period': '2021-03-31', 'quarter': 'FY', 'sales': 8417000000, 'gross_profit': 1474519000, 'operating_profit': 508000000, 'source': 'jquants', 'updated_at': '2026-03-09T08:32:19.007329+09:00'})
2026-03-09 08:32:28,133 ERROR [sync_financials] [API] HTTP 0 — リトライ不可
  レスポンス: {"code":"42501","details":null,"hint":null,"message":"new row violates row-level security policy for table \"financials\""}
2026-03-09 08:32:28,134 ERROR [sync_financials]   batch 67/145: FAILED — 401 Client Error: Unauthorized for url: https://fvkvfekzoebcolssnteo.supabase.co/rest/v1/financials?on_conflict=ticker%2Cperiod%2Cquarter
  (先頭行: {'ticker': '53510', 'period': '2025-03-31', 'quarter': '2Q', 'sales': 68230000000, 'gross_profit': 16167000000, 'operating_profit': 6336000000, 'source': 'jquants', 'updated_at': '2026-03-09T08:32:19.007329+09:00'})
2026-03-09 08:32:28,263 ERROR [sync_financials] [API] HTTP 0 — リトライ不可
  レスポンス: {"code":"42501","details":null,"hint":null,"message":"new row violates row-level security policy for table \"financials\""}
2026-03-09 08:32:28,265 ERROR [sync_financials]   batch 68/145: FAILED — 401 Client Error: Unauthorized for url: https://fvkvfekzoebcolssnteo.supabase.co/rest/v1/financials?on_conflict=ticker%2Cperiod%2Cquarter
  (先頭行: {'ticker': '54490', 'period': '2024-03-31', 'quarter': '1Q', 'sales': 30887000000, 'gross_profit': 4514000000, 'operating_profit': 2774000000, 'source': 'jquants', 'updated_at': '2026-03-09T08:32:19.007329+09:00'})
2026-03-09 08:32:28,403 ERROR [sync_financials] [API] HTTP 0 — リトライ不可
  レスポンス: {"code":"42501","details":null,"hint":null,"message":"new row violates row-level security policy for table \"financials\""}
2026-03-09 08:32:28,403 ERROR [sync_financials]   batch 69/145: FAILED — 401 Client Error: Unauthorized for url: https://fvkvfekzoebcolssnteo.supabase.co/rest/v1/financials?on_conflict=ticker%2Cperiod%2Cquarter
  (先頭行: {'ticker': '55970', 'period': '2025-12-31', 'quarter': '1Q', 'sales': 343000000, 'gross_profit': 156113000, 'operating_profit': -70000000, 'source': 'jquants', 'updated_at': '2026-03-09T08:32:19.007329+09:00'})
2026-03-09 08:32:28,545 ERROR [sync_financials] [API] HTTP 0 — リトライ不可
  レスポンス: {"code":"42501","details":null,"hint":null,"message":"new row violates row-level security policy for table \"financials\""}
2026-03-09 08:32:28,545 ERROR [sync_financials]   batch 70/145: FAILED — 401 Client Error: Unauthorized for url: https://fvkvfekzoebcolssnteo.supabase.co/rest/v1/financials?on_conflict=ticker%2Cperiod%2Cquarter
  (先頭行: {'ticker': '57150', 'period': '2023-03-31', 'quarter': 'FY', 'sales': 214190000000, 'gross_profit': 28615000000, 'operating_profit': 9031000000, 'source': 'jquants', 'updated_at': '2026-03-09T08:32:19.007329+09:00'})
2026-03-09 08:32:28,675 ERROR [sync_financials] [API] HTTP 0 — リトライ不可
  レスポンス: {"code":"42501","details":null,"hint":null,"message":"new row violates row-level security policy for table \"financials\""}
2026-03-09 08:32:28,676 ERROR [sync_financials]   batch 71/145: FAILED — 401 Client Error: Unauthorized for url: https://fvkvfekzoebcolssnteo.supabase.co/rest/v1/financials?on_conflict=ticker%2Cperiod%2Cquarter
  (先頭行: {'ticker': '58510', 'period': '2025-12-31', 'quarter': '2Q', 'sales': 153745000000, 'gross_profit': 19004000000, 'operating_profit': 5975000000, 'source': 'jquants', 'updated_at': '2026-03-09T08:32:19.007329+09:00'})
2026-03-09 08:32:28,784 ERROR [sync_financials] [API] HTTP 0 — リトライ不可
  レスポンス: {"code":"42501","details":null,"hint":null,"message":"new row violates row-level security policy for table \"financials\""}
2026-03-09 08:32:28,785 ERROR [sync_financials]   batch 72/145: FAILED — 401 Client Error: Unauthorized for url: https://fvkvfekzoebcolssnteo.supabase.co/rest/v1/financials?on_conflict=ticker%2Cperiod%2Cquarter
  (先頭行: {'ticker': '59320', 'period': '2021-05-31', 'quarter': '3Q', 'sales': 217897000000, 'gross_profit': 50436000000, 'operating_profit': 2582000000, 'source': 'jquants', 'updated_at': '2026-03-09T08:32:19.007329+09:00'})
2026-03-09 08:32:28,938 ERROR [sync_financials] [API] HTTP 0 — リトライ不可
  レスポンス: {"code":"42501","details":null,"hint":null,"message":"new row violates row-level security policy for table \"financials\""}
2026-03-09 08:32:28,939 ERROR [sync_financials]   batch 73/145: FAILED — 401 Client Error: Unauthorized for url: https://fvkvfekzoebcolssnteo.supabase.co/rest/v1/financials?on_conflict=ticker%2Cperiod%2Cquarter
  (先頭行: {'ticker': '59670', 'period': '2026-05-31', 'quarter': '2Q', 'sales': 3407000000, 'gross_profit': 1388657000, 'operating_profit': 491000000, 'source': 'jquants', 'updated_at': '2026-03-09T08:32:19.007329+09:00'})
2026-03-09 08:32:29,050 ERROR [sync_financials] [API] HTTP 0 — リトライ不可
  レスポンス: {"code":"42501","details":null,"hint":null,"message":"new row violates row-level security policy for table \"financials\""}
2026-03-09 08:32:29,051 ERROR [sync_financials]   batch 74/145: FAILED — 401 Client Error: Unauthorized for url: https://fvkvfekzoebcolssnteo.supabase.co/rest/v1/financials?on_conflict=ticker%2Cperiod%2Cquarter
  (先頭行: {'ticker': '60160', 'period': '2025-03-31', 'quarter': '3Q', 'sales': 23669000000, 'gross_profit': 6798694000, 'operating_profit': 4486000000, 'source': 'jquants', 'updated_at': '2026-03-09T08:32:19.007329+09:00'})
2026-03-09 08:32:29,167 ERROR [sync_financials] [API] HTTP 0 — リトライ不可
  レスポンス: {"code":"42501","details":null,"hint":null,"message":"new row violates row-level security policy for table \"financials\""}
2026-03-09 08:32:29,168 ERROR [sync_financials]   batch 75/145: FAILED — 401 Client Error: Unauthorized for url: https://fvkvfekzoebcolssnteo.supabase.co/rest/v1/financials?on_conflict=ticker%2Cperiod%2Cquarter
  (先頭行: {'ticker': '60580', 'period': '2024-02-29', 'quarter': '2Q', 'sales': 28565000000, 'gross_profit': 17940000000, 'operating_profit': 1483000000, 'source': 'jquants', 'updated_at': '2026-03-09T08:32:19.007329+09:00'})
2026-03-09 08:32:29,294 ERROR [sync_financials] [API] HTTP 0 — リトライ不可
  レスポンス: {"code":"42501","details":null,"hint":null,"message":"new row violates row-level security policy for table \"financials\""}
2026-03-09 08:32:29,295 ERROR [sync_financials]   batch 76/145: FAILED — 401 Client Error: Unauthorized for url: https://fvkvfekzoebcolssnteo.supabase.co/rest/v1/financials?on_conflict=ticker%2Cperiod%2Cquarter
  (先頭行: {'ticker': '60940', 'period': '2022-09-30', 'quarter': '2Q', 'sales': 14487000000, 'gross_profit': 4246313000, 'operating_profit': 1199000000, 'source': 'jquants', 'updated_at': '2026-03-09T08:32:19.007329+09:00'})
2026-03-09 08:32:29,413 ERROR [sync_financials] [API] HTTP 0 — リトライ不可
  レスポンス: {"code":"42501","details":null,"hint":null,"message":"new row violates row-level security policy for table \"financials\""}
2026-03-09 08:32:29,413 ERROR [sync_financials]   batch 77/145: FAILED — 401 Client Error: Unauthorized for url: https://fvkvfekzoebcolssnteo.supabase.co/rest/v1/financials?on_conflict=ticker%2Cperiod%2Cquarter
  (先頭行: {'ticker': '61510', 'period': '2026-03-31', 'quarter': '2Q', 'sales': None, 'gross_profit': None, 'operating_profit': None, 'source': 'jquants', 'updated_at': '2026-03-09T08:32:19.007329+09:00'})
2026-03-09 08:32:29,548 ERROR [sync_financials] [API] HTTP 0 — リトライ不可
  レスポンス: {"code":"42501","details":null,"hint":null,"message":"new row violates row-level security policy for table \"financials\""}
2026-03-09 08:32:29,549 ERROR [sync_financials]   batch 78/145: FAILED — 401 Client Error: Unauthorized for url: https://fvkvfekzoebcolssnteo.supabase.co/rest/v1/financials?on_conflict=ticker%2Cperiod%2Cquarter
  (先頭行: {'ticker': '61930', 'period': '2024-03-31', 'quarter': 'FY', 'sales': 6692000000, 'gross_profit': 1602204000, 'operating_profit': 371000000, 'source': 'jquants', 'updated_at': '2026-03-09T08:32:19.007329+09:00'})
2026-03-09 08:32:29,693 ERROR [sync_financials] [API] HTTP 0 — リトライ不可
  レスポンス: {"code":"42501","details":null,"hint":null,"message":"new row violates row-level security policy for table \"financials\""}
2026-03-09 08:32:29,693 ERROR [sync_financials]   batch 79/145: FAILED — 401 Client Error: Unauthorized for url: https://fvkvfekzoebcolssnteo.supabase.co/rest/v1/financials?on_conflict=ticker%2Cperiod%2Cquarter
  (先頭行: {'ticker': '62370', 'period': '2025-03-31', 'quarter': '1Q', 'sales': 11220000000, 'gross_profit': 4617037000, 'operating_profit': 1431000000, 'source': 'jquants', 'updated_at': '2026-03-09T08:32:19.007329+09:00'})
2026-03-09 08:32:29,806 ERROR [sync_financials] [API] HTTP 0 — リトライ不可
  レスポンス: {"code":"42501","details":null,"hint":null,"message":"new row violates row-level security policy for table \"financials\""}
2026-03-09 08:32:29,807 ERROR [sync_financials]   batch 80/145: FAILED — 401 Client Error: Unauthorized for url: https://fvkvfekzoebcolssnteo.supabase.co/rest/v1/financials?on_conflict=ticker%2Cperiod%2Cquarter
  (先頭行: {'ticker': '62780', 'period': '2024-12-31', 'quarter': '2Q', 'sales': 15794000000, 'gross_profit': 6180000000, 'operating_profit': 3108000000, 'source': 'jquants', 'updated_at': '2026-03-09T08:32:19.007329+09:00'})
2026-03-09 08:32:29,937 ERROR [sync_financials] [API] HTTP 0 — リトライ不可
  レスポンス: {"code":"42501","details":null,"hint":null,"message":"new row violates row-level security policy for table \"financials\""}
2026-03-09 08:32:29,938 ERROR [sync_financials]   batch 81/145: FAILED — 401 Client Error: Unauthorized for url: https://fvkvfekzoebcolssnteo.supabase.co/rest/v1/financials?on_conflict=ticker%2Cperiod%2Cquarter
  (先頭行: {'ticker': '63250', 'period': '2023-03-31', 'quarter': '2Q', 'sales': 3830000000, 'gross_profit': 1269264000, 'operating_profit': 386000000, 'source': 'jquants', 'updated_at': '2026-03-09T08:32:19.007329+09:00'})
2026-03-09 08:32:30,066 ERROR [sync_financials] [API] HTTP 0 — リトライ不可
  レスポンス: {"code":"42501","details":null,"hint":null,"message":"new row violates row-level security policy for table \"financials\""}
2026-03-09 08:32:30,067 ERROR [sync_financials]   batch 82/145: FAILED — 401 Client Error: Unauthorized for url: https://fvkvfekzoebcolssnteo.supabase.co/rest/v1/financials?on_conflict=ticker%2Cperiod%2Cquarter
  (先頭行: {'ticker': '63600', 'period': '2022-03-31', 'quarter': '2Q', 'sales': 3826000000, 'gross_profit': 839036000, 'operating_profit': 26000000, 'source': 'jquants', 'updated_at': '2026-03-09T08:32:19.007329+09:00'})
2026-03-09 08:32:30,203 ERROR [sync_financials] [API] HTTP 0 — リトライ不可
  レスポンス: {"code":"42501","details":null,"hint":null,"message":"new row violates row-level security policy for table \"financials\""}
2026-03-09 08:32:30,204 ERROR [sync_financials]   batch 83/145: FAILED — 401 Client Error: Unauthorized for url: https://fvkvfekzoebcolssnteo.supabase.co/rest/v1/financials?on_conflict=ticker%2Cperiod%2Cquarter
  (先頭行: {'ticker': '63950', 'period': '2025-12-31', 'quarter': 'FY', 'sales': 349477000000, 'gross_profit': 93195000000, 'operating_profit': 18552000000, 'source': 'jquants', 'updated_at': '2026-03-09T08:32:19.007329+09:00'})
2026-03-09 08:32:30,331 ERROR [sync_financials] [API] HTTP 0 — リトライ不可
  レスポンス: {"code":"42501","details":null,"hint":null,"message":"new row violates row-level security policy for table \"financials\""}
2026-03-09 08:32:30,332 ERROR [sync_financials]   batch 84/145: FAILED — 401 Client Error: Unauthorized for url: https://fvkvfekzoebcolssnteo.supabase.co/rest/v1/financials?on_conflict=ticker%2Cperiod%2Cquarter
  (先頭行: {'ticker': '64480', 'period': '2025-03-31', 'quarter': '3Q', 'sales': 658759000000, 'gross_profit': 293233000000, 'operating_profit': 64080000000, 'source': 'jquants', 'updated_at': '2026-03-09T08:32:19.007329+09:00'})
2026-03-09 08:32:30,481 ERROR [sync_financials] [API] HTTP 0 — リトライ不可
  レスポンス: {"code":"42501","details":null,"hint":null,"message":"new row violates row-level security policy for table \"financials\""}
2026-03-09 08:32:30,482 ERROR [sync_financials]   batch 85/145: FAILED — 401 Client Error: Unauthorized for url: https://fvkvfekzoebcolssnteo.supabase.co/rest/v1/financials?on_conflict=ticker%2Cperiod%2Cquarter
  (先頭行: {'ticker': '64880', 'period': '2025-03-31', 'quarter': '2Q', 'sales': 4755000000, 'gross_profit': 1923883000, 'operating_profit': 473000000, 'source': 'jquants', 'updated_at': '2026-03-09T08:32:19.007329+09:00'})
2026-03-09 08:32:30,611 ERROR [sync_financials] [API] HTTP 0 — リトライ不可
  レスポンス: {"code":"42501","details":null,"hint":null,"message":"new row violates row-level security policy for table \"financials\""}
2026-03-09 08:32:30,613 ERROR [sync_financials]   batch 86/145: FAILED — 401 Client Error: Unauthorized for url: https://fvkvfekzoebcolssnteo.supabase.co/rest/v1/financials?on_conflict=ticker%2Cperiod%2Cquarter
  (先頭行: {'ticker': '65260', 'period': '2025-03-31', 'quarter': '1Q', 'sales': 52783000000, 'gross_profit': 29836000000, 'operating_profit': 10265000000, 'source': 'jquants', 'updated_at': '2026-03-09T08:32:19.007329+09:00'})
2026-03-09 08:32:30,750 ERROR [sync_financials] [API] HTTP 0 — リトライ不可
  レスポンス: {"code":"42501","details":null,"hint":null,"message":"new row violates row-level security policy for table \"financials\""}
2026-03-09 08:32:30,751 ERROR [sync_financials]   batch 87/145: FAILED — 401 Client Error: Unauthorized for url: https://fvkvfekzoebcolssnteo.supabase.co/rest/v1/financials?on_conflict=ticker%2Cperiod%2Cquarter
  (先頭行: {'ticker': '65640', 'period': '2024-03-31', 'quarter': '3Q', 'sales': 6895000000, 'gross_profit': 4185999000, 'operating_profit': 2451000000, 'source': 'jquants', 'updated_at': '2026-03-09T08:32:19.007329+09:00'})
2026-03-09 08:32:30,900 ERROR [sync_financials] [API] HTTP 0 — リトライ不可
  レスポンス: {"code":"42501","details":null,"hint":null,"message":"new row violates row-level security policy for table \"financials\""}
2026-03-09 08:32:30,901 ERROR [sync_financials]   batch 88/145: FAILED — 401 Client Error: Unauthorized for url: https://fvkvfekzoebcolssnteo.supabase.co/rest/v1/financials?on_conflict=ticker%2Cperiod%2Cquarter
  (先頭行: {'ticker': '66160', 'period': '2023-03-31', 'quarter': '3Q', 'sales': 25083000000, 'gross_profit': 8726202000, 'operating_profit': 4289000000, 'source': 'jquants', 'updated_at': '2026-03-09T08:32:19.007329+09:00'})
2026-03-09 08:32:31,022 ERROR [sync_financials] [API] HTTP 0 — リトライ不可
  レスポンス: {"code":"42501","details":null,"hint":null,"message":"new row violates row-level security policy for table \"financials\""}
2026-03-09 08:32:31,023 ERROR [sync_financials]   batch 89/145: FAILED — 401 Client Error: Unauthorized for url: https://fvkvfekzoebcolssnteo.supabase.co/rest/v1/financials?on_conflict=ticker%2Cperiod%2Cquarter
  (先頭行: {'ticker': '66560', 'period': '2022-04-30', 'quarter': '1Q', 'sales': 454000000, 'gross_profit': 192681000, 'operating_profit': 16000000, 'source': 'jquants', 'updated_at': '2026-03-09T08:32:19.007329+09:00'})
2026-03-09 08:32:31,149 ERROR [sync_financials] [API] HTTP 0 — リトライ不可
  レスポンス: {"code":"42501","details":null,"hint":null,"message":"new row violates row-level security policy for table \"financials\""}
2026-03-09 08:32:31,149 ERROR [sync_financials]   batch 90/145: FAILED — 401 Client Error: Unauthorized for url: https://fvkvfekzoebcolssnteo.supabase.co/rest/v1/financials?on_conflict=ticker%2Cperiod%2Cquarter
  (先頭行: {'ticker': '67230', 'period': '2025-12-31', 'quarter': 'FY', 'sales': 1321212000000, 'gross_profit': 753792000000, 'operating_profit': 201166000000, 'source': 'jquants', 'updated_at': '2026-03-09T08:32:19.007329+09:00'})
2026-03-09 08:32:31,286 ERROR [sync_financials] [API] HTTP 0 — リトライ不可
  レスポンス: {"code":"42501","details":null,"hint":null,"message":"new row violates row-level security policy for table \"financials\""}
2026-03-09 08:32:31,287 ERROR [sync_financials]   batch 91/145: FAILED — 401 Client Error: Unauthorized for url: https://fvkvfekzoebcolssnteo.supabase.co/rest/v1/financials?on_conflict=ticker%2Cperiod%2Cquarter
  (先頭行: {'ticker': '67690', 'period': '2022-12-31', 'quarter': 'FY', 'sales': 5456000000, 'gross_profit': 2987865000, 'operating_profit': 601000000, 'source': 'jquants', 'updated_at': '2026-03-09T08:32:19.007329+09:00'})
2026-03-09 08:32:31,414 ERROR [sync_financials] [API] HTTP 0 — リトライ不可
  レスポンス: {"code":"42501","details":null,"hint":null,"message":"new row violates row-level security policy for table \"financials\""}
2026-03-09 08:32:31,415 ERROR [sync_financials]   batch 92/145: FAILED — 401 Client Error: Unauthorized for url: https://fvkvfekzoebcolssnteo.supabase.co/rest/v1/financials?on_conflict=ticker%2Cperiod%2Cquarter
  (先頭行: {'ticker': '68190', 'period': '2022-03-31', 'quarter': '3Q', 'sales': 1734000000, 'gross_profit': 1316723000, 'operating_profit': 182000000, 'source': 'jquants', 'updated_at': '2026-03-09T08:32:19.007329+09:00'})
2026-03-09 08:32:31,558 ERROR [sync_financials] [API] HTTP 0 — リトライ不可
  レスポンス: {"code":"42501","details":null,"hint":null,"message":"new row violates row-level security policy for table \"financials\""}
2026-03-09 08:32:31,558 ERROR [sync_financials]   batch 93/145: FAILED — 401 Client Error: Unauthorized for url: https://fvkvfekzoebcolssnteo.supabase.co/rest/v1/financials?on_conflict=ticker%2Cperiod%2Cquarter
  (先頭行: {'ticker': '68610', 'period': '2026-03-20', 'quarter': '2Q', 'sales': 545300000000, 'gross_profit': 450878000000, 'operating_profit': 272179000000, 'source': 'jquants', 'updated_at': '2026-03-09T08:32:19.007329+09:00'})
2026-03-09 08:32:31,681 ERROR [sync_financials] [API] HTTP 0 — リトライ不可
  レスポンス: {"code":"42501","details":null,"hint":null,"message":"new row violates row-level security policy for table \"financials\""}
2026-03-09 08:32:31,682 ERROR [sync_financials]   batch 94/145: FAILED — 401 Client Error: Unauthorized for url: https://fvkvfekzoebcolssnteo.supabase.co/rest/v1/financials?on_conflict=ticker%2Cperiod%2Cquarter
  (先頭行: {'ticker': '69120', 'period': '2025-03-31', 'quarter': '1Q', 'sales': 2693000000, 'gross_profit': 1448818000, 'operating_profit': 310000000, 'source': 'jquants', 'updated_at': '2026-03-09T08:32:19.007329+09:00'})
2026-03-09 08:32:31,819 ERROR [sync_financials] [API] HTTP 0 — リトライ不可
  レスポンス: {"code":"42501","details":null,"hint":null,"message":"new row violates row-level security policy for table \"financials\""}
2026-03-09 08:32:31,820 ERROR [sync_financials]   batch 95/145: FAILED — 401 Client Error: Unauthorized for url: https://fvkvfekzoebcolssnteo.supabase.co/rest/v1/financials?on_conflict=ticker%2Cperiod%2Cquarter
  (先頭行: {'ticker': '69620', 'period': '2024-03-31', 'quarter': '2Q', 'sales': 19332000000, 'gross_profit': 4634018000, 'operating_profit': 901000000, 'source': 'jquants', 'updated_at': '2026-03-09T08:32:19.007329+09:00'})
2026-03-09 08:32:31,955 ERROR [sync_financials] [API] HTTP 0 — リトライ不可
  レスポンス: {"code":"42501","details":null,"hint":null,"message":"new row violates row-level security policy for table \"financials\""}
2026-03-09 08:32:31,955 ERROR [sync_financials]   batch 96/145: FAILED — 401 Client Error: Unauthorized for url: https://fvkvfekzoebcolssnteo.supabase.co/rest/v1/financials?on_conflict=ticker%2Cperiod%2Cquarter
  (先頭行: {'ticker': '70130', 'period': '2024-03-31', 'quarter': '1Q', 'sales': 298457000000, 'gross_profit': 58238000000, 'operating_profit': 8929000000, 'source': 'jquants', 'updated_at': '2026-03-09T08:32:19.007329+09:00'})
2026-03-09 08:32:32,067 ERROR [sync_financials] [API] HTTP 0 — リトライ不可
  レスポンス: {"code":"42501","details":null,"hint":null,"message":"new row violates row-level security policy for table \"financials\""}
2026-03-09 08:32:32,068 ERROR [sync_financials]   batch 97/145: FAILED — 401 Client Error: Unauthorized for url: https://fvkvfekzoebcolssnteo.supabase.co/rest/v1/financials?on_conflict=ticker%2Cperiod%2Cquarter
  (先頭行: {'ticker': '70580', 'period': '2023-03-31', 'quarter': 'FY', 'sales': 8017000000, 'gross_profit': 1905111000, 'operating_profit': 489000000, 'source': 'jquants', 'updated_at': '2026-03-09T08:32:19.007329+09:00'})
2026-03-09 08:32:32,218 ERROR [sync_financials] [API] HTTP 0 — リトライ不可
  レスポンス: {"code":"42501","details":null,"hint":null,"message":"new row violates row-level security policy for table \"financials\""}
2026-03-09 08:32:32,219 ERROR [sync_financials]   batch 98/145: FAILED — 401 Client Error: Unauthorized for url: https://fvkvfekzoebcolssnteo.supabase.co/rest/v1/financials?on_conflict=ticker%2Cperiod%2Cquarter
  (先頭行: {'ticker': '70850', 'period': '2024-08-31', 'quarter': '3Q', 'sales': 26511000000, 'gross_profit': 11219323000, 'operating_profit': 4454000000, 'source': 'jquants', 'updated_at': '2026-03-09T08:32:19.007329+09:00'})
2026-03-09 08:32:32,348 ERROR [sync_financials] [API] HTTP 0 — リトライ不可
  レスポンス: {"code":"42501","details":null,"hint":null,"message":"new row violates row-level security policy for table \"financials\""}
2026-03-09 08:32:32,348 ERROR [sync_financials]   batch 99/145: FAILED — 401 Client Error: Unauthorized for url: https://fvkvfekzoebcolssnteo.supabase.co/rest/v1/financials?on_conflict=ticker%2Cperiod%2Cquarter
  (先頭行: {'ticker': '71330', 'period': '2023-03-31', 'quarter': '3Q', 'sales': 4921000000, 'gross_profit': 1166422000, 'operating_profit': 398000000, 'source': 'jquants', 'updated_at': '2026-03-09T08:32:19.007329+09:00'})
2026-03-09 08:32:32,488 ERROR [sync_financials] [API] HTTP 0 — リトライ不可
  レスポンス: {"code":"42501","details":null,"hint":null,"message":"new row violates row-level security policy for table \"financials\""}
2026-03-09 08:32:32,489 ERROR [sync_financials]   batch 100/145: FAILED — 401 Client Error: Unauthorized for url: https://fvkvfekzoebcolssnteo.supabase.co/rest/v1/financials?on_conflict=ticker%2Cperiod%2Cquarter
  (先頭行: {'ticker': '71910', 'period': '2026-03-31', 'quarter': '2Q', 'sales': 5860000000, 'gross_profit': 2689594000, 'operating_profit': 1388000000, 'source': 'jquants', 'updated_at': '2026-03-09T08:32:19.007329+09:00'})
2026-03-09 08:32:32,626 ERROR [sync_financials] [API] HTTP 0 — リトライ不可
  レスポンス: {"code":"42501","details":null,"hint":null,"message":"new row violates row-level security policy for table \"financials\""}
2026-03-09 08:32:32,626 ERROR [sync_financials]   batch 101/145: FAILED — 401 Client Error: Unauthorized for url: https://fvkvfekzoebcolssnteo.supabase.co/rest/v1/financials?on_conflict=ticker%2Cperiod%2Cquarter
  (先頭行: {'ticker': '72350', 'period': '2024-03-31', 'quarter': 'FY', 'sales': 33401000000, 'gross_profit': 4513043000, 'operating_profit': 1397000000, 'source': 'jquants', 'updated_at': '2026-03-09T08:32:19.007329+09:00'})
2026-03-09 08:32:32,761 ERROR [sync_financials] [API] HTTP 0 — リトライ不可
  レスポンス: {"code":"42501","details":null,"hint":null,"message":"new row violates row-level security policy for table \"financials\""}
2026-03-09 08:32:32,762 ERROR [sync_financials]   batch 102/145: FAILED — 401 Client Error: Unauthorized for url: https://fvkvfekzoebcolssnteo.supabase.co/rest/v1/financials?on_conflict=ticker%2Cperiod%2Cquarter
  (先頭行: {'ticker': '72730', 'period': '2023-03-31', 'quarter': '2Q', 'sales': 6430000000, 'gross_profit': 813326000, 'operating_profit': 114000000, 'source': 'jquants', 'updated_at': '2026-03-09T08:32:19.007329+09:00'})
2026-03-09 08:32:32,911 ERROR [sync_financials] [API] HTTP 0 — リトライ不可
  レスポンス: {"code":"42501","details":null,"hint":null,"message":"new row violates row-level security policy for table \"financials\""}
2026-03-09 08:32:32,912 ERROR [sync_financials]   batch 103/145: FAILED — 401 Client Error: Unauthorized for url: https://fvkvfekzoebcolssnteo.supabase.co/rest/v1/financials?on_conflict=ticker%2Cperiod%2Cquarter
  (先頭行: {'ticker': '73260', 'period': '2022-03-31', 'quarter': '1Q', 'sales': 22748000000, 'gross_profit': None, 'operating_profit': None, 'source': 'jquants', 'updated_at': '2026-03-09T08:32:19.007329+09:00'})
2026-03-09 08:32:33,049 ERROR [sync_financials] [API] HTTP 0 — リトライ不可
  レスポンス: {"code":"42501","details":null,"hint":null,"message":"new row violates row-level security policy for table \"financials\""}
2026-03-09 08:32:33,049 ERROR [sync_financials]   batch 104/145: FAILED — 401 Client Error: Unauthorized for url: https://fvkvfekzoebcolssnteo.supabase.co/rest/v1/financials?on_conflict=ticker%2Cperiod%2Cquarter
  (先頭行: {'ticker': '73720', 'period': '2023-09-30', 'quarter': '3Q', 'sales': 4493000000, 'gross_profit': None, 'operating_profit': 777000000, 'source': 'jquants', 'updated_at': '2026-03-09T08:32:19.007329+09:00'})
2026-03-09 08:32:33,168 ERROR [sync_financials] [API] HTTP 0 — リトライ不可
  レスポンス: {"code":"42501","details":null,"hint":null,"message":"new row violates row-level security policy for table \"financials\""}
2026-03-09 08:32:33,169 ERROR [sync_financials]   batch 105/145: FAILED — 401 Client Error: Unauthorized for url: https://fvkvfekzoebcolssnteo.supabase.co/rest/v1/financials?on_conflict=ticker%2Cperiod%2Cquarter
  (先頭行: {'ticker': '74330', 'period': '2023-03-31', 'quarter': 'FY', 'sales': 233624000000, 'gross_profit': 32379000000, 'operating_profit': 12711000000, 'source': 'jquants', 'updated_at': '2026-03-09T08:32:19.007329+09:00'})
2026-03-09 08:32:33,302 ERROR [sync_financials] [API] HTTP 0 — リトライ不可
  レスポンス: {"code":"42501","details":null,"hint":null,"message":"new row violates row-level security policy for table \"financials\""}
2026-03-09 08:32:33,303 ERROR [sync_financials]   batch 106/145: FAILED — 401 Client Error: Unauthorized for url: https://fvkvfekzoebcolssnteo.supabase.co/rest/v1/financials?on_conflict=ticker%2Cperiod%2Cquarter
  (先頭行: {'ticker': '74770', 'period': '2022-03-31', 'quarter': 'FY', 'sales': 7213000000, 'gross_profit': 1731546000, 'operating_profit': 135000000, 'source': 'jquants', 'updated_at': '2026-03-09T08:32:19.007329+09:00'})
2026-03-09 08:32:33,464 ERROR [sync_financials] [API] HTTP 0 — リトライ不可
  レスポンス: {"code":"42501","details":null,"hint":null,"message":"new row violates row-level security policy for table \"financials\""}
2026-03-09 08:32:33,465 ERROR [sync_financials]   batch 107/145: FAILED — 401 Client Error: Unauthorized for url: https://fvkvfekzoebcolssnteo.supabase.co/rest/v1/financials?on_conflict=ticker%2Cperiod%2Cquarter
  (先頭行: {'ticker': '75210', 'period': '2026-03-31', 'quarter': 'FY', 'sales': None, 'gross_profit': None, 'operating_profit': None, 'source': 'jquants', 'updated_at': '2026-03-09T08:32:19.007329+09:00'})
2026-03-09 08:32:33,616 ERROR [sync_financials] [API] HTTP 0 — リトライ不可
  レスポンス: {"code":"42501","details":null,"hint":null,"message":"new row violates row-level security policy for table \"financials\""}
2026-03-09 08:32:33,617 ERROR [sync_financials]   batch 108/145: FAILED — 401 Client Error: Unauthorized for url: https://fvkvfekzoebcolssnteo.supabase.co/rest/v1/financials?on_conflict=ticker%2Cperiod%2Cquarter
  (先頭行: {'ticker': '75750', 'period': '2025-03-31', 'quarter': '3Q', 'sales': 42811000000, 'gross_profit': 25910000000, 'operating_profit': 9906000000, 'source': 'jquants', 'updated_at': '2026-03-09T08:32:19.007329+09:00'})
2026-03-09 08:32:33,740 ERROR [sync_financials] [API] HTTP 0 — リトライ不可
  レスポンス: {"code":"42501","details":null,"hint":null,"message":"new row violates row-level security policy for table \"financials\""}
2026-03-09 08:32:33,741 ERROR [sync_financials]   batch 109/145: FAILED — 401 Client Error: Unauthorized for url: https://fvkvfekzoebcolssnteo.supabase.co/rest/v1/financials?on_conflict=ticker%2Cperiod%2Cquarter
  (先頭行: {'ticker': '76210', 'period': '2024-03-31', 'quarter': '1Q', 'sales': 3308000000, 'gross_profit': 1871290000, 'operating_profit': 301000000, 'source': 'jquants', 'updated_at': '2026-03-09T08:32:19.007329+09:00'})
2026-03-09 08:32:33,853 ERROR [sync_financials] [API] HTTP 0 — リトライ不可
  レスポンス: {"code":"42501","details":null,"hint":null,"message":"new row violates row-level security policy for table \"financials\""}
2026-03-09 08:32:33,854 ERROR [sync_financials]   batch 110/145: FAILED — 401 Client Error: Unauthorized for url: https://fvkvfekzoebcolssnteo.supabase.co/rest/v1/financials?on_conflict=ticker%2Cperiod%2Cquarter
  (先頭行: {'ticker': '76870', 'period': '2023-03-31', 'quarter': '2Q', 'sales': 2128000000, 'gross_profit': 716000000, 'operating_profit': 71000000, 'source': 'jquants', 'updated_at': '2026-03-09T08:32:19.007329+09:00'})
2026-03-09 08:32:33,965 ERROR [sync_financials] [API] HTTP 0 — リトライ不可
  レスポンス: {"code":"42501","details":null,"hint":null,"message":"new row violates row-level security policy for table \"financials\""}
2026-03-09 08:32:33,966 ERROR [sync_financials]   batch 111/145: FAILED — 401 Client Error: Unauthorized for url: https://fvkvfekzoebcolssnteo.supabase.co/rest/v1/financials?on_conflict=ticker%2Cperiod%2Cquarter
  (先頭行: {'ticker': '77300', 'period': '2023-08-31', 'quarter': '3Q', 'sales': 18521000000, 'gross_profit': 11327000000, 'operating_profit': 5427000000, 'source': 'jquants', 'updated_at': '2026-03-09T08:32:19.007329+09:00'})
2026-03-09 08:32:34,085 ERROR [sync_financials] [API] HTTP 0 — リトライ不可
  レスポンス: {"code":"42501","details":null,"hint":null,"message":"new row violates row-level security policy for table \"financials\""}
2026-03-09 08:32:34,086 ERROR [sync_financials]   batch 112/145: FAILED — 401 Client Error: Unauthorized for url: https://fvkvfekzoebcolssnteo.supabase.co/rest/v1/financials?on_conflict=ticker%2Cperiod%2Cquarter
  (先頭行: {'ticker': '77800', 'period': '2023-03-31', 'quarter': '3Q', 'sales': 82463000000, 'gross_profit': 44372000000, 'operating_profit': 10585000000, 'source': 'jquants', 'updated_at': '2026-03-09T08:32:19.007329+09:00'})
2026-03-09 08:32:34,222 ERROR [sync_financials] [API] HTTP 0 — リトライ不可
  レスポンス: {"code":"42501","details":null,"hint":null,"message":"new row violates row-level security policy for table \"financials\""}
2026-03-09 08:32:34,223 ERROR [sync_financials]   batch 113/145: FAILED — 401 Client Error: Unauthorized for url: https://fvkvfekzoebcolssnteo.supabase.co/rest/v1/financials?on_conflict=ticker%2Cperiod%2Cquarter
  (先頭行: {'ticker': '78220', 'period': '2021-03-31', 'quarter': 'FY', 'sales': 55814000000, 'gross_profit': 14001000000, 'operating_profit': -383000000, 'source': 'jquants', 'updated_at': '2026-03-09T08:32:19.007329+09:00'})
2026-03-09 08:32:34,347 ERROR [sync_financials] [API] HTTP 0 — リトライ不可
  レスポンス: {"code":"42501","details":null,"hint":null,"message":"new row violates row-level security policy for table \"financials\""}
2026-03-09 08:32:34,348 ERROR [sync_financials]   batch 114/145: FAILED — 401 Client Error: Unauthorized for url: https://fvkvfekzoebcolssnteo.supabase.co/rest/v1/financials?on_conflict=ticker%2Cperiod%2Cquarter
  (先頭行: {'ticker': '78650', 'period': '2025-01-20', 'quarter': '2Q', 'sales': 718000000, 'gross_profit': 330951000, 'operating_profit': -147000000, 'source': 'jquants', 'updated_at': '2026-03-09T08:32:19.007329+09:00'})
2026-03-09 08:32:34,488 ERROR [sync_financials] [API] HTTP 0 — リトライ不可
  レスポンス: {"code":"42501","details":null,"hint":null,"message":"new row violates row-level security policy for table \"financials\""}
2026-03-09 08:32:34,489 ERROR [sync_financials]   batch 115/145: FAILED — 401 Client Error: Unauthorized for url: https://fvkvfekzoebcolssnteo.supabase.co/rest/v1/financials?on_conflict=ticker%2Cperiod%2Cquarter
  (先頭行: {'ticker': '79140', 'period': '2023-03-31', 'quarter': 'FY', 'sales': 93363000000, 'gross_profit': 17286000000, 'operating_profit': 775000000, 'source': 'jquants', 'updated_at': '2026-03-09T08:32:19.007329+09:00'})
2026-03-09 08:32:34,608 ERROR [sync_financials] [API] HTTP 0 — リトライ不可
  レスポンス: {"code":"42501","details":null,"hint":null,"message":"new row violates row-level security policy for table \"financials\""}
2026-03-09 08:32:34,608 ERROR [sync_financials]   batch 116/145: FAILED — 401 Client Error: Unauthorized for url: https://fvkvfekzoebcolssnteo.supabase.co/rest/v1/financials?on_conflict=ticker%2Cperiod%2Cquarter
  (先頭行: {'ticker': '79510', 'period': '2023-03-31', 'quarter': '2Q', 'sales': 218009000000, 'gross_profit': 84185000000, 'operating_profit': 24743000000, 'source': 'jquants', 'updated_at': '2026-03-09T08:32:19.007329+09:00'})
2026-03-09 08:32:34,734 ERROR [sync_financials] [API] HTTP 0 — リトライ不可
  レスポンス: {"code":"42501","details":null,"hint":null,"message":"new row violates row-level security policy for table \"financials\""}
2026-03-09 08:32:34,734 ERROR [sync_financials]   batch 117/145: FAILED — 401 Client Error: Unauthorized for url: https://fvkvfekzoebcolssnteo.supabase.co/rest/v1/financials?on_conflict=ticker%2Cperiod%2Cquarter
  (先頭行: {'ticker': '79890', 'period': '2021-12-31', 'quarter': 'FY', 'sales': 41236000000, 'gross_profit': 17891867000, 'operating_profit': 4557000000, 'source': 'jquants', 'updated_at': '2026-03-09T08:32:19.007329+09:00'})
2026-03-09 08:32:34,867 ERROR [sync_financials] [API] HTTP 0 — リトライ不可
  レスポンス: {"code":"42501","details":null,"hint":null,"message":"new row violates row-level security policy for table \"financials\""}
2026-03-09 08:32:34,867 ERROR [sync_financials]   batch 118/145: FAILED — 401 Client Error: Unauthorized for url: https://fvkvfekzoebcolssnteo.supabase.co/rest/v1/financials?on_conflict=ticker%2Cperiod%2Cquarter
  (先頭行: {'ticker': '80250', 'period': '2026-03-31', 'quarter': '1Q', 'sales': 2204000000, 'gross_profit': 598463000, 'operating_profit': -214000000, 'source': 'jquants', 'updated_at': '2026-03-09T08:32:19.007329+09:00'})
2026-03-09 08:32:34,989 ERROR [sync_financials] [API] HTTP 0 — リトライ不可
  レスポンス: {"code":"42501","details":null,"hint":null,"message":"new row violates row-level security policy for table \"financials\""}
2026-03-09 08:32:34,990 ERROR [sync_financials]   batch 119/145: FAILED — 401 Client Error: Unauthorized for url: https://fvkvfekzoebcolssnteo.supabase.co/rest/v1/financials?on_conflict=ticker%2Cperiod%2Cquarter
  (先頭行: {'ticker': '80700', 'period': '2025-03-31', 'quarter': '1Q', 'sales': 22470000000, 'gross_profit': 1993000000, 'operating_profit': 299000000, 'source': 'jquants', 'updated_at': '2026-03-09T08:32:19.007329+09:00'})
2026-03-09 08:32:35,105 ERROR [sync_financials] [API] HTTP 0 — リトライ不可
  レスポンス: {"code":"42501","details":null,"hint":null,"message":"new row violates row-level security policy for table \"financials\""}
2026-03-09 08:32:35,106 ERROR [sync_financials]   batch 120/145: FAILED — 401 Client Error: Unauthorized for url: https://fvkvfekzoebcolssnteo.supabase.co/rest/v1/financials?on_conflict=ticker%2Cperiod%2Cquarter
  (先頭行: {'ticker': '81150', 'period': '2024-03-31', 'quarter': '3Q', 'sales': 8306000000, 'gross_profit': 3494894000, 'operating_profit': 530000000, 'source': 'jquants', 'updated_at': '2026-03-09T08:32:19.007329+09:00'})
2026-03-09 08:32:35,226 ERROR [sync_financials] [API] HTTP 0 — リトライ不可
  レスポンス: {"code":"42501","details":null,"hint":null,"message":"new row violates row-level security policy for table \"financials\""}
2026-03-09 08:32:35,227 ERROR [sync_financials]   batch 121/145: FAILED — 401 Client Error: Unauthorized for url: https://fvkvfekzoebcolssnteo.supabase.co/rest/v1/financials?on_conflict=ticker%2Cperiod%2Cquarter
  (先頭行: {'ticker': '81530', 'period': '2023-03-31', 'quarter': 'FY', 'sales': 85059000000, 'gross_profit': 38580000000, 'operating_profit': 41000000, 'source': 'jquants', 'updated_at': '2026-03-09T08:32:19.007329+09:00'})
2026-03-09 08:32:35,336 ERROR [sync_financials] [API] HTTP 0 — リトライ不可
  レスポンス: {"code":"42501","details":null,"hint":null,"message":"new row violates row-level security policy for table \"financials\""}
2026-03-09 08:32:35,337 ERROR [sync_financials]   batch 122/145: FAILED — 401 Client Error: Unauthorized for url: https://fvkvfekzoebcolssnteo.supabase.co/rest/v1/financials?on_conflict=ticker%2Cperiod%2Cquarter
  (先頭行: {'ticker': '82190', 'period': '2022-03-31', 'quarter': 'FY', 'sales': 165961000000, 'gross_profit': 83709000000, 'operating_profit': 2181000000, 'source': 'jquants', 'updated_at': '2026-03-09T08:32:19.007329+09:00'})
2026-03-09 08:32:35,454 ERROR [sync_financials] [API] HTTP 0 — リトライ不可
  レスポンス: {"code":"42501","details":null,"hint":null,"message":"new row violates row-level security policy for table \"financials\""}
2026-03-09 08:32:35,454 ERROR [sync_financials]   batch 123/145: FAILED — 401 Client Error: Unauthorized for url: https://fvkvfekzoebcolssnteo.supabase.co/rest/v1/financials?on_conflict=ticker%2Cperiod%2Cquarter
  (先頭行: {'ticker': '82890', 'period': '2026-02-28', 'quarter': '2Q', 'sales': 49270000000, 'gross_profit': 14915000000, 'operating_profit': -964000000, 'source': 'jquants', 'updated_at': '2026-03-09T08:32:19.007329+09:00'})
2026-03-09 08:32:35,553 ERROR [sync_financials] [API] HTTP 0 — リトライ不可
  レスポンス: {"code":"42501","details":null,"hint":null,"message":"new row violates row-level security policy for table \"financials\""}
2026-03-09 08:32:35,554 ERROR [sync_financials]   batch 124/145: FAILED — 401 Client Error: Unauthorized for url: https://fvkvfekzoebcolssnteo.supabase.co/rest/v1/financials?on_conflict=ticker%2Cperiod%2Cquarter
  (先頭行: {'ticker': '83650', 'period': '2021-03-31', 'quarter': 'FY', 'sales': 9328000000, 'gross_profit': None, 'operating_profit': None, 'source': 'jquants', 'updated_at': '2026-03-09T08:32:19.007329+09:00'})
2026-03-09 08:32:35,667 ERROR [sync_financials] [API] HTTP 0 — リトライ不可
  レスポンス: {"code":"42501","details":null,"hint":null,"message":"new row violates row-level security policy for table \"financials\""}
2026-03-09 08:32:35,667 ERROR [sync_financials]   batch 125/145: FAILED — 401 Client Error: Unauthorized for url: https://fvkvfekzoebcolssnteo.supabase.co/rest/v1/financials?on_conflict=ticker%2Cperiod%2Cquarter
  (先頭行: {'ticker': '85080', 'period': '2024-12-31', 'quarter': '1Q', 'sales': 31554000000, 'gross_profit': None, 'operating_profit': -281000000, 'source': 'jquants', 'updated_at': '2026-03-09T08:32:19.007329+09:00'})
2026-03-09 08:32:35,793 ERROR [sync_financials] [API] HTTP 0 — リトライ不可
  レスポンス: {"code":"42501","details":null,"hint":null,"message":"new row violates row-level security policy for table \"financials\""}
2026-03-09 08:32:35,793 ERROR [sync_financials]   batch 126/145: FAILED — 401 Client Error: Unauthorized for url: https://fvkvfekzoebcolssnteo.supabase.co/rest/v1/financials?on_conflict=ticker%2Cperiod%2Cquarter
  (先頭行: {'ticker': '86010', 'period': '2023-03-31', 'quarter': '2Q', 'sales': 339193000000, 'gross_profit': None, 'operating_profit': 20838000000, 'source': 'jquants', 'updated_at': '2026-03-09T08:32:19.007329+09:00'})
2026-03-09 08:32:35,914 ERROR [sync_financials] [API] HTTP 0 — リトライ不可
  レスポンス: {"code":"42501","details":null,"hint":null,"message":"new row violates row-level security policy for table \"financials\""}
2026-03-09 08:32:35,915 ERROR [sync_financials]   batch 127/145: FAILED — 401 Client Error: Unauthorized for url: https://fvkvfekzoebcolssnteo.supabase.co/rest/v1/financials?on_conflict=ticker%2Cperiod%2Cquarter
  (先頭行: {'ticker': '87370', 'period': '2025-03-31', 'quarter': '2Q', 'sales': 25730000000, 'gross_profit': 10366639000, 'operating_profit': 1491000000, 'source': 'jquants', 'updated_at': '2026-03-09T08:32:19.007329+09:00'})
2026-03-09 08:32:36,036 ERROR [sync_financials] [API] HTTP 0 — リトライ不可
  レスポンス: {"code":"42501","details":null,"hint":null,"message":"new row violates row-level security policy for table \"financials\""}
2026-03-09 08:32:36,037 ERROR [sync_financials]   batch 128/145: FAILED — 401 Client Error: Unauthorized for url: https://fvkvfekzoebcolssnteo.supabase.co/rest/v1/financials?on_conflict=ticker%2Cperiod%2Cquarter
  (先頭行: {'ticker': '88480', 'period': '2025-03-31', 'quarter': '1Q', 'sales': 108917000000, 'gross_profit': 21398000000, 'operating_profit': 10289000000, 'source': 'jquants', 'updated_at': '2026-03-09T08:32:19.007329+09:00'})
2026-03-09 08:32:36,156 ERROR [sync_financials] [API] HTTP 0 — リトライ不可
  レスポンス: {"code":"42501","details":null,"hint":null,"message":"new row violates row-level security policy for table \"financials\""}
2026-03-09 08:32:36,157 ERROR [sync_financials]   batch 129/145: FAILED — 401 Client Error: Unauthorized for url: https://fvkvfekzoebcolssnteo.supabase.co/rest/v1/financials?on_conflict=ticker%2Cperiod%2Cquarter
  (先頭行: {'ticker': '89280', 'period': '2023-06-30', 'quarter': '3Q', 'sales': 94839000000, 'gross_profit': 21577151000, 'operating_profit': 7834000000, 'source': 'jquants', 'updated_at': '2026-03-09T08:32:19.007329+09:00'})
2026-03-09 08:32:36,305 ERROR [sync_financials] [API] HTTP 0 — リトライ不可
  レスポンス: {"code":"42501","details":null,"hint":null,"message":"new row violates row-level security policy for table \"financials\""}
2026-03-09 08:32:36,305 ERROR [sync_financials]   batch 130/145: FAILED — 401 Client Error: Unauthorized for url: https://fvkvfekzoebcolssnteo.supabase.co/rest/v1/financials?on_conflict=ticker%2Cperiod%2Cquarter
  (先頭行: {'ticker': '90030', 'period': '2022-03-31', 'quarter': '2Q', 'sales': 104334000000, 'gross_profit': None, 'operating_profit': 1006000000, 'source': 'jquants', 'updated_at': '2026-03-09T08:32:19.007329+09:00'})
2026-03-09 08:32:36,419 ERROR [sync_financials] [API] HTTP 0 — リトライ不可
  レスポンス: {"code":"42501","details":null,"hint":null,"message":"new row violates row-level security policy for table \"financials\""}
2026-03-09 08:32:36,419 ERROR [sync_financials]   batch 131/145: FAILED — 401 Client Error: Unauthorized for url: https://fvkvfekzoebcolssnteo.supabase.co/rest/v1/financials?on_conflict=ticker%2Cperiod%2Cquarter
  (先頭行: {'ticker': '90440', 'period': '2025-03-31', 'quarter': '2Q', 'sales': 123579000000, 'gross_profit': None, 'operating_profit': 18256000000, 'source': 'jquants', 'updated_at': '2026-03-09T08:32:19.007329+09:00'})
2026-03-09 08:32:36,565 ERROR [sync_financials] [API] HTTP 0 — リトライ不可
  レスポンス: {"code":"42501","details":null,"hint":null,"message":"new row violates row-level security policy for table \"financials\""}
2026-03-09 08:32:36,565 ERROR [sync_financials]   batch 132/145: FAILED — 401 Client Error: Unauthorized for url: https://fvkvfekzoebcolssnteo.supabase.co/rest/v1/financials?on_conflict=ticker%2Cperiod%2Cquarter
  (先頭行: {'ticker': '90900', 'period': '2024-03-31', 'quarter': '3Q', 'sales': 150128000000, 'gross_profit': 18626000000, 'operating_profit': 11573000000, 'source': 'jquants', 'updated_at': '2026-03-09T08:32:19.007329+09:00'})
2026-03-09 08:32:36,700 ERROR [sync_financials] [API] HTTP 0 — リトライ不可
  レスポンス: {"code":"42501","details":null,"hint":null,"message":"new row violates row-level security policy for table \"financials\""}
2026-03-09 08:32:36,701 ERROR [sync_financials]   batch 133/145: FAILED — 401 Client Error: Unauthorized for url: https://fvkvfekzoebcolssnteo.supabase.co/rest/v1/financials?on_conflict=ticker%2Cperiod%2Cquarter
  (先頭行: {'ticker': '92120', 'period': '2026-09-30', 'quarter': '1Q', 'sales': 63000000, 'gross_profit': 49492000, 'operating_profit': -125000000, 'source': 'jquants', 'updated_at': '2026-03-09T08:32:19.007329+09:00'})
2026-03-09 08:32:36,843 ERROR [sync_financials] [API] HTTP 0 — リトライ不可
  レスポンス: {"code":"42501","details":null,"hint":null,"message":"new row violates row-level security policy for table \"financials\""}
2026-03-09 08:32:36,844 ERROR [sync_financials]   batch 134/145: FAILED — 401 Client Error: Unauthorized for url: https://fvkvfekzoebcolssnteo.supabase.co/rest/v1/financials?on_conflict=ticker%2Cperiod%2Cquarter
  (先頭行: {'ticker': '92560', 'period': '2025-03-31', 'quarter': '1Q', 'sales': 902000000, 'gross_profit': 233574000, 'operating_profit': 157000000, 'source': 'jquants', 'updated_at': '2026-03-09T08:32:19.007329+09:00'})
2026-03-09 08:32:36,974 ERROR [sync_financials] [API] HTTP 0 — リトライ不可
  レスポンス: {"code":"42501","details":null,"hint":null,"message":"new row violates row-level security policy for table \"financials\""}
2026-03-09 08:32:36,974 ERROR [sync_financials]   batch 135/145: FAILED — 401 Client Error: Unauthorized for url: https://fvkvfekzoebcolssnteo.supabase.co/rest/v1/financials?on_conflict=ticker%2Cperiod%2Cquarter
  (先頭行: {'ticker': '93110', 'period': '2026-03-31', 'quarter': '2Q', 'sales': 16298000000, 'gross_profit': 3011748000, 'operating_profit': 495000000, 'source': 'jquants', 'updated_at': '2026-03-09T08:32:19.007329+09:00'})
2026-03-09 08:32:37,131 ERROR [sync_financials] [API] HTTP 0 — リトライ不可
  レスポンス: {"code":"42501","details":null,"hint":null,"message":"new row violates row-level security policy for table \"financials\""}
2026-03-09 08:32:37,131 ERROR [sync_financials]   batch 136/145: FAILED — 401 Client Error: Unauthorized for url: https://fvkvfekzoebcolssnteo.supabase.co/rest/v1/financials?on_conflict=ticker%2Cperiod%2Cquarter
  (先頭行: {'ticker': '93640', 'period': '2022-03-31', 'quarter': '2Q', 'sales': 128968000000, 'gross_profit': None, 'operating_profit': 14342000000, 'source': 'jquants', 'updated_at': '2026-03-09T08:32:19.007329+09:00'})
2026-03-09 08:32:37,265 ERROR [sync_financials] [API] HTTP 0 — リトライ不可
  レスポンス: {"code":"42501","details":null,"hint":null,"message":"new row violates row-level security policy for table \"financials\""}
2026-03-09 08:32:37,265 ERROR [sync_financials]   batch 137/145: FAILED — 401 Client Error: Unauthorized for url: https://fvkvfekzoebcolssnteo.supabase.co/rest/v1/financials?on_conflict=ticker%2Cperiod%2Cquarter
  (先頭行: {'ticker': '94250', 'period': '2021-04-30', 'quarter': 'FY', 'sales': 5694000000, 'gross_profit': 834100000, 'operating_profit': 83000000, 'source': 'jquants', 'updated_at': '2026-03-09T08:32:19.007329+09:00'})
2026-03-09 08:32:37,406 ERROR [sync_financials] [API] HTTP 0 — リトライ不可
  レスポンス: {"code":"42501","details":null,"hint":null,"message":"new row violates row-level security policy for table \"financials\""}
2026-03-09 08:32:37,406 ERROR [sync_financials]   batch 138/145: FAILED — 401 Client Error: Unauthorized for url: https://fvkvfekzoebcolssnteo.supabase.co/rest/v1/financials?on_conflict=ticker%2Cperiod%2Cquarter
  (先頭行: {'ticker': '95030', 'period': '2021-03-31', 'quarter': 'FY', 'sales': 3092398000000, 'gross_profit': None, 'operating_profit': 145746000000, 'source': 'jquants', 'updated_at': '2026-03-09T08:32:19.007329+09:00'})
2026-03-09 08:32:37,531 ERROR [sync_financials] [API] HTTP 0 — リトライ不可
  レスポンス: {"code":"42501","details":null,"hint":null,"message":"new row violates row-level security policy for table \"financials\""}
2026-03-09 08:32:37,531 ERROR [sync_financials]   batch 139/145: FAILED — 401 Client Error: Unauthorized for url: https://fvkvfekzoebcolssnteo.supabase.co/rest/v1/financials?on_conflict=ticker%2Cperiod%2Cquarter
  (先頭行: {'ticker': '95560', 'period': '2023-07-31', 'quarter': 'FY', 'sales': 17823000000, 'gross_profit': 4073680000, 'operating_profit': 1105000000, 'source': 'jquants', 'updated_at': '2026-03-09T08:32:19.007329+09:00'})
2026-03-09 08:32:37,661 ERROR [sync_financials] [API] HTTP 0 — リトライ不可
  レスポンス: {"code":"42501","details":null,"hint":null,"message":"new row violates row-level security policy for table \"financials\""}
2026-03-09 08:32:37,663 ERROR [sync_financials]   batch 140/145: FAILED — 401 Client Error: Unauthorized for url: https://fvkvfekzoebcolssnteo.supabase.co/rest/v1/financials?on_conflict=ticker%2Cperiod%2Cquarter
  (先頭行: {'ticker': '96390', 'period': '2025-03-31', 'quarter': '1Q', 'sales': 14936000000, 'gross_profit': 5952000000, 'operating_profit': 2391000000, 'source': 'jquants', 'updated_at': '2026-03-09T08:32:19.007329+09:00'})
2026-03-09 08:32:37,795 ERROR [sync_financials] [API] HTTP 0 — リトライ不可
  レスポンス: {"code":"42501","details":null,"hint":null,"message":"new row violates row-level security policy for table \"financials\""}
2026-03-09 08:32:37,795 ERROR [sync_financials]   batch 141/145: FAILED — 401 Client Error: Unauthorized for url: https://fvkvfekzoebcolssnteo.supabase.co/rest/v1/financials?on_conflict=ticker%2Cperiod%2Cquarter
  (先頭行: {'ticker': '97060', 'period': '2023-03-31', 'quarter': 'FY', 'sales': 113050000000, 'gross_profit': 83965000000, 'operating_profit': -10579000000, 'source': 'jquants', 'updated_at': '2026-03-09T08:32:19.007329+09:00'})
2026-03-09 08:32:37,912 ERROR [sync_financials] [API] HTTP 0 — リトライ不可
  レスポンス: {"code":"42501","details":null,"hint":null,"message":"new row violates row-level security policy for table \"financials\""}
2026-03-09 08:32:37,913 ERROR [sync_financials]   batch 142/145: FAILED — 401 Client Error: Unauthorized for url: https://fvkvfekzoebcolssnteo.supabase.co/rest/v1/financials?on_conflict=ticker%2Cperiod%2Cquarter
  (先頭行: {'ticker': '97600', 'period': '2023-03-31', 'quarter': '2Q', 'sales': 3436000000, 'gross_profit': -361909000, 'operating_profit': -755000000, 'source': 'jquants', 'updated_at': '2026-03-09T08:32:19.007329+09:00'})
2026-03-09 08:32:38,075 ERROR [sync_financials] [API] HTTP 0 — リトライ不可
  レスポンス: {"code":"42501","details":null,"hint":null,"message":"new row violates row-level security policy for table \"financials\""}
2026-03-09 08:32:38,076 ERROR [sync_financials]   batch 143/145: FAILED — 401 Client Error: Unauthorized for url: https://fvkvfekzoebcolssnteo.supabase.co/rest/v1/financials?on_conflict=ticker%2Cperiod%2Cquarter
  (先頭行: {'ticker': '98300', 'period': '2022-12-31', 'quarter': '2Q', 'sales': 120683000000, 'gross_profit': 25379000000, 'operating_profit': 5933000000, 'source': 'jquants', 'updated_at': '2026-03-09T08:32:19.007329+09:00'})
2026-03-09 08:32:38,220 ERROR [sync_financials] [API] HTTP 0 — リトライ不可
  レスポンス: {"code":"42501","details":null,"hint":null,"message":"new row violates row-level security policy for table \"financials\""}
2026-03-09 08:32:38,221 ERROR [sync_financials]   batch 144/145: FAILED — 401 Client Error: Unauthorized for url: https://fvkvfekzoebcolssnteo.supabase.co/rest/v1/financials?on_conflict=ticker%2Cperiod%2Cquarter
  (先頭行: {'ticker': '98870', 'period': '2026-03-31', 'quarter': '3Q', 'sales': 136688000000, 'gross_profit': 86525360000, 'operating_profit': 6400000000, 'source': 'jquants', 'updated_at': '2026-03-09T08:32:19.007329+09:00'})
2026-03-09 08:32:38,343 ERROR [sync_financials] [API] HTTP 0 — リトライ不可
  レスポンス: {"code":"42501","details":null,"hint":null,"message":"new row violates row-level security policy for table \"financials\""}
2026-03-09 08:32:38,344 ERROR [sync_financials]   batch 145/145: FAILED — 401 Client Error: Unauthorized for url: https://fvkvfekzoebcolssnteo.supabase.co/rest/v1/financials?on_conflict=ticker%2Cperiod%2Cquarter
  (先頭行: {'ticker': '99550', 'period': '2024-03-31', 'quarter': 'FY', 'sales': 45130000000, 'gross_profit': 5908154000, 'operating_profit': 1944000000, 'source': 'jquants', 'updated_at': '2026-03-09T08:32:19.007329+09:00'})
2026-03-09 08:32:38,345 INFO [sync_financials] [VERIFY] Supabase 側の検証中...
2026-03-09 08:32:38,536 INFO [sync_financials] [VERIFY] public.financials: 0 rows
2026-03-09 08:32:38,536 INFO [sync_financials] 
============================================================
  SYNC 完了
  upserted: 0 / 72,490
  errors:   145
  elapsed:  19.3秒
============================================================
2026-03-09 08:32:38,543 ERROR [sync_financials] エラーが 145 件発生しました。ログを確認してください: C:\Users\takuy\OneDrive\tdnet-excel-input\logs\sync_financials_apply_recent30d_20260309_083214.log
