2026-03-19 15:44:50,381 INFO [sync_orders] === sync_orders START ===
2026-03-19 15:44:50,381 INFO [sync_orders]   mode:   APPLY
2026-03-19 15:44:50,381 INFO [sync_orders]   sqlite: C:\Users\takuy\OneDrive\tdnet-excel-input\data\decision_db.db
2026-03-19 15:44:50,381 INFO [sync_orders]   log:    C:\Users\takuy\OneDrive\tdnet-excel-input\logs\sync_orders_apply_20260319_154450.log
2026-03-19 15:44:50,386 INFO [sync_orders] [SQLite] order_metrics: 12 rows
2026-03-19 15:44:50,386 INFO [sync_orders] [SYNC] per-metric: {'order_backlog': 4, 'orders_received': 6, 'carried_forward_construction': 2}
2026-03-19 15:44:50,387 INFO [sync_orders] [SYNC] 開始: 12 rows → order_kpis
2026-03-19 15:44:52,586 INFO [sync_orders]   [5/12] 2.2s | ins=5 skip=0 err=0
2026-03-19 15:44:53,536 INFO [sync_orders]   [10/12] 3.1s | ins=10 skip=0 err=0
2026-03-19 15:44:53,877 INFO [sync_orders]   [12/12] 3.5s | ins=12 skip=0 err=0
2026-03-19 15:44:53,971 INFO [sync_orders] [VERIFY] order_kpis: 260 total rows in Supabase
2026-03-19 15:44:53,971 INFO [sync_orders] 
============================================================
  SYNC 完了
  inserted:        12
  skipped_existing: 0
  errors:          0
  elapsed:         3.5秒
============================================================
2026-03-19 15:44:53,973 INFO [sync_orders] === sync_orders END (log: C:\Users\takuy\OneDrive\tdnet-excel-input\logs\sync_orders_apply_20260319_154450.log) ===
