2026-03-07 11:20:20,793 INFO [sync_financials] === sync_financials START ===
2026-03-07 11:20:20,793 INFO [sync_financials]   mode:       APPLY (本番反映)
2026-03-07 11:20:20,793 INFO [sync_financials]   scope:      RECENT 30日
2026-03-07 11:20:20,793 INFO [sync_financials]   sqlite:     C:\Users\takuy\OneDrive\tdnet-excel-input\data\jquants.db
2026-03-07 11:20:20,793 INFO [sync_financials]   table:      financials
2026-03-07 11:20:20,793 INFO [sync_financials]   limit:      無制限
2026-03-07 11:20:20,793 INFO [sync_financials]   batch-size: 500
2026-03-07 11:20:20,793 INFO [sync_financials]   log:        C:\Users\takuy\OneDrive\tdnet-excel-input\logs\sync_financials_apply_recent30d_20260307_112020.log
2026-03-07 11:20:20,801 INFO [sync_financials] [SQLite] 生データ: 87,157 rows / 3,820 codes
2026-03-07 11:20:20,801 INFO [sync_financials] [SQLite] 差分モード: fetched_at >= 2026-02-05 11:20:20 (直近30日)
2026-03-07 11:20:21,149 INFO [sync_financials] [SQLite] 重複排除後: 72,490 rows
2026-03-07 11:20:21,155 INFO [sync_financials] [SYNC] quarter 分布: {"1Q": 17819, "2Q": 17771, "3Q": 17832, "4Q": 13, "FY": 19055}
2026-03-07 11:20:21,156 INFO [sync_financials] [SYNC] 開始: 72,490 rows → financials (145 batches × 500)
2026-03-07 11:20:21,402 INFO [sync_financials]   batch 1/145: 500 rows upserted (累計 500 / 72,490, 0.2秒)
2026-03-07 11:20:21,589 INFO [sync_financials]   batch 2/145: 500 rows upserted (累計 1,000 / 72,490, 0.4秒)
2026-03-07 11:20:21,767 INFO [sync_financials]   batch 3/145: 500 rows upserted (累計 1,500 / 72,490, 0.6秒)
2026-03-07 11:20:21,951 INFO [sync_financials]   batch 4/145: 500 rows upserted (累計 2,000 / 72,490, 0.8秒)
2026-03-07 11:20:22,104 INFO [sync_financials]   batch 5/145: 500 rows upserted (累計 2,500 / 72,490, 0.9秒)
2026-03-07 11:20:22,263 INFO [sync_financials]   batch 6/145: 500 rows upserted (累計 3,000 / 72,490, 1.1秒)
2026-03-07 11:20:22,425 INFO [sync_financials]   batch 7/145: 500 rows upserted (累計 3,500 / 72,490, 1.3秒)
2026-03-07 11:20:22,567 INFO [sync_financials]   batch 8/145: 500 rows upserted (累計 4,000 / 72,490, 1.4秒)
2026-03-07 11:20:22,723 INFO [sync_financials]   batch 9/145: 500 rows upserted (累計 4,500 / 72,490, 1.6秒)
2026-03-07 11:20:22,870 INFO [sync_financials]   batch 10/145: 500 rows upserted (累計 5,000 / 72,490, 1.7秒)
2026-03-07 11:20:23,018 INFO [sync_financials]   batch 11/145: 500 rows upserted (累計 5,500 / 72,490, 1.9秒)
2026-03-07 11:20:23,179 INFO [sync_financials]   batch 12/145: 500 rows upserted (累計 6,000 / 72,490, 2.0秒)
2026-03-07 11:20:23,328 INFO [sync_financials]   batch 13/145: 500 rows upserted (累計 6,500 / 72,490, 2.2秒)
2026-03-07 11:20:23,491 INFO [sync_financials]   batch 14/145: 500 rows upserted (累計 7,000 / 72,490, 2.3秒)
2026-03-07 11:20:23,642 INFO [sync_financials]   batch 15/145: 500 rows upserted (累計 7,500 / 72,490, 2.5秒)
2026-03-07 11:20:23,789 INFO [sync_financials]   batch 16/145: 500 rows upserted (累計 8,000 / 72,490, 2.6秒)
2026-03-07 11:20:23,945 INFO [sync_financials]   batch 17/145: 500 rows upserted (累計 8,500 / 72,490, 2.8秒)
2026-03-07 11:20:24,108 INFO [sync_financials]   batch 18/145: 500 rows upserted (累計 9,000 / 72,490, 3.0秒)
2026-03-07 11:20:24,256 INFO [sync_financials]   batch 19/145: 500 rows upserted (累計 9,500 / 72,490, 3.1秒)
2026-03-07 11:20:24,397 INFO [sync_financials]   batch 20/145: 500 rows upserted (累計 10,000 / 72,490, 3.2秒)
2026-03-07 11:20:24,537 INFO [sync_financials]   batch 21/145: 500 rows upserted (累計 10,500 / 72,490, 3.4秒)
2026-03-07 11:20:24,695 INFO [sync_financials]   batch 22/145: 500 rows upserted (累計 11,000 / 72,490, 3.5秒)
2026-03-07 11:20:24,853 INFO [sync_financials]   batch 23/145: 500 rows upserted (累計 11,500 / 72,490, 3.7秒)
2026-03-07 11:20:25,018 INFO [sync_financials]   batch 24/145: 500 rows upserted (累計 12,000 / 72,490, 3.9秒)
2026-03-07 11:20:25,176 INFO [sync_financials]   batch 25/145: 500 rows upserted (累計 12,500 / 72,490, 4.0秒)
2026-03-07 11:20:25,361 INFO [sync_financials]   batch 26/145: 500 rows upserted (累計 13,000 / 72,490, 4.2秒)
2026-03-07 11:20:25,565 INFO [sync_financials]   batch 27/145: 500 rows upserted (累計 13,500 / 72,490, 4.4秒)
2026-03-07 11:20:25,760 INFO [sync_financials]   batch 28/145: 500 rows upserted (累計 14,000 / 72,490, 4.6秒)
2026-03-07 11:20:25,939 INFO [sync_financials]   batch 29/145: 500 rows upserted (累計 14,500 / 72,490, 4.8秒)
2026-03-07 11:20:26,128 INFO [sync_financials]   batch 30/145: 500 rows upserted (累計 15,000 / 72,490, 5.0秒)
2026-03-07 11:20:26,306 INFO [sync_financials]   batch 31/145: 500 rows upserted (累計 15,500 / 72,490, 5.2秒)
2026-03-07 11:20:26,537 INFO [sync_financials]   batch 32/145: 500 rows upserted (累計 16,000 / 72,490, 5.4秒)
2026-03-07 11:20:26,749 INFO [sync_financials]   batch 33/145: 500 rows upserted (累計 16,500 / 72,490, 5.6秒)
2026-03-07 11:20:26,952 INFO [sync_financials]   batch 34/145: 500 rows upserted (累計 17,000 / 72,490, 5.8秒)
2026-03-07 11:20:27,123 INFO [sync_financials]   batch 35/145: 500 rows upserted (累計 17,500 / 72,490, 6.0秒)
2026-03-07 11:20:27,281 INFO [sync_financials]   batch 36/145: 500 rows upserted (累計 18,000 / 72,490, 6.1秒)
2026-03-07 11:20:27,427 INFO [sync_financials]   batch 37/145: 500 rows upserted (累計 18,500 / 72,490, 6.3秒)
2026-03-07 11:20:27,599 INFO [sync_financials]   batch 38/145: 500 rows upserted (累計 19,000 / 72,490, 6.4秒)
2026-03-07 11:20:27,764 INFO [sync_financials]   batch 39/145: 500 rows upserted (累計 19,500 / 72,490, 6.6秒)
2026-03-07 11:20:27,923 INFO [sync_financials]   batch 40/145: 500 rows upserted (累計 20,000 / 72,490, 6.8秒)
2026-03-07 11:20:28,098 INFO [sync_financials]   batch 41/145: 500 rows upserted (累計 20,500 / 72,490, 6.9秒)
2026-03-07 11:20:28,246 INFO [sync_financials]   batch 42/145: 500 rows upserted (累計 21,000 / 72,490, 7.1秒)
2026-03-07 11:20:28,401 INFO [sync_financials]   batch 43/145: 500 rows upserted (累計 21,500 / 72,490, 7.2秒)
2026-03-07 11:20:28,556 INFO [sync_financials]   batch 44/145: 500 rows upserted (累計 22,000 / 72,490, 7.4秒)
2026-03-07 11:20:28,733 INFO [sync_financials]   batch 45/145: 500 rows upserted (累計 22,500 / 72,490, 7.6秒)
2026-03-07 11:20:28,915 INFO [sync_financials]   batch 46/145: 500 rows upserted (累計 23,000 / 72,490, 7.8秒)
2026-03-07 11:20:29,062 INFO [sync_financials]   batch 47/145: 500 rows upserted (累計 23,500 / 72,490, 7.9秒)
2026-03-07 11:20:29,226 INFO [sync_financials]   batch 48/145: 500 rows upserted (累計 24,000 / 72,490, 8.1秒)
2026-03-07 11:20:29,380 INFO [sync_financials]   batch 49/145: 500 rows upserted (累計 24,500 / 72,490, 8.2秒)
2026-03-07 11:20:29,525 INFO [sync_financials]   batch 50/145: 500 rows upserted (累計 25,000 / 72,490, 8.4秒)
2026-03-07 11:20:29,687 INFO [sync_financials]   batch 51/145: 500 rows upserted (累計 25,500 / 72,490, 8.5秒)
2026-03-07 11:20:29,872 INFO [sync_financials]   batch 52/145: 500 rows upserted (累計 26,000 / 72,490, 8.7秒)
2026-03-07 11:20:30,060 INFO [sync_financials]   batch 53/145: 500 rows upserted (累計 26,500 / 72,490, 8.9秒)
2026-03-07 11:20:30,250 INFO [sync_financials]   batch 54/145: 500 rows upserted (累計 27,000 / 72,490, 9.1秒)
2026-03-07 11:20:30,434 INFO [sync_financials]   batch 55/145: 500 rows upserted (累計 27,500 / 72,490, 9.3秒)
2026-03-07 11:20:30,595 INFO [sync_financials]   batch 56/145: 500 rows upserted (累計 28,000 / 72,490, 9.4秒)
2026-03-07 11:20:30,781 INFO [sync_financials]   batch 57/145: 500 rows upserted (累計 28,500 / 72,490, 9.6秒)
2026-03-07 11:20:30,986 INFO [sync_financials]   batch 58/145: 500 rows upserted (累計 29,000 / 72,490, 9.8秒)
2026-03-07 11:20:31,139 INFO [sync_financials]   batch 59/145: 500 rows upserted (累計 29,500 / 72,490, 10.0秒)
2026-03-07 11:20:31,302 INFO [sync_financials]   batch 60/145: 500 rows upserted (累計 30,000 / 72,490, 10.1秒)
2026-03-07 11:20:31,499 INFO [sync_financials]   batch 61/145: 500 rows upserted (累計 30,500 / 72,490, 10.3秒)
2026-03-07 11:20:31,658 INFO [sync_financials]   batch 62/145: 500 rows upserted (累計 31,000 / 72,490, 10.5秒)
2026-03-07 11:20:31,820 INFO [sync_financials]   batch 63/145: 500 rows upserted (累計 31,500 / 72,490, 10.7秒)
2026-03-07 11:20:31,980 INFO [sync_financials]   batch 64/145: 500 rows upserted (累計 32,000 / 72,490, 10.8秒)
2026-03-07 11:20:32,115 INFO [sync_financials]   batch 65/145: 500 rows upserted (累計 32,500 / 72,490, 11.0秒)
2026-03-07 11:20:32,255 INFO [sync_financials]   batch 66/145: 500 rows upserted (累計 33,000 / 72,490, 11.1秒)
2026-03-07 11:20:32,405 INFO [sync_financials]   batch 67/145: 500 rows upserted (累計 33,500 / 72,490, 11.2秒)
2026-03-07 11:20:32,583 INFO [sync_financials]   batch 68/145: 500 rows upserted (累計 34,000 / 72,490, 11.4秒)
2026-03-07 11:20:32,762 INFO [sync_financials]   batch 69/145: 500 rows upserted (累計 34,500 / 72,490, 11.6秒)
2026-03-07 11:20:32,921 INFO [sync_financials]   batch 70/145: 500 rows upserted (累計 35,000 / 72,490, 11.8秒)
2026-03-07 11:20:33,098 INFO [sync_financials]   batch 71/145: 500 rows upserted (累計 35,500 / 72,490, 11.9秒)
2026-03-07 11:20:33,248 INFO [sync_financials]   batch 72/145: 500 rows upserted (累計 36,000 / 72,490, 12.1秒)
2026-03-07 11:20:33,403 INFO [sync_financials]   batch 73/145: 500 rows upserted (累計 36,500 / 72,490, 12.2秒)
2026-03-07 11:20:33,578 INFO [sync_financials]   batch 74/145: 500 rows upserted (累計 37,000 / 72,490, 12.4秒)
2026-03-07 11:20:33,760 INFO [sync_financials]   batch 75/145: 500 rows upserted (累計 37,500 / 72,490, 12.6秒)
2026-03-07 11:20:33,940 INFO [sync_financials]   batch 76/145: 500 rows upserted (累計 38,000 / 72,490, 12.8秒)
2026-03-07 11:20:34,109 INFO [sync_financials]   batch 77/145: 500 rows upserted (累計 38,500 / 72,490, 13.0秒)
2026-03-07 11:20:34,262 INFO [sync_financials]   batch 78/145: 500 rows upserted (累計 39,000 / 72,490, 13.1秒)
2026-03-07 11:20:34,435 INFO [sync_financials]   batch 79/145: 500 rows upserted (累計 39,500 / 72,490, 13.3秒)
2026-03-07 11:20:34,607 INFO [sync_financials]   batch 80/145: 500 rows upserted (累計 40,000 / 72,490, 13.5秒)
2026-03-07 11:20:34,784 INFO [sync_financials]   batch 81/145: 500 rows upserted (累計 40,500 / 72,490, 13.6秒)
2026-03-07 11:20:34,924 INFO [sync_financials]   batch 82/145: 500 rows upserted (累計 41,000 / 72,490, 13.8秒)
2026-03-07 11:20:35,089 INFO [sync_financials]   batch 83/145: 500 rows upserted (累計 41,500 / 72,490, 13.9秒)
2026-03-07 11:20:35,268 INFO [sync_financials]   batch 84/145: 500 rows upserted (累計 42,000 / 72,490, 14.1秒)
2026-03-07 11:20:35,434 INFO [sync_financials]   batch 85/145: 500 rows upserted (累計 42,500 / 72,490, 14.3秒)
2026-03-07 11:20:35,591 INFO [sync_financials]   batch 86/145: 500 rows upserted (累計 43,000 / 72,490, 14.4秒)
2026-03-07 11:20:35,765 INFO [sync_financials]   batch 87/145: 500 rows upserted (累計 43,500 / 72,490, 14.6秒)
2026-03-07 11:20:35,929 INFO [sync_financials]   batch 88/145: 500 rows upserted (累計 44,000 / 72,490, 14.8秒)
2026-03-07 11:20:36,102 INFO [sync_financials]   batch 89/145: 500 rows upserted (累計 44,500 / 72,490, 14.9秒)
2026-03-07 11:20:36,244 INFO [sync_financials]   batch 90/145: 500 rows upserted (累計 45,000 / 72,490, 15.1秒)
2026-03-07 11:20:36,437 INFO [sync_financials]   batch 91/145: 500 rows upserted (累計 45,500 / 72,490, 15.3秒)
2026-03-07 11:20:36,586 INFO [sync_financials]   batch 92/145: 500 rows upserted (累計 46,000 / 72,490, 15.4秒)
2026-03-07 11:20:36,733 INFO [sync_financials]   batch 93/145: 500 rows upserted (累計 46,500 / 72,490, 15.6秒)
2026-03-07 11:20:36,890 INFO [sync_financials]   batch 94/145: 500 rows upserted (累計 47,000 / 72,490, 15.7秒)
2026-03-07 11:20:37,063 INFO [sync_financials]   batch 95/145: 500 rows upserted (累計 47,500 / 72,490, 15.9秒)
2026-03-07 11:20:37,226 INFO [sync_financials]   batch 96/145: 500 rows upserted (累計 48,000 / 72,490, 16.1秒)
2026-03-07 11:20:37,398 INFO [sync_financials]   batch 97/145: 500 rows upserted (累計 48,500 / 72,490, 16.2秒)
2026-03-07 11:20:37,554 INFO [sync_financials]   batch 98/145: 500 rows upserted (累計 49,000 / 72,490, 16.4秒)
2026-03-07 11:20:37,705 INFO [sync_financials]   batch 99/145: 500 rows upserted (累計 49,500 / 72,490, 16.5秒)
2026-03-07 11:20:37,892 INFO [sync_financials]   batch 100/145: 500 rows upserted (累計 50,000 / 72,490, 16.7秒)
2026-03-07 11:20:38,070 INFO [sync_financials]   batch 101/145: 500 rows upserted (累計 50,500 / 72,490, 16.9秒)
2026-03-07 11:20:38,231 INFO [sync_financials]   batch 102/145: 500 rows upserted (累計 51,000 / 72,490, 17.1秒)
2026-03-07 11:20:38,381 INFO [sync_financials]   batch 103/145: 500 rows upserted (累計 51,500 / 72,490, 17.2秒)
2026-03-07 11:20:38,563 INFO [sync_financials]   batch 104/145: 500 rows upserted (累計 52,000 / 72,490, 17.4秒)
2026-03-07 11:20:38,712 INFO [sync_financials]   batch 105/145: 500 rows upserted (累計 52,500 / 72,490, 17.6秒)
2026-03-07 11:20:38,848 INFO [sync_financials]   batch 106/145: 500 rows upserted (累計 53,000 / 72,490, 17.7秒)
2026-03-07 11:20:38,995 INFO [sync_financials]   batch 107/145: 500 rows upserted (累計 53,500 / 72,490, 17.8秒)
2026-03-07 11:20:39,162 INFO [sync_financials]   batch 108/145: 500 rows upserted (累計 54,000 / 72,490, 18.0秒)
2026-03-07 11:20:39,325 INFO [sync_financials]   batch 109/145: 500 rows upserted (累計 54,500 / 72,490, 18.2秒)
2026-03-07 11:20:39,464 INFO [sync_financials]   batch 110/145: 500 rows upserted (累計 55,000 / 72,490, 18.3秒)
2026-03-07 11:20:39,616 INFO [sync_financials]   batch 111/145: 500 rows upserted (累計 55,500 / 72,490, 18.5秒)
2026-03-07 11:20:39,765 INFO [sync_financials]   batch 112/145: 500 rows upserted (累計 56,000 / 72,490, 18.6秒)
2026-03-07 11:20:39,913 INFO [sync_financials]   batch 113/145: 500 rows upserted (累計 56,500 / 72,490, 18.8秒)
2026-03-07 11:20:40,072 INFO [sync_financials]   batch 114/145: 500 rows upserted (累計 57,000 / 72,490, 18.9秒)
2026-03-07 11:20:40,217 INFO [sync_financials]   batch 115/145: 500 rows upserted (累計 57,500 / 72,490, 19.1秒)
2026-03-07 11:20:40,379 INFO [sync_financials]   batch 116/145: 500 rows upserted (累計 58,000 / 72,490, 19.2秒)
2026-03-07 11:20:40,555 INFO [sync_financials]   batch 117/145: 500 rows upserted (累計 58,500 / 72,490, 19.4秒)
2026-03-07 11:20:40,689 INFO [sync_financials]   batch 118/145: 500 rows upserted (累計 59,000 / 72,490, 19.5秒)
2026-03-07 11:20:40,854 INFO [sync_financials]   batch 119/145: 500 rows upserted (累計 59,500 / 72,490, 19.7秒)
2026-03-07 11:20:40,984 INFO [sync_financials]   batch 120/145: 500 rows upserted (累計 60,000 / 72,490, 19.8秒)
2026-03-07 11:20:41,133 INFO [sync_financials]   batch 121/145: 500 rows upserted (累計 60,500 / 72,490, 20.0秒)
2026-03-07 11:20:41,258 INFO [sync_financials]   batch 122/145: 500 rows upserted (累計 61,000 / 72,490, 20.1秒)
2026-03-07 11:20:41,413 INFO [sync_financials]   batch 123/145: 500 rows upserted (累計 61,500 / 72,490, 20.3秒)
2026-03-07 11:20:41,578 INFO [sync_financials]   batch 124/145: 500 rows upserted (累計 62,000 / 72,490, 20.4秒)
2026-03-07 11:20:41,728 INFO [sync_financials]   batch 125/145: 500 rows upserted (累計 62,500 / 72,490, 20.6秒)
2026-03-07 11:20:41,892 INFO [sync_financials]   batch 126/145: 500 rows upserted (累計 63,000 / 72,490, 20.7秒)
2026-03-07 11:20:42,067 INFO [sync_financials]   batch 127/145: 500 rows upserted (累計 63,500 / 72,490, 20.9秒)
2026-03-07 11:20:42,199 INFO [sync_financials]   batch 128/145: 500 rows upserted (累計 64,000 / 72,490, 21.0秒)
2026-03-07 11:20:42,336 INFO [sync_financials]   batch 129/145: 500 rows upserted (累計 64,500 / 72,490, 21.2秒)
2026-03-07 11:20:42,480 INFO [sync_financials]   batch 130/145: 500 rows upserted (累計 65,000 / 72,490, 21.3秒)
2026-03-07 11:20:42,604 INFO [sync_financials]   batch 131/145: 500 rows upserted (累計 65,500 / 72,490, 21.4秒)
2026-03-07 11:20:42,742 INFO [sync_financials]   batch 132/145: 500 rows upserted (累計 66,000 / 72,490, 21.6秒)
2026-03-07 11:20:42,892 INFO [sync_financials]   batch 133/145: 500 rows upserted (累計 66,500 / 72,490, 21.7秒)
2026-03-07 11:20:43,025 INFO [sync_financials]   batch 134/145: 500 rows upserted (累計 67,000 / 72,490, 21.9秒)
2026-03-07 11:20:43,181 INFO [sync_financials]   batch 135/145: 500 rows upserted (累計 67,500 / 72,490, 22.0秒)
2026-03-07 11:20:43,326 INFO [sync_financials]   batch 136/145: 500 rows upserted (累計 68,000 / 72,490, 22.2秒)
2026-03-07 11:20:43,474 INFO [sync_financials]   batch 137/145: 500 rows upserted (累計 68,500 / 72,490, 22.3秒)
2026-03-07 11:20:43,612 INFO [sync_financials]   batch 138/145: 500 rows upserted (累計 69,000 / 72,490, 22.5秒)
2026-03-07 11:20:43,745 INFO [sync_financials]   batch 139/145: 500 rows upserted (累計 69,500 / 72,490, 22.6秒)
2026-03-07 11:20:43,883 INFO [sync_financials]   batch 140/145: 500 rows upserted (累計 70,000 / 72,490, 22.7秒)
2026-03-07 11:20:44,050 INFO [sync_financials]   batch 141/145: 500 rows upserted (累計 70,500 / 72,490, 22.9秒)
2026-03-07 11:20:44,186 INFO [sync_financials]   batch 142/145: 500 rows upserted (累計 71,000 / 72,490, 23.0秒)
2026-03-07 11:20:44,341 INFO [sync_financials]   batch 143/145: 500 rows upserted (累計 71,500 / 72,490, 23.2秒)
2026-03-07 11:20:44,480 INFO [sync_financials]   batch 144/145: 500 rows upserted (累計 72,000 / 72,490, 23.3秒)
2026-03-07 11:20:44,613 INFO [sync_financials]   batch 145/145: 490 rows upserted (累計 72,490 / 72,490, 23.5秒)
2026-03-07 11:20:44,614 INFO [sync_financials] [VERIFY] Supabase 側の検証中...
2026-03-07 11:20:44,804 INFO [sync_financials] [VERIFY] public.financials: 72,490 rows
2026-03-07 11:20:44,804 INFO [sync_financials] 
============================================================
  SYNC 完了
  upserted: 72,490 / 72,490
  errors:   0
  elapsed:  23.5秒
============================================================
2026-03-07 11:20:44,810 INFO [sync_financials] === sync_financials END (log: C:\Users\takuy\OneDrive\tdnet-excel-input\logs\sync_financials_apply_recent30d_20260307_112020.log) ===
