2026-03-16 23:20:19,690 INFO [sync_financials] === sync_financials START ===
2026-03-16 23:20:19,691 INFO [sync_financials]   mode:       APPLY (本番反映)
2026-03-16 23:20:19,691 INFO [sync_financials]   scope:      RECENT 30日
2026-03-16 23:20:19,691 INFO [sync_financials]   sqlite:     C:\Users\takuy\OneDrive\tdnet-excel-input\data\jquants.db
2026-03-16 23:20:19,691 INFO [sync_financials]   table:      financials
2026-03-16 23:20:19,691 INFO [sync_financials]   limit:      100
2026-03-16 23:20:19,691 INFO [sync_financials]   batch-size: 500
2026-03-16 23:20:19,691 INFO [sync_financials]   log:        C:\Users\takuy\OneDrive\tdnet-excel-input\logs\sync_financials_apply_recent30d_20260316_232019.log
2026-03-16 23:20:19,702 INFO [sync_financials] [SQLite] 生データ: 87,157 rows / 3,820 codes
2026-03-16 23:20:19,702 INFO [sync_financials] [SQLite] 差分モード: fetched_at >= 2026-02-14 23:20:19 (直近30日)
2026-03-16 23:20:20,180 INFO [sync_financials] [SQLite] 重複排除後: 100 rows
2026-03-16 23:20:20,180 INFO [sync_financials] [SYNC] quarter 分布: {"1Q": 25, "2Q": 24, "3Q": 25, "FY": 26}
2026-03-16 23:20:20,180 INFO [sync_financials] [SYNC] 開始: 100 rows → financials (1 batches × 500)
2026-03-16 23:20:20,637 INFO [sync_financials]   batch 1/1: 100 rows upserted (累計 100 / 100, 0.5秒)
2026-03-16 23:20:20,637 INFO [sync_financials] [VERIFY] Supabase 側の検証中...
2026-03-16 23:20:21,285 INFO [sync_financials] [VERIFY] public.financials: 171,656 rows
2026-03-16 23:20:21,285 INFO [sync_financials] 
============================================================
  SYNC 完了
  upserted: 100 / 100
  errors:   0
  elapsed:  0.5秒
============================================================
2026-03-16 23:20:21,290 INFO [pipeline.db] [db] config: write_key_type=service_role read_key_type=service_role
2026-03-16 23:20:21,575 INFO [pipeline.canonical] [canonical] financials written: ticker=1301 period=2021-03-31 quarter=FY rows=3
2026-03-16 23:20:21,723 INFO [pipeline.canonical] [canonical] financials written: ticker=1301 period=2022-03-31 quarter=1Q rows=3
2026-03-16 23:20:21,914 INFO [pipeline.canonical] [canonical] financials written: ticker=1301 period=2022-03-31 quarter=2Q rows=3
2026-03-16 23:20:22,075 INFO [pipeline.canonical] [canonical] financials written: ticker=1301 period=2022-03-31 quarter=3Q rows=3
2026-03-16 23:20:22,238 INFO [pipeline.canonical] [canonical] financials written: ticker=1301 period=2022-03-31 quarter=FY rows=3
2026-03-16 23:20:22,348 INFO [pipeline.canonical] [canonical] financials written: ticker=1301 period=2023-03-31 quarter=1Q rows=3
2026-03-16 23:20:22,465 INFO [pipeline.canonical] [canonical] financials written: ticker=1301 period=2023-03-31 quarter=2Q rows=3
2026-03-16 23:20:22,534 INFO [pipeline.canonical] [canonical] financials written: ticker=1301 period=2023-03-31 quarter=3Q rows=3
2026-03-16 23:20:22,670 INFO [pipeline.canonical] [canonical] financials written: ticker=1301 period=2023-03-31 quarter=FY rows=3
2026-03-16 23:20:22,832 INFO [pipeline.canonical] [canonical] financials written: ticker=1301 period=2024-03-31 quarter=1Q rows=3
2026-03-16 23:20:22,940 INFO [pipeline.canonical] [canonical] financials written: ticker=1301 period=2024-03-31 quarter=2Q rows=3
2026-03-16 23:20:23,075 INFO [pipeline.canonical] [canonical] financials written: ticker=1301 period=2024-03-31 quarter=3Q rows=3
2026-03-16 23:20:23,158 INFO [pipeline.canonical] [canonical] financials written: ticker=1301 period=2024-03-31 quarter=FY rows=3
2026-03-16 23:20:23,236 INFO [pipeline.canonical] [canonical] financials written: ticker=1301 period=2025-03-31 quarter=1Q rows=3
2026-03-16 23:20:23,409 INFO [pipeline.canonical] [canonical] financials written: ticker=1301 period=2025-03-31 quarter=2Q rows=3
2026-03-16 23:20:23,482 INFO [pipeline.canonical] [canonical] financials written: ticker=1301 period=2025-03-31 quarter=3Q rows=3
2026-03-16 23:20:23,613 INFO [pipeline.canonical] [canonical] financials written: ticker=1301 period=2025-03-31 quarter=FY rows=3
2026-03-16 23:20:24,006 INFO [pipeline.canonical] [canonical] financials written: ticker=1301 period=2026-03-31 quarter=1Q rows=3
2026-03-16 23:20:24,125 INFO [pipeline.canonical] [canonical] financials written: ticker=1301 period=2026-03-31 quarter=2Q rows=3
2026-03-16 23:20:24,208 INFO [pipeline.canonical] [canonical] financials written: ticker=1301 period=2026-03-31 quarter=3Q rows=3
2026-03-16 23:20:24,288 INFO [pipeline.canonical] [canonical] financials written: ticker=130A period=2023-12-31 quarter=FY rows=2
2026-03-16 23:20:24,362 INFO [pipeline.canonical] [canonical] financials written: ticker=130A period=2024-12-31 quarter=1Q rows=2
2026-03-16 23:20:24,444 INFO [pipeline.canonical] [canonical] financials written: ticker=130A period=2024-12-31 quarter=2Q rows=2
2026-03-16 23:20:24,514 INFO [pipeline.canonical] [canonical] financials written: ticker=130A period=2024-12-31 quarter=3Q rows=2
2026-03-16 23:20:24,597 INFO [pipeline.canonical] [canonical] financials written: ticker=130A period=2024-12-31 quarter=FY rows=2
2026-03-16 23:20:24,674 INFO [pipeline.canonical] [canonical] financials written: ticker=130A period=2025-12-31 quarter=1Q rows=1
2026-03-16 23:20:24,743 INFO [pipeline.canonical] [canonical] financials written: ticker=130A period=2025-12-31 quarter=2Q rows=1
2026-03-16 23:20:24,814 INFO [pipeline.canonical] [canonical] financials written: ticker=130A period=2025-12-31 quarter=3Q rows=1
2026-03-16 23:20:24,883 INFO [pipeline.canonical] [canonical] financials written: ticker=130A period=2025-12-31 quarter=FY rows=1
2026-03-16 23:20:24,962 INFO [pipeline.canonical] [canonical] financials written: ticker=1332 period=2021-03-31 quarter=FY rows=3
2026-03-16 23:20:25,032 INFO [pipeline.canonical] [canonical] financials written: ticker=1332 period=2022-03-31 quarter=1Q rows=3
2026-03-16 23:20:25,104 INFO [pipeline.canonical] [canonical] financials written: ticker=1332 period=2022-03-31 quarter=2Q rows=3
2026-03-16 23:20:25,193 INFO [pipeline.canonical] [canonical] financials written: ticker=1332 period=2022-03-31 quarter=3Q rows=3
2026-03-16 23:20:25,268 INFO [pipeline.canonical] [canonical] financials written: ticker=1332 period=2022-03-31 quarter=FY rows=3
2026-03-16 23:20:25,344 INFO [pipeline.canonical] [canonical] financials written: ticker=1332 period=2023-03-31 quarter=1Q rows=3
2026-03-16 23:20:25,435 INFO [pipeline.canonical] [canonical] financials written: ticker=1332 period=2023-03-31 quarter=2Q rows=3
2026-03-16 23:20:25,531 INFO [pipeline.canonical] [canonical] financials written: ticker=1332 period=2023-03-31 quarter=3Q rows=3
2026-03-16 23:20:25,622 INFO [pipeline.canonical] [canonical] financials written: ticker=1332 period=2023-03-31 quarter=FY rows=3
2026-03-16 23:20:25,691 INFO [pipeline.canonical] [canonical] financials written: ticker=1332 period=2024-03-31 quarter=1Q rows=3
2026-03-16 23:20:25,769 INFO [pipeline.canonical] [canonical] financials written: ticker=1332 period=2024-03-31 quarter=2Q rows=3
2026-03-16 23:20:25,847 INFO [pipeline.canonical] [canonical] financials written: ticker=1332 period=2024-03-31 quarter=3Q rows=3
2026-03-16 23:20:25,930 INFO [pipeline.canonical] [canonical] financials written: ticker=1332 period=2024-03-31 quarter=FY rows=3
2026-03-16 23:20:26,006 INFO [pipeline.canonical] [canonical] financials written: ticker=1332 period=2025-03-31 quarter=1Q rows=3
2026-03-16 23:20:26,080 INFO [pipeline.canonical] [canonical] financials written: ticker=1332 period=2025-03-31 quarter=2Q rows=3
2026-03-16 23:20:26,156 INFO [pipeline.canonical] [canonical] financials written: ticker=1332 period=2025-03-31 quarter=3Q rows=3
2026-03-16 23:20:26,233 INFO [pipeline.canonical] [canonical] financials written: ticker=1332 period=2025-03-31 quarter=FY rows=3
2026-03-16 23:20:26,312 INFO [pipeline.canonical] [canonical] financials written: ticker=1332 period=2026-03-31 quarter=1Q rows=3
2026-03-16 23:20:26,374 INFO [pipeline.canonical] [canonical] financials written: ticker=1332 period=2026-03-31 quarter=2Q rows=3
2026-03-16 23:20:26,457 INFO [pipeline.canonical] [canonical] financials written: ticker=1332 period=2026-03-31 quarter=3Q rows=3
2026-03-16 23:20:26,526 INFO [pipeline.canonical] [canonical] financials written: ticker=1333 period=2021-03-31 quarter=FY rows=3
2026-03-16 23:20:26,593 INFO [pipeline.canonical] [canonical] financials written: ticker=1333 period=2022-03-31 quarter=1Q rows=3
2026-03-16 23:20:26,662 INFO [pipeline.canonical] [canonical] financials written: ticker=1333 period=2022-03-31 quarter=2Q rows=3
2026-03-16 23:20:26,746 INFO [pipeline.canonical] [canonical] financials written: ticker=1333 period=2022-03-31 quarter=3Q rows=3
2026-03-16 23:20:26,814 INFO [pipeline.canonical] [canonical] financials written: ticker=1333 period=2022-03-31 quarter=FY rows=3
2026-03-16 23:20:26,890 INFO [pipeline.canonical] [canonical] financials written: ticker=1333 period=2023-03-31 quarter=1Q rows=3
2026-03-16 23:20:26,967 INFO [pipeline.canonical] [canonical] financials written: ticker=1333 period=2023-03-31 quarter=2Q rows=3
2026-03-16 23:20:27,058 INFO [pipeline.canonical] [canonical] financials written: ticker=1333 period=2023-03-31 quarter=3Q rows=3
2026-03-16 23:20:27,137 INFO [pipeline.canonical] [canonical] financials written: ticker=1333 period=2023-03-31 quarter=FY rows=3
2026-03-16 23:20:27,205 INFO [pipeline.canonical] [canonical] financials written: ticker=1333 period=2024-03-31 quarter=1Q rows=3
2026-03-16 23:20:27,268 INFO [pipeline.canonical] [canonical] financials written: ticker=1333 period=2024-03-31 quarter=2Q rows=3
2026-03-16 23:20:27,343 INFO [pipeline.canonical] [canonical] financials written: ticker=1333 period=2024-03-31 quarter=3Q rows=3
2026-03-16 23:20:27,418 INFO [pipeline.canonical] [canonical] financials written: ticker=1333 period=2024-03-31 quarter=FY rows=3
2026-03-16 23:20:27,491 INFO [pipeline.canonical] [canonical] financials written: ticker=1333 period=2025-03-31 quarter=1Q rows=3
2026-03-16 23:20:27,570 INFO [pipeline.canonical] [canonical] financials written: ticker=1333 period=2025-03-31 quarter=2Q rows=3
2026-03-16 23:20:27,651 INFO [pipeline.canonical] [canonical] financials written: ticker=1333 period=2025-03-31 quarter=3Q rows=3
2026-03-16 23:20:27,722 INFO [pipeline.canonical] [canonical] financials written: ticker=1333 period=2025-03-31 quarter=FY rows=3
2026-03-16 23:20:27,793 INFO [pipeline.canonical] [canonical] financials written: ticker=1333 period=2026-03-31 quarter=1Q rows=3
2026-03-16 23:20:27,860 INFO [pipeline.canonical] [canonical] financials written: ticker=1333 period=2026-03-31 quarter=2Q rows=3
2026-03-16 23:20:27,941 INFO [pipeline.canonical] [canonical] financials written: ticker=1333 period=2026-03-31 quarter=3Q rows=3
2026-03-16 23:20:28,016 INFO [pipeline.canonical] [canonical] financials written: ticker=135A period=2024-02-29 quarter=FY rows=3
2026-03-16 23:20:28,084 INFO [pipeline.canonical] [canonical] financials written: ticker=135A period=2025-02-28 quarter=1Q rows=3
2026-03-16 23:20:28,165 INFO [pipeline.canonical] [canonical] financials written: ticker=135A period=2025-02-28 quarter=2Q rows=3
2026-03-16 23:20:28,233 INFO [pipeline.canonical] [canonical] financials written: ticker=135A period=2025-02-28 quarter=3Q rows=3
2026-03-16 23:20:28,303 INFO [pipeline.canonical] [canonical] financials written: ticker=135A period=2025-02-28 quarter=FY rows=3
2026-03-16 23:20:28,375 INFO [pipeline.canonical] [canonical] financials written: ticker=135A period=2026-02-28 quarter=1Q rows=3
2026-03-16 23:20:28,448 INFO [pipeline.canonical] [canonical] financials written: ticker=135A period=2026-02-28 quarter=2Q rows=3
2026-03-16 23:20:28,520 INFO [pipeline.canonical] [canonical] financials written: ticker=135A period=2026-02-28 quarter=3Q rows=3
2026-03-16 23:20:28,595 INFO [pipeline.canonical] [canonical] financials written: ticker=1375 period=2021-03-31 quarter=FY rows=3
2026-03-16 23:20:28,695 INFO [pipeline.canonical] [canonical] financials written: ticker=1375 period=2022-03-31 quarter=1Q rows=3
2026-03-16 23:20:28,781 INFO [pipeline.canonical] [canonical] financials written: ticker=1375 period=2022-03-31 quarter=2Q rows=3
2026-03-16 23:20:28,855 INFO [pipeline.canonical] [canonical] financials written: ticker=1375 period=2022-03-31 quarter=3Q rows=3
2026-03-16 23:20:28,935 INFO [pipeline.canonical] [canonical] financials written: ticker=1375 period=2022-03-31 quarter=FY rows=3
2026-03-16 23:20:29,015 INFO [pipeline.canonical] [canonical] financials written: ticker=1375 period=2023-03-31 quarter=1Q rows=3
2026-03-16 23:20:29,095 INFO [pipeline.canonical] [canonical] financials written: ticker=1375 period=2023-03-31 quarter=2Q rows=3
2026-03-16 23:20:29,174 INFO [pipeline.canonical] [canonical] financials written: ticker=1375 period=2023-03-31 quarter=3Q rows=3
2026-03-16 23:20:29,242 INFO [pipeline.canonical] [canonical] financials written: ticker=1375 period=2023-03-31 quarter=FY rows=3
2026-03-16 23:20:29,312 INFO [pipeline.canonical] [canonical] financials written: ticker=1375 period=2024-03-31 quarter=1Q rows=3
2026-03-16 23:20:29,376 INFO [pipeline.canonical] [canonical] financials written: ticker=1375 period=2024-03-31 quarter=2Q rows=3
2026-03-16 23:20:29,449 INFO [pipeline.canonical] [canonical] financials written: ticker=1375 period=2024-03-31 quarter=3Q rows=3
2026-03-16 23:20:29,530 INFO [pipeline.canonical] [canonical] financials written: ticker=1375 period=2024-03-31 quarter=FY rows=3
2026-03-16 23:20:29,614 INFO [pipeline.canonical] [canonical] financials written: ticker=1375 period=2025-03-31 quarter=1Q rows=3
2026-03-16 23:20:29,688 INFO [pipeline.canonical] [canonical] financials written: ticker=1375 period=2025-03-31 quarter=2Q rows=3
2026-03-16 23:20:29,760 INFO [pipeline.canonical] [canonical] financials written: ticker=1375 period=2025-03-31 quarter=3Q rows=3
2026-03-16 23:20:29,826 INFO [pipeline.canonical] [canonical] financials written: ticker=1375 period=2025-03-31 quarter=FY rows=3
2026-03-16 23:20:29,902 INFO [pipeline.canonical] [canonical] financials written: ticker=1375 period=2026-03-31 quarter=1Q rows=3
2026-03-16 23:20:29,989 INFO [pipeline.canonical] [canonical] financials written: ticker=1375 period=2026-03-31 quarter=2Q rows=3
2026-03-16 23:20:30,062 INFO [pipeline.canonical] [canonical] financials written: ticker=1375 period=2026-03-31 quarter=3Q rows=3
2026-03-16 23:20:30,143 INFO [pipeline.canonical] [canonical] financials written: ticker=1376 period=2021-05-31 quarter=3Q rows=3
2026-03-16 23:20:30,209 INFO [pipeline.canonical] [canonical] financials written: ticker=1376 period=2021-05-31 quarter=FY rows=3
2026-03-16 23:20:30,280 INFO [pipeline.canonical] [canonical] financials written: ticker=1376 period=2022-05-31 quarter=1Q rows=3
2026-03-16 23:20:30,280 INFO [sync_financials] [CANONICAL] financials dual-write (jquants): written=287 errors=0
2026-03-16 23:20:30,280 INFO [sync_financials] === sync_financials END (log: C:\Users\takuy\OneDrive\tdnet-excel-input\logs\sync_financials_apply_recent30d_20260316_232019.log) ===
