[2026/03/01 10:11:30.44] ワンクリック全更新 開始 
[Step 1/3] TDnet新規開示を取得中... 
============================================================
  TDNET Ingest - ワンショット実行
============================================================

[DB]   C:\Users\takuy\OneDrive\tdnet-excel-input\decision_db.db

[2026-03-01 10:11:30] [INFO] [API] yanoshin.jp APIから取得中: https://webapi.yanoshin.jp/webapi/tdnet/list/today.json
[2026-03-01 10:11:31] [INFO] [API] detected_schema=items, raw_items_count=0
[2026-03-01 10:11:31] [INFO] [API] fetched_count=0
[2026-03-01 10:11:31] [INFO] [API] fetched_count=0, filtered_count=0, forecast_revision_count=0, financial_statement_count=0
[2026-03-01 10:11:31] [INFO] [API] new_count=0
[2026-03-01 10:11:31] [INFO] [INGEST] run=ingest-2603de1d processed=0 success=0 skipped=0 error=0 (tanshin=0)
============================================================
  結果サマリ
============================================================
  run_id          : ingest-2603de1d
  取得開示数      : 0
  対象(決算短信)  : 0
  処理件数        : 0
  INSERT          : 0
  UPDATE          : 0
  変更なし        : 0
  成功            : 0
  スキップ        : 0
  エラー          : 0

[Step 2/3] SQLite → Supabase push中... 
C:\Users\takuy\OneDrive\tdnet-excel-input\.venv\Scripts\python.exe: No module named tools.sqlite_to_supabase
[Step 3/3] data.xlsx を生成中... 
[10:11:31] companies を取得中...
[10:11:31]   → 10 社
[10:11:31] periods を取得中...
[10:11:31]   → 10 期間
[10:11:31] v_latest_facts を取得中...
[10:11:31]   → 10 件
[10:11:31] 集約後: 10 行

==================================================
  data.xlsx 生成ツール
==================================================


==================================================
  ❌ エラーが発生しました
==================================================

  data.xlsx が他のプログラムで開かれています。
    data.xlsx を閉じてから再実行してください。

==================================================

 
[2026/03/01 10:11:31.80] ワンクリック全更新 完了 
Step1=0 Step2=1 Step3=1 
