[2026/03/01 10:15:56.36] ワンクリック全更新 開始 
[Step 1/3] TDnet新規開示を取得中... 
============================================================
  TDNET Ingest - ワンショット実行
============================================================

[DB]   C:\Users\takuy\OneDrive\tdnet-excel-input\decision_db.db

[2026-03-01 10:15:56] [INFO] [API] yanoshin.jp APIから取得中: https://webapi.yanoshin.jp/webapi/tdnet/list/today.json
[2026-03-01 10:15:56] [INFO] [API] detected_schema=items, raw_items_count=0
[2026-03-01 10:15:56] [INFO] [API] fetched_count=0
[2026-03-01 10:15:56] [INFO] [API] fetched_count=0, filtered_count=0, forecast_revision_count=0, financial_statement_count=0
[2026-03-01 10:15:56] [INFO] [API] new_count=0
[2026-03-01 10:15:56] [INFO] [INGEST] run=ingest-0946e0f3 processed=0 success=0 skipped=0 error=0 (tanshin=0)
============================================================
  結果サマリ
============================================================
  run_id          : ingest-0946e0f3
  取得開示数      : 0
  対象(決算短信)  : 0
  処理件数        : 0
  INSERT          : 0
  UPDATE          : 0
  変更なし        : 0
  成功            : 0
  スキップ        : 0
  エラー          : 0

[Step 2/3] SQLite → Supabase push中... 
C:\Users\takuy\OneDrive\tdnet-excel-input\.venv\Scripts\python.exe: No module named tools.sqlite_to_supabase
[Step 3/3] data.xlsx を生成中... 
[10:15:57] companies を取得中...
[10:15:57]   → 10 社
[10:15:57] periods を取得中...
[10:15:57]   → 10 期間
[10:15:57] v_latest_facts を取得中...
[10:15:58]   → 10 件
[10:15:58] 集約後: 10 行
[10:15:58] [GEN] data.xlsx 生成完了: 10 行 -> C:\Users\takuy\OneDrive\data.xlsx

==================================================
  data.xlsx 生成ツール
==================================================

==================================================
  ✅ 成功
==================================================
  出力ファイル : C:\Users\takuy\OneDrive\data.xlsx
  データ行数   : 10 行
  更新日時     : 2026-03-01 10:15:57
  エラー       : 0
==================================================

 
[2026/03/01 10:15:58.12] ワンクリック全更新 完了 
Step1=0 Step2=1 Step3=0 
